Archive member included to satisfy reference by file (symbol)

/usr/local/Cellar/gcc-arm-none-eabi/20180627/bin/../lib/gcc/arm-none-eabi/7.3.1/../../../../arm-none-eabi/lib/thumb/v7e-m/fpv4-sp/softfp/libc_nano.a(lib_a-exit.o)
                              /usr/local/Cellar/gcc-arm-none-eabi/20180627/bin/../lib/gcc/arm-none-eabi/7.3.1/../../../../arm-none-eabi/lib/thumb/v7e-m/fpv4-sp/softfp/crt0.o (exit)
/usr/local/Cellar/gcc-arm-none-eabi/20180627/bin/../lib/gcc/arm-none-eabi/7.3.1/../../../../arm-none-eabi/lib/thumb/v7e-m/fpv4-sp/softfp/libc_nano.a(lib_a-impure.o)
                              /usr/local/Cellar/gcc-arm-none-eabi/20180627/bin/../lib/gcc/arm-none-eabi/7.3.1/../../../../arm-none-eabi/lib/thumb/v7e-m/fpv4-sp/softfp/libc_nano.a(lib_a-exit.o) (_global_impure_ptr)
/usr/local/Cellar/gcc-arm-none-eabi/20180627/bin/../lib/gcc/arm-none-eabi/7.3.1/../../../../arm-none-eabi/lib/thumb/v7e-m/fpv4-sp/softfp/libc_nano.a(lib_a-init.o)
                              /usr/local/Cellar/gcc-arm-none-eabi/20180627/bin/../lib/gcc/arm-none-eabi/7.3.1/../../../../arm-none-eabi/lib/thumb/v7e-m/fpv4-sp/softfp/crt0.o (__libc_init_array)
/usr/local/Cellar/gcc-arm-none-eabi/20180627/bin/../lib/gcc/arm-none-eabi/7.3.1/../../../../arm-none-eabi/lib/thumb/v7e-m/fpv4-sp/softfp/libc_nano.a(lib_a-memcpy-stub.o)
                              build/queue.o (memcpy)
/usr/local/Cellar/gcc-arm-none-eabi/20180627/bin/../lib/gcc/arm-none-eabi/7.3.1/../../../../arm-none-eabi/lib/thumb/v7e-m/fpv4-sp/softfp/libc_nano.a(lib_a-memset.o)
                              /usr/local/Cellar/gcc-arm-none-eabi/20180627/bin/../lib/gcc/arm-none-eabi/7.3.1/../../../../arm-none-eabi/lib/thumb/v7e-m/fpv4-sp/softfp/crt0.o (memset)
/usr/local/Cellar/gcc-arm-none-eabi/20180627/bin/../lib/gcc/arm-none-eabi/7.3.1/../../../../arm-none-eabi/lib/thumb/v7e-m/fpv4-sp/softfp/libc_nano.a(lib_a-printf.o)
                              build/main.o (printf)
/usr/local/Cellar/gcc-arm-none-eabi/20180627/bin/../lib/gcc/arm-none-eabi/7.3.1/../../../../arm-none-eabi/lib/thumb/v7e-m/fpv4-sp/softfp/libc_nano.a(lib_a-puts.o)
                              build/main.o (puts)
/usr/local/Cellar/gcc-arm-none-eabi/20180627/bin/../lib/gcc/arm-none-eabi/7.3.1/../../../../arm-none-eabi/lib/thumb/v7e-m/fpv4-sp/softfp/libc_nano.a(lib_a-realloc.o)
                              build/main.o (realloc)
/usr/local/Cellar/gcc-arm-none-eabi/20180627/bin/../lib/gcc/arm-none-eabi/7.3.1/../../../../arm-none-eabi/lib/thumb/v7e-m/fpv4-sp/softfp/libc_nano.a(lib_a-sprintf.o)
                              build/tasks.o (sprintf)
/usr/local/Cellar/gcc-arm-none-eabi/20180627/bin/../lib/gcc/arm-none-eabi/7.3.1/../../../../arm-none-eabi/lib/thumb/v7e-m/fpv4-sp/softfp/libc_nano.a(lib_a-strcpy.o)
                              build/tasks.o (strcpy)
/usr/local/Cellar/gcc-arm-none-eabi/20180627/bin/../lib/gcc/arm-none-eabi/7.3.1/../../../../arm-none-eabi/lib/thumb/v7e-m/fpv4-sp/softfp/libc_nano.a(lib_a-strlen.o)
                              build/tasks.o (strlen)
/usr/local/Cellar/gcc-arm-none-eabi/20180627/bin/../lib/gcc/arm-none-eabi/7.3.1/../../../../arm-none-eabi/lib/thumb/v7e-m/fpv4-sp/softfp/libc_nano.a(lib_a-vsnprintf.o)
                              build/main.o (vsnprintf)
/usr/local/Cellar/gcc-arm-none-eabi/20180627/bin/../lib/gcc/arm-none-eabi/7.3.1/../../../../arm-none-eabi/lib/thumb/v7e-m/fpv4-sp/softfp/libc_nano.a(lib_a-wbuf.o)
                              /usr/local/Cellar/gcc-arm-none-eabi/20180627/bin/../lib/gcc/arm-none-eabi/7.3.1/../../../../arm-none-eabi/lib/thumb/v7e-m/fpv4-sp/softfp/libc_nano.a(lib_a-puts.o) (__swbuf_r)
/usr/local/Cellar/gcc-arm-none-eabi/20180627/bin/../lib/gcc/arm-none-eabi/7.3.1/../../../../arm-none-eabi/lib/thumb/v7e-m/fpv4-sp/softfp/libc_nano.a(lib_a-wsetup.o)
                              /usr/local/Cellar/gcc-arm-none-eabi/20180627/bin/../lib/gcc/arm-none-eabi/7.3.1/../../../../arm-none-eabi/lib/thumb/v7e-m/fpv4-sp/softfp/libc_nano.a(lib_a-puts.o) (__swsetup_r)
/usr/local/Cellar/gcc-arm-none-eabi/20180627/bin/../lib/gcc/arm-none-eabi/7.3.1/../../../../arm-none-eabi/lib/thumb/v7e-m/fpv4-sp/softfp/libc_nano.a(lib_a-fflush.o)
                              /usr/local/Cellar/gcc-arm-none-eabi/20180627/bin/../lib/gcc/arm-none-eabi/7.3.1/../../../../arm-none-eabi/lib/thumb/v7e-m/fpv4-sp/softfp/libc_nano.a(lib_a-wbuf.o) (_fflush_r)
/usr/local/Cellar/gcc-arm-none-eabi/20180627/bin/../lib/gcc/arm-none-eabi/7.3.1/../../../../arm-none-eabi/lib/thumb/v7e-m/fpv4-sp/softfp/libc_nano.a(lib_a-findfp.o)
                              /usr/local/Cellar/gcc-arm-none-eabi/20180627/bin/../lib/gcc/arm-none-eabi/7.3.1/../../../../arm-none-eabi/lib/thumb/v7e-m/fpv4-sp/softfp/libc_nano.a(lib_a-printf.o) (__sinit)
/usr/local/Cellar/gcc-arm-none-eabi/20180627/bin/../lib/gcc/arm-none-eabi/7.3.1/../../../../arm-none-eabi/lib/thumb/v7e-m/fpv4-sp/softfp/libc_nano.a(lib_a-fwalk.o)
[...]
Memory Configuration

Name             Origin             Length             Attributes
FLASH            0x0000000008000000 0x0000000000040000 xr
RAM              0x0000000020000000 0x0000000000010000 xrw
*default*        0x0000000000000000 0xffffffffffffffff

Linker script and memory map

LOAD /usr/local/Cellar/gcc-arm-none-eabi/20180627/bin/../lib/gcc/arm-none-eabi/7.3.1/thumb/v7e-m/fpv4-sp/softfp/crti.o
LOAD /usr/local/Cellar/gcc-arm-none-eabi/20180627/bin/../lib/gcc/arm-none-eabi/7.3.1/thumb/v7e-m/fpv4-sp/softfp/crtbegin.o
LOAD /usr/local/Cellar/gcc-arm-none-eabi/20180627/bin/../lib/gcc/arm-none-eabi/7.3.1/../../../../arm-none-eabi/lib/thumb/v7e-m/fpv4-sp/softfp/crt0.o
LOAD build/at32_hoverboard.o
LOAD build/system_at32f4xx.o
LOAD build/at32f4xx_gpio.o
LOAD build/at32f4xx_rcc.o
LOAD build/at32f4xx_tim.o
LOAD build/at32f4xx_usart.o
LOAD build/misc.o
LOAD build/list.o
LOAD build/port.o
LOAD build/heap_4.o
LOAD build/queue.o
LOAD build/cmsis_os.o
LOAD build/timers.o
LOAD build/tasks.o
LOAD build/event_groups.o
LOAD build/croutine.o
LOAD build/bsp_key.o
LOAD build/bsp_led.o
LOAD build/bsp_tim_pwm.o
LOAD build/bsp_timer.o
LOAD build/bsp_uart_fifo.o
LOAD build/bsp.o
LOAD build/at32f4xx_it.o
LOAD build/at32f4xx_assert.o
LOAD build/TimerForRunTimeState.o
LOAD build/main.o
LOAD build/duration.o
LOAD build/time.o
LOAD build/startup_at32f403xe.o
LOAD /usr/local/Cellar/gcc-arm-none-eabi/20180627/bin/../lib/gcc/arm-none-eabi/7.3.1/../../../../arm-none-eabi/lib/thumb/v7e-m/fpv4-sp/softfp/libc_nano.a
LOAD /usr/local/Cellar/gcc-arm-none-eabi/20180627/bin/../lib/gcc/arm-none-eabi/7.3.1/../../../../arm-none-eabi/lib/thumb/v7e-m/fpv4-sp/softfp/libm.a
LOAD /usr/local/Cellar/gcc-arm-none-eabi/20180627/bin/../lib/gcc/arm-none-eabi/7.3.1/../../../../arm-none-eabi/lib/thumb/v7e-m/fpv4-sp/softfp/libnosys.a
START GROUP
LOAD /usr/local/Cellar/gcc-arm-none-eabi/20180627/bin/../lib/gcc/arm-none-eabi/7.3.1/thumb/v7e-m/fpv4-sp/softfp/libgcc.a
LOAD /usr/local/Cellar/gcc-arm-none-eabi/20180627/bin/../lib/gcc/arm-none-eabi/7.3.1/../../../../arm-none-eabi/lib/thumb/v7e-m/fpv4-sp/softfp/libc_nano.a
END GROUP
START GROUP
LOAD /usr/local/Cellar/gcc-arm-none-eabi/20180627/bin/../lib/gcc/arm-none-eabi/7.3.1/thumb/v7e-m/fpv4-sp/softfp/libgcc.a
LOAD /usr/local/Cellar/gcc-arm-none-eabi/20180627/bin/../lib/gcc/arm-none-eabi/7.3.1/../../../../arm-none-eabi/lib/thumb/v7e-m/fpv4-sp/softfp/libc_nano.a
LOAD /usr/local/Cellar/gcc-arm-none-eabi/20180627/bin/../lib/gcc/arm-none-eabi/7.3.1/../../../../arm-none-eabi/lib/thumb/v7e-m/fpv4-sp/softfp/libnosys.a
END GROUP
START GROUP
LOAD /usr/local/Cellar/gcc-arm-none-eabi/20180627/bin/../lib/gcc/arm-none-eabi/7.3.1/thumb/v7e-m/fpv4-sp/softfp/libgcc.a
LOAD /usr/local/Cellar/gcc-arm-none-eabi/20180627/bin/../lib/gcc/arm-none-eabi/7.3.1/../../../../arm-none-eabi/lib/thumb/v7e-m/fpv4-sp/softfp/libc_nano.a
LOAD /usr/local/Cellar/gcc-arm-none-eabi/20180627/bin/../lib/gcc/arm-none-eabi/7.3.1/../../../../arm-none-eabi/lib/thumb/v7e-m/fpv4-sp/softfp/libnosys.a
END GROUP
LOAD /usr/local/Cellar/gcc-arm-none-eabi/20180627/bin/../lib/gcc/arm-none-eabi/7.3.1/thumb/v7e-m/fpv4-sp/softfp/crtend.o
LOAD /usr/local/Cellar/gcc-arm-none-eabi/20180627/bin/../lib/gcc/arm-none-eabi/7.3.1/thumb/v7e-m/fpv4-sp/softfp/crtn.o
                0x000000002000c000                _estack = 0x2000c000
                0x0000000000000000                _Min_Heap_Size = 0x0
                0x0000000000000400                _Min_Stack_Size = 0x400

.isr_vector     0x0000000008000000      0x150
                0x0000000008000000                . = ALIGN (0x4)
 *(.isr_vector)
 .isr_vector    0x0000000008000000      0x150 build/startup_at32f403xe.o
                0x0000000008000000                g_pfnVectors
                0x0000000008000150                . = ALIGN (0x4)

.text           0x0000000008000150     0x6480
                0x0000000008000150                . = ALIGN (0x4)
 *(.text)
 .text          0x0000000008000150       0x40 /usr/local/Cellar/gcc-arm-none-eabi/20180627/bin/../lib/gcc/arm-none-eabi/7.3.1/thumb/v7e-m/fpv4-sp/softfp/crtbegin.o
 .text          0x0000000008000190       0x10 /usr/local/Cellar/gcc-arm-none-eabi/20180627/bin/../lib/gcc/arm-none-eabi/7.3.1/../../../../arm-none-eabi/lib/thumb/v7e-m/fpv4-sp/softfp/libc_nano.a(lib_a-strlen.o)
                0x0000000008000190                strlen
 .text          0x00000000080001a0       0xa0 /usr/local/Cellar/gcc-arm-none-eabi/20180627/bin/../lib/gcc/arm-none-eabi/7.3.1/../../../../arm-none-eabi/lib/thumb/v7e-m/fpv4-sp/softfp/libc_nano.a(lib_a-memchr.o)
                0x00000000080001a0                memchr
 .text          0x0000000008000240      0x9ec /usr/local/Cellar/gcc-arm-none-eabi/20180627/bin/../lib/gcc/arm-none-eabi/7.3.1/thumb/v7e-m/fpv4-sp/softfp/libgcc.a(unwind-arm.o)
                0x00000000080004f4                _Unwind_GetCFA
                0x00000000080004f8                __gnu_Unwind_RaiseException
                0x0000000008000558                __gnu_Unwind_ForcedUnwind
                0x000000000800056c                __gnu_Unwind_Resume
                0x00000000080005b0                __gnu_Unwind_Resume_or_Rethrow
                0x00000000080005c0                _Unwind_Complete
                0x00000000080005c4                _Unwind_DeleteException
                0x00000000080005d0                _Unwind_VRS_Get
                0x0000000008000614                _Unwind_VRS_Set
                0x000000000800065c                __gnu_Unwind_Backtrace
                0x00000000080009a0                __aeabi_unwind_cpp_pr0
                0x00000000080009a4                __aeabi_unwind_cpp_pr1
                0x00000000080009a8                __aeabi_unwind_cpp_pr2
                0x00000000080009ac                _Unwind_VRS_Pop
 .text          0x0000000008000c2c      0x1ac /usr/local/Cellar/gcc-arm-none-eabi/20180627/bin/../lib/gcc/arm-none-eabi/7.3.1/thumb/v7e-m/fpv4-sp/softfp/libgcc.a(libunwind.o)
                0x0000000008000c2c                __restore_core_regs
                0x0000000008000c2c                restore_core_regs
                0x0000000008000c44                __gnu_Unwind_Restore_VFP
                0x0000000008000c4c                __gnu_Unwind_Save_VFP
                0x0000000008000c54                __gnu_Unwind_Restore_VFP_D
                0x0000000008000c5c                __gnu_Unwind_Save_VFP_D
                0x0000000008000c64                __gnu_Unwind_Restore_VFP_D_16_to_31
                0x0000000008000c6c                __gnu_Unwind_Save_VFP_D_16_to_31
                0x0000000008000c74                __gnu_Unwind_Restore_WMMXD
                0x0000000008000cb8                __gnu_Unwind_Save_WMMXD
                0x0000000008000cfc                __gnu_Unwind_Restore_WMMXC
                0x0000000008000d10                __gnu_Unwind_Save_WMMXC
                0x0000000008000d24                _Unwind_RaiseException
                0x0000000008000d24                ___Unwind_RaiseException
                0x0000000008000d48                ___Unwind_Resume
                0x0000000008000d48                _Unwind_Resume
                0x0000000008000d6c                ___Unwind_Resume_or_Rethrow
                0x0000000008000d6c                _Unwind_Resume_or_Rethrow
                0x0000000008000d90                _Unwind_ForcedUnwind
                0x0000000008000d90                ___Unwind_ForcedUnwind
                0x0000000008000db4                _Unwind_Backtrace
                0x0000000008000db4                ___Unwind_Backtrace
 .text          0x0000000008000dd8      0x374 /usr/local/Cellar/gcc-arm-none-eabi/20180627/bin/../lib/gcc/arm-none-eabi/7.3.1/thumb/v7e-m/fpv4-sp/softfp/libgcc.a(pr-support.o)
                0x0000000008000e30                __gnu_unwind_execute
                0x00000000080010f4                __gnu_unwind_frame
                0x000000000800111c                _Unwind_GetRegionStart
                0x0000000008001128                _Unwind_GetLanguageSpecificData
                0x000000000800113c                _Unwind_GetDataRelBase
                0x0000000008001144                _Unwind_GetTextRelBase
 *(.text*)
 .text.__io_putchar
                0x000000000800114c       0x20 build/at32_hoverboard.o
                0x000000000800114c                __io_putchar
 .text._write   0x000000000800116c       0x28 build/at32_hoverboard.o
                0x000000000800116c                _write
 .text.UART_Print_Init
                0x0000000008001194       0xa4 build/at32_hoverboard.o
                0x0000000008001194                UART_Print_Init
 .text.SetSysClockTo192M
                0x0000000008001238       0xc0 build/system_at32f4xx.o
 .text.SetSysClock
                0x00000000080012f8        0x8 build/system_at32f4xx.o
 .text.SystemInit
                0x0000000008001300       0x6c build/system_at32f4xx.o
                0x0000000008001300                SystemInit
 .text.GPIO_Init
                0x000000000800136c       0x9e build/at32f4xx_gpio.o
                0x000000000800136c                GPIO_Init
 .text.GPIO_StructInit
                0x000000000800140a       0x10 build/at32f4xx_gpio.o
                0x000000000800140a                GPIO_StructInit
 *fill*         0x000000000800141a        0x2 
 .text.RCC_GetClocksFreq
                0x000000000800141c      0x134 build/at32f4xx_rcc.o
                0x000000000800141c                RCC_GetClocksFreq
 .text.RCC_APB2PeriphClockCmd
                0x0000000008001550       0x1c build/at32f4xx_rcc.o
                0x0000000008001550                RCC_APB2PeriphClockCmd
 .text.RCC_APB1PeriphClockCmd
                0x000000000800156c       0x1c build/at32f4xx_rcc.o
                0x000000000800156c                RCC_APB1PeriphClockCmd
 .text.TMR_TimeBaseInit
                0x0000000008001588       0x8c build/at32f4xx_tim.o
                0x0000000008001588                TMR_TimeBaseInit
 .text.TMR_Cmd  0x0000000008001614       0x1a build/at32f4xx_tim.o
                0x0000000008001614                TMR_Cmd
 .text.TMR_INTConfig
                0x000000000800162e       0x14 build/at32f4xx_tim.o
                0x000000000800162e                TMR_INTConfig
 .text.TMR_ARPreloadConfig
                0x0000000008001642       0x1a build/at32f4xx_tim.o
                0x0000000008001642                TMR_ARPreloadConfig
 .text.TMR_SetCompare1
                0x000000000800165c        0x4 build/at32f4xx_tim.o
                0x000000000800165c                TMR_SetCompare1
 .text.TMR_SetCompare2
                0x0000000008001660        0x4 build/at32f4xx_tim.o
                0x0000000008001660                TMR_SetCompare2
 .text.TMR_SetCompare3
                0x0000000008001664        0x4 build/at32f4xx_tim.o
                0x0000000008001664                TMR_SetCompare3
 .text.TMR_SetCompare4
                0x0000000008001668        0x4 build/at32f4xx_tim.o
                0x0000000008001668                TMR_SetCompare4
 .text.TMR_GetCounter
                0x000000000800166c        0x4 build/at32f4xx_tim.o
                0x000000000800166c                TMR_GetCounter
 .text.TMR_GetINTStatus
                0x0000000008001670       0x18 build/at32f4xx_tim.o
                0x0000000008001670                TMR_GetINTStatus
 .text.TMR_ClearITPendingBit
                0x0000000008001688        0x8 build/at32f4xx_tim.o
                0x0000000008001688                TMR_ClearITPendingBit
 .text.USART_Init
                0x0000000008001690       0xc8 build/at32f4xx_usart.o
                0x0000000008001690                USART_Init
 .text.USART_StructInit
                0x0000000008001758       0x16 build/at32f4xx_usart.o
                0x0000000008001758                USART_StructInit
 .text.USART_Cmd
                0x000000000800176e       0x1a build/at32f4xx_usart.o
                0x000000000800176e                USART_Cmd
 .text.USART_INTConfig
                0x0000000008001788       0x3a build/at32f4xx_usart.o
                0x0000000008001788                USART_INTConfig
 .text.USART_SendData
                0x00000000080017c2        0x8 build/at32f4xx_usart.o
                0x00000000080017c2                USART_SendData
 .text.USART_ReceiveData
                0x00000000080017ca        0x8 build/at32f4xx_usart.o
                0x00000000080017ca                USART_ReceiveData
 .text.USART_GetFlagStatus
                0x00000000080017d2        0xe build/at32f4xx_usart.o
                0x00000000080017d2                USART_GetFlagStatus
 .text.USART_ClearFlag
                0x00000000080017e0        0x8 build/at32f4xx_usart.o
                0x00000000080017e0                USART_ClearFlag
 .text.USART_GetITStatus
                0x00000000080017e8       0x46 build/at32f4xx_usart.o
                0x00000000080017e8                USART_GetITStatus
 *fill*         0x000000000800182e        0x2 
 .text.NVIC_PriorityGroupConfig
                0x0000000008001830       0x14 build/misc.o
                0x0000000008001830                NVIC_PriorityGroupConfig
 .text.NVIC_Init
                0x0000000008001844       0x68 build/misc.o
                0x0000000008001844                NVIC_Init
 .text.vListInitialise
                0x00000000080018ac       0x16 build/list.o
                0x00000000080018ac                vListInitialise
 .text.vListInitialiseItem
                0x00000000080018c2        0x6 build/list.o
                0x00000000080018c2                vListInitialiseItem
 .text.vListInsertEnd
                0x00000000080018c8       0x18 build/list.o
                0x00000000080018c8                vListInsertEnd
 .text.vListInsert
                0x00000000080018e0       0x34 build/list.o
                0x00000000080018e0                vListInsert
 .text.uxListRemove
                0x0000000008001914       0x26 build/list.o
                0x0000000008001914                uxListRemove
 *fill*         0x000000000800193a        0x2 
 .text.prvTaskExitError
                0x000000000800193c       0x34 build/port.o
 .text.prvPortStartFirstTask
                0x0000000008001970       0x20 build/port.o
 .text.vPortEnableVFP
                0x0000000008001990       0x14 build/port.o
 .text.pxPortInitialiseStack
                0x00000000080019a4       0x2c build/port.o
                0x00000000080019a4                pxPortInitialiseStack
 .text.SVC_Handler
                0x00000000080019d0       0x24 build/port.o
                0x00000000080019d0                SVC_Handler
 .text.vPortEnterCritical
                0x00000000080019f4       0x44 build/port.o
                0x00000000080019f4                vPortEnterCritical
 .text.vPortExitCritical
                0x0000000008001a38       0x2c build/port.o
                0x0000000008001a38                vPortExitCritical
 *fill*         0x0000000008001a64        0xc 
 .text.PendSV_Handler
                0x0000000008001a70       0x64 build/port.o
                0x0000000008001a70                PendSV_Handler
 .text.SysTick_Handler
                0x0000000008001ad4       0x2c build/port.o
                0x0000000008001ad4                SysTick_Handler
 .text.vPortSetupTimerInterrupt
                0x0000000008001b00       0x18 build/port.o
                0x0000000008001b00                vPortSetupTimerInterrupt
 .text.xPortStartScheduler
                0x0000000008001b18       0xec build/port.o
                0x0000000008001b18                xPortStartScheduler
 .text.vPortValidateInterruptPriority
                0x0000000008001c04       0x5c build/port.o
                0x0000000008001c04                vPortValidateInterruptPriority
 .text.prvHeapInit
                0x0000000008001c60       0x64 build/heap_4.o
 .text.prvInsertBlockIntoFreeList
                0x0000000008001cc4       0x58 build/heap_4.o
 .text.pvPortMalloc
                0x0000000008001d1c      0x11c build/heap_4.o
                0x0000000008001d1c                pvPortMalloc
 .text.vPortFree
                0x0000000008001e38       0x70 build/heap_4.o
                0x0000000008001e38                vPortFree
 .text.prvIsQueueFull
                0x0000000008001ea8       0x1e build/queue.o
 .text.prvIsQueueEmpty
                0x0000000008001ec6       0x1a build/queue.o
 .text.prvCopyDataToQueue
                0x0000000008001ee0       0x76 build/queue.o
 .text.prvCopyDataFromQueue
                0x0000000008001f56       0x24 build/queue.o
 .text.prvUnlockQueue
                0x0000000008001f7a       0x6e build/queue.o
 .text.xQueueGenericReset
                0x0000000008001fe8       0x84 build/queue.o
                0x0000000008001fe8                xQueueGenericReset
 .text.prvInitialiseNewQueue
                0x000000000800206c       0x22 build/queue.o
 .text.xQueueGenericCreate
                0x000000000800208e       0x48 build/queue.o
                0x000000000800208e                xQueueGenericCreate
 *fill*         0x00000000080020d6        0x2 
 .text.xQueueGenericSend
                0x00000000080020d8      0x17c build/queue.o
                0x00000000080020d8                xQueueGenericSend
 .text.prvInitialiseMutex
                0x0000000008002254       0x18 build/queue.o
 .text.xQueueCreateMutex
                0x000000000800226c       0x16 build/queue.o
                0x000000000800226c                xQueueCreateMutex
 .text.xQueueGenericSendFromISR
                0x0000000008002282       0xcc build/queue.o
                0x0000000008002282                xQueueGenericSendFromISR
 *fill*         0x000000000800234e        0x2 
 .text.xQueueGenericReceive
                0x0000000008002350      0x1a4 build/queue.o
                0x0000000008002350                xQueueGenericReceive
 .text.vQueueAddToRegistry
                0x00000000080024f4       0x28 build/queue.o
                0x00000000080024f4                vQueueAddToRegistry
 .text.vQueueWaitForMessageRestricted
                0x000000000800251c       0x52 build/queue.o
                0x000000000800251c                vQueueWaitForMessageRestricted
 *fill*         0x000000000800256e        0x2 
 .text.prvGetNextExpireTime
                0x0000000008002570       0x20 build/timers.o
 .text.prvInsertTimerInActiveList
                0x0000000008002590       0x48 build/timers.o
 .text.prvCheckForValidListAndQueue
                0x00000000080025d8       0x5c build/timers.o
 .text.xTimerCreateTimerTask
                0x0000000008002634       0x50 build/timers.o
                0x0000000008002634                xTimerCreateTimerTask
 .text.xTimerGenericCommand
                0x0000000008002684       0x6c build/timers.o
                0x0000000008002684                xTimerGenericCommand
 .text.prvSwitchTimerLists
                0x00000000080026f0       0x78 build/timers.o
 .text.prvSampleTimeNow
                0x0000000008002768       0x2c build/timers.o
 .text.prvProcessExpiredTimer
                0x0000000008002794       0x60 build/timers.o
 .text.prvProcessTimerOrBlockTask
                0x00000000080027f4       0x74 build/timers.o
 .text.prvProcessReceivedCommands
                0x0000000008002868       0xe4 build/timers.o
 .text.prvTimerTask
                0x000000000800294c       0x16 build/timers.o
 .text.prvTaskCheckFreeStackSpace
                0x0000000008002962       0x14 build/tasks.o
 *fill*         0x0000000008002976        0x2 
 .text.prvResetNextTaskUnblockTime
                0x0000000008002978       0x2c build/tasks.o
 .text.prvDeleteTCB
                0x00000000080029a4       0x12 build/tasks.o
 .text.prvInitialiseNewTask
                0x00000000080029b6       0x92 build/tasks.o
 .text.prvInitialiseTaskLists
                0x0000000008002a48       0x68 build/tasks.o
 .text.prvAddNewTaskToReadyList
                0x0000000008002ab0       0xac build/tasks.o
 .text.prvAddCurrentTaskToDelayedList
                0x0000000008002b5c       0x98 build/tasks.o
 .text.prvWriteNameToBuffer
                0x0000000008002bf4       0x22 build/tasks.o
 .text.xTaskCreate
                0x0000000008002c16       0x62 build/tasks.o
                0x0000000008002c16                xTaskCreate
 .text.eTaskGetState
                0x0000000008002c78       0x80 build/tasks.o
                0x0000000008002c78                eTaskGetState
 .text.vTaskStartScheduler
                0x0000000008002cf8       0x8c build/tasks.o
                0x0000000008002cf8                vTaskStartScheduler
 .text.vTaskSuspendAll
                0x0000000008002d84       0x10 build/tasks.o
                0x0000000008002d84                vTaskSuspendAll
 .text.xTaskGetTickCount
                0x0000000008002d94        0xc build/tasks.o
                0x0000000008002d94                xTaskGetTickCount
 .text.xTaskIncrementTick
                0x0000000008002da0      0x118 build/tasks.o
                0x0000000008002da0                xTaskIncrementTick
 .text.xTaskResumeAll
                0x0000000008002eb8       0xf4 build/tasks.o
                0x0000000008002eb8                xTaskResumeAll
 .text.vTaskDelay
                0x0000000008002fac       0x4c build/tasks.o
                0x0000000008002fac                vTaskDelay
 .text.prvCheckTasksWaitingTermination
                0x0000000008002ff8       0x5c build/tasks.o
 .text.prvIdleTask
                0x0000000008003054       0x28 build/tasks.o
 .text.vTaskSwitchContext
                0x000000000800307c       0xec build/tasks.o
                0x000000000800307c                vTaskSwitchContext
 .text.vTaskPlaceOnEventList
                0x0000000008003168       0x30 build/tasks.o
                0x0000000008003168                vTaskPlaceOnEventList
 .text.vTaskPlaceOnEventListRestricted
                0x0000000008003198       0x38 build/tasks.o
                0x0000000008003198                vTaskPlaceOnEventListRestricted
 .text.xTaskRemoveFromEventList
                0x00000000080031d0       0x8c build/tasks.o
                0x00000000080031d0                xTaskRemoveFromEventList
 .text.vTaskSetTimeOutState
                0x000000000800325c       0x2c build/tasks.o
                0x000000000800325c                vTaskSetTimeOutState
 .text.xTaskCheckForTimeOut
                0x0000000008003288       0x80 build/tasks.o
                0x0000000008003288                xTaskCheckForTimeOut
 .text.vTaskMissedYield
                0x0000000008003308        0xc build/tasks.o
                0x0000000008003308                vTaskMissedYield
 .text.vTaskGetInfo
                0x0000000008003314       0x74 build/tasks.o
                0x0000000008003314                vTaskGetInfo
 .text.prvListTasksWithinSingleList
                0x0000000008003388       0x5e build/tasks.o
 *fill*         0x00000000080033e6        0x2 
 .text.uxTaskGetSystemState
                0x00000000080033e8       0xb4 build/tasks.o
                0x00000000080033e8                uxTaskGetSystemState
 .text.xTaskGetSchedulerState
                0x000000000800349c       0x20 build/tasks.o
                0x000000000800349c                xTaskGetSchedulerState
 .text.vTaskPriorityInherit
                0x00000000080034bc       0xa0 build/tasks.o
                0x00000000080034bc                vTaskPriorityInherit
 .text.xTaskPriorityDisinherit
                0x000000000800355c       0xb0 build/tasks.o
                0x000000000800355c                xTaskPriorityDisinherit
 .text.vTaskList
                0x000000000800360c       0xdc build/tasks.o
                0x000000000800360c                vTaskList
 .text.vTaskGetRunTimeStats
                0x00000000080036e8       0xc4 build/tasks.o
                0x00000000080036e8                vTaskGetRunTimeStats
 .text.pvTaskIncrementMutexHeldCount
                0x00000000080037ac       0x1c build/tasks.o
                0x00000000080037ac                pvTaskIncrementMutexHeldCount
 .text.IsKeyDown1
                0x00000000080037c8       0x18 build/bsp_key.o
 .text.bsp_InitKeyVar
                0x00000000080037e0       0x3c build/bsp_key.o
 .text.bsp_InitKeyHard
                0x000000000800381c       0x30 build/bsp_key.o
 .text.bsp_InitKey
                0x000000000800384c        0xc build/bsp_key.o
                0x000000000800384c                bsp_InitKey
 .text.bsp_LedOff
                0x0000000008003858       0x30 build/bsp_led.o
                0x0000000008003858                bsp_LedOff
 .text.bsp_InitLed
                0x0000000008003888       0x78 build/bsp_led.o
                0x0000000008003888                bsp_InitLed
 .text.bsp_LedToggle
                0x0000000008003900       0x38 build/bsp_led.o
                0x0000000008003900                bsp_LedToggle
 .text.bsp_GetRCCofTMR
                0x0000000008003938       0xb8 build/bsp_tim_pwm.o
                0x0000000008003938                bsp_GetRCCofTMR
 .text.bsp_SetTMRforInt
                0x00000000080039f0      0x1c4 build/bsp_tim_pwm.o
                0x00000000080039f0                bsp_SetTMRforInt
 .text.bsp_InitHardTimer
                0x0000000008003bb4       0x74 build/bsp_timer.o
                0x0000000008003bb4                bsp_InitHardTimer
 .text.bsp_StartHardTimer
                0x0000000008003c28       0xbc build/bsp_timer.o
                0x0000000008003c28                bsp_StartHardTimer
 .text.TMR3_GLOBAL_IRQHandler
                0x0000000008003ce4       0xb0 build/bsp_timer.o
                0x0000000008003ce4                TMR3_GLOBAL_IRQHandler
 .text.UartVarInit
                0x0000000008003d94       0x3c build/bsp_uart_fifo.o
 .text.InitHardUart
                0x0000000008003dd0       0x18 build/bsp_uart_fifo.o
 .text.ConfigUartNVIC
                0x0000000008003de8       0x26 build/bsp_uart_fifo.o
 .text.UartGetChar
                0x0000000008003e0e       0x48 build/bsp_uart_fifo.o
 .text.UartIRQ  0x0000000008003e56       0xfa build/bsp_uart_fifo.o
 .text.bsp_InitUart
                0x0000000008003f50       0x10 build/bsp_uart_fifo.o
                0x0000000008003f50                bsp_InitUart
 .text.ComToUart
                0x0000000008003f60       0x10 build/bsp_uart_fifo.o
                0x0000000008003f60                ComToUart
 .text.comGetChar
                0x0000000008003f70       0x16 build/bsp_uart_fifo.o
                0x0000000008003f70                comGetChar
 .text.comClearRxFifo
                0x0000000008003f86       0x12 build/bsp_uart_fifo.o
                0x0000000008003f86                comClearRxFifo
 .text.USART2_IRQHandler
                0x0000000008003f98       0x10 build/bsp_uart_fifo.o
                0x0000000008003f98                USART2_IRQHandler
 .text.bsp_Init
                0x0000000008003fa8       0x1c build/bsp.o
                0x0000000008003fa8                bsp_Init
 .text.NMI_Handler
                0x0000000008003fc4        0x2 build/at32f4xx_it.o
                0x0000000008003fc4                NMI_Handler
 *fill*         0x0000000008003fc6        0x2 
 .text.HardFault_Handler
                0x0000000008003fc8       0x28 build/at32f4xx_it.o
                0x0000000008003fc8                HardFault_Handler
 .text.MemManage_Handler
                0x0000000008003ff0        0x2 build/at32f4xx_it.o
                0x0000000008003ff0                MemManage_Handler
 .text.BusFault_Handler
                0x0000000008003ff2        0x2 build/at32f4xx_it.o
                0x0000000008003ff2                BusFault_Handler
 .text.UsageFault_Handler
                0x0000000008003ff4        0x2 build/at32f4xx_it.o
                0x0000000008003ff4                UsageFault_Handler
 .text.DebugMon_Handler
                0x0000000008003ff6        0x2 build/at32f4xx_it.o
                0x0000000008003ff6                DebugMon_Handler
 .text.vTimerInitForRunTimeState
                0x0000000008003ff8       0x18 build/TimerForRunTimeState.o
                0x0000000008003ff8                vTimerInitForRunTimeState
 .text.TMR6_GLOBAL_IRQHandler
                0x0000000008004010       0x28 build/TimerForRunTimeState.o
                0x0000000008004010                TMR6_GLOBAL_IRQHandler
 .text._ZNK8std_msgs4Time9serializeEPh
                0x0000000008004038       0x28 build/main.o
                0x0000000008004038                std_msgs::Time::serialize(unsigned char*) const
 .text._ZN8std_msgs4Time11deserializeEPh
                0x0000000008004060       0x3c build/main.o
                0x0000000008004060                std_msgs::Time::deserialize(unsigned char*)
 .text._ZN8std_msgs4Time7getTypeEv
                0x000000000800409c        0x8 build/main.o
                0x000000000800409c                std_msgs::Time::getType()
 .text._ZN8std_msgs4Time6getMD5Ev
                0x00000000080040a4        0x8 build/main.o
                0x00000000080040a4                std_msgs::Time::getMD5()
 .text._ZN14rosserial_msgs9TopicInfo11deserializeEPh
                0x00000000080040ac       0x94 build/main.o
                0x00000000080040ac                rosserial_msgs::TopicInfo::deserialize(unsigned char*)
 .text._ZN14rosserial_msgs9TopicInfo7getTypeEv
                0x0000000008004140        0x8 build/main.o
                0x0000000008004140                rosserial_msgs::TopicInfo::getType()
 .text._ZN14rosserial_msgs9TopicInfo6getMD5Ev
                0x0000000008004148        0x8 build/main.o
                0x0000000008004148                rosserial_msgs::TopicInfo::getMD5()
 .text._ZN14rosserial_msgs3Log11deserializeEPh
                0x0000000008004150       0x2c build/main.o
                0x0000000008004150                rosserial_msgs::Log::deserialize(unsigned char*)
 .text._ZN14rosserial_msgs3Log7getTypeEv
                0x000000000800417c        0x8 build/main.o
                0x000000000800417c                rosserial_msgs::Log::getType()
 .text._ZN14rosserial_msgs3Log6getMD5Ev
                0x0000000008004184        0x8 build/main.o
                0x0000000008004184                rosserial_msgs::Log::getMD5()
 .text._ZN14rosserial_msgs20RequestParamResponse7getTypeEv
                0x000000000800418c        0x8 build/main.o
                0x000000000800418c                rosserial_msgs::RequestParamResponse::getType()
 .text._ZN14rosserial_msgs20RequestParamResponse6getMD5Ev
                0x0000000008004194        0x8 build/main.o
                0x0000000008004194                rosserial_msgs::RequestParamResponse::getMD5()
 .text._Z41__static_initialization_and_destruction_0ii
                0x000000000800419c       0x9c build/main.o
 .text._ZN3ros11NodeHandle_I13STM32HardwareLi5ELi5ELi512ELi512EE7publishEiPKNS_3MsgE
                0x0000000008004238       0xb0 build/main.o
                0x0000000008004238                ros::NodeHandle_<STM32Hardware, 5, 5, 512, 512>::publish(int, ros::Msg const*)
 .text._ZN3ros11NodeHandle_I13STM32HardwareLi5ELi5ELi512ELi512EE9connectedEv
                0x00000000080042e8        0x6 build/main.o
                0x00000000080042e8                ros::NodeHandle_<STM32Hardware, 5, 5, 512, 512>::connected()
 *fill*         0x00000000080042ee        0x2 
 .text._ZL13AppTaskCreatev
                0x00000000080042f0       0x84 build/main.o
 .text._ZL13TMR_CallBack2v
                0x0000000008004374       0x14 build/main.o
 .text._ZL13TMR_CallBack1v
                0x0000000008004388       0x14 build/main.o
 .text._ZL12AppObjCreatev
                0x000000000800439c       0x20 build/main.o
 .text._ZNK14rosserial_msgs9TopicInfo9serializeEPh
                0x00000000080043bc       0x7a build/main.o
                0x00000000080043bc                rosserial_msgs::TopicInfo::serialize(unsigned char*) const
 .text._ZNK14rosserial_msgs3Log9serializeEPh
                0x0000000008004436       0x24 build/main.o
                0x0000000008004436                rosserial_msgs::Log::serialize(unsigned char*) const
 .text._ZNK14rosserial_msgs20RequestParamResponse9serializeEPh
                0x000000000800445a       0xcc build/main.o
                0x000000000800445a                rosserial_msgs::RequestParamResponse::serialize(unsigned char*) const
 .text._ZN14rosserial_msgs20RequestParamResponse11deserializeEPh
                0x0000000008004526       0xf0 build/main.o
                0x0000000008004526                rosserial_msgs::RequestParamResponse::deserialize(unsigned char*)
 .text.main     0x0000000008004616       0x1e build/main.o
                0x0000000008004616                main
 .text._Z10App_PrintfPKcz
                0x0000000008004634       0x4c build/main.o
                0x0000000008004634                App_Printf(char const*, ...)
 .text._ZL17vTaskCtrolProcessPv
                0x0000000008004680       0x18 build/main.o
 .text._ZL15vTaskMsgProcessPv
                0x0000000008004698       0xf4 build/main.o
 .text._ZL8vTaskLEDPv
                0x000000000800478c       0x1c build/main.o
 .text.vApplicationMallocFailedHook
                0x00000000080047a8        0x2 build/main.o
                0x00000000080047a8                vApplicationMallocFailedHook
 *fill*         0x00000000080047aa        0x2 
 .text.vApplicationStackOverflowHook
                0x00000000080047ac       0x10 build/main.o
                0x00000000080047ac                vApplicationStackOverflowHook
 .text._ZN3ros11NodeHandle_I13STM32HardwareLi5ELi5ELi512ELi512EE15negotiateTopicsEv
                0x00000000080047bc       0xc4 build/main.o
                0x00000000080047bc                ros::NodeHandle_<STM32Hardware, 5, 5, 512, 512>::negotiateTopics()
 .text._ZN3ros11NodeHandle_I13STM32HardwareLi5ELi5ELi512ELi512EE8spinOnceEv
                0x0000000008004880      0x39c build/main.o
                0x0000000008004880                ros::NodeHandle_<STM32Hardware, 5, 5, 512, 512>::spinOnce()
 .text._GLOBAL__sub_I_nh
                0x0000000008004c1c        0xe build/main.o
 *fill*         0x0000000008004c2a        0x2 
 .text._ZN3ros16normalizeSecNSecERmS0_
                0x0000000008004c2c       0x2c build/time.o
                0x0000000008004c2c                ros::normalizeSecNSec(unsigned long&, unsigned long&)
 .text.Reset_Handler
                0x0000000008004c58       0x44 build/startup_at32f403xe.o
                0x0000000008004c58                Reset_Handler
 .text.Default_Handler
                0x0000000008004c9c        0x2 build/startup_at32f403xe.o
                0x0000000008004c9c                DMA2_Channel3_IRQHandler
                0x0000000008004c9c                SDIO1_IRQHandler
                0x0000000008004c9c                EXTI2_IRQHandler
                0x0000000008004c9c                XMC_IRQHandler
                0x0000000008004c9c                SPI4_IRQHandler
                0x0000000008004c9c                TMR8_TRG_HALL_TMR14_IRQHandler
                0x0000000008004c9c                TMR15_CC_IRQHandler
                0x0000000008004c9c                PVD_IRQHandler
                0x0000000008004c9c                EXTI3_IRQHandler
                0x0000000008004c9c                TMR5_GLOBAL_IRQHandler
                0x0000000008004c9c                I2C3_ER_IRQHandler
                0x0000000008004c9c                TMR8_OV_TMR13_IRQHandler
                0x0000000008004c9c                EXTI0_IRQHandler
                0x0000000008004c9c                I2C2_EV_IRQHandler
                0x0000000008004c9c                TMR15_TRG_HALL_IRQHandler
                0x0000000008004c9c                SDIO2_IRQHandler
                0x0000000008004c9c                ADC1_2_IRQHandler
                0x0000000008004c9c                SPI1_IRQHandler
                0x0000000008004c9c                TAMPER_IRQHandler
                0x0000000008004c9c                DMA2_Channel2_IRQHandler
                0x0000000008004c9c                DMA1_Channel4_IRQHandler
                0x0000000008004c9c                TMR1_OV_TMR10_IRQHandler
                0x0000000008004c9c                USART3_IRQHandler
                0x0000000008004c9c                RTC_IRQHandler
                0x0000000008004c9c                DMA1_Channel7_IRQHandler
                0x0000000008004c9c                CAN1_RX1_IRQHandler
                0x0000000008004c9c                UART5_IRQHandler
                0x0000000008004c9c                ADC3_IRQHandler
                0x0000000008004c9c                DMA2_Channel1_IRQHandler
                0x0000000008004c9c                I2C1_EV_IRQHandler
                0x0000000008004c9c                DMA1_Channel6_IRQHandler
                0x0000000008004c9c                UART4_IRQHandler
                0x0000000008004c9c                RCC_IRQHandler
                0x0000000008004c9c                DMA1_Channel1_IRQHandler
                0x0000000008004c9c                Default_Handler
                0x0000000008004c9c                EXTI15_10_IRQHandler
                0x0000000008004c9c                TMR7_GLOBAL_IRQHandler
                0x0000000008004c9c                TMR1_CC_IRQHandler
                0x0000000008004c9c                TMR15_BRK_IRQHandler
                0x0000000008004c9c                I2C3_EV_IRQHandler
                0x0000000008004c9c                EXTI9_5_IRQHandler
                0x0000000008004c9c                TMR1_BRK_TMR9_IRQHandler
                0x0000000008004c9c                SPI2_IRQHandler
                0x0000000008004c9c                TMR8_BRK_TMR12_IRQHandler
                0x0000000008004c9c                TMR1_TRG_HALL_TMR11_IRQHandler
                0x0000000008004c9c                TMR15_OV_IRQHandler
                0x0000000008004c9c                DMA1_Channel5_IRQHandler
                0x0000000008004c9c                EXTI4_IRQHandler
                0x0000000008004c9c                USB_LP_CAN1_RX0_IRQHandler
                0x0000000008004c9c                TMR4_GLOBAL_IRQHandler
                0x0000000008004c9c                USB_HP_CAN1_TX_IRQHandler
                0x0000000008004c9c                DMA1_Channel3_IRQHandler
                0x0000000008004c9c                WWDG_IRQHandler
                0x0000000008004c9c                TMR8_CC_IRQHandler
                0x0000000008004c9c                EXTI1_IRQHandler
                0x0000000008004c9c                RTCAlarm_IRQHandler
                0x0000000008004c9c                DMA2_Channel4_5_IRQHandler
                0x0000000008004c9c                I2C2_ER_IRQHandler
                0x0000000008004c9c                DMA1_Channel2_IRQHandler
                0x0000000008004c9c                TMR2_GLOBAL_IRQHandler
                0x0000000008004c9c                CAN1_SCE_IRQHandler
                0x0000000008004c9c                FLASH_IRQHandler
                0x0000000008004c9c                USART1_IRQHandler
                0x0000000008004c9c                SPI3_IRQHandler
                0x0000000008004c9c                I2C1_ER_IRQHandler
                0x0000000008004c9c                USBWakeUp_IRQHandler
                0x0000000008004c9c                RTC_Alarm_IRQHandler
 .text.memcpy   0x0000000008004c9e       0x16 /usr/local/Cellar/gcc-arm-none-eabi/20180627/bin/../lib/gcc/arm-none-eabi/7.3.1/../../../../arm-none-eabi/lib/thumb/v7e-m/fpv4-sp/softfp/libc_nano.a(lib_a-memcpy-stub.o)
                0x0000000008004c9e                memcpy
 .text.memset   0x0000000008004cb4       0x10 /usr/local/Cellar/gcc-arm-none-eabi/20180627/bin/../lib/gcc/arm-none-eabi/7.3.1/../../../../arm-none-eabi/lib/thumb/v7e-m/fpv4-sp/softfp/libc_nano.a(lib_a-memset.o)
                0x0000000008004cb4                memset
 .text.printf   0x0000000008004cc4       0x30 /usr/local/Cellar/gcc-arm-none-eabi/20180627/bin/../lib/gcc/arm-none-eabi/7.3.1/../../../../arm-none-eabi/lib/thumb/v7e-m/fpv4-sp/softfp/libc_nano.a(lib_a-printf.o)
                0x0000000008004cc4                printf
                0x0000000008004cc4                iprintf
 .text._puts_r  0x0000000008004cf4       0xb8 /usr/local/Cellar/gcc-arm-none-eabi/20180627/bin/../lib/gcc/arm-none-eabi/7.3.1/../../../../arm-none-eabi/lib/thumb/v7e-m/fpv4-sp/softfp/libc_nano.a(lib_a-puts.o)
                0x0000000008004cf4                _puts_r
 .text.puts     0x0000000008004dac       0x10 /usr/local/Cellar/gcc-arm-none-eabi/20180627/bin/../lib/gcc/arm-none-eabi/7.3.1/../../../../arm-none-eabi/lib/thumb/v7e-m/fpv4-sp/softfp/libc_nano.a(lib_a-puts.o)
                0x0000000008004dac                puts
 .text.realloc  0x0000000008004dbc       0x10 /usr/local/Cellar/gcc-arm-none-eabi/20180627/bin/../lib/gcc/arm-none-eabi/7.3.1/../../../../arm-none-eabi/lib/thumb/v7e-m/fpv4-sp/softfp/libc_nano.a(lib_a-realloc.o)
                0x0000000008004dbc                realloc
 .text.sprintf  0x0000000008004dcc       0x40 /usr/local/Cellar/gcc-arm-none-eabi/20180627/bin/../lib/gcc/arm-none-eabi/7.3.1/../../../../arm-none-eabi/lib/thumb/v7e-m/fpv4-sp/softfp/libc_nano.a(lib_a-sprintf.o)
                0x0000000008004dcc                sprintf
                0x0000000008004dcc                siprintf
 .text.strcpy   0x0000000008004e0c       0x10 /usr/local/Cellar/gcc-arm-none-eabi/20180627/bin/../lib/gcc/arm-none-eabi/7.3.1/../../../../arm-none-eabi/lib/thumb/v7e-m/fpv4-sp/softfp/libc_nano.a(lib_a-strcpy.o)
                0x0000000008004e0c                strcpy
 .text._vsnprintf_r
                0x0000000008004e1c       0x58 /usr/local/Cellar/gcc-arm-none-eabi/20180627/bin/../lib/gcc/arm-none-eabi/7.3.1/../../../../arm-none-eabi/lib/thumb/v7e-m/fpv4-sp/softfp/libc_nano.a(lib_a-vsnprintf.o)
                0x0000000008004e1c                _vsnprintf_r
                0x0000000008004e1c                _vsniprintf_r
 .text.vsnprintf
                0x0000000008004e74       0x1c /usr/local/Cellar/gcc-arm-none-eabi/20180627/bin/../lib/gcc/arm-none-eabi/7.3.1/../../../../arm-none-eabi/lib/thumb/v7e-m/fpv4-sp/softfp/libc_nano.a(lib_a-vsnprintf.o)
                0x0000000008004e74                vsnprintf
                0x0000000008004e74                vsniprintf
 .text.__swbuf_r
                0x0000000008004e90       0xa4 /usr/local/Cellar/gcc-arm-none-eabi/20180627/bin/../lib/gcc/arm-none-eabi/7.3.1/../../../../arm-none-eabi/lib/thumb/v7e-m/fpv4-sp/softfp/libc_nano.a(lib_a-wbuf.o)
                0x0000000008004e90                __swbuf_r
 .text.__swsetup_r
                0x0000000008004f34       0xdc /usr/local/Cellar/gcc-arm-none-eabi/20180627/bin/../lib/gcc/arm-none-eabi/7.3.1/../../../../arm-none-eabi/lib/thumb/v7e-m/fpv4-sp/softfp/libc_nano.a(lib_a-wsetup.o)
                0x0000000008004f34                __swsetup_r
 .text.__sflush_r
                0x0000000008005010      0x10c /usr/local/Cellar/gcc-arm-none-eabi/20180627/bin/../lib/gcc/arm-none-eabi/7.3.1/../../../../arm-none-eabi/lib/thumb/v7e-m/fpv4-sp/softfp/libc_nano.a(lib_a-fflush.o)
                0x0000000008005010                __sflush_r
 .text._fflush_r
                0x000000000800511c       0x54 /usr/local/Cellar/gcc-arm-none-eabi/20180627/bin/../lib/gcc/arm-none-eabi/7.3.1/../../../../arm-none-eabi/lib/thumb/v7e-m/fpv4-sp/softfp/libc_nano.a(lib_a-fflush.o)
                0x000000000800511c                _fflush_r
 .text.std      0x0000000008005170       0x48 /usr/local/Cellar/gcc-arm-none-eabi/20180627/bin/../lib/gcc/arm-none-eabi/7.3.1/../../../../arm-none-eabi/lib/thumb/v7e-m/fpv4-sp/softfp/libc_nano.a(lib_a-findfp.o)
 .text._cleanup_r
                0x00000000080051b8        0xc /usr/local/Cellar/gcc-arm-none-eabi/20180627/bin/../lib/gcc/arm-none-eabi/7.3.1/../../../../arm-none-eabi/lib/thumb/v7e-m/fpv4-sp/softfp/libc_nano.a(lib_a-findfp.o)
                0x00000000080051b8                _cleanup_r
 .text.__sfmoreglue
                0x00000000080051c4       0x2c /usr/local/Cellar/gcc-arm-none-eabi/20180627/bin/../lib/gcc/arm-none-eabi/7.3.1/../../../../arm-none-eabi/lib/thumb/v7e-m/fpv4-sp/softfp/libc_nano.a(lib_a-findfp.o)
                0x00000000080051c4                __sfmoreglue
 .text.__sinit  0x00000000080051f0       0x60 /usr/local/Cellar/gcc-arm-none-eabi/20180627/bin/../lib/gcc/arm-none-eabi/7.3.1/../../../../arm-none-eabi/lib/thumb/v7e-m/fpv4-sp/softfp/libc_nano.a(lib_a-findfp.o)
                0x00000000080051f0                __sinit
 .text.__sfp    0x0000000008005250       0x78 /usr/local/Cellar/gcc-arm-none-eabi/20180627/bin/../lib/gcc/arm-none-eabi/7.3.1/../../../../arm-none-eabi/lib/thumb/v7e-m/fpv4-sp/softfp/libc_nano.a(lib_a-findfp.o)
                0x0000000008005250                __sfp
 .text._fwalk_reent
                0x00000000080052c8       0x3c /usr/local/Cellar/gcc-arm-none-eabi/20180627/bin/../lib/gcc/arm-none-eabi/7.3.1/../../../../arm-none-eabi/lib/thumb/v7e-m/fpv4-sp/softfp/libc_nano.a(lib_a-fwalk.o)
                0x00000000080052c8                _fwalk_reent
 .text.__swhatbuf_r
                0x0000000008005304       0x48 /usr/local/Cellar/gcc-arm-none-eabi/20180627/bin/../lib/gcc/arm-none-eabi/7.3.1/../../../../arm-none-eabi/lib/thumb/v7e-m/fpv4-sp/softfp/libc_nano.a(lib_a-makebuf.o)
                0x0000000008005304                __swhatbuf_r
 .text.__smakebuf_r
                0x000000000800534c       0x80 /usr/local/Cellar/gcc-arm-none-eabi/20180627/bin/../lib/gcc/arm-none-eabi/7.3.1/../../../../arm-none-eabi/lib/thumb/v7e-m/fpv4-sp/softfp/libc_nano.a(lib_a-makebuf.o)
                0x000000000800534c                __smakebuf_r
 .text._free_r  0x00000000080053cc       0x9c /usr/local/Cellar/gcc-arm-none-eabi/20180627/bin/../lib/gcc/arm-none-eabi/7.3.1/../../../../arm-none-eabi/lib/thumb/v7e-m/fpv4-sp/softfp/libc_nano.a(lib_a-nano-freer.o)
                0x00000000080053cc                _free_r
 .text._malloc_r
                0x0000000008005468       0xb4 /usr/local/Cellar/gcc-arm-none-eabi/20180627/bin/../lib/gcc/arm-none-eabi/7.3.1/../../../../arm-none-eabi/lib/thumb/v7e-m/fpv4-sp/softfp/libc_nano.a(lib_a-nano-mallocr.o)
                0x0000000008005468                _malloc_r
 .text._realloc_r
                0x000000000800551c       0x4c /usr/local/Cellar/gcc-arm-none-eabi/20180627/bin/../lib/gcc/arm-none-eabi/7.3.1/../../../../arm-none-eabi/lib/thumb/v7e-m/fpv4-sp/softfp/libc_nano.a(lib_a-nano-reallocr.o)
                0x000000000800551c                _realloc_r
 .text.__ssputs_r
                0x0000000008005568       0xb4 /usr/local/Cellar/gcc-arm-none-eabi/20180627/bin/../lib/gcc/arm-none-eabi/7.3.1/../../../../arm-none-eabi/lib/thumb/v7e-m/fpv4-sp/softfp/libc_nano.a(lib_a-nano-svfprintf.o)
                0x0000000008005568                __ssputs_r
 .text._svfprintf_r
                0x000000000800561c      0x1f0 /usr/local/Cellar/gcc-arm-none-eabi/20180627/bin/../lib/gcc/arm-none-eabi/7.3.1/../../../../arm-none-eabi/lib/thumb/v7e-m/fpv4-sp/softfp/libc_nano.a(lib_a-nano-svfprintf.o)
                0x000000000800561c                _svfprintf_r
                0x000000000800561c                _svfiprintf_r
 .text.__sfputc_r
                0x000000000800580c       0x2e /usr/local/Cellar/gcc-arm-none-eabi/20180627/bin/../lib/gcc/arm-none-eabi/7.3.1/../../../../arm-none-eabi/lib/thumb/v7e-m/fpv4-sp/softfp/libc_nano.a(lib_a-nano-vfprintf.o)
 .text.__sfputs_r
                0x000000000800583a       0x24 /usr/local/Cellar/gcc-arm-none-eabi/20180627/bin/../lib/gcc/arm-none-eabi/7.3.1/../../../../arm-none-eabi/lib/thumb/v7e-m/fpv4-sp/softfp/libc_nano.a(lib_a-nano-vfprintf.o)
                0x000000000800583a                __sfputs_r
 *fill*         0x000000000800585e        0x2 
 .text._vfprintf_r
                0x0000000008005860      0x22c /usr/local/Cellar/gcc-arm-none-eabi/20180627/bin/../lib/gcc/arm-none-eabi/7.3.1/../../../../arm-none-eabi/lib/thumb/v7e-m/fpv4-sp/softfp/libc_nano.a(lib_a-nano-vfprintf.o)
                0x0000000008005860                _vfiprintf_r
                0x0000000008005860                _vfprintf_r
 .text._printf_common
                0x0000000008005a8c       0xea /usr/local/Cellar/gcc-arm-none-eabi/20180627/bin/../lib/gcc/arm-none-eabi/7.3.1/../../../../arm-none-eabi/lib/thumb/v7e-m/fpv4-sp/softfp/libc_nano.a(lib_a-nano-vfprintf_i.o)
                0x0000000008005a8c                _printf_common
 *fill*         0x0000000008005b76        0x2 
 .text._printf_i
                0x0000000008005b78      0x224 /usr/local/Cellar/gcc-arm-none-eabi/20180627/bin/../lib/gcc/arm-none-eabi/7.3.1/../../../../arm-none-eabi/lib/thumb/v7e-m/fpv4-sp/softfp/libc_nano.a(lib_a-nano-vfprintf_i.o)
                0x0000000008005b78                _printf_i
 .text._sbrk_r  0x0000000008005d9c       0x20 /usr/local/Cellar/gcc-arm-none-eabi/20180627/bin/../lib/gcc/arm-none-eabi/7.3.1/../../../../arm-none-eabi/lib/thumb/v7e-m/fpv4-sp/softfp/libc_nano.a(lib_a-sbrkr.o)
                0x0000000008005d9c                _sbrk_r
 .text.__sread  0x0000000008005dbc       0x22 /usr/local/Cellar/gcc-arm-none-eabi/20180627/bin/../lib/gcc/arm-none-eabi/7.3.1/../../../../arm-none-eabi/lib/thumb/v7e-m/fpv4-sp/softfp/libc_nano.a(lib_a-stdio.o)
                0x0000000008005dbc                __sread
 .text.__swrite
                0x0000000008005dde       0x38 /usr/local/Cellar/gcc-arm-none-eabi/20180627/bin/../lib/gcc/arm-none-eabi/7.3.1/../../../../arm-none-eabi/lib/thumb/v7e-m/fpv4-sp/softfp/libc_nano.a(lib_a-stdio.o)
                0x0000000008005dde                __swrite
 .text.__sseek  0x0000000008005e16       0x24 /usr/local/Cellar/gcc-arm-none-eabi/20180627/bin/../lib/gcc/arm-none-eabi/7.3.1/../../../../arm-none-eabi/lib/thumb/v7e-m/fpv4-sp/softfp/libc_nano.a(lib_a-stdio.o)
                0x0000000008005e16                __sseek
 .text.__sclose
                0x0000000008005e3a        0x8 /usr/local/Cellar/gcc-arm-none-eabi/20180627/bin/../lib/gcc/arm-none-eabi/7.3.1/../../../../arm-none-eabi/lib/thumb/v7e-m/fpv4-sp/softfp/libc_nano.a(lib_a-stdio.o)
                0x0000000008005e3a                __sclose
 *fill*         0x0000000008005e42        0x2 
 .text._write_r
                0x0000000008005e44       0x24 /usr/local/Cellar/gcc-arm-none-eabi/20180627/bin/../lib/gcc/arm-none-eabi/7.3.1/../../../../arm-none-eabi/lib/thumb/v7e-m/fpv4-sp/softfp/libc_nano.a(lib_a-writer.o)
                0x0000000008005e44                _write_r
 .text._close_r
                0x0000000008005e68       0x20 /usr/local/Cellar/gcc-arm-none-eabi/20180627/bin/../lib/gcc/arm-none-eabi/7.3.1/../../../../arm-none-eabi/lib/thumb/v7e-m/fpv4-sp/softfp/libc_nano.a(lib_a-closer.o)
                0x0000000008005e68                _close_r
 .text._fstat_r
                0x0000000008005e88       0x24 /usr/local/Cellar/gcc-arm-none-eabi/20180627/bin/../lib/gcc/arm-none-eabi/7.3.1/../../../../arm-none-eabi/lib/thumb/v7e-m/fpv4-sp/softfp/libc_nano.a(lib_a-fstatr.o)
                0x0000000008005e88                _fstat_r
 .text._isatty_r
                0x0000000008005eac       0x20 /usr/local/Cellar/gcc-arm-none-eabi/20180627/bin/../lib/gcc/arm-none-eabi/7.3.1/../../../../arm-none-eabi/lib/thumb/v7e-m/fpv4-sp/softfp/libc_nano.a(lib_a-isattyr.o)
                0x0000000008005eac                _isatty_r
 .text._lseek_r
                0x0000000008005ecc       0x24 /usr/local/Cellar/gcc-arm-none-eabi/20180627/bin/../lib/gcc/arm-none-eabi/7.3.1/../../../../arm-none-eabi/lib/thumb/v7e-m/fpv4-sp/softfp/libc_nano.a(lib_a-lseekr.o)
                0x0000000008005ecc                _lseek_r
 .text.memmove  0x0000000008005ef0       0x32 /usr/local/Cellar/gcc-arm-none-eabi/20180627/bin/../lib/gcc/arm-none-eabi/7.3.1/../../../../arm-none-eabi/lib/thumb/v7e-m/fpv4-sp/softfp/libc_nano.a(lib_a-memmove.o)
                0x0000000008005ef0                memmove
 .text.__malloc_lock
                0x0000000008005f22        0x2 /usr/local/Cellar/gcc-arm-none-eabi/20180627/bin/../lib/gcc/arm-none-eabi/7.3.1/../../../../arm-none-eabi/lib/thumb/v7e-m/fpv4-sp/softfp/libc_nano.a(lib_a-mlock.o)
                0x0000000008005f22                __malloc_lock
 .text.__malloc_unlock
                0x0000000008005f24        0x2 /usr/local/Cellar/gcc-arm-none-eabi/20180627/bin/../lib/gcc/arm-none-eabi/7.3.1/../../../../arm-none-eabi/lib/thumb/v7e-m/fpv4-sp/softfp/libc_nano.a(lib_a-mlock.o)
                0x0000000008005f24                __malloc_unlock
 .text._malloc_usable_size_r
                0x0000000008005f26       0x10 /usr/local/Cellar/gcc-arm-none-eabi/20180627/bin/../lib/gcc/arm-none-eabi/7.3.1/../../../../arm-none-eabi/lib/thumb/v7e-m/fpv4-sp/softfp/libc_nano.a(lib_a-nano-msizer.o)
                0x0000000008005f26                _malloc_usable_size_r
 *fill*         0x0000000008005f36        0x2 
 .text._read_r  0x0000000008005f38       0x24 /usr/local/Cellar/gcc-arm-none-eabi/20180627/bin/../lib/gcc/arm-none-eabi/7.3.1/../../../../arm-none-eabi/lib/thumb/v7e-m/fpv4-sp/softfp/libc_nano.a(lib_a-readr.o)
                0x0000000008005f38                _read_r
 .text._close   0x0000000008005f5c       0x10 /usr/local/Cellar/gcc-arm-none-eabi/20180627/bin/../lib/gcc/arm-none-eabi/7.3.1/../../../../arm-none-eabi/lib/thumb/v7e-m/fpv4-sp/softfp/libnosys.a(close.o)
                0x0000000008005f5c                _close
 .text._fstat   0x0000000008005f6c       0x10 /usr/local/Cellar/gcc-arm-none-eabi/20180627/bin/../lib/gcc/arm-none-eabi/7.3.1/../../../../arm-none-eabi/lib/thumb/v7e-m/fpv4-sp/softfp/libnosys.a(fstat.o)
                0x0000000008005f6c                _fstat
 .text._isatty  0x0000000008005f7c       0x10 /usr/local/Cellar/gcc-arm-none-eabi/20180627/bin/../lib/gcc/arm-none-eabi/7.3.1/../../../../arm-none-eabi/lib/thumb/v7e-m/fpv4-sp/softfp/libnosys.a(isatty.o)
                0x0000000008005f7c                _isatty
 .text._lseek   0x0000000008005f8c       0x10 /usr/local/Cellar/gcc-arm-none-eabi/20180627/bin/../lib/gcc/arm-none-eabi/7.3.1/../../../../arm-none-eabi/lib/thumb/v7e-m/fpv4-sp/softfp/libnosys.a(lseek.o)
                0x0000000008005f8c                _lseek
 .text._read    0x0000000008005f9c       0x10 /usr/local/Cellar/gcc-arm-none-eabi/20180627/bin/../lib/gcc/arm-none-eabi/7.3.1/../../../../arm-none-eabi/lib/thumb/v7e-m/fpv4-sp/softfp/libnosys.a(read.o)
                0x0000000008005f9c                _read
 .text._sbrk    0x0000000008005fac       0x1c /usr/local/Cellar/gcc-arm-none-eabi/20180627/bin/../lib/gcc/arm-none-eabi/7.3.1/../../../../arm-none-eabi/lib/thumb/v7e-m/fpv4-sp/softfp/libnosys.a(sbrk.o)
                0x0000000008005fac                _sbrk
 .text._exit    0x0000000008005fc8        0x4 /usr/local/Cellar/gcc-arm-none-eabi/20180627/bin/../lib/gcc/arm-none-eabi/7.3.1/../../../../arm-none-eabi/lib/thumb/v7e-m/fpv4-sp/softfp/libnosys.a(_exit.o)
                0x0000000008005fc8                _exit
 .text.abort    0x0000000008005fcc        0xe /usr/local/Cellar/gcc-arm-none-eabi/20180627/bin/../lib/gcc/arm-none-eabi/7.3.1/../../../../arm-none-eabi/lib/thumb/v7e-m/fpv4-sp/softfp/libc_nano.a(lib_a-abort.o)
                0x0000000008005fcc                abort
 .text._raise_r
                0x0000000008005fda       0x50 /usr/local/Cellar/gcc-arm-none-eabi/20180627/bin/../lib/gcc/arm-none-eabi/7.3.1/../../../../arm-none-eabi/lib/thumb/v7e-m/fpv4-sp/softfp/libc_nano.a(lib_a-signal.o)
                0x0000000008005fda                _raise_r
 *fill*         0x000000000800602a        0x2 
 .text.raise    0x000000000800602c       0x10 /usr/local/Cellar/gcc-arm-none-eabi/20180627/bin/../lib/gcc/arm-none-eabi/7.3.1/../../../../arm-none-eabi/lib/thumb/v7e-m/fpv4-sp/softfp/libc_nano.a(lib_a-signal.o)
                0x000000000800602c                raise
 .text._kill_r  0x000000000800603c       0x24 /usr/local/Cellar/gcc-arm-none-eabi/20180627/bin/../lib/gcc/arm-none-eabi/7.3.1/../../../../arm-none-eabi/lib/thumb/v7e-m/fpv4-sp/softfp/libc_nano.a(lib_a-signalr.o)
                0x000000000800603c                _kill_r
 .text._getpid_r
                0x0000000008006060        0x4 /usr/local/Cellar/gcc-arm-none-eabi/20180627/bin/../lib/gcc/arm-none-eabi/7.3.1/../../../../arm-none-eabi/lib/thumb/v7e-m/fpv4-sp/softfp/libc_nano.a(lib_a-signalr.o)
                0x0000000008006060                _getpid_r
 .text._getpid  0x0000000008006064       0x10 /usr/local/Cellar/gcc-arm-none-eabi/20180627/bin/../lib/gcc/arm-none-eabi/7.3.1/../../../../arm-none-eabi/lib/thumb/v7e-m/fpv4-sp/softfp/libnosys.a(getpid.o)
                0x0000000008006064                _getpid
 .text._kill    0x0000000008006074       0x10 /usr/local/Cellar/gcc-arm-none-eabi/20180627/bin/../lib/gcc/arm-none-eabi/7.3.1/../../../../arm-none-eabi/lib/thumb/v7e-m/fpv4-sp/softfp/libnosys.a(kill.o)
                0x0000000008006074                _kill
 *(.rodata)
 *(.rodata*)
 .rodata.prvCheckForValidListAndQueue.str1.4
                0x0000000008006084        0x5 build/timers.o
 *fill*         0x0000000008006089        0x3 
 .rodata.xTimerCreateTimerTask.str1.4
                0x000000000800608c        0x8 build/timers.o
 .rodata.vTaskGetRunTimeStats.str1.4
                0x0000000008006094       0x18 build/tasks.o
 .rodata.vTaskList.str1.4
                0x00000000080060ac        0xf build/tasks.o
 *fill*         0x00000000080060bb        0x1 
 .rodata.vTaskStartScheduler.str1.4
                0x00000000080060bc        0x5 build/tasks.o
 *fill*         0x00000000080060c1        0x3 
 .rodata.HardFault_Handler.str1.4
                0x00000000080060c4       0x2a build/at32f4xx_it.o
 *fill*         0x00000000080060ee        0x2 
 .rodata._ZTVN8std_msgs4TimeE
                0x00000000080060f0       0x18 build/main.o
                0x00000000080060f0                vtable for std_msgs::Time
 .rodata._ZTVN14rosserial_msgs9TopicInfoE
                0x0000000008006108       0x18 build/main.o
                0x0000000008006108                vtable for rosserial_msgs::TopicInfo
 .rodata._ZTVN14rosserial_msgs3LogE
                0x0000000008006120       0x18 build/main.o
                0x0000000008006120                vtable for rosserial_msgs::Log
 .rodata._ZTVN14rosserial_msgs20RequestParamResponseE
                0x0000000008006138       0x18 build/main.o
                0x0000000008006138                vtable for rosserial_msgs::RequestParamResponse
 .rodata._ZTVN3ros11NodeHandle_I13STM32HardwareLi5ELi5ELi512ELi512EEE
                0x0000000008006150       0x14 build/main.o
                0x0000000008006150                vtable for ros::NodeHandle_<STM32Hardware, 5, 5, 512, 512>
 .rodata._Z10App_PrintfPKcz.str1.4
                0x0000000008006164        0x3 build/main.o
 *fill*         0x0000000008006167        0x1 
 .rodata._ZL12AppObjCreatev.str1.4
                0x0000000008006168       0x23 build/main.o
 *fill*         0x000000000800618b        0x1 
 .rodata._ZL13AppTaskCreatev.str1.4
                0x000000000800618c       0x2e build/main.o
 *fill*         0x00000000080061ba        0x2 
 .rodata._ZL13TMR_CallBack1v.str1.4
                0x00000000080061bc        0xe build/main.o
 *fill*         0x00000000080061ca        0x2 
 .rodata._ZL13TMR_CallBack2v.str1.4
                0x00000000080061cc        0xe build/main.o
 *fill*         0x00000000080061da        0x2 
 .rodata._ZL15vTaskMsgProcessPv.str1.4
                0x00000000080061dc      0x174 build/main.o
                                        0x178 (size before relaxing)
 .rodata._ZL17vTaskCtrolProcessPv.str1.4
                0x0000000008006350       0x15 build/main.o
 *fill*         0x0000000008006365        0x3 
 .rodata._ZL8vTaskLEDPv.str1.4
                0x0000000008006368       0x6d build/main.o
 *fill*         0x00000000080063d5        0x3 
 .rodata._ZN14rosserial_msgs20RequestParamResponse6getMD5Ev.str1.4
                0x00000000080063d8       0x21 build/main.o
 *fill*         0x00000000080063f9        0x3 
 .rodata._ZN14rosserial_msgs3Log6getMD5Ev.str1.4
                0x00000000080063fc       0x21 build/main.o
 *fill*         0x000000000800641d        0x3 
 .rodata._ZN14rosserial_msgs3Log7getTypeEv.str1.4
                0x0000000008006420       0x13 build/main.o
 *fill*         0x0000000008006433        0x1 
 .rodata._ZN14rosserial_msgs9TopicInfo6getMD5Ev.str1.4
                0x0000000008006434       0x21 build/main.o
 *fill*         0x0000000008006455        0x3 
 .rodata._ZN14rosserial_msgs9TopicInfo7getTypeEv.str1.4
                0x0000000008006458       0x19 build/main.o
 *fill*         0x0000000008006471        0x3 
 .rodata._ZN14rosserial_msgsL12REQUESTPARAME
                0x0000000008006474       0x1c build/main.o
 .rodata._ZN3ros11NodeHandle_I13STM32HardwareLi5ELi5ELi512ELi512EE7publishEiPKNS_3MsgE.str1.4
                0x0000000008006490       0x39 build/main.o
 *fill*         0x00000000080064c9        0x3 
 .rodata._ZN8std_msgs4Time6getMD5Ev.str1.4
                0x00000000080064cc       0x21 build/main.o
 *fill*         0x00000000080064ed        0x3 
 .rodata._ZN8std_msgs4Time7getTypeEv.str1.4
                0x00000000080064f0        0xe build/main.o
 *fill*         0x00000000080064fe        0x2 
 .rodata.vApplicationStackOverflowHook.str1.4
                0x0000000008006500       0x20 build/main.o
                                         0x1d (size before relaxing)
 .rodata._global_impure_ptr
                0x0000000008006520        0x4 /usr/local/Cellar/gcc-arm-none-eabi/20180627/bin/../lib/gcc/arm-none-eabi/7.3.1/../../../../arm-none-eabi/lib/thumb/v7e-m/fpv4-sp/softfp/libc_nano.a(lib_a-impure.o)
                0x0000000008006520                _global_impure_ptr
 .rodata.__sf_fake_stderr
                0x0000000008006524       0x20 /usr/local/Cellar/gcc-arm-none-eabi/20180627/bin/../lib/gcc/arm-none-eabi/7.3.1/../../../../arm-none-eabi/lib/thumb/v7e-m/fpv4-sp/softfp/libc_nano.a(lib_a-findfp.o)
                0x0000000008006524                __sf_fake_stderr
 .rodata.__sf_fake_stdin
                0x0000000008006544       0x20 /usr/local/Cellar/gcc-arm-none-eabi/20180627/bin/../lib/gcc/arm-none-eabi/7.3.1/../../../../arm-none-eabi/lib/thumb/v7e-m/fpv4-sp/softfp/libc_nano.a(lib_a-findfp.o)
                0x0000000008006544                __sf_fake_stdin
 .rodata.__sf_fake_stdout
                0x0000000008006564       0x20 /usr/local/Cellar/gcc-arm-none-eabi/20180627/bin/../lib/gcc/arm-none-eabi/7.3.1/../../../../arm-none-eabi/lib/thumb/v7e-m/fpv4-sp/softfp/libc_nano.a(lib_a-findfp.o)
                0x0000000008006564                __sf_fake_stdout
 .rodata._svfprintf_r.str1.1
                0x0000000008006584       0x11 /usr/local/Cellar/gcc-arm-none-eabi/20180627/bin/../lib/gcc/arm-none-eabi/7.3.1/../../../../arm-none-eabi/lib/thumb/v7e-m/fpv4-sp/softfp/libc_nano.a(lib_a-nano-svfprintf.o)
 .rodata._vfprintf_r.str1.1
                0x0000000008006595       0x11 /usr/local/Cellar/gcc-arm-none-eabi/20180627/bin/../lib/gcc/arm-none-eabi/7.3.1/../../../../arm-none-eabi/lib/thumb/v7e-m/fpv4-sp/softfp/libc_nano.a(lib_a-nano-vfprintf.o)
 .rodata._printf_i.str1.1
                0x0000000008006595       0x22 /usr/local/Cellar/gcc-arm-none-eabi/20180627/bin/../lib/gcc/arm-none-eabi/7.3.1/../../../../arm-none-eabi/lib/thumb/v7e-m/fpv4-sp/softfp/libc_nano.a(lib_a-nano-vfprintf_i.o)
 *(.glue_7)
 .glue_7        0x00000000080065b7        0x0 linker stubs
 *(.glue_7t)
 .glue_7t       0x00000000080065b7        0x0 linker stubs
 *(.eh_frame)
 *fill*         0x00000000080065b7        0x1 
 .eh_frame      0x00000000080065b8        0x0 /usr/local/Cellar/gcc-arm-none-eabi/20180627/bin/../lib/gcc/arm-none-eabi/7.3.1/thumb/v7e-m/fpv4-sp/softfp/crtbegin.o
 *(.init)
 .init          0x00000000080065b8        0x4 /usr/local/Cellar/gcc-arm-none-eabi/20180627/bin/../lib/gcc/arm-none-eabi/7.3.1/thumb/v7e-m/fpv4-sp/softfp/crti.o
                0x00000000080065b8                _init
 .init          0x00000000080065bc        0x8 /usr/local/Cellar/gcc-arm-none-eabi/20180627/bin/../lib/gcc/arm-none-eabi/7.3.1/thumb/v7e-m/fpv4-sp/softfp/crtn.o
 *(.fini)
 .fini          0x00000000080065c4        0x4 /usr/local/Cellar/gcc-arm-none-eabi/20180627/bin/../lib/gcc/arm-none-eabi/7.3.1/thumb/v7e-m/fpv4-sp/softfp/crti.o
                0x00000000080065c4                _fini
 .fini          0x00000000080065c8        0x8 /usr/local/Cellar/gcc-arm-none-eabi/20180627/bin/../lib/gcc/arm-none-eabi/7.3.1/thumb/v7e-m/fpv4-sp/softfp/crtn.o
                0x00000000080065d0                . = ALIGN (0x4)
                0x00000000080065d0                _etext = .

.vfp11_veneer   0x00000000080065d0        0x0
 .vfp11_veneer  0x00000000080065d0        0x0 linker stubs

.v4_bx          0x00000000080065d0        0x0
 .v4_bx         0x00000000080065d0        0x0 linker stubs

.iplt           0x00000000080065d0        0x0
 .iplt          0x00000000080065d0        0x0 /usr/local/Cellar/gcc-arm-none-eabi/20180627/bin/../lib/gcc/arm-none-eabi/7.3.1/thumb/v7e-m/fpv4-sp/softfp/crtbegin.o

.ARM.extab      0x00000000080065d0       0x78
 *(.ARM.extab* .gnu.linkonce.armextab.*)
 .ARM.extab.text._ZNK8std_msgs4Time9serializeEPh
                0x00000000080065d0        0x0 build/main.o
 .ARM.extab.text._ZN8std_msgs4Time11deserializeEPh
                0x00000000080065d0        0x0 build/main.o
 .ARM.extab.text._ZN8std_msgs4Time7getTypeEv
                0x00000000080065d0        0x0 build/main.o
 .ARM.extab.text._ZN8std_msgs4Time6getMD5Ev
                0x00000000080065d0        0x0 build/main.o
 .ARM.extab.text._ZN14rosserial_msgs9TopicInfo11deserializeEPh
                0x00000000080065d0        0x0 build/main.o
 .ARM.extab.text._ZN14rosserial_msgs9TopicInfo7getTypeEv
                0x00000000080065d0        0x0 build/main.o
 .ARM.extab.text._ZN14rosserial_msgs9TopicInfo6getMD5Ev
                0x00000000080065d0        0x0 build/main.o
 .ARM.extab.text._ZN14rosserial_msgs3Log11deserializeEPh
                0x00000000080065d0        0x0 build/main.o
 .ARM.extab.text._ZN14rosserial_msgs3Log7getTypeEv
                0x00000000080065d0        0x0 build/main.o
 .ARM.extab.text._ZN14rosserial_msgs3Log6getMD5Ev
                0x00000000080065d0        0x0 build/main.o
 .ARM.extab.text._ZN14rosserial_msgs20RequestParamResponse7getTypeEv
                0x00000000080065d0        0x0 build/main.o
 .ARM.extab.text._ZN14rosserial_msgs20RequestParamResponse6getMD5Ev
                0x00000000080065d0        0x0 build/main.o
 .ARM.extab.text._ZN3ros11NodeHandle_I13STM32HardwareLi5ELi5ELi512ELi512EE7publishEiPKNS_3MsgE
                0x00000000080065d0        0x0 build/main.o
 .ARM.extab.text._ZN3ros11NodeHandle_I13STM32HardwareLi5ELi5ELi512ELi512EE9connectedEv
                0x00000000080065d0        0x0 build/main.o
 .ARM.extab.text._ZL13TMR_CallBack2v
                0x00000000080065d0        0xc build/main.o
 .ARM.extab.text._ZL13TMR_CallBack1v
                0x00000000080065dc        0xc build/main.o
 .ARM.extab.text._ZL12AppObjCreatev
                0x00000000080065e8        0xc build/main.o
 .ARM.extab.text._ZNK14rosserial_msgs9TopicInfo9serializeEPh
                0x00000000080065f4        0x0 build/main.o
 .ARM.extab.text._ZNK14rosserial_msgs3Log9serializeEPh
                0x00000000080065f4        0x0 build/main.o
 .ARM.extab.text._ZNK14rosserial_msgs20RequestParamResponse9serializeEPh
                0x00000000080065f4        0x0 build/main.o
 .ARM.extab.text._ZN14rosserial_msgs20RequestParamResponse11deserializeEPh
                0x00000000080065f4        0x0 build/main.o
 .ARM.extab.text.main
                0x00000000080065f4        0xc build/main.o
 .ARM.extab.text._Z10App_PrintfPKcz
                0x0000000008006600        0xc build/main.o
 .ARM.extab.text._ZL17vTaskCtrolProcessPv
                0x000000000800660c        0xc build/main.o
 .ARM.extab.text._ZL8vTaskLEDPv
                0x0000000008006618        0xc build/main.o
 .ARM.extab.text.vApplicationStackOverflowHook
                0x0000000008006624        0xc build/main.o
 .ARM.extab.text._ZN3ros11NodeHandle_I13STM32HardwareLi5ELi5ELi512ELi512EE15negotiateTopicsEv
                0x0000000008006630        0x0 build/main.o
 .ARM.extab.text._ZN3ros11NodeHandle_I13STM32HardwareLi5ELi5ELi512ELi512EE8spinOnceEv
                0x0000000008006630        0x0 build/main.o
 .ARM.extab     0x0000000008006630       0x18 /usr/local/Cellar/gcc-arm-none-eabi/20180627/bin/../lib/gcc/arm-none-eabi/7.3.1/thumb/v7e-m/fpv4-sp/softfp/libgcc.a(pr-support.o)

.ARM            0x0000000008006648      0x140
                0x0000000008006648                __exidx_start = .
 *(.ARM.exidx*)
 .ARM.exidx.text._ZNK8std_msgs4Time9serializeEPh
                0x0000000008006700        0x0 build/main.o
                                          0x8 (size before relaxing)
 .ARM.exidx.text._ZN8std_msgs4Time11deserializeEPh
                0x0000000008006700        0x0 build/main.o
                                          0x8 (size before relaxing)
 .ARM.exidx.text._ZN8std_msgs4Time7getTypeEv
                0x0000000008006700        0x0 build/main.o
                                          0x8 (size before relaxing)
 .ARM.exidx.text._ZN8std_msgs4Time6getMD5Ev
                0x0000000008006700        0x0 build/main.o
                                          0x8 (size before relaxing)
 .ARM.exidx.text._ZN14rosserial_msgs9TopicInfo11deserializeEPh
                0x0000000008006700        0x0 build/main.o
                                          0x8 (size before relaxing)
 .ARM.exidx.text._ZN14rosserial_msgs9TopicInfo7getTypeEv
                0x0000000008006700        0x0 build/main.o
                                          0x8 (size before relaxing)
 .ARM.exidx.text._ZN14rosserial_msgs9TopicInfo6getMD5Ev
                0x0000000008006700        0x0 build/main.o
                                          0x8 (size before relaxing)
 .ARM.exidx.text._ZN14rosserial_msgs3Log11deserializeEPh
                0x0000000008006700        0x0 build/main.o
                                          0x8 (size before relaxing)
 .ARM.exidx.text._ZN14rosserial_msgs3Log7getTypeEv
                0x0000000008006700        0x0 build/main.o
                                          0x8 (size before relaxing)
 .ARM.exidx.text._ZN14rosserial_msgs3Log6getMD5Ev
                0x0000000008006700        0x0 build/main.o
                                          0x8 (size before relaxing)
 .ARM.exidx.text._ZN14rosserial_msgs20RequestParamResponse7getTypeEv
                0x0000000008006700        0x0 build/main.o
                                          0x8 (size before relaxing)
 .ARM.exidx.text._ZN14rosserial_msgs20RequestParamResponse6getMD5Ev
                0x0000000008006700        0x0 build/main.o
                                          0x8 (size before relaxing)
 .ARM.exidx.text._Z41__static_initialization_and_destruction_0ii
                0x0000000008006700        0x0 build/main.o
                                          0x8 (size before relaxing)
 .ARM.exidx.text._ZN3ros11NodeHandle_I13STM32HardwareLi5ELi5ELi512ELi512EE7publishEiPKNS_3MsgE
                0x0000000008006700        0x8 build/main.o
 .ARM.exidx.text._ZN3ros11NodeHandle_I13STM32HardwareLi5ELi5ELi512ELi512EE9connectedEv
                0x0000000008006708        0x8 build/main.o
 .ARM.exidx.text._ZL13AppTaskCreatev
                0x0000000008006710        0x8 build/main.o
 .ARM.exidx.text._ZL13TMR_CallBack2v
                0x0000000008006718        0x8 build/main.o
 .ARM.exidx.text._ZL13TMR_CallBack1v
                0x0000000008006720        0x8 build/main.o
 .ARM.exidx.text._ZL12AppObjCreatev
                0x0000000008006728        0x8 build/main.o
 .ARM.exidx.text._ZNK14rosserial_msgs9TopicInfo9serializeEPh
                0x0000000008006730        0x8 build/main.o
 .ARM.exidx.text._ZNK14rosserial_msgs3Log9serializeEPh
                0x0000000008006738        0x0 build/main.o
                                          0x8 (size before relaxing)
 .ARM.exidx.text._ZNK14rosserial_msgs20RequestParamResponse9serializeEPh
                0x0000000008006738        0x0 build/main.o
                                          0x8 (size before relaxing)
 .ARM.exidx.text._ZN14rosserial_msgs20RequestParamResponse11deserializeEPh
                0x0000000008006738        0x0 build/main.o
                                          0x8 (size before relaxing)
 .ARM.exidx.text.main
                0x0000000008006738        0x8 build/main.o
 .ARM.exidx.text._Z10App_PrintfPKcz
                0x0000000008006740        0x8 build/main.o
 .ARM.exidx.text._ZL17vTaskCtrolProcessPv
                0x0000000008006748        0x8 build/main.o
 .ARM.exidx.text._ZL15vTaskMsgProcessPv
                0x0000000008006750        0x8 build/main.o
 .ARM.exidx.text._ZL8vTaskLEDPv
                0x0000000008006758        0x8 build/main.o
 .ARM.exidx.text.vApplicationMallocFailedHook
                0x0000000008006760        0x8 build/main.o
 .ARM.exidx.text.vApplicationStackOverflowHook
                0x0000000008006768        0x8 build/main.o
 .ARM.exidx.text._ZN3ros11NodeHandle_I13STM32HardwareLi5ELi5ELi512ELi512EE15negotiateTopicsEv
                0x0000000008006770        0x8 build/main.o
 .ARM.exidx.text._ZN3ros11NodeHandle_I13STM32HardwareLi5ELi5ELi512ELi512EE8spinOnceEv
                0x0000000008006778        0x8 build/main.o
 .ARM.exidx.text._GLOBAL__sub_I_nh
                0x0000000008006780        0x8 build/main.o
 .ARM.exidx.text._ZN3ros16normalizeSecNSecERmS0_
                0x0000000008006788        0x0 build/time.o
                                          0x8 (size before relaxing)
 .ARM.exidx     0x0000000008006648       0x80 /usr/local/Cellar/gcc-arm-none-eabi/20180627/bin/../lib/gcc/arm-none-eabi/7.3.1/thumb/v7e-m/fpv4-sp/softfp/libgcc.a(unwind-arm.o)
                                         0xd8 (size before relaxing)
 .ARM.exidx     0x00000000080066c8       0x38 /usr/local/Cellar/gcc-arm-none-eabi/20180627/bin/../lib/gcc/arm-none-eabi/7.3.1/thumb/v7e-m/fpv4-sp/softfp/libgcc.a(pr-support.o)
                                         0x48 (size before relaxing)
                0x0000000008006788                __exidx_end = .

.rel.dyn        0x0000000008006788        0x0
 .rel.iplt      0x0000000008006788        0x0 /usr/local/Cellar/gcc-arm-none-eabi/20180627/bin/../lib/gcc/arm-none-eabi/7.3.1/thumb/v7e-m/fpv4-sp/softfp/crtbegin.o

.preinit_array  0x0000000008006788        0x0
                0x0000000008006788                PROVIDE (__preinit_array_start = .)
 *(.preinit_array*)
                0x0000000008006788                PROVIDE (__preinit_array_end = .)

.init_array     0x0000000008006788        0x8
                0x0000000008006788                PROVIDE (__init_array_start = .)
 *(SORT_BY_NAME(.init_array.*))
 *(.init_array*)
 .init_array    0x0000000008006788        0x4 /usr/local/Cellar/gcc-arm-none-eabi/20180627/bin/../lib/gcc/arm-none-eabi/7.3.1/thumb/v7e-m/fpv4-sp/softfp/crtbegin.o
 .init_array    0x000000000800678c        0x4 build/main.o
                0x0000000008006790                PROVIDE (__init_array_end = .)

.fini_array     0x0000000008006790        0x4
                [!provide]                        PROVIDE (__fini_array_start = .)
 *(.fini_array*)
 .fini_array    0x0000000008006790        0x4 /usr/local/Cellar/gcc-arm-none-eabi/20180627/bin/../lib/gcc/arm-none-eabi/7.3.1/thumb/v7e-m/fpv4-sp/softfp/crtbegin.o
 *(SORT_BY_NAME(.fini_array.*))
                [!provide]                        PROVIDE (__fini_array_end = .)
                0x0000000008006794                _sidata = .

.data           0x0000000020000000       0x7c load address 0x0000000008006794
                0x0000000020000000                . = ALIGN (0x4)
                0x0000000020000000                _sdata = .
 *(.data)
 *(.data*)
 .data.SystemCoreClock
                0x0000000020000000        0x4 build/system_at32f4xx.o
                0x0000000020000000                SystemCoreClock
 .data.ADCPscTable
                0x0000000020000004        0x8 build/at32f4xx_rcc.o
 .data.APBAHBPscTable
                0x000000002000000c        0x8 build/at32f4xx_rcc.o
 .data.uxCriticalNesting
                0x0000000020000014        0x4 build/port.o
 .data._impure_ptr
                0x0000000020000018        0x4 /usr/local/Cellar/gcc-arm-none-eabi/20180627/bin/../lib/gcc/arm-none-eabi/7.3.1/../../../../arm-none-eabi/lib/thumb/v7e-m/fpv4-sp/softfp/libc_nano.a(lib_a-impure.o)
                0x0000000020000018                _impure_ptr
 .data.impure_data
                0x000000002000001c       0x60 /usr/local/Cellar/gcc-arm-none-eabi/20180627/bin/../lib/gcc/arm-none-eabi/7.3.1/../../../../arm-none-eabi/lib/thumb/v7e-m/fpv4-sp/softfp/libc_nano.a(lib_a-impure.o)
                0x000000002000007c                . = ALIGN (0x4)
                0x000000002000007c                _edata = .

.igot.plt       0x000000002000007c        0x0 load address 0x0000000008006810
 .igot.plt      0x000000002000007c        0x0 /usr/local/Cellar/gcc-arm-none-eabi/20180627/bin/../lib/gcc/arm-none-eabi/7.3.1/thumb/v7e-m/fpv4-sp/softfp/crtbegin.o
                0x000000002000007c                . = ALIGN (0x4)

.bss            0x000000002000007c     0x6730 load address 0x0000000008006810
                0x000000002000007c                _sbss = .
                0x000000002000007c                __bss_start__ = _sbss
 *(.bss)
 .bss           0x000000002000007c       0x1c /usr/local/Cellar/gcc-arm-none-eabi/20180627/bin/../lib/gcc/arm-none-eabi/7.3.1/thumb/v7e-m/fpv4-sp/softfp/crtbegin.o
 *(.bss*)
 .bss.ucMaxSysCallPriority
                0x0000000020000098        0x1 build/port.o
 *fill*         0x0000000020000099        0x3 
 .bss.ulMaxPRIGROUPValue
                0x000000002000009c        0x4 build/port.o
 .bss.pxEnd     0x00000000200000a0        0x4 build/heap_4.o
 .bss.ucHeap    0x00000000200000a4     0x5000 build/heap_4.o
 .bss.xBlockAllocatedBit
                0x00000000200050a4        0x4 build/heap_4.o
 .bss.xFreeBytesRemaining
                0x00000000200050a8        0x4 build/heap_4.o
 .bss.xMinimumEverFreeBytesRemaining
                0x00000000200050ac        0x4 build/heap_4.o
 .bss.xStart    0x00000000200050b0        0x8 build/heap_4.o
 .bss.pxCurrentTimerList
                0x00000000200050b8        0x4 build/timers.o
 .bss.pxOverflowTimerList
                0x00000000200050bc        0x4 build/timers.o
 .bss.xActiveTimerList1
                0x00000000200050c0       0x14 build/timers.o
 .bss.xActiveTimerList2
                0x00000000200050d4       0x14 build/timers.o
 .bss.xLastTime.9537
                0x00000000200050e8        0x4 build/timers.o
 .bss.xTimerQueue
                0x00000000200050ec        0x4 build/timers.o
 .bss.xTimerTaskHandle
                0x00000000200050f0        0x4 build/timers.o
 .bss.pxCurrentTCB
                0x00000000200050f4        0x4 build/tasks.o
                0x00000000200050f4                pxCurrentTCB
 .bss.pxDelayedTaskList
                0x00000000200050f8        0x4 build/tasks.o
 .bss.pxOverflowDelayedTaskList
                0x00000000200050fc        0x4 build/tasks.o
 .bss.pxReadyTasksLists
                0x0000000020005100       0xc8 build/tasks.o
 .bss.ulTaskSwitchedInTime
                0x00000000200051c8        0x4 build/tasks.o
 .bss.uxCurrentNumberOfTasks
                0x00000000200051cc        0x4 build/tasks.o
 .bss.uxDeletedTasksWaitingCleanUp
                0x00000000200051d0        0x4 build/tasks.o
 .bss.uxPendedTicks
                0x00000000200051d4        0x4 build/tasks.o
 .bss.uxSchedulerSuspended
                0x00000000200051d8        0x4 build/tasks.o
 .bss.uxTaskNumber
                0x00000000200051dc        0x4 build/tasks.o
 .bss.uxTopReadyPriority
                0x00000000200051e0        0x4 build/tasks.o
 .bss.xDelayedTaskList1
                0x00000000200051e4       0x14 build/tasks.o
 .bss.xDelayedTaskList2
                0x00000000200051f8       0x14 build/tasks.o
 .bss.xIdleTaskHandle
                0x000000002000520c        0x4 build/tasks.o
 .bss.xNextTaskUnblockTime
                0x0000000020005210        0x4 build/tasks.o
 .bss.xNumOfOverflows
                0x0000000020005214        0x4 build/tasks.o
 .bss.xPendingReadyList
                0x0000000020005218       0x14 build/tasks.o
 .bss.xSchedulerRunning
                0x000000002000522c        0x4 build/tasks.o
 .bss.xSuspendedTaskList
                0x0000000020005230       0x14 build/tasks.o
 .bss.xTasksWaitingTermination
                0x0000000020005244       0x14 build/tasks.o
 .bss.xTickCount
                0x0000000020005258        0x4 build/tasks.o
 .bss.xYieldPending
                0x000000002000525c        0x4 build/tasks.o
 .bss.s_tBtn    0x0000000020005260       0x10 build/bsp_key.o
 .bss.s_tKey    0x0000000020005270        0xd build/bsp_key.o
 *fill*         0x000000002000527d        0x3 
 .bss.s_TMR_CallBack1
                0x0000000020005280        0x4 build/bsp_timer.o
 .bss.s_TMR_CallBack2
                0x0000000020005284        0x4 build/bsp_timer.o
 .bss.s_TMR_CallBack3
                0x0000000020005288        0x4 build/bsp_timer.o
 .bss.s_TMR_CallBack4
                0x000000002000528c        0x4 build/bsp_timer.o
 .bss.g_RxBuf1  0x0000000020005290      0x800 build/bsp_uart_fifo.o
 .bss.g_TxBuf1  0x0000000020005a90      0x800 build/bsp_uart_fifo.o
 .bss.g_tUart1  0x0000000020006290       0x28 build/bsp_uart_fifo.o
 .bss.ulHighFrequencyTimerTicks
                0x00000000200062b8        0x4 build/TimerForRunTimeState.o
                0x00000000200062b8                ulHighFrequencyTimerTicks
 .bss._ZL14xHandleTaskLED
                0x00000000200062bc        0x4 build/main.o
 .bss._ZL17xHandleMutexPrint
                0x00000000200062c0        0x4 build/main.o
 .bss._ZL21xHandleTaskMsgProcess
                0x00000000200062c4        0x4 build/main.o
 .bss._ZL23xHandleTaskCtrolProcess
                0x00000000200062c8        0x4 build/main.o
 .bss.nh        0x00000000200062cc      0x490 build/main.o
                0x00000000200062cc                nh
 .bss.__malloc_free_list
                0x000000002000675c        0x4 /usr/local/Cellar/gcc-arm-none-eabi/20180627/bin/../lib/gcc/arm-none-eabi/7.3.1/../../../../arm-none-eabi/lib/thumb/v7e-m/fpv4-sp/softfp/libc_nano.a(lib_a-nano-mallocr.o)
                0x000000002000675c                __malloc_free_list
 .bss.__malloc_sbrk_start
                0x0000000020006760        0x4 /usr/local/Cellar/gcc-arm-none-eabi/20180627/bin/../lib/gcc/arm-none-eabi/7.3.1/../../../../arm-none-eabi/lib/thumb/v7e-m/fpv4-sp/softfp/libc_nano.a(lib_a-nano-mallocr.o)
                0x0000000020006760                __malloc_sbrk_start
 .bss.heap_end.5377
                0x0000000020006764        0x4 /usr/local/Cellar/gcc-arm-none-eabi/20180627/bin/../lib/gcc/arm-none-eabi/7.3.1/../../../../arm-none-eabi/lib/thumb/v7e-m/fpv4-sp/softfp/libnosys.a(sbrk.o)
 *(COMMON)
 COMMON         0x0000000020006768       0x40 build/queue.o
                0x0000000020006768                xQueueRegistry
 COMMON         0x00000000200067a8        0x4 /usr/local/Cellar/gcc-arm-none-eabi/20180627/bin/../lib/gcc/arm-none-eabi/7.3.1/../../../../arm-none-eabi/lib/thumb/v7e-m/fpv4-sp/softfp/libc_nano.a(lib_a-reent.o)
                0x00000000200067a8                errno
                0x00000000200067ac                . = ALIGN (0x4)
                0x00000000200067ac                _ebss = .
                0x00000000200067ac                __bss_end__ = _ebss

._user_heap_stack
                0x00000000200067ac      0x400 load address 0x000000000800cf40
                0x00000000200067ac                . = ALIGN (0x4)
                0x00000000200067ac                PROVIDE (end = .)
                [!provide]                        PROVIDE (_end = .)
                0x00000000200067ac                . = (. + _Min_Heap_Size)
                0x0000000020006bac                . = (. + _Min_Stack_Size)
 *fill*         0x00000000200067ac      0x400 
                0x0000000020006bac                . = ALIGN (0x4)

/DISCARD/
 libc.a(*)
 libm.a(*)
 libgcc.a(*)

.ARM.attributes
                0x0000000000000000       0x2e
 *(.ARM.attributes)
 .ARM.attributes
                0x0000000000000000       0x22 /usr/local/Cellar/gcc-arm-none-eabi/20180627/bin/../lib/gcc/arm-none-eabi/7.3.1/thumb/v7e-m/fpv4-sp/softfp/crti.o
 .ARM.attributes
                0x0000000000000022       0x32 /usr/local/Cellar/gcc-arm-none-eabi/20180627/bin/../lib/gcc/arm-none-eabi/7.3.1/thumb/v7e-m/fpv4-sp/softfp/crtbegin.o
 .ARM.attributes
                0x0000000000000054       0x37 build/at32_hoverboard.o
 .ARM.attributes
                0x000000000000008b       0x37 build/system_at32f4xx.o
 .ARM.attributes
                0x00000000000000c2       0x37 build/at32f4xx_gpio.o
 .ARM.attributes
                0x00000000000000f9       0x37 build/at32f4xx_rcc.o
 .ARM.attributes
                0x0000000000000130       0x37 build/at32f4xx_tim.o
 .ARM.attributes
                0x0000000000000167       0x37 build/at32f4xx_usart.o
 .ARM.attributes
                0x000000000000019e       0x37 build/misc.o
 .ARM.attributes
                0x00000000000001d5       0x37 build/list.o
 .ARM.attributes
                0x000000000000020c       0x37 build/port.o
 .ARM.attributes
                0x0000000000000243       0x37 build/heap_4.o
 .ARM.attributes
                0x000000000000027a       0x37 build/queue.o
 .ARM.attributes
                0x00000000000002b1       0x37 build/timers.o
 .ARM.attributes
                0x00000000000002e8       0x37 build/tasks.o
 .ARM.attributes
                0x000000000000031f       0x37 build/bsp_key.o
 .ARM.attributes
                0x0000000000000356       0x37 build/bsp_led.o
 .ARM.attributes
                0x000000000000038d       0x37 build/bsp_tim_pwm.o
 .ARM.attributes
                0x00000000000003c4       0x37 build/bsp_timer.o
 .ARM.attributes
                0x00000000000003fb       0x37 build/bsp_uart_fifo.o
 .ARM.attributes
                0x0000000000000432       0x37 build/bsp.o
 .ARM.attributes
                0x0000000000000469       0x37 build/at32f4xx_it.o
 .ARM.attributes
                0x00000000000004a0       0x37 build/TimerForRunTimeState.o
 .ARM.attributes
                0x00000000000004d7       0x37 build/main.o
 .ARM.attributes
                0x000000000000050e       0x37 build/time.o
 .ARM.attributes
                0x0000000000000545       0x25 build/startup_at32f403xe.o
 .ARM.attributes
                0x000000000000056a       0x32 /usr/local/Cellar/gcc-arm-none-eabi/20180627/bin/../lib/gcc/arm-none-eabi/7.3.1/../../../../arm-none-eabi/lib/thumb/v7e-m/fpv4-sp/softfp/libc_nano.a(lib_a-impure.o)
 .ARM.attributes
                0x000000000000059c       0x32 /usr/local/Cellar/gcc-arm-none-eabi/20180627/bin/../lib/gcc/arm-none-eabi/7.3.1/../../../../arm-none-eabi/lib/thumb/v7e-m/fpv4-sp/softfp/libc_nano.a(lib_a-memcpy-stub.o)
 .ARM.attributes
                0x00000000000005ce       0x32 /usr/local/Cellar/gcc-arm-none-eabi/20180627/bin/../lib/gcc/arm-none-eabi/7.3.1/../../../../arm-none-eabi/lib/thumb/v7e-m/fpv4-sp/softfp/libc_nano.a(lib_a-memset.o)
 .ARM.attributes
                0x0000000000000600       0x32 /usr/local/Cellar/gcc-arm-none-eabi/20180627/bin/../lib/gcc/arm-none-eabi/7.3.1/../../../../arm-none-eabi/lib/thumb/v7e-m/fpv4-sp/softfp/libc_nano.a(lib_a-printf.o)
 .ARM.attributes
                0x0000000000000632       0x32 /usr/local/Cellar/gcc-arm-none-eabi/20180627/bin/../lib/gcc/arm-none-eabi/7.3.1/../../../../arm-none-eabi/lib/thumb/v7e-m/fpv4-sp/softfp/libc_nano.a(lib_a-puts.o)
 .ARM.attributes
                0x0000000000000664       0x32 /usr/local/Cellar/gcc-arm-none-eabi/20180627/bin/../lib/gcc/arm-none-eabi/7.3.1/../../../../arm-none-eabi/lib/thumb/v7e-m/fpv4-sp/softfp/libc_nano.a(lib_a-realloc.o)
 .ARM.attributes
                0x0000000000000696       0x32 /usr/local/Cellar/gcc-arm-none-eabi/20180627/bin/../lib/gcc/arm-none-eabi/7.3.1/../../../../arm-none-eabi/lib/thumb/v7e-m/fpv4-sp/softfp/libc_nano.a(lib_a-sprintf.o)
 .ARM.attributes
                0x00000000000006c8       0x32 /usr/local/Cellar/gcc-arm-none-eabi/20180627/bin/../lib/gcc/arm-none-eabi/7.3.1/../../../../arm-none-eabi/lib/thumb/v7e-m/fpv4-sp/softfp/libc_nano.a(lib_a-strcpy.o)
 .ARM.attributes
                0x00000000000006fa       0x1b /usr/local/Cellar/gcc-arm-none-eabi/20180627/bin/../lib/gcc/arm-none-eabi/7.3.1/../../../../arm-none-eabi/lib/thumb/v7e-m/fpv4-sp/softfp/libc_nano.a(lib_a-strlen.o)
 .ARM.attributes
                0x0000000000000715       0x32 /usr/local/Cellar/gcc-arm-none-eabi/20180627/bin/../lib/gcc/arm-none-eabi/7.3.1/../../../../arm-none-eabi/lib/thumb/v7e-m/fpv4-sp/softfp/libc_nano.a(lib_a-vsnprintf.o)
 .ARM.attributes
                0x0000000000000747       0x32 /usr/local/Cellar/gcc-arm-none-eabi/20180627/bin/../lib/gcc/arm-none-eabi/7.3.1/../../../../arm-none-eabi/lib/thumb/v7e-m/fpv4-sp/softfp/libc_nano.a(lib_a-wbuf.o)
 .ARM.attributes
                0x0000000000000779       0x32 /usr/local/Cellar/gcc-arm-none-eabi/20180627/bin/../lib/gcc/arm-none-eabi/7.3.1/../../../../arm-none-eabi/lib/thumb/v7e-m/fpv4-sp/softfp/libc_nano.a(lib_a-wsetup.o)
 .ARM.attributes
                0x00000000000007ab       0x32 /usr/local/Cellar/gcc-arm-none-eabi/20180627/bin/../lib/gcc/arm-none-eabi/7.3.1/../../../../arm-none-eabi/lib/thumb/v7e-m/fpv4-sp/softfp/libc_nano.a(lib_a-fflush.o)
 .ARM.attributes
                0x00000000000007dd       0x32 /usr/local/Cellar/gcc-arm-none-eabi/20180627/bin/../lib/gcc/arm-none-eabi/7.3.1/../../../../arm-none-eabi/lib/thumb/v7e-m/fpv4-sp/softfp/libc_nano.a(lib_a-findfp.o)
 .ARM.attributes
                0x000000000000080f       0x32 /usr/local/Cellar/gcc-arm-none-eabi/20180627/bin/../lib/gcc/arm-none-eabi/7.3.1/../../../../arm-none-eabi/lib/thumb/v7e-m/fpv4-sp/softfp/libc_nano.a(lib_a-fwalk.o)
 .ARM.attributes
                0x0000000000000841       0x32 /usr/local/Cellar/gcc-arm-none-eabi/20180627/bin/../lib/gcc/arm-none-eabi/7.3.1/../../../../arm-none-eabi/lib/thumb/v7e-m/fpv4-sp/softfp/libc_nano.a(lib_a-makebuf.o)
 .ARM.attributes
                0x0000000000000873       0x32 /usr/local/Cellar/gcc-arm-none-eabi/20180627/bin/../lib/gcc/arm-none-eabi/7.3.1/../../../../arm-none-eabi/lib/thumb/v7e-m/fpv4-sp/softfp/libc_nano.a(lib_a-nano-freer.o)
 .ARM.attributes
                0x00000000000008a5       0x32 /usr/local/Cellar/gcc-arm-none-eabi/20180627/bin/../lib/gcc/arm-none-eabi/7.3.1/../../../../arm-none-eabi/lib/thumb/v7e-m/fpv4-sp/softfp/libc_nano.a(lib_a-nano-mallocr.o)
 .ARM.attributes
                0x00000000000008d7       0x32 /usr/local/Cellar/gcc-arm-none-eabi/20180627/bin/../lib/gcc/arm-none-eabi/7.3.1/../../../../arm-none-eabi/lib/thumb/v7e-m/fpv4-sp/softfp/libc_nano.a(lib_a-nano-reallocr.o)
 .ARM.attributes
                0x0000000000000909       0x32 /usr/local/Cellar/gcc-arm-none-eabi/20180627/bin/../lib/gcc/arm-none-eabi/7.3.1/../../../../arm-none-eabi/lib/thumb/v7e-m/fpv4-sp/softfp/libc_nano.a(lib_a-nano-svfprintf.o)
 .ARM.attributes
                0x000000000000093b       0x32 /usr/local/Cellar/gcc-arm-none-eabi/20180627/bin/../lib/gcc/arm-none-eabi/7.3.1/../../../../arm-none-eabi/lib/thumb/v7e-m/fpv4-sp/softfp/libc_nano.a(lib_a-nano-vfprintf.o)
 .ARM.attributes
                0x000000000000096d       0x32 /usr/local/Cellar/gcc-arm-none-eabi/20180627/bin/../lib/gcc/arm-none-eabi/7.3.1/../../../../arm-none-eabi/lib/thumb/v7e-m/fpv4-sp/softfp/libc_nano.a(lib_a-nano-vfprintf_i.o)
 .ARM.attributes
                0x000000000000099f       0x32 /usr/local/Cellar/gcc-arm-none-eabi/20180627/bin/../lib/gcc/arm-none-eabi/7.3.1/../../../../arm-none-eabi/lib/thumb/v7e-m/fpv4-sp/softfp/libc_nano.a(lib_a-sbrkr.o)
 .ARM.attributes
                0x00000000000009d1       0x32 /usr/local/Cellar/gcc-arm-none-eabi/20180627/bin/../lib/gcc/arm-none-eabi/7.3.1/../../../../arm-none-eabi/lib/thumb/v7e-m/fpv4-sp/softfp/libc_nano.a(lib_a-stdio.o)
 .ARM.attributes
                0x0000000000000a03       0x32 /usr/local/Cellar/gcc-arm-none-eabi/20180627/bin/../lib/gcc/arm-none-eabi/7.3.1/../../../../arm-none-eabi/lib/thumb/v7e-m/fpv4-sp/softfp/libc_nano.a(lib_a-writer.o)
 .ARM.attributes
                0x0000000000000a35       0x32 /usr/local/Cellar/gcc-arm-none-eabi/20180627/bin/../lib/gcc/arm-none-eabi/7.3.1/../../../../arm-none-eabi/lib/thumb/v7e-m/fpv4-sp/softfp/libc_nano.a(lib_a-closer.o)
 .ARM.attributes
                0x0000000000000a67       0x32 /usr/local/Cellar/gcc-arm-none-eabi/20180627/bin/../lib/gcc/arm-none-eabi/7.3.1/../../../../arm-none-eabi/lib/thumb/v7e-m/fpv4-sp/softfp/libc_nano.a(lib_a-fstatr.o)
 .ARM.attributes
                0x0000000000000a99       0x32 /usr/local/Cellar/gcc-arm-none-eabi/20180627/bin/../lib/gcc/arm-none-eabi/7.3.1/../../../../arm-none-eabi/lib/thumb/v7e-m/fpv4-sp/softfp/libc_nano.a(lib_a-isattyr.o)
 .ARM.attributes
                0x0000000000000acb       0x32 /usr/local/Cellar/gcc-arm-none-eabi/20180627/bin/../lib/gcc/arm-none-eabi/7.3.1/../../../../arm-none-eabi/lib/thumb/v7e-m/fpv4-sp/softfp/libc_nano.a(lib_a-lseekr.o)
 .ARM.attributes
                0x0000000000000afd       0x20 /usr/local/Cellar/gcc-arm-none-eabi/20180627/bin/../lib/gcc/arm-none-eabi/7.3.1/../../../../arm-none-eabi/lib/thumb/v7e-m/fpv4-sp/softfp/libc_nano.a(lib_a-memchr.o)
 .ARM.attributes
                0x0000000000000b1d       0x32 /usr/local/Cellar/gcc-arm-none-eabi/20180627/bin/../lib/gcc/arm-none-eabi/7.3.1/../../../../arm-none-eabi/lib/thumb/v7e-m/fpv4-sp/softfp/libc_nano.a(lib_a-memmove.o)
 .ARM.attributes
                0x0000000000000b4f       0x32 /usr/local/Cellar/gcc-arm-none-eabi/20180627/bin/../lib/gcc/arm-none-eabi/7.3.1/../../../../arm-none-eabi/lib/thumb/v7e-m/fpv4-sp/softfp/libc_nano.a(lib_a-mlock.o)
 .ARM.attributes
                0x0000000000000b81       0x32 /usr/local/Cellar/gcc-arm-none-eabi/20180627/bin/../lib/gcc/arm-none-eabi/7.3.1/../../../../arm-none-eabi/lib/thumb/v7e-m/fpv4-sp/softfp/libc_nano.a(lib_a-nano-msizer.o)
 .ARM.attributes
                0x0000000000000bb3       0x32 /usr/local/Cellar/gcc-arm-none-eabi/20180627/bin/../lib/gcc/arm-none-eabi/7.3.1/../../../../arm-none-eabi/lib/thumb/v7e-m/fpv4-sp/softfp/libc_nano.a(lib_a-readr.o)
 .ARM.attributes
                0x0000000000000be5       0x32 /usr/local/Cellar/gcc-arm-none-eabi/20180627/bin/../lib/gcc/arm-none-eabi/7.3.1/../../../../arm-none-eabi/lib/thumb/v7e-m/fpv4-sp/softfp/libc_nano.a(lib_a-reent.o)
 .ARM.attributes
                0x0000000000000c17       0x32 /usr/local/Cellar/gcc-arm-none-eabi/20180627/bin/../lib/gcc/arm-none-eabi/7.3.1/../../../../arm-none-eabi/lib/thumb/v7e-m/fpv4-sp/softfp/libnosys.a(close.o)