Archive member included to satisfy reference by file (symbol)

/usr/local/Cellar/gcc-arm-none-eabi/20180627/bin/../lib/gcc/arm-none-eabi/7.3.1/../../../../arm-none-eabi/lib/thumb/v7e-m/fpv4-sp/softfp/libc_nano.a(lib_a-exit.o)
                              /usr/local/Cellar/gcc-arm-none-eabi/20180627/bin/../lib/gcc/arm-none-eabi/7.3.1/../../../../arm-none-eabi/lib/thumb/v7e-m/fpv4-sp/softfp/crt0.o (exit)
/usr/local/Cellar/gcc-arm-none-eabi/20180627/bin/../lib/gcc/arm-none-eabi/7.3.1/../../../../arm-none-eabi/lib/thumb/v7e-m/fpv4-sp/softfp/libc_nano.a(lib_a-impure.o)
                              /usr/local/Cellar/gcc-arm-none-eabi/20180627/bin/../lib/gcc/arm-none-eabi/7.3.1/../../../../arm-none-eabi/lib/thumb/v7e-m/fpv4-sp/softfp/libc_nano.a(lib_a-exit.o) (_global_impure_ptr)
/usr/local/Cellar/gcc-arm-none-eabi/20180627/bin/../lib/gcc/arm-none-eabi/7.3.1/../../../../arm-none-eabi/lib/thumb/v7e-m/fpv4-sp/softfp/libc_nano.a(lib_a-init.o)
                              /usr/local/Cellar/gcc-arm-none-eabi/20180627/bin/../lib/gcc/arm-none-eabi/7.3.1/../../../../arm-none-eabi/lib/thumb/v7e-m/fpv4-sp/softfp/crt0.o (__libc_init_array)
/usr/local/Cellar/gcc-arm-none-eabi/20180627/bin/../lib/gcc/arm-none-eabi/7.3.1/../../../../arm-none-eabi/lib/thumb/v7e-m/fpv4-sp/softfp/libc_nano.a(lib_a-memcpy-stub.o)
                              build/queue.o (memcpy)
/usr/local/Cellar/gcc-arm-none-eabi/20180627/bin/../lib/gcc/arm-none-eabi/7.3.1/../../../../arm-none-eabi/lib/thumb/v7e-m/fpv4-sp/softfp/libc_nano.a(lib_a-memset.o)
                              /usr/local/Cellar/gcc-arm-none-eabi/20180627/bin/../lib/gcc/arm-none-eabi/7.3.1/../../../../arm-none-eabi/lib/thumb/v7e-m/fpv4-sp/softfp/crt0.o (memset)
/usr/local/Cellar/gcc-arm-none-eabi/20180627/bin/../lib/gcc/arm-none-eabi/7.3.1/../../../../arm-none-eabi/lib/thumb/v7e-m/fpv4-sp/softfp/libc_nano.a(lib_a-printf.o)
                              build/main.o (printf)
/usr/local/Cellar/gcc-arm-none-eabi/20180627/bin/../lib/gcc/arm-none-eabi/7.3.1/../../../../arm-none-eabi/lib/thumb/v7e-m/fpv4-sp/softfp/libc_nano.a(lib_a-puts.o)
                              build/main.o (puts)
/usr/local/Cellar/gcc-arm-none-eabi/20180627/bin/../lib/gcc/arm-none-eabi/7.3.1/../../../../arm-none-eabi/lib/thumb/v7e-m/fpv4-sp/softfp/libc_nano.a(lib_a-realloc.o)
                              build/main.o (realloc)
/usr/local/Cellar/gcc-arm-none-eabi/20180627/bin/../lib/gcc/arm-none-eabi/7.3.1/../../../../arm-none-eabi/lib/thumb/v7e-m/fpv4-sp/softfp/libc_nano.a(lib_a-sprintf.o)
                              build/tasks.o (sprintf)
/usr/local/Cellar/gcc-arm-none-eabi/20180627/bin/../lib/gcc/arm-none-eabi/7.3.1/../../../../arm-none-eabi/lib/thumb/v7e-m/fpv4-sp/softfp/libc_nano.a(lib_a-strcpy.o)
                              build/tasks.o (strcpy)
/usr/local/Cellar/gcc-arm-none-eabi/20180627/bin/../lib/gcc/arm-none-eabi/7.3.1/../../../../arm-none-eabi/lib/thumb/v7e-m/fpv4-sp/softfp/libc_nano.a(lib_a-strlen.o)
                              build/tasks.o (strlen)
/usr/local/Cellar/gcc-arm-none-eabi/20180627/bin/../lib/gcc/arm-none-eabi/7.3.1/../../../../arm-none-eabi/lib/thumb/v7e-m/fpv4-sp/softfp/libc_nano.a(lib_a-vsnprintf.o)
                              build/main.o (vsnprintf)
/usr/local/Cellar/gcc-arm-none-eabi/20180627/bin/../lib/gcc/arm-none-eabi/7.3.1/../../../../arm-none-eabi/lib/thumb/v7e-m/fpv4-sp/softfp/libc_nano.a(lib_a-wbuf.o)
                              /usr/local/Cellar/gcc-arm-none-eabi/20180627/bin/../lib/gcc/arm-none-eabi/7.3.1/../../../../arm-none-eabi/lib/thumb/v7e-m/fpv4-sp/softfp/libc_nano.a(lib_a-puts.o) (__swbuf_r)
/usr/local/Cellar/gcc-arm-none-eabi/20180627/bin/../lib/gcc/arm-none-eabi/7.3.1/../../../../arm-none-eabi/lib/thumb/v7e-m/fpv4-sp/softfp/libc_nano.a(lib_a-wsetup.o)
                              /usr/local/Cellar/gcc-arm-none-eabi/20180627/bin/../lib/gcc/arm-none-eabi/7.3.1/../../../../arm-none-eabi/lib/thumb/v7e-m/fpv4-sp/softfp/libc_nano.a(lib_a-puts.o) (__swsetup_r)
/usr/local/Cellar/gcc-arm-none-eabi/20180627/bin/../lib/gcc/arm-none-eabi/7.3.1/../../../../arm-none-eabi/lib/thumb/v7e-m/fpv4-sp/softfp/libc_nano.a(lib_a-fflush.o)
                              /usr/local/Cellar/gcc-arm-none-eabi/20180627/bin/../lib/gcc/arm-none-eabi/7.3.1/../../../../arm-none-eabi/lib/thumb/v7e-m/fpv4-sp/softfp/libc_nano.a(lib_a-wbuf.o) (_fflush_r)
/usr/local/Cellar/gcc-arm-none-eabi/20180627/bin/../lib/gcc/arm-none-eabi/7.3.1/../../../../arm-none-eabi/lib/thumb/v7e-m/fpv4-sp/softfp/libc_nano.a(lib_a-findfp.o)
                              /usr/local/Cellar/gcc-arm-none-eabi/20180627/bin/../lib/gcc/arm-none-eabi/7.3.1/../../../../arm-none-eabi/lib/thumb/v7e-m/fpv4-sp/softfp/libc_nano.a(lib_a-printf.o) (__sinit)
/usr/local/Cellar/gcc-arm-none-eabi/20180627/bin/../lib/gcc/arm-none-eabi/7.3.1/../../../../arm-none-eabi/lib/thumb/v7e-m/fpv4-sp/softfp/libc_nano.a(lib_a-fwalk.o)
[...]
Memory Configuration

Name             Origin             Length             Attributes
FLASH            0x0000000008000000 0x0000000000040000 xr
RAM              0x0000000020000000 0x0000000000010000 xrw
*default*        0x0000000000000000 0xffffffffffffffff

Linker script and memory map

LOAD /usr/local/Cellar/gcc-arm-none-eabi/20180627/bin/../lib/gcc/arm-none-eabi/7.3.1/thumb/v7e-m/fpv4-sp/softfp/crti.o
LOAD /usr/local/Cellar/gcc-arm-none-eabi/20180627/bin/../lib/gcc/arm-none-eabi/7.3.1/thumb/v7e-m/fpv4-sp/softfp/crtbegin.o
LOAD /usr/local/Cellar/gcc-arm-none-eabi/20180627/bin/../lib/gcc/arm-none-eabi/7.3.1/../../../../arm-none-eabi/lib/thumb/v7e-m/fpv4-sp/softfp/crt0.o
LOAD build/at32_hoverboard.o
LOAD build/system_at32f4xx.o
LOAD build/at32f4xx_gpio.o
LOAD build/at32f4xx_rcc.o
LOAD build/at32f4xx_tim.o
LOAD build/at32f4xx_usart.o
LOAD build/misc.o
LOAD build/list.o
LOAD build/port.o
LOAD build/heap_4.o
LOAD build/queue.o
LOAD build/cmsis_os.o
LOAD build/timers.o
LOAD build/tasks.o
LOAD build/event_groups.o
LOAD build/croutine.o
LOAD build/bsp_key.o
LOAD build/bsp_led.o
LOAD build/bsp_tim_pwm.o
LOAD build/bsp_timer.o
LOAD build/bsp_uart_fifo.o
LOAD build/bsp.o
LOAD build/at32f4xx_it.o
LOAD build/at32f4xx_assert.o
LOAD build/TimerForRunTimeState.o
LOAD build/main.o
LOAD build/spin_task.o
LOAD build/subscribe_task.o
LOAD build/publish_task.o
LOAD build/heartbeat_task.o
LOAD build/duration.o
LOAD build/time.o
LOAD build/startup_at32f403xe.o
LOAD /usr/local/Cellar/gcc-arm-none-eabi/20180627/bin/../lib/gcc/arm-none-eabi/7.3.1/../../../../arm-none-eabi/lib/thumb/v7e-m/fpv4-sp/softfp/libc_nano.a
LOAD /usr/local/Cellar/gcc-arm-none-eabi/20180627/bin/../lib/gcc/arm-none-eabi/7.3.1/../../../../arm-none-eabi/lib/thumb/v7e-m/fpv4-sp/softfp/libm.a
LOAD /usr/local/Cellar/gcc-arm-none-eabi/20180627/bin/../lib/gcc/arm-none-eabi/7.3.1/../../../../arm-none-eabi/lib/thumb/v7e-m/fpv4-sp/softfp/libnosys.a
START GROUP
LOAD /usr/local/Cellar/gcc-arm-none-eabi/20180627/bin/../lib/gcc/arm-none-eabi/7.3.1/thumb/v7e-m/fpv4-sp/softfp/libgcc.a
LOAD /usr/local/Cellar/gcc-arm-none-eabi/20180627/bin/../lib/gcc/arm-none-eabi/7.3.1/../../../../arm-none-eabi/lib/thumb/v7e-m/fpv4-sp/softfp/libc_nano.a
END GROUP
START GROUP
LOAD /usr/local/Cellar/gcc-arm-none-eabi/20180627/bin/../lib/gcc/arm-none-eabi/7.3.1/thumb/v7e-m/fpv4-sp/softfp/libgcc.a
LOAD /usr/local/Cellar/gcc-arm-none-eabi/20180627/bin/../lib/gcc/arm-none-eabi/7.3.1/../../../../arm-none-eabi/lib/thumb/v7e-m/fpv4-sp/softfp/libc_nano.a
LOAD /usr/local/Cellar/gcc-arm-none-eabi/20180627/bin/../lib/gcc/arm-none-eabi/7.3.1/../../../../arm-none-eabi/lib/thumb/v7e-m/fpv4-sp/softfp/libnosys.a
END GROUP
START GROUP
LOAD /usr/local/Cellar/gcc-arm-none-eabi/20180627/bin/../lib/gcc/arm-none-eabi/7.3.1/thumb/v7e-m/fpv4-sp/softfp/libgcc.a
LOAD /usr/local/Cellar/gcc-arm-none-eabi/20180627/bin/../lib/gcc/arm-none-eabi/7.3.1/../../../../arm-none-eabi/lib/thumb/v7e-m/fpv4-sp/softfp/libc_nano.a
LOAD /usr/local/Cellar/gcc-arm-none-eabi/20180627/bin/../lib/gcc/arm-none-eabi/7.3.1/../../../../arm-none-eabi/lib/thumb/v7e-m/fpv4-sp/softfp/libnosys.a
END GROUP
LOAD /usr/local/Cellar/gcc-arm-none-eabi/20180627/bin/../lib/gcc/arm-none-eabi/7.3.1/thumb/v7e-m/fpv4-sp/softfp/crtend.o
LOAD /usr/local/Cellar/gcc-arm-none-eabi/20180627/bin/../lib/gcc/arm-none-eabi/7.3.1/thumb/v7e-m/fpv4-sp/softfp/crtn.o
                0x000000002000c000                _estack = 0x2000c000
                0x0000000000000000                _Min_Heap_Size = 0x0
                0x0000000000000400                _Min_Stack_Size = 0x400

.isr_vector     0x0000000008000000      0x150
                0x0000000008000000                . = ALIGN (0x4)
 *(.isr_vector)
 .isr_vector    0x0000000008000000      0x150 build/startup_at32f403xe.o
                0x0000000008000000                g_pfnVectors
                0x0000000008000150                . = ALIGN (0x4)

.text           0x0000000008000150     0x6d6c
                0x0000000008000150                . = ALIGN (0x4)
 *(.text)
 .text          0x0000000008000150       0x40 /usr/local/Cellar/gcc-arm-none-eabi/20180627/bin/../lib/gcc/arm-none-eabi/7.3.1/thumb/v7e-m/fpv4-sp/softfp/crtbegin.o
 .text          0x0000000008000190       0x10 /usr/local/Cellar/gcc-arm-none-eabi/20180627/bin/../lib/gcc/arm-none-eabi/7.3.1/../../../../arm-none-eabi/lib/thumb/v7e-m/fpv4-sp/softfp/libc_nano.a(lib_a-strlen.o)
                0x0000000008000190                strlen
 .text          0x00000000080001a0       0xa0 /usr/local/Cellar/gcc-arm-none-eabi/20180627/bin/../lib/gcc/arm-none-eabi/7.3.1/../../../../arm-none-eabi/lib/thumb/v7e-m/fpv4-sp/softfp/libc_nano.a(lib_a-memchr.o)
                0x00000000080001a0                memchr
 .text          0x0000000008000240      0x9ec /usr/local/Cellar/gcc-arm-none-eabi/20180627/bin/../lib/gcc/arm-none-eabi/7.3.1/thumb/v7e-m/fpv4-sp/softfp/libgcc.a(unwind-arm.o)
                0x00000000080004f4                _Unwind_GetCFA
                0x00000000080004f8                __gnu_Unwind_RaiseException
                0x0000000008000558                __gnu_Unwind_ForcedUnwind
                0x000000000800056c                __gnu_Unwind_Resume
                0x00000000080005b0                __gnu_Unwind_Resume_or_Rethrow
                0x00000000080005c0                _Unwind_Complete
                0x00000000080005c4                _Unwind_DeleteException
                0x00000000080005d0                _Unwind_VRS_Get
                0x0000000008000614                _Unwind_VRS_Set
                0x000000000800065c                __gnu_Unwind_Backtrace
                0x00000000080009a0                __aeabi_unwind_cpp_pr0
                0x00000000080009a4                __aeabi_unwind_cpp_pr1
                0x00000000080009a8                __aeabi_unwind_cpp_pr2
                0x00000000080009ac                _Unwind_VRS_Pop
 .text          0x0000000008000c2c      0x1ac /usr/local/Cellar/gcc-arm-none-eabi/20180627/bin/../lib/gcc/arm-none-eabi/7.3.1/thumb/v7e-m/fpv4-sp/softfp/libgcc.a(libunwind.o)
                0x0000000008000c2c                __restore_core_regs
                0x0000000008000c2c                restore_core_regs
                0x0000000008000c44                __gnu_Unwind_Restore_VFP
                0x0000000008000c4c                __gnu_Unwind_Save_VFP
                0x0000000008000c54                __gnu_Unwind_Restore_VFP_D
                0x0000000008000c5c                __gnu_Unwind_Save_VFP_D
                0x0000000008000c64                __gnu_Unwind_Restore_VFP_D_16_to_31
                0x0000000008000c6c                __gnu_Unwind_Save_VFP_D_16_to_31
                0x0000000008000c74                __gnu_Unwind_Restore_WMMXD
                0x0000000008000cb8                __gnu_Unwind_Save_WMMXD
                0x0000000008000cfc                __gnu_Unwind_Restore_WMMXC
                0x0000000008000d10                __gnu_Unwind_Save_WMMXC
                0x0000000008000d24                _Unwind_RaiseException
                0x0000000008000d24                ___Unwind_RaiseException
                0x0000000008000d48                ___Unwind_Resume
                0x0000000008000d48                _Unwind_Resume
                0x0000000008000d6c                ___Unwind_Resume_or_Rethrow
                0x0000000008000d6c                _Unwind_Resume_or_Rethrow
                0x0000000008000d90                _Unwind_ForcedUnwind
                0x0000000008000d90                ___Unwind_ForcedUnwind
                0x0000000008000db4                _Unwind_Backtrace
                0x0000000008000db4                ___Unwind_Backtrace
 .text          0x0000000008000dd8      0x374 /usr/local/Cellar/gcc-arm-none-eabi/20180627/bin/../lib/gcc/arm-none-eabi/7.3.1/thumb/v7e-m/fpv4-sp/softfp/libgcc.a(pr-support.o)
                0x0000000008000e30                __gnu_unwind_execute
                0x00000000080010f4                __gnu_unwind_frame
                0x000000000800111c                _Unwind_GetRegionStart
                0x0000000008001128                _Unwind_GetLanguageSpecificData
                0x000000000800113c                _Unwind_GetDataRelBase
                0x0000000008001144                _Unwind_GetTextRelBase
 *(.text*)
 .text.__io_putchar
                0x000000000800114c       0x20 build/at32_hoverboard.o
                0x000000000800114c                __io_putchar
 .text._write   0x000000000800116c       0x28 build/at32_hoverboard.o
                0x000000000800116c                _write
 .text.UART_Print_Init
                0x0000000008001194       0xa4 build/at32_hoverboard.o
                0x0000000008001194                UART_Print_Init
 .text.SetSysClockTo192M
                0x0000000008001238       0xc0 build/system_at32f4xx.o
 .text.SetSysClock
                0x00000000080012f8        0x8 build/system_at32f4xx.o
 .text.SystemInit
                0x0000000008001300       0x6c build/system_at32f4xx.o
                0x0000000008001300                SystemInit
 .text.GPIO_Init
                0x000000000800136c       0x9e build/at32f4xx_gpio.o
                0x000000000800136c                GPIO_Init
 .text.GPIO_StructInit
                0x000000000800140a       0x10 build/at32f4xx_gpio.o
                0x000000000800140a                GPIO_StructInit
 *fill*         0x000000000800141a        0x2 
 .text.RCC_GetClocksFreq
                0x000000000800141c      0x134 build/at32f4xx_rcc.o
                0x000000000800141c                RCC_GetClocksFreq
 .text.RCC_APB2PeriphClockCmd
                0x0000000008001550       0x1c build/at32f4xx_rcc.o
                0x0000000008001550                RCC_APB2PeriphClockCmd
 .text.RCC_APB1PeriphClockCmd
                0x000000000800156c       0x1c build/at32f4xx_rcc.o
                0x000000000800156c                RCC_APB1PeriphClockCmd
 .text.TMR_TimeBaseInit
                0x0000000008001588       0x8c build/at32f4xx_tim.o
                0x0000000008001588                TMR_TimeBaseInit
 .text.TMR_Cmd  0x0000000008001614       0x1a build/at32f4xx_tim.o
                0x0000000008001614                TMR_Cmd
 .text.TMR_INTConfig
                0x000000000800162e       0x14 build/at32f4xx_tim.o
                0x000000000800162e                TMR_INTConfig
 .text.TMR_ARPreloadConfig
                0x0000000008001642       0x1a build/at32f4xx_tim.o
                0x0000000008001642                TMR_ARPreloadConfig
 .text.TMR_GetINTStatus
                0x000000000800165c       0x18 build/at32f4xx_tim.o
                0x000000000800165c                TMR_GetINTStatus
 .text.TMR_ClearITPendingBit
                0x0000000008001674        0x8 build/at32f4xx_tim.o
                0x0000000008001674                TMR_ClearITPendingBit
 .text.USART_Init
                0x000000000800167c       0xc8 build/at32f4xx_usart.o
                0x000000000800167c                USART_Init
 .text.USART_StructInit
                0x0000000008001744       0x16 build/at32f4xx_usart.o
                0x0000000008001744                USART_StructInit
 .text.USART_Cmd
                0x000000000800175a       0x1a build/at32f4xx_usart.o
                0x000000000800175a                USART_Cmd
 .text.USART_INTConfig
                0x0000000008001774       0x3a build/at32f4xx_usart.o
                0x0000000008001774                USART_INTConfig
 .text.USART_SendData
                0x00000000080017ae        0x8 build/at32f4xx_usart.o
                0x00000000080017ae                USART_SendData
 .text.USART_ReceiveData
                0x00000000080017b6        0x8 build/at32f4xx_usart.o
                0x00000000080017b6                USART_ReceiveData
 .text.USART_GetFlagStatus
                0x00000000080017be        0xe build/at32f4xx_usart.o
                0x00000000080017be                USART_GetFlagStatus
 .text.USART_ClearFlag
                0x00000000080017cc        0x8 build/at32f4xx_usart.o
                0x00000000080017cc                USART_ClearFlag
 .text.USART_GetITStatus
                0x00000000080017d4       0x46 build/at32f4xx_usart.o
                0x00000000080017d4                USART_GetITStatus
 *fill*         0x000000000800181a        0x2 
 .text.NVIC_PriorityGroupConfig
                0x000000000800181c       0x14 build/misc.o
                0x000000000800181c                NVIC_PriorityGroupConfig
 .text.NVIC_Init
                0x0000000008001830       0x68 build/misc.o
                0x0000000008001830                NVIC_Init
 .text.vListInitialise
                0x0000000008001898       0x16 build/list.o
                0x0000000008001898                vListInitialise
 .text.vListInitialiseItem
                0x00000000080018ae        0x6 build/list.o
                0x00000000080018ae                vListInitialiseItem
 .text.vListInsertEnd
                0x00000000080018b4       0x18 build/list.o
                0x00000000080018b4                vListInsertEnd
 .text.vListInsert
                0x00000000080018cc       0x34 build/list.o
                0x00000000080018cc                vListInsert
 .text.uxListRemove
                0x0000000008001900       0x26 build/list.o
                0x0000000008001900                uxListRemove
 *fill*         0x0000000008001926        0x2 
 .text.prvTaskExitError
                0x0000000008001928       0x34 build/port.o
 .text.prvPortStartFirstTask
                0x000000000800195c       0x20 build/port.o
 .text.vPortEnableVFP
                0x000000000800197c       0x14 build/port.o
 .text.pxPortInitialiseStack
                0x0000000008001990       0x2c build/port.o
                0x0000000008001990                pxPortInitialiseStack
 *fill*         0x00000000080019bc        0x4 
 .text.SVC_Handler
                0x00000000080019c0       0x24 build/port.o
                0x00000000080019c0                SVC_Handler
 .text.vPortEnterCritical
                0x00000000080019e4       0x44 build/port.o
                0x00000000080019e4                vPortEnterCritical
 .text.vPortExitCritical
                0x0000000008001a28       0x2c build/port.o
                0x0000000008001a28                vPortExitCritical
 *fill*         0x0000000008001a54        0xc 
 .text.PendSV_Handler
                0x0000000008001a60       0x64 build/port.o
                0x0000000008001a60                PendSV_Handler
 .text.SysTick_Handler
                0x0000000008001ac4       0x2c build/port.o
                0x0000000008001ac4                SysTick_Handler
 .text.vPortSetupTimerInterrupt
                0x0000000008001af0       0x14 build/port.o
                0x0000000008001af0                vPortSetupTimerInterrupt
 .text.xPortStartScheduler
                0x0000000008001b04       0xec build/port.o
                0x0000000008001b04                xPortStartScheduler
 .text.vPortValidateInterruptPriority
                0x0000000008001bf0       0x5c build/port.o
                0x0000000008001bf0                vPortValidateInterruptPriority
 .text.prvHeapInit
                0x0000000008001c4c       0x64 build/heap_4.o
 .text.prvInsertBlockIntoFreeList
                0x0000000008001cb0       0x58 build/heap_4.o
 .text.pvPortMalloc
                0x0000000008001d08      0x11c build/heap_4.o
                0x0000000008001d08                pvPortMalloc
 .text.vPortFree
                0x0000000008001e24       0x70 build/heap_4.o
                0x0000000008001e24                vPortFree
 .text.prvIsQueueFull
                0x0000000008001e94       0x1e build/queue.o
 .text.prvIsQueueEmpty
                0x0000000008001eb2       0x1a build/queue.o
 .text.prvCopyDataToQueue
                0x0000000008001ecc       0x76 build/queue.o
 .text.prvCopyDataFromQueue
                0x0000000008001f42       0x24 build/queue.o
 .text.prvUnlockQueue
                0x0000000008001f66       0x6e build/queue.o
 .text.xQueueGenericReset
                0x0000000008001fd4       0x84 build/queue.o
                0x0000000008001fd4                xQueueGenericReset
 .text.prvInitialiseNewQueue
                0x0000000008002058       0x22 build/queue.o
 .text.xQueueGenericCreate
                0x000000000800207a       0x48 build/queue.o
                0x000000000800207a                xQueueGenericCreate
 *fill*         0x00000000080020c2        0x2 
 .text.xQueueGenericSend
                0x00000000080020c4      0x17c build/queue.o
                0x00000000080020c4                xQueueGenericSend
 .text.xQueueGenericSendFromISR
                0x0000000008002240       0xcc build/queue.o
                0x0000000008002240                xQueueGenericSendFromISR
 .text.xQueueGenericReceive
                0x000000000800230c      0x1a4 build/queue.o
                0x000000000800230c                xQueueGenericReceive
 .text.vQueueAddToRegistry
                0x00000000080024b0       0x28 build/queue.o
                0x00000000080024b0                vQueueAddToRegistry
 .text.vQueueWaitForMessageRestricted
                0x00000000080024d8       0x52 build/queue.o
                0x00000000080024d8                vQueueWaitForMessageRestricted
 .text.makeFreeRtosPriority
                0x000000000800252a        0xc build/cmsis_os.o
 .text.osThreadCreate
                0x0000000008002536       0x34 build/cmsis_os.o
                0x0000000008002536                osThreadCreate
 .text.osDelay  0x000000000800256a       0x12 build/cmsis_os.o
                0x000000000800256a                osDelay
 .text.prvGetNextExpireTime
                0x000000000800257c       0x20 build/timers.o
 .text.prvInsertTimerInActiveList
                0x000000000800259c       0x48 build/timers.o
 .text.prvCheckForValidListAndQueue
                0x00000000080025e4       0x5c build/timers.o
 .text.xTimerCreateTimerTask
                0x0000000008002640       0x50 build/timers.o
                0x0000000008002640                xTimerCreateTimerTask
 .text.xTimerGenericCommand
                0x0000000008002690       0x6c build/timers.o
                0x0000000008002690                xTimerGenericCommand
 .text.prvSwitchTimerLists
                0x00000000080026fc       0x78 build/timers.o
 .text.prvSampleTimeNow
                0x0000000008002774       0x2c build/timers.o
 .text.prvProcessExpiredTimer
                0x00000000080027a0       0x60 build/timers.o
 .text.prvProcessTimerOrBlockTask
                0x0000000008002800       0x74 build/timers.o
 .text.prvProcessReceivedCommands
                0x0000000008002874       0xe4 build/timers.o
 .text.prvTimerTask
                0x0000000008002958       0x16 build/timers.o
 *fill*         0x000000000800296e        0x2 
 .text.prvResetNextTaskUnblockTime
                0x0000000008002970       0x2c build/tasks.o
 .text.prvDeleteTCB
                0x000000000800299c       0x12 build/tasks.o
 .text.prvInitialiseNewTask
                0x00000000080029ae       0x92 build/tasks.o
 .text.prvInitialiseTaskLists
                0x0000000008002a40       0x68 build/tasks.o
 .text.prvAddNewTaskToReadyList
                0x0000000008002aa8       0xac build/tasks.o
 .text.prvAddCurrentTaskToDelayedList
                0x0000000008002b54       0x98 build/tasks.o
 .text.xTaskCreate
                0x0000000008002bec       0x62 build/tasks.o
                0x0000000008002bec                xTaskCreate
 *fill*         0x0000000008002c4e        0x2 
 .text.vTaskStartScheduler
                0x0000000008002c50       0x8c build/tasks.o
                0x0000000008002c50                vTaskStartScheduler
 .text.vTaskSuspendAll
                0x0000000008002cdc       0x10 build/tasks.o
                0x0000000008002cdc                vTaskSuspendAll
 .text.xTaskGetTickCount
                0x0000000008002cec        0xc build/tasks.o
                0x0000000008002cec                xTaskGetTickCount
 .text.xTaskIncrementTick
                0x0000000008002cf8      0x118 build/tasks.o
                0x0000000008002cf8                xTaskIncrementTick
 .text.xTaskResumeAll
                0x0000000008002e10       0xf4 build/tasks.o
                0x0000000008002e10                xTaskResumeAll
 .text.vTaskDelay
                0x0000000008002f04       0x4c build/tasks.o
                0x0000000008002f04                vTaskDelay
 .text.prvCheckTasksWaitingTermination
                0x0000000008002f50       0x5c build/tasks.o
 .text.prvIdleTask
                0x0000000008002fac       0x28 build/tasks.o
 .text.vTaskSwitchContext
                0x0000000008002fd4       0xec build/tasks.o
                0x0000000008002fd4                vTaskSwitchContext
 .text.vTaskPlaceOnEventList
                0x00000000080030c0       0x30 build/tasks.o
                0x00000000080030c0                vTaskPlaceOnEventList
 .text.vTaskPlaceOnEventListRestricted
                0x00000000080030f0       0x38 build/tasks.o
                0x00000000080030f0                vTaskPlaceOnEventListRestricted
 .text.xTaskRemoveFromEventList
                0x0000000008003128       0x8c build/tasks.o
                0x0000000008003128                xTaskRemoveFromEventList
 .text.vTaskSetTimeOutState
                0x00000000080031b4       0x2c build/tasks.o
                0x00000000080031b4                vTaskSetTimeOutState
 .text.xTaskCheckForTimeOut
                0x00000000080031e0       0x80 build/tasks.o
                0x00000000080031e0                xTaskCheckForTimeOut
 .text.vTaskMissedYield
                0x0000000008003260        0xc build/tasks.o
                0x0000000008003260                vTaskMissedYield
 .text.xTaskGetSchedulerState
                0x000000000800326c       0x20 build/tasks.o
                0x000000000800326c                xTaskGetSchedulerState
 .text.vTaskPriorityInherit
                0x000000000800328c       0xa0 build/tasks.o
                0x000000000800328c                vTaskPriorityInherit
 .text.xTaskPriorityDisinherit
                0x000000000800332c       0xb0 build/tasks.o
                0x000000000800332c                xTaskPriorityDisinherit
 .text.pvTaskIncrementMutexHeldCount
                0x00000000080033dc       0x1c build/tasks.o
                0x00000000080033dc                pvTaskIncrementMutexHeldCount
 .text.IsKeyDown1
                0x00000000080033f8       0x18 build/bsp_key.o
 .text.bsp_InitKeyVar
                0x0000000008003410       0x3c build/bsp_key.o
 .text.bsp_InitKeyHard
                0x000000000800344c       0x30 build/bsp_key.o
 .text.bsp_InitKey
                0x000000000800347c        0xc build/bsp_key.o
                0x000000000800347c                bsp_InitKey
 .text.bsp_LedOn
                0x0000000008003488       0x4c build/bsp_led.o
                0x0000000008003488                bsp_LedOn
 .text.bsp_LedOff
                0x00000000080034d4       0x4c build/bsp_led.o
                0x00000000080034d4                bsp_LedOff
 .text.bsp_InitLed
                0x0000000008003520       0x84 build/bsp_led.o
                0x0000000008003520                bsp_InitLed
 .text.bsp_LedState
                0x00000000080035a4        0xc build/bsp_led.o
                0x00000000080035a4                bsp_LedState
 .text.bsp_InitHardTimer
                0x00000000080035b0       0x74 build/bsp_timer.o
                0x00000000080035b0                bsp_InitHardTimer
 .text.TMR3_GLOBAL_IRQHandler
                0x0000000008003624       0xb0 build/bsp_timer.o
                0x0000000008003624                TMR3_GLOBAL_IRQHandler
 .text.UartVarInit
                0x00000000080036d4       0x3c build/bsp_uart_fifo.o
 .text.InitHardUart
                0x0000000008003710       0xb0 build/bsp_uart_fifo.o
 .text.ConfigUartNVIC
                0x00000000080037c0       0x26 build/bsp_uart_fifo.o
 .text.UartSend
                0x00000000080037e6       0x70 build/bsp_uart_fifo.o
 .text.UartGetChar
                0x0000000008003856       0x48 build/bsp_uart_fifo.o
 .text.UartIRQ  0x000000000800389e       0xfa build/bsp_uart_fifo.o
 .text.bsp_InitUart
                0x0000000008003998       0x10 build/bsp_uart_fifo.o
                0x0000000008003998                bsp_InitUart
 .text.ComToUart
                0x00000000080039a8       0x10 build/bsp_uart_fifo.o
                0x00000000080039a8                ComToUart
 .text.comSendBuf
                0x00000000080039b8       0x20 build/bsp_uart_fifo.o
                0x00000000080039b8                comSendBuf
 .text.comGetChar
                0x00000000080039d8       0x16 build/bsp_uart_fifo.o
                0x00000000080039d8                comGetChar
 *fill*         0x00000000080039ee        0x2 
 .text.USART2_IRQHandler
                0x00000000080039f0       0x10 build/bsp_uart_fifo.o
                0x00000000080039f0                USART2_IRQHandler
 .text.bsp_Init
                0x0000000008003a00       0x24 build/bsp.o
                0x0000000008003a00                bsp_Init
 .text.NMI_Handler
                0x0000000008003a24        0x2 build/at32f4xx_it.o
                0x0000000008003a24                NMI_Handler
 *fill*         0x0000000008003a26        0x2 
 .text.HardFault_Handler
                0x0000000008003a28       0x28 build/at32f4xx_it.o
                0x0000000008003a28                HardFault_Handler
 .text.MemManage_Handler
                0x0000000008003a50        0x2 build/at32f4xx_it.o
                0x0000000008003a50                MemManage_Handler
 .text.BusFault_Handler
                0x0000000008003a52        0x2 build/at32f4xx_it.o
                0x0000000008003a52                BusFault_Handler
 .text.UsageFault_Handler
                0x0000000008003a54        0x2 build/at32f4xx_it.o
                0x0000000008003a54                UsageFault_Handler
 .text.DebugMon_Handler
                0x0000000008003a56        0x2 build/at32f4xx_it.o
                0x0000000008003a56                DebugMon_Handler
 .text.TMR6_GLOBAL_IRQHandler
                0x0000000008003a58       0x28 build/TimerForRunTimeState.o
                0x0000000008003a58                TMR6_GLOBAL_IRQHandler
 .text._ZNK8std_msgs4Time9serializeEPh
                0x0000000008003a80       0x28 build/main.o
                0x0000000008003a80                std_msgs::Time::serialize(unsigned char*) const
 .text._ZN8std_msgs4Time11deserializeEPh
                0x0000000008003aa8       0x3c build/main.o
                0x0000000008003aa8                std_msgs::Time::deserialize(unsigned char*)
 .text._ZN8std_msgs4Time7getTypeEv
                0x0000000008003ae4        0x8 build/main.o
                0x0000000008003ae4                std_msgs::Time::getType()
 .text._ZN8std_msgs4Time6getMD5Ev
                0x0000000008003aec        0x8 build/main.o
                0x0000000008003aec                std_msgs::Time::getMD5()
 .text._ZN14rosserial_msgs9TopicInfo11deserializeEPh
                0x0000000008003af4       0x94 build/main.o
                0x0000000008003af4                rosserial_msgs::TopicInfo::deserialize(unsigned char*)
 .text._ZN14rosserial_msgs9TopicInfo7getTypeEv
                0x0000000008003b88        0x8 build/main.o
                0x0000000008003b88                rosserial_msgs::TopicInfo::getType()
 .text._ZN14rosserial_msgs9TopicInfo6getMD5Ev
                0x0000000008003b90        0x8 build/main.o
                0x0000000008003b90                rosserial_msgs::TopicInfo::getMD5()
 .text._ZN14rosserial_msgs3Log11deserializeEPh
                0x0000000008003b98       0x2c build/main.o
                0x0000000008003b98                rosserial_msgs::Log::deserialize(unsigned char*)
 .text._ZN14rosserial_msgs3Log7getTypeEv
                0x0000000008003bc4        0x8 build/main.o
                0x0000000008003bc4                rosserial_msgs::Log::getType()
 .text._ZN14rosserial_msgs3Log6getMD5Ev
                0x0000000008003bcc        0x8 build/main.o
                0x0000000008003bcc                rosserial_msgs::Log::getMD5()
 .text._ZN14rosserial_msgs20RequestParamResponse7getTypeEv
                0x0000000008003bd4        0x8 build/main.o
                0x0000000008003bd4                rosserial_msgs::RequestParamResponse::getType()
 .text._ZN14rosserial_msgs20RequestParamResponse6getMD5Ev
                0x0000000008003bdc        0x8 build/main.o
                0x0000000008003bdc                rosserial_msgs::RequestParamResponse::getMD5()
 .text._Z41__static_initialization_and_destruction_0ii
                0x0000000008003be4       0x9c build/main.o
 .text._ZN3ros11NodeHandle_I13STM32HardwareLi5ELi5ELi512ELi512EE9connectedEv
                0x0000000008003c80        0x6 build/main.o
                0x0000000008003c80                ros::NodeHandle_<STM32Hardware, 5, 5, 512, 512>::connected()
 .text._ZNK14rosserial_msgs9TopicInfo9serializeEPh
                0x0000000008003c86       0x7a build/main.o
                0x0000000008003c86                rosserial_msgs::TopicInfo::serialize(unsigned char*) const
 .text._ZNK14rosserial_msgs3Log9serializeEPh
                0x0000000008003d00       0x24 build/main.o
                0x0000000008003d00                rosserial_msgs::Log::serialize(unsigned char*) const
 .text._ZNK14rosserial_msgs20RequestParamResponse9serializeEPh
                0x0000000008003d24       0xcc build/main.o
                0x0000000008003d24                rosserial_msgs::RequestParamResponse::serialize(unsigned char*) const
 .text._ZN14rosserial_msgs20RequestParamResponse11deserializeEPh
                0x0000000008003df0       0xf0 build/main.o
                0x0000000008003df0                rosserial_msgs::RequestParamResponse::deserialize(unsigned char*)
 .text.main     0x0000000008003ee0       0x48 build/main.o
                0x0000000008003ee0                main
 .text.vApplicationMallocFailedHook
                0x0000000008003f28       0x10 build/main.o
                0x0000000008003f28                vApplicationMallocFailedHook
 .text.vApplicationStackOverflowHook
                0x0000000008003f38       0x10 build/main.o
                0x0000000008003f38                vApplicationStackOverflowHook
 .text._ZN3ros11NodeHandle_I13STM32HardwareLi5ELi5ELi512ELi512EE8publish1EiPKNS_3MsgE
                0x0000000008003f48       0xc0 build/main.o
                0x0000000008003f48                ros::NodeHandle_<STM32Hardware, 5, 5, 512, 512>::publish1(int, ros::Msg const*)
 .text._ZN3ros11NodeHandle_I13STM32HardwareLi5ELi5ELi512ELi512EE7publishEiPKNS_3MsgE
                0x0000000008004008      0x148 build/main.o
                0x0000000008004008                ros::NodeHandle_<STM32Hardware, 5, 5, 512, 512>::publish(int, ros::Msg const*)
 .text._ZN3ros11NodeHandle_I13STM32HardwareLi5ELi5ELi512ELi512EE15requestSyncTimeEv
                0x0000000008004150      0x13c build/main.o
                0x0000000008004150                ros::NodeHandle_<STM32Hardware, 5, 5, 512, 512>::requestSyncTime()
 .text._ZN3ros11NodeHandle_I13STM32HardwareLi5ELi5ELi512ELi512EE15negotiateTopicsEv
                0x000000000800428c      0x2e8 build/main.o
                0x000000000800428c                ros::NodeHandle_<STM32Hardware, 5, 5, 512, 512>::negotiateTopics()
 .text._ZN3ros11NodeHandle_I13STM32HardwareLi5ELi5ELi512ELi512EE8spinOnceEv
                0x0000000008004574      0x534 build/main.o
                0x0000000008004574                ros::NodeHandle_<STM32Hardware, 5, 5, 512, 512>::spinOnce()
 .text._GLOBAL__sub_I_nh
                0x0000000008004aa8        0xe build/main.o
 *fill*         0x0000000008004ab6        0x2 
 .text._Z15rosSpinTaskInitPN3ros11NodeHandle_I13STM32HardwareLi5ELi5ELi512ELi512EEE
                0x0000000008004ab8       0x30 build/spin_task.o
                0x0000000008004ab8                rosSpinTaskInit(ros::NodeHandle_<STM32Hardware, 5, 5, 512, 512>*)
 .text._Z19ROS_SpinTaskHandlerPKv
                0x0000000008004ae8      0x8a8 build/spin_task.o
                0x0000000008004ae8                ROS_SpinTaskHandler(void const*)
 .text._ZNK8std_msgs6UInt169serializeEPh
                0x0000000008005390        0xe build/subscribe_task.o
                0x0000000008005390                std_msgs::UInt16::serialize(unsigned char*) const
 .text._ZN8std_msgs6UInt1611deserializeEPh
                0x000000000800539e       0x10 build/subscribe_task.o
                0x000000000800539e                std_msgs::UInt16::deserialize(unsigned char*)
 *fill*         0x00000000080053ae        0x2 
 .text._ZN8std_msgs6UInt167getTypeEv
                0x00000000080053b0        0x8 build/subscribe_task.o
                0x00000000080053b0                std_msgs::UInt16::getType()
 .text._ZN8std_msgs6UInt166getMD5Ev
                0x00000000080053b8        0x8 build/subscribe_task.o
                0x00000000080053b8                std_msgs::UInt16::getMD5()
 .text._Z41__static_initialization_and_destruction_0ii
                0x00000000080053c0       0x3c build/subscribe_task.o
 .text._ZN3ros10SubscriberIN8std_msgs6UInt16EvE8callbackEPh
                0x00000000080053fc       0x16 build/subscribe_task.o
                0x00000000080053fc                ros::Subscriber<std_msgs::UInt16, void>::callback(unsigned char*)
 .text._ZN3ros10SubscriberIN8std_msgs6UInt16EvE15getEndpointTypeEv
                0x0000000008005412        0x4 build/subscribe_task.o
                0x0000000008005412                ros::Subscriber<std_msgs::UInt16, void>::getEndpointType()
 *fill*         0x0000000008005416        0x2 
 .text._ZN3ros10SubscriberIN8std_msgs6UInt16EvE10getMsgTypeEv
                0x0000000008005418        0x8 build/subscribe_task.o
                0x0000000008005418                ros::Subscriber<std_msgs::UInt16, void>::getMsgType()
 .text._ZN3ros10SubscriberIN8std_msgs6UInt16EvE9getMsgMD5Ev
                0x0000000008005420        0x8 build/subscribe_task.o
                0x0000000008005420                ros::Subscriber<std_msgs::UInt16, void>::getMsgMD5()
 .text._Z6led_cbPh
                0x0000000008005428       0x22 build/subscribe_task.o
                0x0000000008005428                led_cb(unsigned char*)
 .text._Z24ROS_SubscribeTaskHandlerPKv
                0x000000000800544a        0xa build/subscribe_task.o
                0x000000000800544a                ROS_SubscribeTaskHandler(void const*)
 .text._Z20rosSubscribeInitTaskPN3ros11NodeHandle_I13STM32HardwareLi5ELi5ELi512ELi512EEE
                0x0000000008005454       0x58 build/subscribe_task.o
                0x0000000008005454                rosSubscribeInitTask(ros::NodeHandle_<STM32Hardware, 5, 5, 512, 512>*)
 .text._GLOBAL__sub_I_sub_led
                0x00000000080054ac        0xe build/subscribe_task.o
 .text._ZN8std_msgs6String11deserializeEPh
                0x00000000080054ba       0x26 build/publish_task.o
                0x00000000080054ba                std_msgs::String::deserialize(unsigned char*)
 .text._ZN8std_msgs6String7getTypeEv
                0x00000000080054e0        0x8 build/publish_task.o
                0x00000000080054e0                std_msgs::String::getType()
 .text._ZN8std_msgs6String6getMD5Ev
                0x00000000080054e8        0x8 build/publish_task.o
                0x00000000080054e8                std_msgs::String::getMD5()
 .text._ZNK8std_msgs6String9serializeEPh
                0x00000000080054f0       0x20 build/publish_task.o
                0x00000000080054f0                std_msgs::String::serialize(unsigned char*) const
 .text._Z15publishInitTaskPN3ros11NodeHandle_I13STM32HardwareLi5ELi5ELi512ELi512EEE
                0x0000000008005510       0x30 build/publish_task.o
                0x0000000008005510                publishInitTask(ros::NodeHandle_<STM32Hardware, 5, 5, 512, 512>*)
 .text._Z23ROS_PublisheTaskHandlerPKv
                0x0000000008005540      0x1a0 build/publish_task.o
                0x0000000008005540                ROS_PublisheTaskHandler(void const*)
 .text._ZN3ros16normalizeSecNSecERmS0_
                0x00000000080056e0       0x2c build/time.o
                0x00000000080056e0                ros::normalizeSecNSec(unsigned long&, unsigned long&)
 .text.Reset_Handler
                0x000000000800570c       0x44 build/startup_at32f403xe.o
                0x000000000800570c                Reset_Handler
 .text.Default_Handler
                0x0000000008005750        0x2 build/startup_at32f403xe.o
                0x0000000008005750                DMA2_Channel3_IRQHandler
                0x0000000008005750                SDIO1_IRQHandler
                0x0000000008005750                EXTI2_IRQHandler
                0x0000000008005750                XMC_IRQHandler
                0x0000000008005750                SPI4_IRQHandler
                0x0000000008005750                TMR8_TRG_HALL_TMR14_IRQHandler
                0x0000000008005750                TMR15_CC_IRQHandler
                0x0000000008005750                PVD_IRQHandler
                0x0000000008005750                EXTI3_IRQHandler
                0x0000000008005750                TMR5_GLOBAL_IRQHandler
                0x0000000008005750                I2C3_ER_IRQHandler
                0x0000000008005750                TMR8_OV_TMR13_IRQHandler
                0x0000000008005750                EXTI0_IRQHandler
                0x0000000008005750                I2C2_EV_IRQHandler
                0x0000000008005750                TMR15_TRG_HALL_IRQHandler
                0x0000000008005750                SDIO2_IRQHandler
                0x0000000008005750                ADC1_2_IRQHandler
                0x0000000008005750                SPI1_IRQHandler
                0x0000000008005750                TAMPER_IRQHandler
                0x0000000008005750                DMA2_Channel2_IRQHandler
                0x0000000008005750                DMA1_Channel4_IRQHandler
                0x0000000008005750                TMR1_OV_TMR10_IRQHandler
                0x0000000008005750                USART3_IRQHandler
                0x0000000008005750                RTC_IRQHandler
                0x0000000008005750                DMA1_Channel7_IRQHandler
                0x0000000008005750                CAN1_RX1_IRQHandler
                0x0000000008005750                UART5_IRQHandler
                0x0000000008005750                ADC3_IRQHandler
                0x0000000008005750                DMA2_Channel1_IRQHandler
                0x0000000008005750                I2C1_EV_IRQHandler
                0x0000000008005750                DMA1_Channel6_IRQHandler
                0x0000000008005750                UART4_IRQHandler
                0x0000000008005750                RCC_IRQHandler
                0x0000000008005750                DMA1_Channel1_IRQHandler
                0x0000000008005750                Default_Handler
                0x0000000008005750                EXTI15_10_IRQHandler
                0x0000000008005750                TMR7_GLOBAL_IRQHandler
                0x0000000008005750                TMR1_CC_IRQHandler
                0x0000000008005750                TMR15_BRK_IRQHandler
                0x0000000008005750                I2C3_EV_IRQHandler
                0x0000000008005750                EXTI9_5_IRQHandler
                0x0000000008005750                TMR1_BRK_TMR9_IRQHandler
                0x0000000008005750                SPI2_IRQHandler
                0x0000000008005750                TMR8_BRK_TMR12_IRQHandler
                0x0000000008005750                TMR1_TRG_HALL_TMR11_IRQHandler
                0x0000000008005750                TMR15_OV_IRQHandler
                0x0000000008005750                DMA1_Channel5_IRQHandler
                0x0000000008005750                EXTI4_IRQHandler
                0x0000000008005750                USB_LP_CAN1_RX0_IRQHandler
                0x0000000008005750                TMR4_GLOBAL_IRQHandler
                0x0000000008005750                USB_HP_CAN1_TX_IRQHandler
                0x0000000008005750                DMA1_Channel3_IRQHandler
                0x0000000008005750                WWDG_IRQHandler
                0x0000000008005750                TMR8_CC_IRQHandler
                0x0000000008005750                EXTI1_IRQHandler
                0x0000000008005750                RTCAlarm_IRQHandler
                0x0000000008005750                DMA2_Channel4_5_IRQHandler
                0x0000000008005750                I2C2_ER_IRQHandler
                0x0000000008005750                DMA1_Channel2_IRQHandler
                0x0000000008005750                TMR2_GLOBAL_IRQHandler
                0x0000000008005750                CAN1_SCE_IRQHandler
                0x0000000008005750                FLASH_IRQHandler
                0x0000000008005750                USART1_IRQHandler
                0x0000000008005750                SPI3_IRQHandler
                0x0000000008005750                I2C1_ER_IRQHandler
                0x0000000008005750                USBWakeUp_IRQHandler
                0x0000000008005750                RTC_Alarm_IRQHandler
 .text.memcpy   0x0000000008005752       0x16 /usr/local/Cellar/gcc-arm-none-eabi/20180627/bin/../lib/gcc/arm-none-eabi/7.3.1/../../../../arm-none-eabi/lib/thumb/v7e-m/fpv4-sp/softfp/libc_nano.a(lib_a-memcpy-stub.o)
                0x0000000008005752                memcpy
 .text.memset   0x0000000008005768       0x10 /usr/local/Cellar/gcc-arm-none-eabi/20180627/bin/../lib/gcc/arm-none-eabi/7.3.1/../../../../arm-none-eabi/lib/thumb/v7e-m/fpv4-sp/softfp/libc_nano.a(lib_a-memset.o)
                0x0000000008005768                memset
 .text.printf   0x0000000008005778       0x30 /usr/local/Cellar/gcc-arm-none-eabi/20180627/bin/../lib/gcc/arm-none-eabi/7.3.1/../../../../arm-none-eabi/lib/thumb/v7e-m/fpv4-sp/softfp/libc_nano.a(lib_a-printf.o)
                0x0000000008005778                printf
                0x0000000008005778                iprintf
 .text._puts_r  0x00000000080057a8       0xb8 /usr/local/Cellar/gcc-arm-none-eabi/20180627/bin/../lib/gcc/arm-none-eabi/7.3.1/../../../../arm-none-eabi/lib/thumb/v7e-m/fpv4-sp/softfp/libc_nano.a(lib_a-puts.o)
                0x00000000080057a8                _puts_r
 .text.puts     0x0000000008005860       0x10 /usr/local/Cellar/gcc-arm-none-eabi/20180627/bin/../lib/gcc/arm-none-eabi/7.3.1/../../../../arm-none-eabi/lib/thumb/v7e-m/fpv4-sp/softfp/libc_nano.a(lib_a-puts.o)
                0x0000000008005860                puts
 .text.realloc  0x0000000008005870       0x10 /usr/local/Cellar/gcc-arm-none-eabi/20180627/bin/../lib/gcc/arm-none-eabi/7.3.1/../../../../arm-none-eabi/lib/thumb/v7e-m/fpv4-sp/softfp/libc_nano.a(lib_a-realloc.o)
                0x0000000008005870                realloc
 .text.sprintf  0x0000000008005880       0x40 /usr/local/Cellar/gcc-arm-none-eabi/20180627/bin/../lib/gcc/arm-none-eabi/7.3.1/../../../../arm-none-eabi/lib/thumb/v7e-m/fpv4-sp/softfp/libc_nano.a(lib_a-sprintf.o)
                0x0000000008005880                sprintf
                0x0000000008005880                siprintf
 .text.__swbuf_r
                0x00000000080058c0       0xa4 /usr/local/Cellar/gcc-arm-none-eabi/20180627/bin/../lib/gcc/arm-none-eabi/7.3.1/../../../../arm-none-eabi/lib/thumb/v7e-m/fpv4-sp/softfp/libc_nano.a(lib_a-wbuf.o)
                0x00000000080058c0                __swbuf_r
 .text.__swsetup_r
                0x0000000008005964       0xdc /usr/local/Cellar/gcc-arm-none-eabi/20180627/bin/../lib/gcc/arm-none-eabi/7.3.1/../../../../arm-none-eabi/lib/thumb/v7e-m/fpv4-sp/softfp/libc_nano.a(lib_a-wsetup.o)
                0x0000000008005964                __swsetup_r
 .text.__sflush_r
                0x0000000008005a40      0x10c /usr/local/Cellar/gcc-arm-none-eabi/20180627/bin/../lib/gcc/arm-none-eabi/7.3.1/../../../../arm-none-eabi/lib/thumb/v7e-m/fpv4-sp/softfp/libc_nano.a(lib_a-fflush.o)
                0x0000000008005a40                __sflush_r
 .text._fflush_r
                0x0000000008005b4c       0x54 /usr/local/Cellar/gcc-arm-none-eabi/20180627/bin/../lib/gcc/arm-none-eabi/7.3.1/../../../../arm-none-eabi/lib/thumb/v7e-m/fpv4-sp/softfp/libc_nano.a(lib_a-fflush.o)
                0x0000000008005b4c                _fflush_r
 .text.std      0x0000000008005ba0       0x48 /usr/local/Cellar/gcc-arm-none-eabi/20180627/bin/../lib/gcc/arm-none-eabi/7.3.1/../../../../arm-none-eabi/lib/thumb/v7e-m/fpv4-sp/softfp/libc_nano.a(lib_a-findfp.o)
 .text._cleanup_r
                0x0000000008005be8        0xc /usr/local/Cellar/gcc-arm-none-eabi/20180627/bin/../lib/gcc/arm-none-eabi/7.3.1/../../../../arm-none-eabi/lib/thumb/v7e-m/fpv4-sp/softfp/libc_nano.a(lib_a-findfp.o)
                0x0000000008005be8                _cleanup_r
 .text.__sfmoreglue
                0x0000000008005bf4       0x2c /usr/local/Cellar/gcc-arm-none-eabi/20180627/bin/../lib/gcc/arm-none-eabi/7.3.1/../../../../arm-none-eabi/lib/thumb/v7e-m/fpv4-sp/softfp/libc_nano.a(lib_a-findfp.o)
                0x0000000008005bf4                __sfmoreglue
 .text.__sinit  0x0000000008005c20       0x60 /usr/local/Cellar/gcc-arm-none-eabi/20180627/bin/../lib/gcc/arm-none-eabi/7.3.1/../../../../arm-none-eabi/lib/thumb/v7e-m/fpv4-sp/softfp/libc_nano.a(lib_a-findfp.o)
                0x0000000008005c20                __sinit
 .text.__sfp    0x0000000008005c80       0x78 /usr/local/Cellar/gcc-arm-none-eabi/20180627/bin/../lib/gcc/arm-none-eabi/7.3.1/../../../../arm-none-eabi/lib/thumb/v7e-m/fpv4-sp/softfp/libc_nano.a(lib_a-findfp.o)
                0x0000000008005c80                __sfp
 .text._fwalk_reent
                0x0000000008005cf8       0x3c /usr/local/Cellar/gcc-arm-none-eabi/20180627/bin/../lib/gcc/arm-none-eabi/7.3.1/../../../../arm-none-eabi/lib/thumb/v7e-m/fpv4-sp/softfp/libc_nano.a(lib_a-fwalk.o)
                0x0000000008005cf8                _fwalk_reent
 .text.__swhatbuf_r
                0x0000000008005d34       0x48 /usr/local/Cellar/gcc-arm-none-eabi/20180627/bin/../lib/gcc/arm-none-eabi/7.3.1/../../../../arm-none-eabi/lib/thumb/v7e-m/fpv4-sp/softfp/libc_nano.a(lib_a-makebuf.o)
                0x0000000008005d34                __swhatbuf_r
 .text.__smakebuf_r
                0x0000000008005d7c       0x80 /usr/local/Cellar/gcc-arm-none-eabi/20180627/bin/../lib/gcc/arm-none-eabi/7.3.1/../../../../arm-none-eabi/lib/thumb/v7e-m/fpv4-sp/softfp/libc_nano.a(lib_a-makebuf.o)
                0x0000000008005d7c                __smakebuf_r
 .text._free_r  0x0000000008005dfc       0x9c /usr/local/Cellar/gcc-arm-none-eabi/20180627/bin/../lib/gcc/arm-none-eabi/7.3.1/../../../../arm-none-eabi/lib/thumb/v7e-m/fpv4-sp/softfp/libc_nano.a(lib_a-nano-freer.o)
                0x0000000008005dfc                _free_r
 .text._malloc_r
                0x0000000008005e98       0xb4 /usr/local/Cellar/gcc-arm-none-eabi/20180627/bin/../lib/gcc/arm-none-eabi/7.3.1/../../../../arm-none-eabi/lib/thumb/v7e-m/fpv4-sp/softfp/libc_nano.a(lib_a-nano-mallocr.o)
                0x0000000008005e98                _malloc_r
 .text._realloc_r
                0x0000000008005f4c       0x4c /usr/local/Cellar/gcc-arm-none-eabi/20180627/bin/../lib/gcc/arm-none-eabi/7.3.1/../../../../arm-none-eabi/lib/thumb/v7e-m/fpv4-sp/softfp/libc_nano.a(lib_a-nano-reallocr.o)
                0x0000000008005f4c                _realloc_r
 .text.__ssputs_r
                0x0000000008005f98       0xb4 /usr/local/Cellar/gcc-arm-none-eabi/20180627/bin/../lib/gcc/arm-none-eabi/7.3.1/../../../../arm-none-eabi/lib/thumb/v7e-m/fpv4-sp/softfp/libc_nano.a(lib_a-nano-svfprintf.o)
                0x0000000008005f98                __ssputs_r
 .text._svfprintf_r
                0x000000000800604c      0x1f0 /usr/local/Cellar/gcc-arm-none-eabi/20180627/bin/../lib/gcc/arm-none-eabi/7.3.1/../../../../arm-none-eabi/lib/thumb/v7e-m/fpv4-sp/softfp/libc_nano.a(lib_a-nano-svfprintf.o)
                0x000000000800604c                _svfprintf_r
                0x000000000800604c                _svfiprintf_r
 .text.__sfputc_r
                0x000000000800623c       0x2e /usr/local/Cellar/gcc-arm-none-eabi/20180627/bin/../lib/gcc/arm-none-eabi/7.3.1/../../../../arm-none-eabi/lib/thumb/v7e-m/fpv4-sp/softfp/libc_nano.a(lib_a-nano-vfprintf.o)
 .text.__sfputs_r
                0x000000000800626a       0x24 /usr/local/Cellar/gcc-arm-none-eabi/20180627/bin/../lib/gcc/arm-none-eabi/7.3.1/../../../../arm-none-eabi/lib/thumb/v7e-m/fpv4-sp/softfp/libc_nano.a(lib_a-nano-vfprintf.o)
                0x000000000800626a                __sfputs_r
 *fill*         0x000000000800628e        0x2 
 .text._vfprintf_r
                0x0000000008006290      0x22c /usr/local/Cellar/gcc-arm-none-eabi/20180627/bin/../lib/gcc/arm-none-eabi/7.3.1/../../../../arm-none-eabi/lib/thumb/v7e-m/fpv4-sp/softfp/libc_nano.a(lib_a-nano-vfprintf.o)
                0x0000000008006290                _vfiprintf_r
                0x0000000008006290                _vfprintf_r
 .text._printf_common
                0x00000000080064bc       0xea /usr/local/Cellar/gcc-arm-none-eabi/20180627/bin/../lib/gcc/arm-none-eabi/7.3.1/../../../../arm-none-eabi/lib/thumb/v7e-m/fpv4-sp/softfp/libc_nano.a(lib_a-nano-vfprintf_i.o)
                0x00000000080064bc                _printf_common
 *fill*         0x00000000080065a6        0x2 
 .text._printf_i
                0x00000000080065a8      0x224 /usr/local/Cellar/gcc-arm-none-eabi/20180627/bin/../lib/gcc/arm-none-eabi/7.3.1/../../../../arm-none-eabi/lib/thumb/v7e-m/fpv4-sp/softfp/libc_nano.a(lib_a-nano-vfprintf_i.o)
                0x00000000080065a8                _printf_i
 .text._sbrk_r  0x00000000080067cc       0x20 /usr/local/Cellar/gcc-arm-none-eabi/20180627/bin/../lib/gcc/arm-none-eabi/7.3.1/../../../../arm-none-eabi/lib/thumb/v7e-m/fpv4-sp/softfp/libc_nano.a(lib_a-sbrkr.o)
                0x00000000080067cc                _sbrk_r
 .text.__sread  0x00000000080067ec       0x22 /usr/local/Cellar/gcc-arm-none-eabi/20180627/bin/../lib/gcc/arm-none-eabi/7.3.1/../../../../arm-none-eabi/lib/thumb/v7e-m/fpv4-sp/softfp/libc_nano.a(lib_a-stdio.o)
                0x00000000080067ec                __sread
 .text.__swrite
                0x000000000800680e       0x38 /usr/local/Cellar/gcc-arm-none-eabi/20180627/bin/../lib/gcc/arm-none-eabi/7.3.1/../../../../arm-none-eabi/lib/thumb/v7e-m/fpv4-sp/softfp/libc_nano.a(lib_a-stdio.o)
                0x000000000800680e                __swrite
 .text.__sseek  0x0000000008006846       0x24 /usr/local/Cellar/gcc-arm-none-eabi/20180627/bin/../lib/gcc/arm-none-eabi/7.3.1/../../../../arm-none-eabi/lib/thumb/v7e-m/fpv4-sp/softfp/libc_nano.a(lib_a-stdio.o)
                0x0000000008006846                __sseek
 .text.__sclose
                0x000000000800686a        0x8 /usr/local/Cellar/gcc-arm-none-eabi/20180627/bin/../lib/gcc/arm-none-eabi/7.3.1/../../../../arm-none-eabi/lib/thumb/v7e-m/fpv4-sp/softfp/libc_nano.a(lib_a-stdio.o)
                0x000000000800686a                __sclose
 *fill*         0x0000000008006872        0x2 
 .text._write_r
                0x0000000008006874       0x24 /usr/local/Cellar/gcc-arm-none-eabi/20180627/bin/../lib/gcc/arm-none-eabi/7.3.1/../../../../arm-none-eabi/lib/thumb/v7e-m/fpv4-sp/softfp/libc_nano.a(lib_a-writer.o)
                0x0000000008006874                _write_r
 .text._close_r
                0x0000000008006898       0x20 /usr/local/Cellar/gcc-arm-none-eabi/20180627/bin/../lib/gcc/arm-none-eabi/7.3.1/../../../../arm-none-eabi/lib/thumb/v7e-m/fpv4-sp/softfp/libc_nano.a(lib_a-closer.o)
                0x0000000008006898                _close_r
 .text._fstat_r
                0x00000000080068b8       0x24 /usr/local/Cellar/gcc-arm-none-eabi/20180627/bin/../lib/gcc/arm-none-eabi/7.3.1/../../../../arm-none-eabi/lib/thumb/v7e-m/fpv4-sp/softfp/libc_nano.a(lib_a-fstatr.o)
                0x00000000080068b8                _fstat_r
 .text._isatty_r
                0x00000000080068dc       0x20 /usr/local/Cellar/gcc-arm-none-eabi/20180627/bin/../lib/gcc/arm-none-eabi/7.3.1/../../../../arm-none-eabi/lib/thumb/v7e-m/fpv4-sp/softfp/libc_nano.a(lib_a-isattyr.o)
                0x00000000080068dc                _isatty_r
 .text._lseek_r
                0x00000000080068fc       0x24 /usr/local/Cellar/gcc-arm-none-eabi/20180627/bin/../lib/gcc/arm-none-eabi/7.3.1/../../../../arm-none-eabi/lib/thumb/v7e-m/fpv4-sp/softfp/libc_nano.a(lib_a-lseekr.o)
                0x00000000080068fc                _lseek_r
 .text.memmove  0x0000000008006920       0x32 /usr/local/Cellar/gcc-arm-none-eabi/20180627/bin/../lib/gcc/arm-none-eabi/7.3.1/../../../../arm-none-eabi/lib/thumb/v7e-m/fpv4-sp/softfp/libc_nano.a(lib_a-memmove.o)
                0x0000000008006920                memmove
 .text.__malloc_lock
                0x0000000008006952        0x2 /usr/local/Cellar/gcc-arm-none-eabi/20180627/bin/../lib/gcc/arm-none-eabi/7.3.1/../../../../arm-none-eabi/lib/thumb/v7e-m/fpv4-sp/softfp/libc_nano.a(lib_a-mlock.o)
                0x0000000008006952                __malloc_lock
 .text.__malloc_unlock
                0x0000000008006954        0x2 /usr/local/Cellar/gcc-arm-none-eabi/20180627/bin/../lib/gcc/arm-none-eabi/7.3.1/../../../../arm-none-eabi/lib/thumb/v7e-m/fpv4-sp/softfp/libc_nano.a(lib_a-mlock.o)
                0x0000000008006954                __malloc_unlock
 .text._malloc_usable_size_r
                0x0000000008006956       0x10 /usr/local/Cellar/gcc-arm-none-eabi/20180627/bin/../lib/gcc/arm-none-eabi/7.3.1/../../../../arm-none-eabi/lib/thumb/v7e-m/fpv4-sp/softfp/libc_nano.a(lib_a-nano-msizer.o)
                0x0000000008006956                _malloc_usable_size_r
 *fill*         0x0000000008006966        0x2 
 .text._read_r  0x0000000008006968       0x24 /usr/local/Cellar/gcc-arm-none-eabi/20180627/bin/../lib/gcc/arm-none-eabi/7.3.1/../../../../arm-none-eabi/lib/thumb/v7e-m/fpv4-sp/softfp/libc_nano.a(lib_a-readr.o)
                0x0000000008006968                _read_r
 .text._close   0x000000000800698c       0x10 /usr/local/Cellar/gcc-arm-none-eabi/20180627/bin/../lib/gcc/arm-none-eabi/7.3.1/../../../../arm-none-eabi/lib/thumb/v7e-m/fpv4-sp/softfp/libnosys.a(close.o)
                0x000000000800698c                _close
 .text._fstat   0x000000000800699c       0x10 /usr/local/Cellar/gcc-arm-none-eabi/20180627/bin/../lib/gcc/arm-none-eabi/7.3.1/../../../../arm-none-eabi/lib/thumb/v7e-m/fpv4-sp/softfp/libnosys.a(fstat.o)
                0x000000000800699c                _fstat
 .text._isatty  0x00000000080069ac       0x10 /usr/local/Cellar/gcc-arm-none-eabi/20180627/bin/../lib/gcc/arm-none-eabi/7.3.1/../../../../arm-none-eabi/lib/thumb/v7e-m/fpv4-sp/softfp/libnosys.a(isatty.o)
                0x00000000080069ac                _isatty
 .text._lseek   0x00000000080069bc       0x10 /usr/local/Cellar/gcc-arm-none-eabi/20180627/bin/../lib/gcc/arm-none-eabi/7.3.1/../../../../arm-none-eabi/lib/thumb/v7e-m/fpv4-sp/softfp/libnosys.a(lseek.o)
                0x00000000080069bc                _lseek
 .text._read    0x00000000080069cc       0x10 /usr/local/Cellar/gcc-arm-none-eabi/20180627/bin/../lib/gcc/arm-none-eabi/7.3.1/../../../../arm-none-eabi/lib/thumb/v7e-m/fpv4-sp/softfp/libnosys.a(read.o)
                0x00000000080069cc                _read
 .text._sbrk    0x00000000080069dc       0x1c /usr/local/Cellar/gcc-arm-none-eabi/20180627/bin/../lib/gcc/arm-none-eabi/7.3.1/../../../../arm-none-eabi/lib/thumb/v7e-m/fpv4-sp/softfp/libnosys.a(sbrk.o)
                0x00000000080069dc                _sbrk
 .text._exit    0x00000000080069f8        0x4 /usr/local/Cellar/gcc-arm-none-eabi/20180627/bin/../lib/gcc/arm-none-eabi/7.3.1/../../../../arm-none-eabi/lib/thumb/v7e-m/fpv4-sp/softfp/libnosys.a(_exit.o)
                0x00000000080069f8                _exit
 .text.abort    0x00000000080069fc        0xe /usr/local/Cellar/gcc-arm-none-eabi/20180627/bin/../lib/gcc/arm-none-eabi/7.3.1/../../../../arm-none-eabi/lib/thumb/v7e-m/fpv4-sp/softfp/libc_nano.a(lib_a-abort.o)
                0x00000000080069fc                abort
 .text._raise_r
                0x0000000008006a0a       0x50 /usr/local/Cellar/gcc-arm-none-eabi/20180627/bin/../lib/gcc/arm-none-eabi/7.3.1/../../../../arm-none-eabi/lib/thumb/v7e-m/fpv4-sp/softfp/libc_nano.a(lib_a-signal.o)
                0x0000000008006a0a                _raise_r
 *fill*         0x0000000008006a5a        0x2 
 .text.raise    0x0000000008006a5c       0x10 /usr/local/Cellar/gcc-arm-none-eabi/20180627/bin/../lib/gcc/arm-none-eabi/7.3.1/../../../../arm-none-eabi/lib/thumb/v7e-m/fpv4-sp/softfp/libc_nano.a(lib_a-signal.o)
                0x0000000008006a5c                raise
 .text._kill_r  0x0000000008006a6c       0x24 /usr/local/Cellar/gcc-arm-none-eabi/20180627/bin/../lib/gcc/arm-none-eabi/7.3.1/../../../../arm-none-eabi/lib/thumb/v7e-m/fpv4-sp/softfp/libc_nano.a(lib_a-signalr.o)
                0x0000000008006a6c                _kill_r
 .text._getpid_r
                0x0000000008006a90        0x4 /usr/local/Cellar/gcc-arm-none-eabi/20180627/bin/../lib/gcc/arm-none-eabi/7.3.1/../../../../arm-none-eabi/lib/thumb/v7e-m/fpv4-sp/softfp/libc_nano.a(lib_a-signalr.o)
                0x0000000008006a90                _getpid_r
 .text._getpid  0x0000000008006a94       0x10 /usr/local/Cellar/gcc-arm-none-eabi/20180627/bin/../lib/gcc/arm-none-eabi/7.3.1/../../../../arm-none-eabi/lib/thumb/v7e-m/fpv4-sp/softfp/libnosys.a(getpid.o)
                0x0000000008006a94                _getpid
 .text._kill    0x0000000008006aa4       0x10 /usr/local/Cellar/gcc-arm-none-eabi/20180627/bin/../lib/gcc/arm-none-eabi/7.3.1/../../../../arm-none-eabi/lib/thumb/v7e-m/fpv4-sp/softfp/libnosys.a(kill.o)
                0x0000000008006aa4                _kill
 *(.rodata)
 .rodata        0x0000000008006ab4       0x14 build/spin_task.o
 .rodata        0x0000000008006ac8       0x14 build/subscribe_task.o
 .rodata        0x0000000008006adc       0x14 build/publish_task.o
 *(.rodata*)
 .rodata.prvCheckForValidListAndQueue.str1.4
                0x0000000008006af0        0x5 build/timers.o
 *fill*         0x0000000008006af5        0x3 
 .rodata.xTimerCreateTimerTask.str1.4
                0x0000000008006af8        0x8 build/timers.o
 .rodata.vTaskStartScheduler.str1.4
                0x0000000008006b00        0x5 build/tasks.o
 *fill*         0x0000000008006b05        0x3 
 .rodata.HardFault_Handler.str1.4
                0x0000000008006b08       0x2a build/at32f4xx_it.o
 *fill*         0x0000000008006b32        0x2 
 .rodata._ZTVN8std_msgs4TimeE
                0x0000000008006b34       0x18 build/main.o
                0x0000000008006b34                vtable for std_msgs::Time
 .rodata._ZTVN14rosserial_msgs9TopicInfoE
                0x0000000008006b4c       0x18 build/main.o
                0x0000000008006b4c                vtable for rosserial_msgs::TopicInfo
 .rodata._ZTVN14rosserial_msgs3LogE
                0x0000000008006b64       0x18 build/main.o
                0x0000000008006b64                vtable for rosserial_msgs::Log
 .rodata._ZTVN14rosserial_msgs20RequestParamResponseE
                0x0000000008006b7c       0x18 build/main.o
                0x0000000008006b7c                vtable for rosserial_msgs::RequestParamResponse
 .rodata._ZTVN3ros11NodeHandle_I13STM32HardwareLi5ELi5ELi512ELi512EEE
                0x0000000008006b94       0x14 build/main.o
                0x0000000008006b94                vtable for ros::NodeHandle_<STM32Hardware, 5, 5, 512, 512>
 .rodata._ZN14rosserial_msgs20RequestParamResponse6getMD5Ev.str1.4
                0x0000000008006ba8       0x21 build/main.o
 *fill*         0x0000000008006bc9        0x3 
 .rodata._ZN14rosserial_msgs3Log6getMD5Ev.str1.4
                0x0000000008006bcc       0x21 build/main.o
 *fill*         0x0000000008006bed        0x3 
 .rodata._ZN14rosserial_msgs3Log7getTypeEv.str1.4
                0x0000000008006bf0       0x13 build/main.o
 *fill*         0x0000000008006c03        0x1 
 .rodata._ZN14rosserial_msgs9TopicInfo6getMD5Ev.str1.4
                0x0000000008006c04       0x21 build/main.o
 *fill*         0x0000000008006c25        0x3 
 .rodata._ZN14rosserial_msgs9TopicInfo7getTypeEv.str1.4
                0x0000000008006c28       0x19 build/main.o
 *fill*         0x0000000008006c41        0x3 
 .rodata._ZN14rosserial_msgsL12REQUESTPARAME
                0x0000000008006c44       0x1c build/main.o
 .rodata._ZN3ros11NodeHandle_I13STM32HardwareLi5ELi5ELi512ELi512EE15negotiateTopicsEv.str1.4
                0x0000000008006c60       0x35 build/main.o
 *fill*         0x0000000008006c95        0x3 
 .rodata._ZN3ros11NodeHandle_I13STM32HardwareLi5ELi5ELi512ELi512EE8publish1EiPKNS_3MsgE.str1.4
                0x0000000008006c98       0x39 build/main.o
 *fill*         0x0000000008006cd1        0x3 
 .rodata._ZN8std_msgs4Time6getMD5Ev.str1.4
                0x0000000008006cd4       0x21 build/main.o
 *fill*         0x0000000008006cf5        0x3 
 .rodata._ZN8std_msgs4Time7getTypeEv.str1.4
                0x0000000008006cf8        0xe build/main.o
 *fill*         0x0000000008006d06        0x2 
 .rodata.vApplicationMallocFailedHook.str1.4
                0x0000000008006d08       0x14 build/main.o
 .rodata.vApplicationStackOverflowHook.str1.4
                0x0000000008006d1c       0x1d build/main.o
 .rodata._Z19ROS_SpinTaskHandlerPKv.str1.4
                0x0000000008006d39       0x35 build/spin_task.o
 .rodata._ZN3ros11NodeHandle_I13STM32HardwareLi5ELi5ELi512ELi512EE8publish1EiPKNS_3MsgE.str1.4
                0x0000000008006d39       0x39 build/spin_task.o
 *fill*         0x0000000008006d39        0x3 
 .rodata.str1.4
                0x0000000008006d3c        0xd build/spin_task.o
 *fill*         0x0000000008006d49        0x3 
 .rodata._ZTVN8std_msgs6UInt16E
                0x0000000008006d4c       0x18 build/subscribe_task.o
                0x0000000008006d4c                vtable for std_msgs::UInt16
 .rodata._ZTVN3ros10SubscriberIN8std_msgs6UInt16EvEE
                0x0000000008006d64       0x18 build/subscribe_task.o
                0x0000000008006d64                vtable for ros::Subscriber<std_msgs::UInt16, void>
 .rodata._Z41__static_initialization_and_destruction_0ii.str1.4
                0x0000000008006d7c        0x4 build/subscribe_task.o
 .rodata._ZN8std_msgs6UInt166getMD5Ev.str1.4
                0x0000000008006d7c       0x21 build/subscribe_task.o
 .rodata._ZN8std_msgs6UInt167getTypeEv.str1.4
                0x0000000008006d7c       0x10 build/subscribe_task.o
 .rodata.str1.4
                0x0000000008006d7c       0x12 build/subscribe_task.o
 *fill*         0x0000000008006d8e        0x2 
 .rodata._ZTVN8std_msgs6StringE
                0x0000000008006d90       0x18 build/publish_task.o
                0x0000000008006d90                vtable for std_msgs::String
 .rodata._Z23ROS_PublisheTaskHandlerPKv.str1.4
                0x0000000008006da8       0x1a build/publish_task.o
 .rodata._ZN3ros11NodeHandle_I13STM32HardwareLi5ELi5ELi512ELi512EE8publish1EiPKNS_3MsgE.str1.4
                0x0000000008006dc2       0x39 build/publish_task.o
 *fill*         0x0000000008006dc2        0x2 
 .rodata._ZN8std_msgs6String6getMD5Ev.str1.4
                0x0000000008006dc4       0x21 build/publish_task.o
 *fill*         0x0000000008006de5        0x3 
 .rodata._ZN8std_msgs6String7getTypeEv.str1.4
                0x0000000008006de8       0x10 build/publish_task.o
 .rodata.str1.4
                0x0000000008006df8       0x14 build/publish_task.o
                                         0x12 (size before relaxing)
 .rodata._global_impure_ptr
                0x0000000008006e0c        0x4 /usr/local/Cellar/gcc-arm-none-eabi/20180627/bin/../lib/gcc/arm-none-eabi/7.3.1/../../../../arm-none-eabi/lib/thumb/v7e-m/fpv4-sp/softfp/libc_nano.a(lib_a-impure.o)
                0x0000000008006e0c                _global_impure_ptr
 .rodata.__sf_fake_stderr
                0x0000000008006e10       0x20 /usr/local/Cellar/gcc-arm-none-eabi/20180627/bin/../lib/gcc/arm-none-eabi/7.3.1/../../../../arm-none-eabi/lib/thumb/v7e-m/fpv4-sp/softfp/libc_nano.a(lib_a-findfp.o)
                0x0000000008006e10                __sf_fake_stderr
 .rodata.__sf_fake_stdin
                0x0000000008006e30       0x20 /usr/local/Cellar/gcc-arm-none-eabi/20180627/bin/../lib/gcc/arm-none-eabi/7.3.1/../../../../arm-none-eabi/lib/thumb/v7e-m/fpv4-sp/softfp/libc_nano.a(lib_a-findfp.o)
                0x0000000008006e30                __sf_fake_stdin
 .rodata.__sf_fake_stdout
                0x0000000008006e50       0x20 /usr/local/Cellar/gcc-arm-none-eabi/20180627/bin/../lib/gcc/arm-none-eabi/7.3.1/../../../../arm-none-eabi/lib/thumb/v7e-m/fpv4-sp/softfp/libc_nano.a(lib_a-findfp.o)
                0x0000000008006e50                __sf_fake_stdout
 .rodata._svfprintf_r.str1.1
                0x0000000008006e70       0x11 /usr/local/Cellar/gcc-arm-none-eabi/20180627/bin/../lib/gcc/arm-none-eabi/7.3.1/../../../../arm-none-eabi/lib/thumb/v7e-m/fpv4-sp/softfp/libc_nano.a(lib_a-nano-svfprintf.o)
 .rodata._vfprintf_r.str1.1
                0x0000000008006e81       0x11 /usr/local/Cellar/gcc-arm-none-eabi/20180627/bin/../lib/gcc/arm-none-eabi/7.3.1/../../../../arm-none-eabi/lib/thumb/v7e-m/fpv4-sp/softfp/libc_nano.a(lib_a-nano-vfprintf.o)
 .rodata._printf_i.str1.1
                0x0000000008006e81       0x22 /usr/local/Cellar/gcc-arm-none-eabi/20180627/bin/../lib/gcc/arm-none-eabi/7.3.1/../../../../arm-none-eabi/lib/thumb/v7e-m/fpv4-sp/softfp/libc_nano.a(lib_a-nano-vfprintf_i.o)
 *(.glue_7)
 .glue_7        0x0000000008006ea3        0x0 linker stubs
 *(.glue_7t)
 .glue_7t       0x0000000008006ea3        0x0 linker stubs
 *(.eh_frame)
 *fill*         0x0000000008006ea3        0x1 
 .eh_frame      0x0000000008006ea4        0x0 /usr/local/Cellar/gcc-arm-none-eabi/20180627/bin/../lib/gcc/arm-none-eabi/7.3.1/thumb/v7e-m/fpv4-sp/softfp/crtbegin.o
 *(.init)
 .init          0x0000000008006ea4        0x4 /usr/local/Cellar/gcc-arm-none-eabi/20180627/bin/../lib/gcc/arm-none-eabi/7.3.1/thumb/v7e-m/fpv4-sp/softfp/crti.o
                0x0000000008006ea4                _init
 .init          0x0000000008006ea8        0x8 /usr/local/Cellar/gcc-arm-none-eabi/20180627/bin/../lib/gcc/arm-none-eabi/7.3.1/thumb/v7e-m/fpv4-sp/softfp/crtn.o
 *(.fini)
 .fini          0x0000000008006eb0        0x4 /usr/local/Cellar/gcc-arm-none-eabi/20180627/bin/../lib/gcc/arm-none-eabi/7.3.1/thumb/v7e-m/fpv4-sp/softfp/crti.o
                0x0000000008006eb0                _fini
 .fini          0x0000000008006eb4        0x8 /usr/local/Cellar/gcc-arm-none-eabi/20180627/bin/../lib/gcc/arm-none-eabi/7.3.1/thumb/v7e-m/fpv4-sp/softfp/crtn.o
                0x0000000008006ebc                . = ALIGN (0x4)
                0x0000000008006ebc                _etext = .

.vfp11_veneer   0x0000000008006ebc        0x0
 .vfp11_veneer  0x0000000008006ebc        0x0 linker stubs

.v4_bx          0x0000000008006ebc        0x0
 .v4_bx         0x0000000008006ebc        0x0 linker stubs

.iplt           0x0000000008006ebc        0x0
 .iplt          0x0000000008006ebc        0x0 /usr/local/Cellar/gcc-arm-none-eabi/20180627/bin/../lib/gcc/arm-none-eabi/7.3.1/thumb/v7e-m/fpv4-sp/softfp/crtbegin.o

.ARM.extab      0x0000000008006ebc       0x60
 *(.ARM.extab* .gnu.linkonce.armextab.*)
 .ARM.extab.text._ZNK8std_msgs4Time9serializeEPh
                0x0000000008006ebc        0x0 build/main.o
 .ARM.extab.text._ZN8std_msgs4Time11deserializeEPh
                0x0000000008006ebc        0x0 build/main.o
 .ARM.extab.text._ZN8std_msgs4Time7getTypeEv
                0x0000000008006ebc        0x0 build/main.o
 .ARM.extab.text._ZN8std_msgs4Time6getMD5Ev
                0x0000000008006ebc        0x0 build/main.o
 .ARM.extab.text._ZN14rosserial_msgs9TopicInfo11deserializeEPh
                0x0000000008006ebc        0x0 build/main.o
 .ARM.extab.text._ZN14rosserial_msgs9TopicInfo7getTypeEv
                0x0000000008006ebc        0x0 build/main.o
 .ARM.extab.text._ZN14rosserial_msgs9TopicInfo6getMD5Ev
                0x0000000008006ebc        0x0 build/main.o
 .ARM.extab.text._ZN14rosserial_msgs3Log11deserializeEPh
                0x0000000008006ebc        0x0 build/main.o
 .ARM.extab.text._ZN14rosserial_msgs3Log7getTypeEv
                0x0000000008006ebc        0x0 build/main.o
 .ARM.extab.text._ZN14rosserial_msgs3Log6getMD5Ev
                0x0000000008006ebc        0x0 build/main.o
 .ARM.extab.text._ZN14rosserial_msgs20RequestParamResponse7getTypeEv
                0x0000000008006ebc        0x0 build/main.o
 .ARM.extab.text._ZN14rosserial_msgs20RequestParamResponse6getMD5Ev
                0x0000000008006ebc        0x0 build/main.o
 .ARM.extab.text._ZN3ros11NodeHandle_I13STM32HardwareLi5ELi5ELi512ELi512EE9connectedEv
                0x0000000008006ebc        0x0 build/main.o
 .ARM.extab.text._ZNK14rosserial_msgs9TopicInfo9serializeEPh
                0x0000000008006ebc        0x0 build/main.o
 .ARM.extab.text._ZNK14rosserial_msgs3Log9serializeEPh
                0x0000000008006ebc        0x0 build/main.o
 .ARM.extab.text._ZNK14rosserial_msgs20RequestParamResponse9serializeEPh
                0x0000000008006ebc        0x0 build/main.o
 .ARM.extab.text._ZN14rosserial_msgs20RequestParamResponse11deserializeEPh
                0x0000000008006ebc        0x0 build/main.o
 .ARM.extab.text.main
                0x0000000008006ebc        0xc build/main.o
 .ARM.extab.text.vApplicationMallocFailedHook
                0x0000000008006ec8        0xc build/main.o
 .ARM.extab.text.vApplicationStackOverflowHook
                0x0000000008006ed4        0xc build/main.o
 .ARM.extab.text._ZN3ros11NodeHandle_I13STM32HardwareLi5ELi5ELi512ELi512EE8publish1EiPKNS_3MsgE
                0x0000000008006ee0        0x0 build/main.o
 .ARM.extab.text._ZN3ros11NodeHandle_I13STM32HardwareLi5ELi5ELi512ELi512EE7publishEiPKNS_3MsgE
                0x0000000008006ee0        0x0 build/main.o
 .ARM.extab.text._ZN3ros11NodeHandle_I13STM32HardwareLi5ELi5ELi512ELi512EE15requestSyncTimeEv
                0x0000000008006ee0        0x0 build/main.o
 .ARM.extab.text._ZN3ros11NodeHandle_I13STM32HardwareLi5ELi5ELi512ELi512EE15negotiateTopicsEv
                0x0000000008006ee0        0x0 build/main.o
 .ARM.extab.text._ZN3ros11NodeHandle_I13STM32HardwareLi5ELi5ELi512ELi512EE8spinOnceEv
                0x0000000008006ee0        0x0 build/main.o
 .ARM.extab.text._ZNK8std_msgs6UInt169serializeEPh
                0x0000000008006ee0        0x0 build/subscribe_task.o
 .ARM.extab.text._ZN8std_msgs6UInt1611deserializeEPh
                0x0000000008006ee0        0x0 build/subscribe_task.o
 .ARM.extab.text._ZN8std_msgs6UInt167getTypeEv
                0x0000000008006ee0        0x0 build/subscribe_task.o
 .ARM.extab.text._ZN8std_msgs6UInt166getMD5Ev
                0x0000000008006ee0        0x0 build/subscribe_task.o
 .ARM.extab.text._ZN3ros10SubscriberIN8std_msgs6UInt16EvE8callbackEPh
                0x0000000008006ee0        0xc build/subscribe_task.o
 .ARM.extab.text._ZN3ros10SubscriberIN8std_msgs6UInt16EvE15getEndpointTypeEv
                0x0000000008006eec        0x0 build/subscribe_task.o
 .ARM.extab.text._ZN3ros10SubscriberIN8std_msgs6UInt16EvE10getMsgTypeEv
                0x0000000008006eec        0x0 build/subscribe_task.o
 .ARM.extab.text._ZN3ros10SubscriberIN8std_msgs6UInt16EvE9getMsgMD5Ev
                0x0000000008006eec        0x0 build/subscribe_task.o
 .ARM.extab.text._Z6led_cbPh
                0x0000000008006eec        0xc build/subscribe_task.o
 .ARM.extab.text._Z24ROS_SubscribeTaskHandlerPKv
                0x0000000008006ef8        0xc build/subscribe_task.o
 .ARM.extab.text._ZN8std_msgs6String11deserializeEPh
                0x0000000008006f04        0x0 build/publish_task.o
 .ARM.extab.text._ZN8std_msgs6String7getTypeEv
                0x0000000008006f04        0x0 build/publish_task.o
 .ARM.extab.text._ZN8std_msgs6String6getMD5Ev
                0x0000000008006f04        0x0 build/publish_task.o
 .ARM.extab.text._ZNK8std_msgs6String9serializeEPh
                0x0000000008006f04        0x0 build/publish_task.o
 .ARM.extab     0x0000000008006f04       0x18 /usr/local/Cellar/gcc-arm-none-eabi/20180627/bin/../lib/gcc/arm-none-eabi/7.3.1/thumb/v7e-m/fpv4-sp/softfp/libgcc.a(pr-support.o)

.ARM            0x0000000008006f1c      0x160
                0x0000000008006f1c                __exidx_start = .
 *(.ARM.exidx*)
 .ARM.exidx.text._ZNK8std_msgs4Time9serializeEPh
                0x0000000008006fd4        0x0 build/main.o
                                          0x8 (size before relaxing)
 .ARM.exidx.text._ZN8std_msgs4Time11deserializeEPh
                0x0000000008006fd4        0x0 build/main.o
                                          0x8 (size before relaxing)
 .ARM.exidx.text._ZN8std_msgs4Time7getTypeEv
                0x0000000008006fd4        0x0 build/main.o
                                          0x8 (size before relaxing)
 .ARM.exidx.text._ZN8std_msgs4Time6getMD5Ev
                0x0000000008006fd4        0x0 build/main.o
                                          0x8 (size before relaxing)
 .ARM.exidx.text._ZN14rosserial_msgs9TopicInfo11deserializeEPh
                0x0000000008006fd4        0x0 build/main.o
                                          0x8 (size before relaxing)
 .ARM.exidx.text._ZN14rosserial_msgs9TopicInfo7getTypeEv
                0x0000000008006fd4        0x0 build/main.o
                                          0x8 (size before relaxing)
 .ARM.exidx.text._ZN14rosserial_msgs9TopicInfo6getMD5Ev
                0x0000000008006fd4        0x0 build/main.o
                                          0x8 (size before relaxing)
 .ARM.exidx.text._ZN14rosserial_msgs3Log11deserializeEPh
                0x0000000008006fd4        0x0 build/main.o
                                          0x8 (size before relaxing)
 .ARM.exidx.text._ZN14rosserial_msgs3Log7getTypeEv
                0x0000000008006fd4        0x0 build/main.o
                                          0x8 (size before relaxing)
 .ARM.exidx.text._ZN14rosserial_msgs3Log6getMD5Ev
                0x0000000008006fd4        0x0 build/main.o
                                          0x8 (size before relaxing)
 .ARM.exidx.text._ZN14rosserial_msgs20RequestParamResponse7getTypeEv
                0x0000000008006fd4        0x0 build/main.o
                                          0x8 (size before relaxing)
 .ARM.exidx.text._ZN14rosserial_msgs20RequestParamResponse6getMD5Ev
                0x0000000008006fd4        0x0 build/main.o
                                          0x8 (size before relaxing)
 .ARM.exidx.text._Z41__static_initialization_and_destruction_0ii
                0x0000000008006fd4        0x0 build/main.o
                                          0x8 (size before relaxing)
 .ARM.exidx.text._ZN3ros11NodeHandle_I13STM32HardwareLi5ELi5ELi512ELi512EE9connectedEv
                0x0000000008006fd4        0x0 build/main.o
                                          0x8 (size before relaxing)
 .ARM.exidx.text._ZNK14rosserial_msgs9TopicInfo9serializeEPh
                0x0000000008006fd4        0x0 build/main.o
                                          0x8 (size before relaxing)
 .ARM.exidx.text._ZNK14rosserial_msgs3Log9serializeEPh
                0x0000000008006fd4        0x0 build/main.o
                                          0x8 (size before relaxing)
 .ARM.exidx.text._ZNK14rosserial_msgs20RequestParamResponse9serializeEPh
                0x0000000008006fd4        0x0 build/main.o
                                          0x8 (size before relaxing)
 .ARM.exidx.text._ZN14rosserial_msgs20RequestParamResponse11deserializeEPh
                0x0000000008006fd4        0x0 build/main.o
                                          0x8 (size before relaxing)
 .ARM.exidx.text.main
                0x0000000008006fd4        0x8 build/main.o
 .ARM.exidx.text.vApplicationMallocFailedHook
                0x0000000008006fdc        0x8 build/main.o
 .ARM.exidx.text.vApplicationStackOverflowHook
                0x0000000008006fe4        0x8 build/main.o
 .ARM.exidx.text._ZN3ros11NodeHandle_I13STM32HardwareLi5ELi5ELi512ELi512EE8publish1EiPKNS_3MsgE
                0x0000000008006fec        0x8 build/main.o
 .ARM.exidx.text._ZN3ros11NodeHandle_I13STM32HardwareLi5ELi5ELi512ELi512EE7publishEiPKNS_3MsgE
                0x0000000008006ff4        0x8 build/main.o
 .ARM.exidx.text._ZN3ros11NodeHandle_I13STM32HardwareLi5ELi5ELi512ELi512EE15requestSyncTimeEv
                0x0000000008006ffc        0x8 build/main.o
 .ARM.exidx.text._ZN3ros11NodeHandle_I13STM32HardwareLi5ELi5ELi512ELi512EE15negotiateTopicsEv
                0x0000000008007004        0x8 build/main.o
 .ARM.exidx.text._ZN3ros11NodeHandle_I13STM32HardwareLi5ELi5ELi512ELi512EE8spinOnceEv
                0x000000000800700c        0x8 build/main.o
 .ARM.exidx.text._GLOBAL__sub_I_nh
                0x0000000008007014        0x8 build/main.o
 .ARM.exidx.text._Z15rosSpinTaskInitPN3ros11NodeHandle_I13STM32HardwareLi5ELi5ELi512ELi512EEE
                0x000000000800701c        0x8 build/spin_task.o
 .ARM.exidx.text._Z19ROS_SpinTaskHandlerPKv
                0x0000000008007024        0x8 build/spin_task.o
 .ARM.exidx.text._ZNK8std_msgs6UInt169serializeEPh
                0x000000000800702c        0x8 build/subscribe_task.o
 .ARM.exidx.text._ZN8std_msgs6UInt1611deserializeEPh
                0x0000000008007034        0x0 build/subscribe_task.o
                                          0x8 (size before relaxing)
 .ARM.exidx.text._ZN8std_msgs6UInt167getTypeEv
                0x0000000008007034        0x0 build/subscribe_task.o
                                          0x8 (size before relaxing)
 .ARM.exidx.text._ZN8std_msgs6UInt166getMD5Ev
                0x0000000008007034        0x0 build/subscribe_task.o
                                          0x8 (size before relaxing)
 .ARM.exidx.text._Z41__static_initialization_and_destruction_0ii
                0x0000000008007034        0x0 build/subscribe_task.o
                                          0x8 (size before relaxing)
 .ARM.exidx.text._ZN3ros10SubscriberIN8std_msgs6UInt16EvE8callbackEPh
                0x0000000008007034        0x8 build/subscribe_task.o
 .ARM.exidx.text._ZN3ros10SubscriberIN8std_msgs6UInt16EvE15getEndpointTypeEv
                0x000000000800703c        0x8 build/subscribe_task.o
 .ARM.exidx.text._ZN3ros10SubscriberIN8std_msgs6UInt16EvE10getMsgTypeEv
                0x0000000008007044        0x0 build/subscribe_task.o
                                          0x8 (size before relaxing)
 .ARM.exidx.text._ZN3ros10SubscriberIN8std_msgs6UInt16EvE9getMsgMD5Ev
                0x0000000008007044        0x0 build/subscribe_task.o
                                          0x8 (size before relaxing)
 .ARM.exidx.text._Z6led_cbPh
                0x0000000008007044        0x8 build/subscribe_task.o
 .ARM.exidx.text._Z24ROS_SubscribeTaskHandlerPKv
                0x000000000800704c        0x8 build/subscribe_task.o
 .ARM.exidx.text._Z20rosSubscribeInitTaskPN3ros11NodeHandle_I13STM32HardwareLi5ELi5ELi512ELi512EEE
                0x0000000008007054        0x8 build/subscribe_task.o
 .ARM.exidx.text._GLOBAL__sub_I_sub_led
                0x000000000800705c        0x8 build/subscribe_task.o
 .ARM.exidx.text._ZN8std_msgs6String11deserializeEPh
                0x0000000008007064        0x0 build/publish_task.o
                                          0x8 (size before relaxing)
 .ARM.exidx.text._ZN8std_msgs6String7getTypeEv
                0x0000000008007064        0x0 build/publish_task.o
                                          0x8 (size before relaxing)
 .ARM.exidx.text._ZN8std_msgs6String6getMD5Ev
                0x0000000008007064        0x0 build/publish_task.o
                                          0x8 (size before relaxing)
 .ARM.exidx.text._ZNK8std_msgs6String9serializeEPh
                0x0000000008007064        0x0 build/publish_task.o
                                          0x8 (size before relaxing)
 .ARM.exidx.text._Z15publishInitTaskPN3ros11NodeHandle_I13STM32HardwareLi5ELi5ELi512ELi512EEE
                0x0000000008007064        0x8 build/publish_task.o
 .ARM.exidx.text._Z23ROS_PublisheTaskHandlerPKv
                0x000000000800706c        0x8 build/publish_task.o
 .ARM.exidx.text._ZN3ros16normalizeSecNSecERmS0_
                0x0000000008007074        0x8 build/time.o
 .ARM.exidx     0x0000000008006f1c       0x80 /usr/local/Cellar/gcc-arm-none-eabi/20180627/bin/../lib/gcc/arm-none-eabi/7.3.1/thumb/v7e-m/fpv4-sp/softfp/libgcc.a(unwind-arm.o)
                                         0xd8 (size before relaxing)
 .ARM.exidx     0x0000000008006f9c       0x38 /usr/local/Cellar/gcc-arm-none-eabi/20180627/bin/../lib/gcc/arm-none-eabi/7.3.1/thumb/v7e-m/fpv4-sp/softfp/libgcc.a(pr-support.o)
                                         0x48 (size before relaxing)
                0x000000000800707c                __exidx_end = .

.rel.dyn        0x000000000800707c        0x0
 .rel.iplt      0x000000000800707c        0x0 /usr/local/Cellar/gcc-arm-none-eabi/20180627/bin/../lib/gcc/arm-none-eabi/7.3.1/thumb/v7e-m/fpv4-sp/softfp/crtbegin.o

.preinit_array  0x000000000800707c        0x0
                0x000000000800707c                PROVIDE (__preinit_array_start = .)
 *(.preinit_array*)
                0x000000000800707c                PROVIDE (__preinit_array_end = .)

.init_array     0x000000000800707c        0xc
                0x000000000800707c                PROVIDE (__init_array_start = .)
 *(SORT_BY_NAME(.init_array.*))
 *(.init_array*)
 .init_array    0x000000000800707c        0x4 /usr/local/Cellar/gcc-arm-none-eabi/20180627/bin/../lib/gcc/arm-none-eabi/7.3.1/thumb/v7e-m/fpv4-sp/softfp/crtbegin.o
 .init_array    0x0000000008007080        0x4 build/main.o
 .init_array    0x0000000008007084        0x4 build/subscribe_task.o
                0x0000000008007088                PROVIDE (__init_array_end = .)

.fini_array     0x0000000008007088        0x4
                [!provide]                        PROVIDE (__fini_array_start = .)
 *(.fini_array*)
 .fini_array    0x0000000008007088        0x4 /usr/local/Cellar/gcc-arm-none-eabi/20180627/bin/../lib/gcc/arm-none-eabi/7.3.1/thumb/v7e-m/fpv4-sp/softfp/crtbegin.o
 *(SORT_BY_NAME(.fini_array.*))
                [!provide]                        PROVIDE (__fini_array_end = .)
                0x000000000800708c                _sidata = .

.data           0x0000000020000000       0x8c load address 0x000000000800708c
                0x0000000020000000                . = ALIGN (0x4)
                0x0000000020000000                _sdata = .
 *(.data)
 *(.data*)
 .data.SystemCoreClock
                0x0000000020000000        0x4 build/system_at32f4xx.o
                0x0000000020000000                SystemCoreClock
 .data.ADCPscTable
                0x0000000020000004        0x8 build/at32f4xx_rcc.o
 .data.APBAHBPscTable
                0x000000002000000c        0x8 build/at32f4xx_rcc.o
 .data.uxCriticalNesting
                0x0000000020000014        0x4 build/port.o
 .data.hello    0x0000000020000018        0xd build/publish_task.o
                0x0000000020000018                hello
 *fill*         0x0000000020000025        0x3 
 .data._impure_ptr
                0x0000000020000028        0x4 /usr/local/Cellar/gcc-arm-none-eabi/20180627/bin/../lib/gcc/arm-none-eabi/7.3.1/../../../../arm-none-eabi/lib/thumb/v7e-m/fpv4-sp/softfp/libc_nano.a(lib_a-impure.o)
                0x0000000020000028                _impure_ptr
 .data.impure_data
                0x000000002000002c       0x60 /usr/local/Cellar/gcc-arm-none-eabi/20180627/bin/../lib/gcc/arm-none-eabi/7.3.1/../../../../arm-none-eabi/lib/thumb/v7e-m/fpv4-sp/softfp/libc_nano.a(lib_a-impure.o)
                0x000000002000008c                . = ALIGN (0x4)
                0x000000002000008c                _edata = .

.igot.plt       0x000000002000008c        0x0 load address 0x0000000008007118
 .igot.plt      0x000000002000008c        0x0 /usr/local/Cellar/gcc-arm-none-eabi/20180627/bin/../lib/gcc/arm-none-eabi/7.3.1/thumb/v7e-m/fpv4-sp/softfp/crtbegin.o
                0x000000002000008c                . = ALIGN (0x4)

.bss            0x000000002000008c     0x675c load address 0x0000000008007118
                0x000000002000008c                _sbss = .
                0x000000002000008c                __bss_start__ = _sbss
 *(.bss)
 .bss           0x000000002000008c       0x1c /usr/local/Cellar/gcc-arm-none-eabi/20180627/bin/../lib/gcc/arm-none-eabi/7.3.1/thumb/v7e-m/fpv4-sp/softfp/crtbegin.o
 *(.bss*)
 .bss.ucMaxSysCallPriority
                0x00000000200000a8        0x1 build/port.o
 *fill*         0x00000000200000a9        0x3 
 .bss.ulMaxPRIGROUPValue
                0x00000000200000ac        0x4 build/port.o
 .bss.pxEnd     0x00000000200000b0        0x4 build/heap_4.o
 .bss.ucHeap    0x00000000200000b4     0x5000 build/heap_4.o
 .bss.xBlockAllocatedBit
                0x00000000200050b4        0x4 build/heap_4.o
 .bss.xFreeBytesRemaining
                0x00000000200050b8        0x4 build/heap_4.o
 .bss.xMinimumEverFreeBytesRemaining
                0x00000000200050bc        0x4 build/heap_4.o
 .bss.xStart    0x00000000200050c0        0x8 build/heap_4.o
 .bss.pxCurrentTimerList
                0x00000000200050c8        0x4 build/timers.o
 .bss.pxOverflowTimerList
                0x00000000200050cc        0x4 build/timers.o
 .bss.xActiveTimerList1
                0x00000000200050d0       0x14 build/timers.o
 .bss.xActiveTimerList2
                0x00000000200050e4       0x14 build/timers.o
 .bss.xLastTime.9537
                0x00000000200050f8        0x4 build/timers.o
 .bss.xTimerQueue
                0x00000000200050fc        0x4 build/timers.o
 .bss.xTimerTaskHandle
                0x0000000020005100        0x4 build/timers.o
 .bss.pxCurrentTCB
                0x0000000020005104        0x4 build/tasks.o
                0x0000000020005104                pxCurrentTCB
 .bss.pxDelayedTaskList
                0x0000000020005108        0x4 build/tasks.o
 .bss.pxOverflowDelayedTaskList
                0x000000002000510c        0x4 build/tasks.o
 .bss.pxReadyTasksLists
                0x0000000020005110       0xc8 build/tasks.o
 .bss.ulTaskSwitchedInTime
                0x00000000200051d8        0x4 build/tasks.o
 .bss.uxCurrentNumberOfTasks
                0x00000000200051dc        0x4 build/tasks.o
 .bss.uxDeletedTasksWaitingCleanUp
                0x00000000200051e0        0x4 build/tasks.o
 .bss.uxPendedTicks
                0x00000000200051e4        0x4 build/tasks.o
 .bss.uxSchedulerSuspended
                0x00000000200051e8        0x4 build/tasks.o
 .bss.uxTaskNumber
                0x00000000200051ec        0x4 build/tasks.o
 .bss.uxTopReadyPriority
                0x00000000200051f0        0x4 build/tasks.o
 .bss.xDelayedTaskList1
                0x00000000200051f4       0x14 build/tasks.o
 .bss.xDelayedTaskList2
                0x0000000020005208       0x14 build/tasks.o
 .bss.xIdleTaskHandle
                0x000000002000521c        0x4 build/tasks.o
 .bss.xNextTaskUnblockTime
                0x0000000020005220        0x4 build/tasks.o
 .bss.xNumOfOverflows
                0x0000000020005224        0x4 build/tasks.o
 .bss.xPendingReadyList
                0x0000000020005228       0x14 build/tasks.o
 .bss.xSchedulerRunning
                0x000000002000523c        0x4 build/tasks.o
 .bss.xSuspendedTaskList
                0x0000000020005240       0x14 build/tasks.o
 .bss.xTasksWaitingTermination
                0x0000000020005254       0x14 build/tasks.o
 .bss.xTickCount
                0x0000000020005268        0x4 build/tasks.o
 .bss.xYieldPending
                0x000000002000526c        0x4 build/tasks.o
 .bss.s_tBtn    0x0000000020005270       0x10 build/bsp_key.o
 .bss.s_tKey    0x0000000020005280        0xd build/bsp_key.o
 *fill*         0x000000002000528d        0x3 
 .bss.ledState  0x0000000020005290       0x14 build/bsp_led.o
 .bss.s_TMR_CallBack1
                0x00000000200052a4        0x4 build/bsp_timer.o
 .bss.s_TMR_CallBack2
                0x00000000200052a8        0x4 build/bsp_timer.o
 .bss.s_TMR_CallBack3
                0x00000000200052ac        0x4 build/bsp_timer.o
 .bss.s_TMR_CallBack4
                0x00000000200052b0        0x4 build/bsp_timer.o
 .bss.g_RxBuf1  0x00000000200052b4      0x800 build/bsp_uart_fifo.o
 .bss.g_TxBuf1  0x0000000020005ab4      0x800 build/bsp_uart_fifo.o
 .bss.g_tUart1  0x00000000200062b4       0x28 build/bsp_uart_fifo.o
 .bss.ulHighFrequencyTimerTicks
                0x00000000200062dc        0x4 build/TimerForRunTimeState.o
                0x00000000200062dc                ulHighFrequencyTimerTicks
 .bss.nh        0x00000000200062e0      0x490 build/main.o
                0x00000000200062e0                nh
 .bss._ZL3nh_   0x0000000020006770        0x4 build/spin_task.o
 .bss.sub_led   0x0000000020006774       0x20 build/subscribe_task.o
                0x0000000020006774                sub_led
 .bss._ZL3nh_   0x0000000020006794        0x4 build/publish_task.o
 .bss.__malloc_free_list
                0x0000000020006798        0x4 /usr/local/Cellar/gcc-arm-none-eabi/20180627/bin/../lib/gcc/arm-none-eabi/7.3.1/../../../../arm-none-eabi/lib/thumb/v7e-m/fpv4-sp/softfp/libc_nano.a(lib_a-nano-mallocr.o)
                0x0000000020006798                __malloc_free_list
 .bss.__malloc_sbrk_start
                0x000000002000679c        0x4 /usr/local/Cellar/gcc-arm-none-eabi/20180627/bin/../lib/gcc/arm-none-eabi/7.3.1/../../../../arm-none-eabi/lib/thumb/v7e-m/fpv4-sp/softfp/libc_nano.a(lib_a-nano-mallocr.o)
                0x000000002000679c                __malloc_sbrk_start
 .bss.heap_end.5377
                0x00000000200067a0        0x4 /usr/local/Cellar/gcc-arm-none-eabi/20180627/bin/../lib/gcc/arm-none-eabi/7.3.1/../../../../arm-none-eabi/lib/thumb/v7e-m/fpv4-sp/softfp/libnosys.a(sbrk.o)
 *(COMMON)
 COMMON         0x00000000200067a4       0x40 build/queue.o
                0x00000000200067a4                xQueueRegistry
 COMMON         0x00000000200067e4        0x4 /usr/local/Cellar/gcc-arm-none-eabi/20180627/bin/../lib/gcc/arm-none-eabi/7.3.1/../../../../arm-none-eabi/lib/thumb/v7e-m/fpv4-sp/softfp/libc_nano.a(lib_a-reent.o)
                0x00000000200067e4                errno
                0x00000000200067e8                . = ALIGN (0x4)
                0x00000000200067e8                _ebss = .
                0x00000000200067e8                __bss_end__ = _ebss

._user_heap_stack
                0x00000000200067e8      0x400 load address 0x000000000800d874
                0x00000000200067e8                . = ALIGN (0x4)
                0x00000000200067e8                PROVIDE (end = .)
                [!provide]                        PROVIDE (_end = .)
                0x00000000200067e8                . = (. + _Min_Heap_Size)
                0x0000000020006be8                . = (. + _Min_Stack_Size)
 *fill*         0x00000000200067e8      0x400 
                0x0000000020006be8                . = ALIGN (0x4)

/DISCARD/
 libc.a(*)
 libm.a(*)
 libgcc.a(*)

.ARM.attributes
                0x0000000000000000       0x2e
 *(.ARM.attributes)
 .ARM.attributes
                0x0000000000000000       0x22 /usr/local/Cellar/gcc-arm-none-eabi/20180627/bin/../lib/gcc/arm-none-eabi/7.3.1/thumb/v7e-m/fpv4-sp/softfp/crti.o
 .ARM.attributes
                0x0000000000000022       0x32 /usr/local/Cellar/gcc-arm-none-eabi/20180627/bin/../lib/gcc/arm-none-eabi/7.3.1/thumb/v7e-m/fpv4-sp/softfp/crtbegin.o
 .ARM.attributes
                0x0000000000000054       0x37 build/at32_hoverboard.o
 .ARM.attributes
                0x000000000000008b       0x37 build/system_at32f4xx.o
 .ARM.attributes
                0x00000000000000c2       0x37 build/at32f4xx_gpio.o
 .ARM.attributes
                0x00000000000000f9       0x37 build/at32f4xx_rcc.o
 .ARM.attributes
                0x0000000000000130       0x37 build/at32f4xx_tim.o
 .ARM.attributes
                0x0000000000000167       0x37 build/at32f4xx_usart.o
 .ARM.attributes
                0x000000000000019e       0x37 build/misc.o
 .ARM.attributes
                0x00000000000001d5       0x37 build/list.o
 .ARM.attributes
                0x000000000000020c       0x37 build/port.o
 .ARM.attributes
                0x0000000000000243       0x37 build/heap_4.o
 .ARM.attributes
                0x000000000000027a       0x37 build/queue.o
 .ARM.attributes
                0x00000000000002b1       0x37 build/cmsis_os.o
 .ARM.attributes
                0x00000000000002e8       0x37 build/timers.o
 .ARM.attributes
                0x000000000000031f       0x37 build/tasks.o
 .ARM.attributes
                0x0000000000000356       0x37 build/bsp_key.o
 .ARM.attributes
                0x000000000000038d       0x37 build/bsp_led.o
 .ARM.attributes
                0x00000000000003c4       0x37 build/bsp_timer.o
 .ARM.attributes
                0x00000000000003fb       0x37 build/bsp_uart_fifo.o
 .ARM.attributes
                0x0000000000000432       0x37 build/bsp.o
 .ARM.attributes
                0x0000000000000469       0x37 build/at32f4xx_it.o
 .ARM.attributes
                0x00000000000004a0       0x37 build/TimerForRunTimeState.o
 .ARM.attributes
                0x00000000000004d7       0x37 build/main.o
 .ARM.attributes
                0x000000000000050e       0x37 build/spin_task.o
 .ARM.attributes
                0x0000000000000545       0x37 build/subscribe_task.o
 .ARM.attributes
                0x000000000000057c       0x37 build/publish_task.o
 .ARM.attributes
                0x00000000000005b3       0x37 build/time.o
 .ARM.attributes
                0x00000000000005ea       0x25 build/startup_at32f403xe.o
 .ARM.attributes
                0x000000000000060f       0x32 /usr/local/Cellar/gcc-arm-none-eabi/20180627/bin/../lib/gcc/arm-none-eabi/7.3.1/../../../../arm-none-eabi/lib/thumb/v7e-m/fpv4-sp/softfp/libc_nano.a(lib_a-impure.o)
 .ARM.attributes
                0x0000000000000641       0x32 /usr/local/Cellar/gcc-arm-none-eabi/20180627/bin/../lib/gcc/arm-none-eabi/7.3.1/../../../../arm-none-eabi/lib/thumb/v7e-m/fpv4-sp/softfp/libc_nano.a(lib_a-memcpy-stub.o)
 .ARM.attributes
                0x0000000000000673       0x32 /usr/local/Cellar/gcc-arm-none-eabi/20180627/bin/../lib/gcc/arm-none-eabi/7.3.1/../../../../arm-none-eabi/lib/thumb/v7e-m/fpv4-sp/softfp/libc_nano.a(lib_a-memset.o)
 .ARM.attributes
                0x00000000000006a5       0x32 /usr/local/Cellar/gcc-arm-none-eabi/20180627/bin/../lib/gcc/arm-none-eabi/7.3.1/../../../../arm-none-eabi/lib/thumb/v7e-m/fpv4-sp/softfp/libc_nano.a(lib_a-printf.o)