Archive member included to satisfy reference by file (symbol)

/usr/local/Cellar/gcc-arm-none-eabi/20180627/bin/../lib/gcc/arm-none-eabi/7.3.1/../../../../arm-none-eabi/lib/thumb/v7e-m/fpv4-sp/softfp/libc_nano.a(lib_a-exit.o)
                              /usr/local/Cellar/gcc-arm-none-eabi/20180627/bin/../lib/gcc/arm-none-eabi/7.3.1/../../../../arm-none-eabi/lib/thumb/v7e-m/fpv4-sp/softfp/crt0.o (exit)
/usr/local/Cellar/gcc-arm-none-eabi/20180627/bin/../lib/gcc/arm-none-eabi/7.3.1/../../../../arm-none-eabi/lib/thumb/v7e-m/fpv4-sp/softfp/libc_nano.a(lib_a-impure.o)
                              /usr/local/Cellar/gcc-arm-none-eabi/20180627/bin/../lib/gcc/arm-none-eabi/7.3.1/../../../../arm-none-eabi/lib/thumb/v7e-m/fpv4-sp/softfp/libc_nano.a(lib_a-exit.o) (_global_impure_ptr)
/usr/local/Cellar/gcc-arm-none-eabi/20180627/bin/../lib/gcc/arm-none-eabi/7.3.1/../../../../arm-none-eabi/lib/thumb/v7e-m/fpv4-sp/softfp/libc_nano.a(lib_a-init.o)
                              /usr/local/Cellar/gcc-arm-none-eabi/20180627/bin/../lib/gcc/arm-none-eabi/7.3.1/../../../../arm-none-eabi/lib/thumb/v7e-m/fpv4-sp/softfp/crt0.o (__libc_init_array)
/usr/local/Cellar/gcc-arm-none-eabi/20180627/bin/../lib/gcc/arm-none-eabi/7.3.1/../../../../arm-none-eabi/lib/thumb/v7e-m/fpv4-sp/softfp/libc_nano.a(lib_a-memcpy-stub.o)
                              build/queue.o (memcpy)
/usr/local/Cellar/gcc-arm-none-eabi/20180627/bin/../lib/gcc/arm-none-eabi/7.3.1/../../../../arm-none-eabi/lib/thumb/v7e-m/fpv4-sp/softfp/libc_nano.a(lib_a-memset.o)
                              /usr/local/Cellar/gcc-arm-none-eabi/20180627/bin/../lib/gcc/arm-none-eabi/7.3.1/../../../../arm-none-eabi/lib/thumb/v7e-m/fpv4-sp/softfp/crt0.o (memset)
/usr/local/Cellar/gcc-arm-none-eabi/20180627/bin/../lib/gcc/arm-none-eabi/7.3.1/../../../../arm-none-eabi/lib/thumb/v7e-m/fpv4-sp/softfp/libc_nano.a(lib_a-printf.o)
                              build/main.o (printf)
/usr/local/Cellar/gcc-arm-none-eabi/20180627/bin/../lib/gcc/arm-none-eabi/7.3.1/../../../../arm-none-eabi/lib/thumb/v7e-m/fpv4-sp/softfp/libc_nano.a(lib_a-puts.o)
                              build/main.o (puts)
/usr/local/Cellar/gcc-arm-none-eabi/20180627/bin/../lib/gcc/arm-none-eabi/7.3.1/../../../../arm-none-eabi/lib/thumb/v7e-m/fpv4-sp/softfp/libc_nano.a(lib_a-realloc.o)
                              build/main.o (realloc)
/usr/local/Cellar/gcc-arm-none-eabi/20180627/bin/../lib/gcc/arm-none-eabi/7.3.1/../../../../arm-none-eabi/lib/thumb/v7e-m/fpv4-sp/softfp/libc_nano.a(lib_a-sprintf.o)
                              build/tasks.o (sprintf)
/usr/local/Cellar/gcc-arm-none-eabi/20180627/bin/../lib/gcc/arm-none-eabi/7.3.1/../../../../arm-none-eabi/lib/thumb/v7e-m/fpv4-sp/softfp/libc_nano.a(lib_a-strcpy.o)
                              build/tasks.o (strcpy)
/usr/local/Cellar/gcc-arm-none-eabi/20180627/bin/../lib/gcc/arm-none-eabi/7.3.1/../../../../arm-none-eabi/lib/thumb/v7e-m/fpv4-sp/softfp/libc_nano.a(lib_a-strlen.o)
                              build/tasks.o (strlen)
/usr/local/Cellar/gcc-arm-none-eabi/20180627/bin/../lib/gcc/arm-none-eabi/7.3.1/../../../../arm-none-eabi/lib/thumb/v7e-m/fpv4-sp/softfp/libc_nano.a(lib_a-vsnprintf.o)
                              build/main.o (vsnprintf)
/usr/local/Cellar/gcc-arm-none-eabi/20180627/bin/../lib/gcc/arm-none-eabi/7.3.1/../../../../arm-none-eabi/lib/thumb/v7e-m/fpv4-sp/softfp/libc_nano.a(lib_a-wbuf.o)
                              /usr/local/Cellar/gcc-arm-none-eabi/20180627/bin/../lib/gcc/arm-none-eabi/7.3.1/../../../../arm-none-eabi/lib/thumb/v7e-m/fpv4-sp/softfp/libc_nano.a(lib_a-puts.o) (__swbuf_r)
/usr/local/Cellar/gcc-arm-none-eabi/20180627/bin/../lib/gcc/arm-none-eabi/7.3.1/../../../../arm-none-eabi/lib/thumb/v7e-m/fpv4-sp/softfp/libc_nano.a(lib_a-wsetup.o)
                              /usr/local/Cellar/gcc-arm-none-eabi/20180627/bin/../lib/gcc/arm-none-eabi/7.3.1/../../../../arm-none-eabi/lib/thumb/v7e-m/fpv4-sp/softfp/libc_nano.a(lib_a-puts.o) (__swsetup_r)
/usr/local/Cellar/gcc-arm-none-eabi/20180627/bin/../lib/gcc/arm-none-eabi/7.3.1/../../../../arm-none-eabi/lib/thumb/v7e-m/fpv4-sp/softfp/libc_nano.a(lib_a-fflush.o)
                              /usr/local/Cellar/gcc-arm-none-eabi/20180627/bin/../lib/gcc/arm-none-eabi/7.3.1/../../../../arm-none-eabi/lib/thumb/v7e-m/fpv4-sp/softfp/libc_nano.a(lib_a-wbuf.o) (_fflush_r)
/usr/local/Cellar/gcc-arm-none-eabi/20180627/bin/../lib/gcc/arm-none-eabi/7.3.1/../../../../arm-none-eabi/lib/thumb/v7e-m/fpv4-sp/softfp/libc_nano.a(lib_a-findfp.o)
                              /usr/local/Cellar/gcc-arm-none-eabi/20180627/bin/../lib/gcc/arm-none-eabi/7.3.1/../../../../arm-none-eabi/lib/thumb/v7e-m/fpv4-sp/softfp/libc_nano.a(lib_a-printf.o) (__sinit)
/usr/local/Cellar/gcc-arm-none-eabi/20180627/bin/../lib/gcc/arm-none-eabi/7.3.1/../../../../arm-none-eabi/lib/thumb/v7e-m/fpv4-sp/softfp/libc_nano.a(lib_a-fwalk.o)
[...]
Memory Configuration

Name             Origin             Length             Attributes
FLASH            0x0000000008000000 0x0000000000040000 xr
RAM              0x0000000020000000 0x0000000000010000 xrw
*default*        0x0000000000000000 0xffffffffffffffff

Linker script and memory map

LOAD /usr/local/Cellar/gcc-arm-none-eabi/20180627/bin/../lib/gcc/arm-none-eabi/7.3.1/thumb/v7e-m/fpv4-sp/softfp/crti.o
LOAD /usr/local/Cellar/gcc-arm-none-eabi/20180627/bin/../lib/gcc/arm-none-eabi/7.3.1/thumb/v7e-m/fpv4-sp/softfp/crtbegin.o
LOAD /usr/local/Cellar/gcc-arm-none-eabi/20180627/bin/../lib/gcc/arm-none-eabi/7.3.1/../../../../arm-none-eabi/lib/thumb/v7e-m/fpv4-sp/softfp/crt0.o
LOAD build/at32_hoverboard.o
LOAD build/system_at32f4xx.o
LOAD build/at32f4xx_gpio.o
LOAD build/at32f4xx_rcc.o
LOAD build/at32f4xx_tim.o
LOAD build/at32f4xx_usart.o
LOAD build/misc.o
LOAD build/list.o
LOAD build/port.o
LOAD build/heap_4.o
LOAD build/queue.o
LOAD build/cmsis_os.o
LOAD build/timers.o
LOAD build/tasks.o
LOAD build/event_groups.o
LOAD build/croutine.o
LOAD build/bsp_key.o
LOAD build/bsp_led.o
LOAD build/bsp_tim_pwm.o
LOAD build/bsp_timer.o
LOAD build/bsp_uart_fifo.o
LOAD build/bsp.o
LOAD build/at32f4xx_it.o
LOAD build/at32f4xx_assert.o
LOAD build/TimerForRunTimeState.o
LOAD build/main.o
LOAD build/spin_task.o
LOAD build/subscribe_task.o
LOAD build/heartbeat_task.o
LOAD build/duration.o
LOAD build/time.o
LOAD build/startup_at32f403xe.o
LOAD /usr/local/Cellar/gcc-arm-none-eabi/20180627/bin/../lib/gcc/arm-none-eabi/7.3.1/../../../../arm-none-eabi/lib/thumb/v7e-m/fpv4-sp/softfp/libc_nano.a
LOAD /usr/local/Cellar/gcc-arm-none-eabi/20180627/bin/../lib/gcc/arm-none-eabi/7.3.1/../../../../arm-none-eabi/lib/thumb/v7e-m/fpv4-sp/softfp/libm.a
LOAD /usr/local/Cellar/gcc-arm-none-eabi/20180627/bin/../lib/gcc/arm-none-eabi/7.3.1/../../../../arm-none-eabi/lib/thumb/v7e-m/fpv4-sp/softfp/libnosys.a
START GROUP
LOAD /usr/local/Cellar/gcc-arm-none-eabi/20180627/bin/../lib/gcc/arm-none-eabi/7.3.1/thumb/v7e-m/fpv4-sp/softfp/libgcc.a
LOAD /usr/local/Cellar/gcc-arm-none-eabi/20180627/bin/../lib/gcc/arm-none-eabi/7.3.1/../../../../arm-none-eabi/lib/thumb/v7e-m/fpv4-sp/softfp/libc_nano.a
END GROUP
START GROUP
LOAD /usr/local/Cellar/gcc-arm-none-eabi/20180627/bin/../lib/gcc/arm-none-eabi/7.3.1/thumb/v7e-m/fpv4-sp/softfp/libgcc.a
LOAD /usr/local/Cellar/gcc-arm-none-eabi/20180627/bin/../lib/gcc/arm-none-eabi/7.3.1/../../../../arm-none-eabi/lib/thumb/v7e-m/fpv4-sp/softfp/libc_nano.a
LOAD /usr/local/Cellar/gcc-arm-none-eabi/20180627/bin/../lib/gcc/arm-none-eabi/7.3.1/../../../../arm-none-eabi/lib/thumb/v7e-m/fpv4-sp/softfp/libnosys.a
END GROUP
START GROUP
LOAD /usr/local/Cellar/gcc-arm-none-eabi/20180627/bin/../lib/gcc/arm-none-eabi/7.3.1/thumb/v7e-m/fpv4-sp/softfp/libgcc.a
LOAD /usr/local/Cellar/gcc-arm-none-eabi/20180627/bin/../lib/gcc/arm-none-eabi/7.3.1/../../../../arm-none-eabi/lib/thumb/v7e-m/fpv4-sp/softfp/libc_nano.a
LOAD /usr/local/Cellar/gcc-arm-none-eabi/20180627/bin/../lib/gcc/arm-none-eabi/7.3.1/../../../../arm-none-eabi/lib/thumb/v7e-m/fpv4-sp/softfp/libnosys.a
END GROUP
LOAD /usr/local/Cellar/gcc-arm-none-eabi/20180627/bin/../lib/gcc/arm-none-eabi/7.3.1/thumb/v7e-m/fpv4-sp/softfp/crtend.o
LOAD /usr/local/Cellar/gcc-arm-none-eabi/20180627/bin/../lib/gcc/arm-none-eabi/7.3.1/thumb/v7e-m/fpv4-sp/softfp/crtn.o
                0x000000002000c000                _estack = 0x2000c000
                0x0000000000000000                _Min_Heap_Size = 0x0
                0x0000000000000400                _Min_Stack_Size = 0x400

.isr_vector     0x0000000008000000      0x150
                0x0000000008000000                . = ALIGN (0x4)
 *(.isr_vector)
 .isr_vector    0x0000000008000000      0x150 build/startup_at32f403xe.o
                0x0000000008000000                g_pfnVectors
                0x0000000008000150                . = ALIGN (0x4)

.text           0x0000000008000150     0x5db4
                0x0000000008000150                . = ALIGN (0x4)
 *(.text)
 .text          0x0000000008000150       0x40 /usr/local/Cellar/gcc-arm-none-eabi/20180627/bin/../lib/gcc/arm-none-eabi/7.3.1/thumb/v7e-m/fpv4-sp/softfp/crtbegin.o
 .text          0x0000000008000190       0x10 /usr/local/Cellar/gcc-arm-none-eabi/20180627/bin/../lib/gcc/arm-none-eabi/7.3.1/../../../../arm-none-eabi/lib/thumb/v7e-m/fpv4-sp/softfp/libc_nano.a(lib_a-strlen.o)
                0x0000000008000190                strlen
 .text          0x00000000080001a0       0xa0 /usr/local/Cellar/gcc-arm-none-eabi/20180627/bin/../lib/gcc/arm-none-eabi/7.3.1/../../../../arm-none-eabi/lib/thumb/v7e-m/fpv4-sp/softfp/libc_nano.a(lib_a-memchr.o)
                0x00000000080001a0                memchr
 .text          0x0000000008000240      0x9ec /usr/local/Cellar/gcc-arm-none-eabi/20180627/bin/../lib/gcc/arm-none-eabi/7.3.1/thumb/v7e-m/fpv4-sp/softfp/libgcc.a(unwind-arm.o)
                0x00000000080004f4                _Unwind_GetCFA
                0x00000000080004f8                __gnu_Unwind_RaiseException
                0x0000000008000558                __gnu_Unwind_ForcedUnwind
                0x000000000800056c                __gnu_Unwind_Resume
                0x00000000080005b0                __gnu_Unwind_Resume_or_Rethrow
                0x00000000080005c0                _Unwind_Complete
                0x00000000080005c4                _Unwind_DeleteException
                0x00000000080005d0                _Unwind_VRS_Get
                0x0000000008000614                _Unwind_VRS_Set
                0x000000000800065c                __gnu_Unwind_Backtrace
                0x00000000080009a0                __aeabi_unwind_cpp_pr0
                0x00000000080009a4                __aeabi_unwind_cpp_pr1
                0x00000000080009a8                __aeabi_unwind_cpp_pr2
                0x00000000080009ac                _Unwind_VRS_Pop
 .text          0x0000000008000c2c      0x1ac /usr/local/Cellar/gcc-arm-none-eabi/20180627/bin/../lib/gcc/arm-none-eabi/7.3.1/thumb/v7e-m/fpv4-sp/softfp/libgcc.a(libunwind.o)
                0x0000000008000c2c                __restore_core_regs
                0x0000000008000c2c                restore_core_regs
                0x0000000008000c44                __gnu_Unwind_Restore_VFP
                0x0000000008000c4c                __gnu_Unwind_Save_VFP
                0x0000000008000c54                __gnu_Unwind_Restore_VFP_D
                0x0000000008000c5c                __gnu_Unwind_Save_VFP_D
                0x0000000008000c64                __gnu_Unwind_Restore_VFP_D_16_to_31
                0x0000000008000c6c                __gnu_Unwind_Save_VFP_D_16_to_31
                0x0000000008000c74                __gnu_Unwind_Restore_WMMXD
                0x0000000008000cb8                __gnu_Unwind_Save_WMMXD
                0x0000000008000cfc                __gnu_Unwind_Restore_WMMXC
                0x0000000008000d10                __gnu_Unwind_Save_WMMXC
                0x0000000008000d24                _Unwind_RaiseException
                0x0000000008000d24                ___Unwind_RaiseException
                0x0000000008000d48                ___Unwind_Resume
                0x0000000008000d48                _Unwind_Resume
                0x0000000008000d6c                ___Unwind_Resume_or_Rethrow
                0x0000000008000d6c                _Unwind_Resume_or_Rethrow
                0x0000000008000d90                _Unwind_ForcedUnwind
                0x0000000008000d90                ___Unwind_ForcedUnwind
                0x0000000008000db4                _Unwind_Backtrace
                0x0000000008000db4                ___Unwind_Backtrace
 .text          0x0000000008000dd8      0x374 /usr/local/Cellar/gcc-arm-none-eabi/20180627/bin/../lib/gcc/arm-none-eabi/7.3.1/thumb/v7e-m/fpv4-sp/softfp/libgcc.a(pr-support.o)
                0x0000000008000e30                __gnu_unwind_execute
                0x00000000080010f4                __gnu_unwind_frame
                0x000000000800111c                _Unwind_GetRegionStart
                0x0000000008001128                _Unwind_GetLanguageSpecificData
                0x000000000800113c                _Unwind_GetDataRelBase
                0x0000000008001144                _Unwind_GetTextRelBase
 *(.text*)
 .text.__io_putchar
                0x000000000800114c       0x20 build/at32_hoverboard.o
                0x000000000800114c                __io_putchar
 .text._write   0x000000000800116c       0x28 build/at32_hoverboard.o
                0x000000000800116c                _write
 .text.UART_Print_Init
                0x0000000008001194       0xa4 build/at32_hoverboard.o
                0x0000000008001194                UART_Print_Init
 .text.SetSysClockTo192M
                0x0000000008001238       0xc0 build/system_at32f4xx.o
 .text.SetSysClock
                0x00000000080012f8        0x8 build/system_at32f4xx.o
 .text.SystemInit
                0x0000000008001300       0x6c build/system_at32f4xx.o
                0x0000000008001300                SystemInit
 .text.GPIO_Init
                0x000000000800136c       0x9e build/at32f4xx_gpio.o
                0x000000000800136c                GPIO_Init
 .text.GPIO_StructInit
                0x000000000800140a       0x10 build/at32f4xx_gpio.o
                0x000000000800140a                GPIO_StructInit
 *fill*         0x000000000800141a        0x2 
 .text.RCC_GetClocksFreq
                0x000000000800141c      0x134 build/at32f4xx_rcc.o
                0x000000000800141c                RCC_GetClocksFreq
 .text.RCC_APB2PeriphClockCmd
                0x0000000008001550       0x1c build/at32f4xx_rcc.o
                0x0000000008001550                RCC_APB2PeriphClockCmd
 .text.RCC_APB1PeriphClockCmd
                0x000000000800156c       0x1c build/at32f4xx_rcc.o
                0x000000000800156c                RCC_APB1PeriphClockCmd
 .text.TMR_TimeBaseInit
                0x0000000008001588       0x8c build/at32f4xx_tim.o
                0x0000000008001588                TMR_TimeBaseInit
 .text.TMR_Cmd  0x0000000008001614       0x1a build/at32f4xx_tim.o
                0x0000000008001614                TMR_Cmd
 .text.TMR_INTConfig
                0x000000000800162e       0x14 build/at32f4xx_tim.o
                0x000000000800162e                TMR_INTConfig
 .text.TMR_ARPreloadConfig
                0x0000000008001642       0x1a build/at32f4xx_tim.o
                0x0000000008001642                TMR_ARPreloadConfig
 .text.TMR_GetINTStatus
                0x000000000800165c       0x18 build/at32f4xx_tim.o
                0x000000000800165c                TMR_GetINTStatus
 .text.TMR_ClearITPendingBit
                0x0000000008001674        0x8 build/at32f4xx_tim.o
                0x0000000008001674                TMR_ClearITPendingBit
 .text.USART_Init
                0x000000000800167c       0xc8 build/at32f4xx_usart.o
                0x000000000800167c                USART_Init
 .text.USART_StructInit
                0x0000000008001744       0x16 build/at32f4xx_usart.o
                0x0000000008001744                USART_StructInit
 .text.USART_Cmd
                0x000000000800175a       0x1a build/at32f4xx_usart.o
                0x000000000800175a                USART_Cmd
 .text.USART_INTConfig
                0x0000000008001774       0x3a build/at32f4xx_usart.o
                0x0000000008001774                USART_INTConfig
 .text.USART_SendData
                0x00000000080017ae        0x8 build/at32f4xx_usart.o
                0x00000000080017ae                USART_SendData
 .text.USART_ReceiveData
                0x00000000080017b6        0x8 build/at32f4xx_usart.o
                0x00000000080017b6                USART_ReceiveData
 .text.USART_GetFlagStatus
                0x00000000080017be        0xe build/at32f4xx_usart.o
                0x00000000080017be                USART_GetFlagStatus
 .text.USART_ClearFlag
                0x00000000080017cc        0x8 build/at32f4xx_usart.o
                0x00000000080017cc                USART_ClearFlag
 .text.USART_GetITStatus
                0x00000000080017d4       0x46 build/at32f4xx_usart.o
                0x00000000080017d4                USART_GetITStatus
 *fill*         0x000000000800181a        0x2 
 .text.NVIC_PriorityGroupConfig
                0x000000000800181c       0x14 build/misc.o
                0x000000000800181c                NVIC_PriorityGroupConfig
 .text.NVIC_Init
                0x0000000008001830       0x68 build/misc.o
                0x0000000008001830                NVIC_Init
 .text.vListInitialise
                0x0000000008001898       0x16 build/list.o
                0x0000000008001898                vListInitialise
 .text.vListInitialiseItem
                0x00000000080018ae        0x6 build/list.o
                0x00000000080018ae                vListInitialiseItem
 .text.vListInsertEnd
                0x00000000080018b4       0x18 build/list.o
                0x00000000080018b4                vListInsertEnd
 .text.vListInsert
                0x00000000080018cc       0x34 build/list.o
                0x00000000080018cc                vListInsert
 .text.uxListRemove
                0x0000000008001900       0x26 build/list.o
                0x0000000008001900                uxListRemove
 *fill*         0x0000000008001926        0x2 
 .text.prvTaskExitError
                0x0000000008001928       0x34 build/port.o
 .text.prvPortStartFirstTask
                0x000000000800195c       0x20 build/port.o
 .text.vPortEnableVFP
                0x000000000800197c       0x14 build/port.o
 .text.pxPortInitialiseStack
                0x0000000008001990       0x2c build/port.o
                0x0000000008001990                pxPortInitialiseStack
 *fill*         0x00000000080019bc        0x4 
 .text.SVC_Handler
                0x00000000080019c0       0x24 build/port.o
                0x00000000080019c0                SVC_Handler
 .text.vPortEnterCritical
                0x00000000080019e4       0x44 build/port.o
                0x00000000080019e4                vPortEnterCritical
 .text.vPortExitCritical
                0x0000000008001a28       0x2c build/port.o
                0x0000000008001a28                vPortExitCritical
 *fill*         0x0000000008001a54        0xc 
 .text.PendSV_Handler
                0x0000000008001a60       0x64 build/port.o
                0x0000000008001a60                PendSV_Handler
 .text.SysTick_Handler
                0x0000000008001ac4       0x2c build/port.o
                0x0000000008001ac4                SysTick_Handler
 .text.vPortSetupTimerInterrupt
                0x0000000008001af0       0x14 build/port.o
                0x0000000008001af0                vPortSetupTimerInterrupt
 .text.xPortStartScheduler
                0x0000000008001b04       0xec build/port.o
                0x0000000008001b04                xPortStartScheduler
 .text.vPortValidateInterruptPriority
                0x0000000008001bf0       0x5c build/port.o
                0x0000000008001bf0                vPortValidateInterruptPriority
 .text.prvHeapInit
                0x0000000008001c4c       0x64 build/heap_4.o
 .text.prvInsertBlockIntoFreeList
                0x0000000008001cb0       0x58 build/heap_4.o
 .text.pvPortMalloc
                0x0000000008001d08      0x11c build/heap_4.o
                0x0000000008001d08                pvPortMalloc
 .text.vPortFree
                0x0000000008001e24       0x70 build/heap_4.o
                0x0000000008001e24                vPortFree
 .text.prvIsQueueFull
                0x0000000008001e94       0x1e build/queue.o
 .text.prvIsQueueEmpty
                0x0000000008001eb2       0x1a build/queue.o
 .text.prvCopyDataToQueue
                0x0000000008001ecc       0x76 build/queue.o
 .text.prvCopyDataFromQueue
                0x0000000008001f42       0x24 build/queue.o
 .text.prvUnlockQueue
                0x0000000008001f66       0x6e build/queue.o
 .text.xQueueGenericReset
                0x0000000008001fd4       0x84 build/queue.o
                0x0000000008001fd4                xQueueGenericReset
 .text.prvInitialiseNewQueue
                0x0000000008002058       0x22 build/queue.o
 .text.xQueueGenericCreate
                0x000000000800207a       0x48 build/queue.o
                0x000000000800207a                xQueueGenericCreate
 *fill*         0x00000000080020c2        0x2 
 .text.xQueueGenericSend
                0x00000000080020c4      0x17c build/queue.o
                0x00000000080020c4                xQueueGenericSend
 .text.prvInitialiseMutex
                0x0000000008002240       0x18 build/queue.o
 .text.xQueueCreateMutex
                0x0000000008002258       0x16 build/queue.o
                0x0000000008002258                xQueueCreateMutex
 .text.xQueueGenericSendFromISR
                0x000000000800226e       0xcc build/queue.o
                0x000000000800226e                xQueueGenericSendFromISR
 *fill*         0x000000000800233a        0x2 
 .text.xQueueGenericReceive
                0x000000000800233c      0x1a4 build/queue.o
                0x000000000800233c                xQueueGenericReceive
 .text.vQueueAddToRegistry
                0x00000000080024e0       0x28 build/queue.o
                0x00000000080024e0                vQueueAddToRegistry
 .text.vQueueWaitForMessageRestricted
                0x0000000008002508       0x52 build/queue.o
                0x0000000008002508                vQueueWaitForMessageRestricted
 .text.makeFreeRtosPriority
                0x000000000800255a        0xc build/cmsis_os.o
 .text.osThreadCreate
                0x0000000008002566       0x34 build/cmsis_os.o
                0x0000000008002566                osThreadCreate
 .text.osDelay  0x000000000800259a       0x12 build/cmsis_os.o
                0x000000000800259a                osDelay
 .text.prvGetNextExpireTime
                0x00000000080025ac       0x20 build/timers.o
 .text.prvInsertTimerInActiveList
                0x00000000080025cc       0x48 build/timers.o
 .text.prvCheckForValidListAndQueue
                0x0000000008002614       0x5c build/timers.o
 .text.xTimerCreateTimerTask
                0x0000000008002670       0x50 build/timers.o
                0x0000000008002670                xTimerCreateTimerTask
 .text.xTimerGenericCommand
                0x00000000080026c0       0x6c build/timers.o
                0x00000000080026c0                xTimerGenericCommand
 .text.prvSwitchTimerLists
                0x000000000800272c       0x78 build/timers.o
 .text.prvSampleTimeNow
                0x00000000080027a4       0x2c build/timers.o
 .text.prvProcessExpiredTimer
                0x00000000080027d0       0x60 build/timers.o
 .text.prvProcessTimerOrBlockTask
                0x0000000008002830       0x74 build/timers.o
 .text.prvProcessReceivedCommands
                0x00000000080028a4       0xe4 build/timers.o
 .text.prvTimerTask
                0x0000000008002988       0x16 build/timers.o
 *fill*         0x000000000800299e        0x2 
 .text.prvResetNextTaskUnblockTime
                0x00000000080029a0       0x2c build/tasks.o
 .text.prvDeleteTCB
                0x00000000080029cc       0x12 build/tasks.o
 .text.prvInitialiseNewTask
                0x00000000080029de       0x92 build/tasks.o
 .text.prvInitialiseTaskLists
                0x0000000008002a70       0x68 build/tasks.o
 .text.prvAddNewTaskToReadyList
                0x0000000008002ad8       0xac build/tasks.o
 .text.prvAddCurrentTaskToDelayedList
                0x0000000008002b84       0x98 build/tasks.o
 .text.xTaskCreate
                0x0000000008002c1c       0x62 build/tasks.o
                0x0000000008002c1c                xTaskCreate
 *fill*         0x0000000008002c7e        0x2 
 .text.vTaskStartScheduler
                0x0000000008002c80       0x8c build/tasks.o
                0x0000000008002c80                vTaskStartScheduler
 .text.vTaskSuspendAll
                0x0000000008002d0c       0x10 build/tasks.o
                0x0000000008002d0c                vTaskSuspendAll
 .text.xTaskGetTickCount
                0x0000000008002d1c        0xc build/tasks.o
                0x0000000008002d1c                xTaskGetTickCount
 .text.xTaskIncrementTick
                0x0000000008002d28      0x118 build/tasks.o
                0x0000000008002d28                xTaskIncrementTick
 .text.xTaskResumeAll
                0x0000000008002e40       0xf4 build/tasks.o
                0x0000000008002e40                xTaskResumeAll
 .text.vTaskDelay
                0x0000000008002f34       0x4c build/tasks.o
                0x0000000008002f34                vTaskDelay
 .text.prvCheckTasksWaitingTermination
                0x0000000008002f80       0x5c build/tasks.o
 .text.prvIdleTask
                0x0000000008002fdc       0x28 build/tasks.o
 .text.vTaskSwitchContext
                0x0000000008003004       0xec build/tasks.o
                0x0000000008003004                vTaskSwitchContext
 .text.vTaskPlaceOnEventList
                0x00000000080030f0       0x30 build/tasks.o
                0x00000000080030f0                vTaskPlaceOnEventList
 .text.vTaskPlaceOnEventListRestricted
                0x0000000008003120       0x38 build/tasks.o
                0x0000000008003120                vTaskPlaceOnEventListRestricted
 .text.xTaskRemoveFromEventList
                0x0000000008003158       0x8c build/tasks.o
                0x0000000008003158                xTaskRemoveFromEventList
 .text.vTaskSetTimeOutState
                0x00000000080031e4       0x2c build/tasks.o
                0x00000000080031e4                vTaskSetTimeOutState
 .text.xTaskCheckForTimeOut
                0x0000000008003210       0x80 build/tasks.o
                0x0000000008003210                xTaskCheckForTimeOut
 .text.vTaskMissedYield
                0x0000000008003290        0xc build/tasks.o
                0x0000000008003290                vTaskMissedYield
 .text.xTaskGetSchedulerState
                0x000000000800329c       0x20 build/tasks.o
                0x000000000800329c                xTaskGetSchedulerState
 .text.vTaskPriorityInherit
                0x00000000080032bc       0xa0 build/tasks.o
                0x00000000080032bc                vTaskPriorityInherit
 .text.xTaskPriorityDisinherit
                0x000000000800335c       0xb0 build/tasks.o
                0x000000000800335c                xTaskPriorityDisinherit
 .text.pvTaskIncrementMutexHeldCount
                0x000000000800340c       0x1c build/tasks.o
                0x000000000800340c                pvTaskIncrementMutexHeldCount
 .text.IsKeyDown1
                0x0000000008003428       0x18 build/bsp_key.o
 .text.bsp_InitKeyVar
                0x0000000008003440       0x3c build/bsp_key.o
 .text.bsp_InitKeyHard
                0x000000000800347c       0x30 build/bsp_key.o
 .text.bsp_InitKey
                0x00000000080034ac        0xc build/bsp_key.o
                0x00000000080034ac                bsp_InitKey
 .text.bsp_LedOff
                0x00000000080034b8       0x30 build/bsp_led.o
                0x00000000080034b8                bsp_LedOff
 .text.bsp_InitLed
                0x00000000080034e8       0x78 build/bsp_led.o
                0x00000000080034e8                bsp_InitLed
 .text.bsp_LedToggle
                0x0000000008003560       0x38 build/bsp_led.o
                0x0000000008003560                bsp_LedToggle
 .text.bsp_InitHardTimer
                0x0000000008003598       0x74 build/bsp_timer.o
                0x0000000008003598                bsp_InitHardTimer
 .text.TMR3_GLOBAL_IRQHandler
                0x000000000800360c       0xb0 build/bsp_timer.o
                0x000000000800360c                TMR3_GLOBAL_IRQHandler
 .text.UartVarInit
                0x00000000080036bc       0x3c build/bsp_uart_fifo.o
 .text.InitHardUart
                0x00000000080036f8       0x18 build/bsp_uart_fifo.o
 .text.ConfigUartNVIC
                0x0000000008003710       0x26 build/bsp_uart_fifo.o
 .text.UartGetChar
                0x0000000008003736       0x48 build/bsp_uart_fifo.o
 .text.UartSend
                0x000000000800377e       0x70 build/bsp_uart_fifo.o
 .text.UartIRQ  0x00000000080037ee       0xfa build/bsp_uart_fifo.o
 .text.bsp_InitUart
                0x00000000080038e8       0x10 build/bsp_uart_fifo.o
                0x00000000080038e8                bsp_InitUart
 .text.ComToUart
                0x00000000080038f8       0x10 build/bsp_uart_fifo.o
                0x00000000080038f8                ComToUart
 .text.comSendBuf
                0x0000000008003908       0x20 build/bsp_uart_fifo.o
                0x0000000008003908                comSendBuf
 .text.comGetChar
                0x0000000008003928       0x16 build/bsp_uart_fifo.o
                0x0000000008003928                comGetChar
 *fill*         0x000000000800393e        0x2 
 .text.USART2_IRQHandler
                0x0000000008003940       0x10 build/bsp_uart_fifo.o
                0x0000000008003940                USART2_IRQHandler
 .text.bsp_Init
                0x0000000008003950       0x1c build/bsp.o
                0x0000000008003950                bsp_Init
 .text.NMI_Handler
                0x000000000800396c        0x2 build/at32f4xx_it.o
                0x000000000800396c                NMI_Handler
 *fill*         0x000000000800396e        0x2 
 .text.HardFault_Handler
                0x0000000008003970       0x28 build/at32f4xx_it.o
                0x0000000008003970                HardFault_Handler
 .text.MemManage_Handler
                0x0000000008003998        0x2 build/at32f4xx_it.o
                0x0000000008003998                MemManage_Handler
 .text.BusFault_Handler
                0x000000000800399a        0x2 build/at32f4xx_it.o
                0x000000000800399a                BusFault_Handler
 .text.UsageFault_Handler
                0x000000000800399c        0x2 build/at32f4xx_it.o
                0x000000000800399c                UsageFault_Handler
 .text.DebugMon_Handler
                0x000000000800399e        0x2 build/at32f4xx_it.o
                0x000000000800399e                DebugMon_Handler
 .text.TMR6_GLOBAL_IRQHandler
                0x00000000080039a0       0x28 build/TimerForRunTimeState.o
                0x00000000080039a0                TMR6_GLOBAL_IRQHandler
 .text._ZNK8std_msgs4Time9serializeEPh
                0x00000000080039c8       0x28 build/main.o
                0x00000000080039c8                std_msgs::Time::serialize(unsigned char*) const
 .text._ZN8std_msgs4Time11deserializeEPh
                0x00000000080039f0       0x3c build/main.o
                0x00000000080039f0                std_msgs::Time::deserialize(unsigned char*)
 .text._ZN8std_msgs4Time7getTypeEv
                0x0000000008003a2c        0x8 build/main.o
                0x0000000008003a2c                std_msgs::Time::getType()
 .text._ZN8std_msgs4Time6getMD5Ev
                0x0000000008003a34        0x8 build/main.o
                0x0000000008003a34                std_msgs::Time::getMD5()
 .text._ZN14rosserial_msgs9TopicInfo11deserializeEPh
                0x0000000008003a3c       0x94 build/main.o
                0x0000000008003a3c                rosserial_msgs::TopicInfo::deserialize(unsigned char*)
 .text._ZN14rosserial_msgs9TopicInfo7getTypeEv
                0x0000000008003ad0        0x8 build/main.o
                0x0000000008003ad0                rosserial_msgs::TopicInfo::getType()
 .text._ZN14rosserial_msgs9TopicInfo6getMD5Ev
                0x0000000008003ad8        0x8 build/main.o
                0x0000000008003ad8                rosserial_msgs::TopicInfo::getMD5()
 .text._ZN14rosserial_msgs3Log11deserializeEPh
                0x0000000008003ae0       0x2c build/main.o
                0x0000000008003ae0                rosserial_msgs::Log::deserialize(unsigned char*)
 .text._ZN14rosserial_msgs3Log7getTypeEv
                0x0000000008003b0c        0x8 build/main.o
                0x0000000008003b0c                rosserial_msgs::Log::getType()
 .text._ZN14rosserial_msgs3Log6getMD5Ev
                0x0000000008003b14        0x8 build/main.o
                0x0000000008003b14                rosserial_msgs::Log::getMD5()
 .text._ZN14rosserial_msgs20RequestParamResponse7getTypeEv
                0x0000000008003b1c        0x8 build/main.o
                0x0000000008003b1c                rosserial_msgs::RequestParamResponse::getType()
 .text._ZN14rosserial_msgs20RequestParamResponse6getMD5Ev
                0x0000000008003b24        0x8 build/main.o
                0x0000000008003b24                rosserial_msgs::RequestParamResponse::getMD5()
 .text._Z41__static_initialization_and_destruction_0ii
                0x0000000008003b2c       0x9c build/main.o
 .text._ZN3ros11NodeHandle_I13STM32HardwareLi5ELi5ELi512ELi512EE9connectedEv
                0x0000000008003bc8        0x6 build/main.o
                0x0000000008003bc8                ros::NodeHandle_<STM32Hardware, 5, 5, 512, 512>::connected()
 *fill*         0x0000000008003bce        0x2 
 .text._ZL12AppObjCreatev
                0x0000000008003bd0       0x20 build/main.o
 .text._ZNK14rosserial_msgs9TopicInfo9serializeEPh
                0x0000000008003bf0       0x7a build/main.o
                0x0000000008003bf0                rosserial_msgs::TopicInfo::serialize(unsigned char*) const
 .text._ZNK14rosserial_msgs3Log9serializeEPh
                0x0000000008003c6a       0x24 build/main.o
                0x0000000008003c6a                rosserial_msgs::Log::serialize(unsigned char*) const
 .text._ZNK14rosserial_msgs20RequestParamResponse9serializeEPh
                0x0000000008003c8e       0xcc build/main.o
                0x0000000008003c8e                rosserial_msgs::RequestParamResponse::serialize(unsigned char*) const
 .text._ZN14rosserial_msgs20RequestParamResponse11deserializeEPh
                0x0000000008003d5a       0xf0 build/main.o
                0x0000000008003d5a                rosserial_msgs::RequestParamResponse::deserialize(unsigned char*)
 *fill*         0x0000000008003e4a        0x2 
 .text._ZN3ros11NodeHandle_I13STM32HardwareLi5ELi5ELi512ELi512EE7publishEiPKNS_3MsgE
                0x0000000008003e4c       0xc0 build/main.o
                0x0000000008003e4c                ros::NodeHandle_<STM32Hardware, 5, 5, 512, 512>::publish(int, ros::Msg const*)
 .text.main     0x0000000008003f0c       0x44 build/main.o
                0x0000000008003f0c                main
 .text.vApplicationMallocFailedHook
                0x0000000008003f50        0x2 build/main.o
                0x0000000008003f50                vApplicationMallocFailedHook
 *fill*         0x0000000008003f52        0x2 
 .text.vApplicationStackOverflowHook
                0x0000000008003f54       0x10 build/main.o
                0x0000000008003f54                vApplicationStackOverflowHook
 .text._ZN3ros11NodeHandle_I13STM32HardwareLi5ELi5ELi512ELi512EE15negotiateTopicsEv
                0x0000000008003f64       0xc4 build/main.o
                0x0000000008003f64                ros::NodeHandle_<STM32Hardware, 5, 5, 512, 512>::negotiateTopics()
 .text._ZN3ros11NodeHandle_I13STM32HardwareLi5ELi5ELi512ELi512EE8spinOnceEv
                0x0000000008004028      0x460 build/main.o
                0x0000000008004028                ros::NodeHandle_<STM32Hardware, 5, 5, 512, 512>::spinOnce()
 .text._GLOBAL__sub_I_nh
                0x0000000008004488        0xe build/main.o
 *fill*         0x0000000008004496        0x2 
 .text._Z19ROS_SpinTaskHandlerPKv
                0x0000000008004498      0x51c build/spin_task.o
                0x0000000008004498                ROS_SpinTaskHandler(void const*)
 .text._Z15rosSpinTaskInitPN3ros11NodeHandle_I13STM32HardwareLi5ELi5ELi512ELi512EEE
                0x00000000080049b4       0x30 build/spin_task.o
                0x00000000080049b4                rosSpinTaskInit(ros::NodeHandle_<STM32Hardware, 5, 5, 512, 512>*)
 .text._ZNK8std_msgs6UInt169serializeEPh
                0x00000000080049e4        0xe build/subscribe_task.o
                0x00000000080049e4                std_msgs::UInt16::serialize(unsigned char*) const
 .text._ZN8std_msgs6UInt1611deserializeEPh
                0x00000000080049f2       0x10 build/subscribe_task.o
                0x00000000080049f2                std_msgs::UInt16::deserialize(unsigned char*)
 *fill*         0x0000000008004a02        0x2 
 .text._ZN8std_msgs6UInt167getTypeEv
                0x0000000008004a04        0x8 build/subscribe_task.o
                0x0000000008004a04                std_msgs::UInt16::getType()
 .text._ZN8std_msgs6UInt166getMD5Ev
                0x0000000008004a0c        0x8 build/subscribe_task.o
                0x0000000008004a0c                std_msgs::UInt16::getMD5()
 .text._Z41__static_initialization_and_destruction_0ii
                0x0000000008004a14       0x3c build/subscribe_task.o
 .text._ZN3ros10SubscriberIN8std_msgs6UInt16EvE8callbackEPh
                0x0000000008004a50       0x16 build/subscribe_task.o
                0x0000000008004a50                ros::Subscriber<std_msgs::UInt16, void>::callback(unsigned char*)
 .text._ZN3ros10SubscriberIN8std_msgs6UInt16EvE15getEndpointTypeEv
                0x0000000008004a66        0x4 build/subscribe_task.o
                0x0000000008004a66                ros::Subscriber<std_msgs::UInt16, void>::getEndpointType()
 *fill*         0x0000000008004a6a        0x2 
 .text._ZN3ros10SubscriberIN8std_msgs6UInt16EvE10getMsgTypeEv
                0x0000000008004a6c        0x8 build/subscribe_task.o
                0x0000000008004a6c                ros::Subscriber<std_msgs::UInt16, void>::getMsgType()
 .text._ZN3ros10SubscriberIN8std_msgs6UInt16EvE9getMsgMD5Ev
                0x0000000008004a74        0x8 build/subscribe_task.o
                0x0000000008004a74                ros::Subscriber<std_msgs::UInt16, void>::getMsgMD5()
 .text._Z6led_cbRKN8std_msgs6UInt16E
                0x0000000008004a7c       0x18 build/subscribe_task.o
                0x0000000008004a7c                led_cb(std_msgs::UInt16 const&)
 .text._GLOBAL__sub_I_sub_led
                0x0000000008004a94        0xe build/subscribe_task.o
 *fill*         0x0000000008004aa2        0x2 
 .text._ZN3ros16normalizeSecNSecERmS0_
                0x0000000008004aa4       0x2c build/time.o
                0x0000000008004aa4                ros::normalizeSecNSec(unsigned long&, unsigned long&)
 .text.Reset_Handler
                0x0000000008004ad0       0x44 build/startup_at32f403xe.o
                0x0000000008004ad0                Reset_Handler
 .text.Default_Handler
                0x0000000008004b14        0x2 build/startup_at32f403xe.o
                0x0000000008004b14                DMA2_Channel3_IRQHandler
                0x0000000008004b14                SDIO1_IRQHandler
                0x0000000008004b14                EXTI2_IRQHandler
                0x0000000008004b14                XMC_IRQHandler
                0x0000000008004b14                SPI4_IRQHandler
                0x0000000008004b14                TMR8_TRG_HALL_TMR14_IRQHandler
                0x0000000008004b14                TMR15_CC_IRQHandler
                0x0000000008004b14                PVD_IRQHandler
                0x0000000008004b14                EXTI3_IRQHandler
                0x0000000008004b14                TMR5_GLOBAL_IRQHandler
                0x0000000008004b14                I2C3_ER_IRQHandler
                0x0000000008004b14                TMR8_OV_TMR13_IRQHandler
                0x0000000008004b14                EXTI0_IRQHandler
                0x0000000008004b14                I2C2_EV_IRQHandler
                0x0000000008004b14                TMR15_TRG_HALL_IRQHandler
                0x0000000008004b14                SDIO2_IRQHandler
                0x0000000008004b14                ADC1_2_IRQHandler
                0x0000000008004b14                SPI1_IRQHandler
                0x0000000008004b14                TAMPER_IRQHandler
                0x0000000008004b14                DMA2_Channel2_IRQHandler
                0x0000000008004b14                DMA1_Channel4_IRQHandler
                0x0000000008004b14                TMR1_OV_TMR10_IRQHandler
                0x0000000008004b14                USART3_IRQHandler
                0x0000000008004b14                RTC_IRQHandler
                0x0000000008004b14                DMA1_Channel7_IRQHandler
                0x0000000008004b14                CAN1_RX1_IRQHandler
                0x0000000008004b14                UART5_IRQHandler
                0x0000000008004b14                ADC3_IRQHandler
                0x0000000008004b14                DMA2_Channel1_IRQHandler
                0x0000000008004b14                I2C1_EV_IRQHandler
                0x0000000008004b14                DMA1_Channel6_IRQHandler
                0x0000000008004b14                UART4_IRQHandler
                0x0000000008004b14                RCC_IRQHandler
                0x0000000008004b14                DMA1_Channel1_IRQHandler
                0x0000000008004b14                Default_Handler
                0x0000000008004b14                EXTI15_10_IRQHandler
                0x0000000008004b14                TMR7_GLOBAL_IRQHandler
                0x0000000008004b14                TMR1_CC_IRQHandler
                0x0000000008004b14                TMR15_BRK_IRQHandler
                0x0000000008004b14                I2C3_EV_IRQHandler
                0x0000000008004b14                EXTI9_5_IRQHandler
                0x0000000008004b14                TMR1_BRK_TMR9_IRQHandler
                0x0000000008004b14                SPI2_IRQHandler
                0x0000000008004b14                TMR8_BRK_TMR12_IRQHandler
                0x0000000008004b14                TMR1_TRG_HALL_TMR11_IRQHandler
                0x0000000008004b14                TMR15_OV_IRQHandler
                0x0000000008004b14                DMA1_Channel5_IRQHandler
                0x0000000008004b14                EXTI4_IRQHandler
                0x0000000008004b14                USB_LP_CAN1_RX0_IRQHandler
                0x0000000008004b14                TMR4_GLOBAL_IRQHandler
                0x0000000008004b14                USB_HP_CAN1_TX_IRQHandler
                0x0000000008004b14                DMA1_Channel3_IRQHandler
                0x0000000008004b14                WWDG_IRQHandler
                0x0000000008004b14                TMR8_CC_IRQHandler
                0x0000000008004b14                EXTI1_IRQHandler
                0x0000000008004b14                RTCAlarm_IRQHandler
                0x0000000008004b14                DMA2_Channel4_5_IRQHandler
                0x0000000008004b14                I2C2_ER_IRQHandler
                0x0000000008004b14                DMA1_Channel2_IRQHandler
                0x0000000008004b14                TMR2_GLOBAL_IRQHandler
                0x0000000008004b14                CAN1_SCE_IRQHandler
                0x0000000008004b14                FLASH_IRQHandler
                0x0000000008004b14                USART1_IRQHandler
                0x0000000008004b14                SPI3_IRQHandler
                0x0000000008004b14                I2C1_ER_IRQHandler
                0x0000000008004b14                USBWakeUp_IRQHandler
                0x0000000008004b14                RTC_Alarm_IRQHandler
 .text.memcpy   0x0000000008004b16       0x16 /usr/local/Cellar/gcc-arm-none-eabi/20180627/bin/../lib/gcc/arm-none-eabi/7.3.1/../../../../arm-none-eabi/lib/thumb/v7e-m/fpv4-sp/softfp/libc_nano.a(lib_a-memcpy-stub.o)
                0x0000000008004b16                memcpy
 .text.memset   0x0000000008004b2c       0x10 /usr/local/Cellar/gcc-arm-none-eabi/20180627/bin/../lib/gcc/arm-none-eabi/7.3.1/../../../../arm-none-eabi/lib/thumb/v7e-m/fpv4-sp/softfp/libc_nano.a(lib_a-memset.o)
                0x0000000008004b2c                memset
 .text.printf   0x0000000008004b3c       0x30 /usr/local/Cellar/gcc-arm-none-eabi/20180627/bin/../lib/gcc/arm-none-eabi/7.3.1/../../../../arm-none-eabi/lib/thumb/v7e-m/fpv4-sp/softfp/libc_nano.a(lib_a-printf.o)
                0x0000000008004b3c                printf
                0x0000000008004b3c                iprintf
 .text._puts_r  0x0000000008004b6c       0xb8 /usr/local/Cellar/gcc-arm-none-eabi/20180627/bin/../lib/gcc/arm-none-eabi/7.3.1/../../../../arm-none-eabi/lib/thumb/v7e-m/fpv4-sp/softfp/libc_nano.a(lib_a-puts.o)
                0x0000000008004b6c                _puts_r
 .text.puts     0x0000000008004c24       0x10 /usr/local/Cellar/gcc-arm-none-eabi/20180627/bin/../lib/gcc/arm-none-eabi/7.3.1/../../../../arm-none-eabi/lib/thumb/v7e-m/fpv4-sp/softfp/libc_nano.a(lib_a-puts.o)
                0x0000000008004c24                puts
 .text.realloc  0x0000000008004c34       0x10 /usr/local/Cellar/gcc-arm-none-eabi/20180627/bin/../lib/gcc/arm-none-eabi/7.3.1/../../../../arm-none-eabi/lib/thumb/v7e-m/fpv4-sp/softfp/libc_nano.a(lib_a-realloc.o)
                0x0000000008004c34                realloc
 .text.__swbuf_r
                0x0000000008004c44       0xa4 /usr/local/Cellar/gcc-arm-none-eabi/20180627/bin/../lib/gcc/arm-none-eabi/7.3.1/../../../../arm-none-eabi/lib/thumb/v7e-m/fpv4-sp/softfp/libc_nano.a(lib_a-wbuf.o)
                0x0000000008004c44                __swbuf_r
 .text.__swsetup_r
                0x0000000008004ce8       0xdc /usr/local/Cellar/gcc-arm-none-eabi/20180627/bin/../lib/gcc/arm-none-eabi/7.3.1/../../../../arm-none-eabi/lib/thumb/v7e-m/fpv4-sp/softfp/libc_nano.a(lib_a-wsetup.o)
                0x0000000008004ce8                __swsetup_r
 .text.__sflush_r
                0x0000000008004dc4      0x10c /usr/local/Cellar/gcc-arm-none-eabi/20180627/bin/../lib/gcc/arm-none-eabi/7.3.1/../../../../arm-none-eabi/lib/thumb/v7e-m/fpv4-sp/softfp/libc_nano.a(lib_a-fflush.o)
                0x0000000008004dc4                __sflush_r
 .text._fflush_r
                0x0000000008004ed0       0x54 /usr/local/Cellar/gcc-arm-none-eabi/20180627/bin/../lib/gcc/arm-none-eabi/7.3.1/../../../../arm-none-eabi/lib/thumb/v7e-m/fpv4-sp/softfp/libc_nano.a(lib_a-fflush.o)
                0x0000000008004ed0                _fflush_r
 .text.std      0x0000000008004f24       0x48 /usr/local/Cellar/gcc-arm-none-eabi/20180627/bin/../lib/gcc/arm-none-eabi/7.3.1/../../../../arm-none-eabi/lib/thumb/v7e-m/fpv4-sp/softfp/libc_nano.a(lib_a-findfp.o)
 .text._cleanup_r
                0x0000000008004f6c        0xc /usr/local/Cellar/gcc-arm-none-eabi/20180627/bin/../lib/gcc/arm-none-eabi/7.3.1/../../../../arm-none-eabi/lib/thumb/v7e-m/fpv4-sp/softfp/libc_nano.a(lib_a-findfp.o)
                0x0000000008004f6c                _cleanup_r
 .text.__sfmoreglue
                0x0000000008004f78       0x2c /usr/local/Cellar/gcc-arm-none-eabi/20180627/bin/../lib/gcc/arm-none-eabi/7.3.1/../../../../arm-none-eabi/lib/thumb/v7e-m/fpv4-sp/softfp/libc_nano.a(lib_a-findfp.o)
                0x0000000008004f78                __sfmoreglue
 .text.__sinit  0x0000000008004fa4       0x60 /usr/local/Cellar/gcc-arm-none-eabi/20180627/bin/../lib/gcc/arm-none-eabi/7.3.1/../../../../arm-none-eabi/lib/thumb/v7e-m/fpv4-sp/softfp/libc_nano.a(lib_a-findfp.o)
                0x0000000008004fa4                __sinit
 .text.__sfp    0x0000000008005004       0x78 /usr/local/Cellar/gcc-arm-none-eabi/20180627/bin/../lib/gcc/arm-none-eabi/7.3.1/../../../../arm-none-eabi/lib/thumb/v7e-m/fpv4-sp/softfp/libc_nano.a(lib_a-findfp.o)
                0x0000000008005004                __sfp
 .text._fwalk_reent
                0x000000000800507c       0x3c /usr/local/Cellar/gcc-arm-none-eabi/20180627/bin/../lib/gcc/arm-none-eabi/7.3.1/../../../../arm-none-eabi/lib/thumb/v7e-m/fpv4-sp/softfp/libc_nano.a(lib_a-fwalk.o)
                0x000000000800507c                _fwalk_reent
 .text.__swhatbuf_r
                0x00000000080050b8       0x48 /usr/local/Cellar/gcc-arm-none-eabi/20180627/bin/../lib/gcc/arm-none-eabi/7.3.1/../../../../arm-none-eabi/lib/thumb/v7e-m/fpv4-sp/softfp/libc_nano.a(lib_a-makebuf.o)
                0x00000000080050b8                __swhatbuf_r
 .text.__smakebuf_r
                0x0000000008005100       0x80 /usr/local/Cellar/gcc-arm-none-eabi/20180627/bin/../lib/gcc/arm-none-eabi/7.3.1/../../../../arm-none-eabi/lib/thumb/v7e-m/fpv4-sp/softfp/libc_nano.a(lib_a-makebuf.o)
                0x0000000008005100                __smakebuf_r
 .text._free_r  0x0000000008005180       0x9c /usr/local/Cellar/gcc-arm-none-eabi/20180627/bin/../lib/gcc/arm-none-eabi/7.3.1/../../../../arm-none-eabi/lib/thumb/v7e-m/fpv4-sp/softfp/libc_nano.a(lib_a-nano-freer.o)
                0x0000000008005180                _free_r
 .text._malloc_r
                0x000000000800521c       0xb4 /usr/local/Cellar/gcc-arm-none-eabi/20180627/bin/../lib/gcc/arm-none-eabi/7.3.1/../../../../arm-none-eabi/lib/thumb/v7e-m/fpv4-sp/softfp/libc_nano.a(lib_a-nano-mallocr.o)
                0x000000000800521c                _malloc_r
 .text._realloc_r
                0x00000000080052d0       0x4c /usr/local/Cellar/gcc-arm-none-eabi/20180627/bin/../lib/gcc/arm-none-eabi/7.3.1/../../../../arm-none-eabi/lib/thumb/v7e-m/fpv4-sp/softfp/libc_nano.a(lib_a-nano-reallocr.o)
                0x00000000080052d0                _realloc_r
 .text.__sfputc_r
                0x000000000800531c       0x2e /usr/local/Cellar/gcc-arm-none-eabi/20180627/bin/../lib/gcc/arm-none-eabi/7.3.1/../../../../arm-none-eabi/lib/thumb/v7e-m/fpv4-sp/softfp/libc_nano.a(lib_a-nano-vfprintf.o)
 .text.__sfputs_r
                0x000000000800534a       0x24 /usr/local/Cellar/gcc-arm-none-eabi/20180627/bin/../lib/gcc/arm-none-eabi/7.3.1/../../../../arm-none-eabi/lib/thumb/v7e-m/fpv4-sp/softfp/libc_nano.a(lib_a-nano-vfprintf.o)
                0x000000000800534a                __sfputs_r
 *fill*         0x000000000800536e        0x2 
 .text._vfprintf_r
                0x0000000008005370      0x22c /usr/local/Cellar/gcc-arm-none-eabi/20180627/bin/../lib/gcc/arm-none-eabi/7.3.1/../../../../arm-none-eabi/lib/thumb/v7e-m/fpv4-sp/softfp/libc_nano.a(lib_a-nano-vfprintf.o)
                0x0000000008005370                _vfiprintf_r
                0x0000000008005370                _vfprintf_r
 .text._printf_common
                0x000000000800559c       0xea /usr/local/Cellar/gcc-arm-none-eabi/20180627/bin/../lib/gcc/arm-none-eabi/7.3.1/../../../../arm-none-eabi/lib/thumb/v7e-m/fpv4-sp/softfp/libc_nano.a(lib_a-nano-vfprintf_i.o)
                0x000000000800559c                _printf_common
 *fill*         0x0000000008005686        0x2 
 .text._printf_i
                0x0000000008005688      0x224 /usr/local/Cellar/gcc-arm-none-eabi/20180627/bin/../lib/gcc/arm-none-eabi/7.3.1/../../../../arm-none-eabi/lib/thumb/v7e-m/fpv4-sp/softfp/libc_nano.a(lib_a-nano-vfprintf_i.o)
                0x0000000008005688                _printf_i
 .text._sbrk_r  0x00000000080058ac       0x20 /usr/local/Cellar/gcc-arm-none-eabi/20180627/bin/../lib/gcc/arm-none-eabi/7.3.1/../../../../arm-none-eabi/lib/thumb/v7e-m/fpv4-sp/softfp/libc_nano.a(lib_a-sbrkr.o)
                0x00000000080058ac                _sbrk_r
 .text.__sread  0x00000000080058cc       0x22 /usr/local/Cellar/gcc-arm-none-eabi/20180627/bin/../lib/gcc/arm-none-eabi/7.3.1/../../../../arm-none-eabi/lib/thumb/v7e-m/fpv4-sp/softfp/libc_nano.a(lib_a-stdio.o)
                0x00000000080058cc                __sread
 .text.__swrite
                0x00000000080058ee       0x38 /usr/local/Cellar/gcc-arm-none-eabi/20180627/bin/../lib/gcc/arm-none-eabi/7.3.1/../../../../arm-none-eabi/lib/thumb/v7e-m/fpv4-sp/softfp/libc_nano.a(lib_a-stdio.o)
                0x00000000080058ee                __swrite
 .text.__sseek  0x0000000008005926       0x24 /usr/local/Cellar/gcc-arm-none-eabi/20180627/bin/../lib/gcc/arm-none-eabi/7.3.1/../../../../arm-none-eabi/lib/thumb/v7e-m/fpv4-sp/softfp/libc_nano.a(lib_a-stdio.o)
                0x0000000008005926                __sseek
 .text.__sclose
                0x000000000800594a        0x8 /usr/local/Cellar/gcc-arm-none-eabi/20180627/bin/../lib/gcc/arm-none-eabi/7.3.1/../../../../arm-none-eabi/lib/thumb/v7e-m/fpv4-sp/softfp/libc_nano.a(lib_a-stdio.o)
                0x000000000800594a                __sclose
 *fill*         0x0000000008005952        0x2 
 .text._write_r
                0x0000000008005954       0x24 /usr/local/Cellar/gcc-arm-none-eabi/20180627/bin/../lib/gcc/arm-none-eabi/7.3.1/../../../../arm-none-eabi/lib/thumb/v7e-m/fpv4-sp/softfp/libc_nano.a(lib_a-writer.o)
                0x0000000008005954                _write_r
 .text._close_r
                0x0000000008005978       0x20 /usr/local/Cellar/gcc-arm-none-eabi/20180627/bin/../lib/gcc/arm-none-eabi/7.3.1/../../../../arm-none-eabi/lib/thumb/v7e-m/fpv4-sp/softfp/libc_nano.a(lib_a-closer.o)
                0x0000000008005978                _close_r
 .text._fstat_r
                0x0000000008005998       0x24 /usr/local/Cellar/gcc-arm-none-eabi/20180627/bin/../lib/gcc/arm-none-eabi/7.3.1/../../../../arm-none-eabi/lib/thumb/v7e-m/fpv4-sp/softfp/libc_nano.a(lib_a-fstatr.o)
                0x0000000008005998                _fstat_r
 .text._isatty_r
                0x00000000080059bc       0x20 /usr/local/Cellar/gcc-arm-none-eabi/20180627/bin/../lib/gcc/arm-none-eabi/7.3.1/../../../../arm-none-eabi/lib/thumb/v7e-m/fpv4-sp/softfp/libc_nano.a(lib_a-isattyr.o)
                0x00000000080059bc                _isatty_r
 .text._lseek_r
                0x00000000080059dc       0x24 /usr/local/Cellar/gcc-arm-none-eabi/20180627/bin/../lib/gcc/arm-none-eabi/7.3.1/../../../../arm-none-eabi/lib/thumb/v7e-m/fpv4-sp/softfp/libc_nano.a(lib_a-lseekr.o)
                0x00000000080059dc                _lseek_r
 .text.__malloc_lock
                0x0000000008005a00        0x2 /usr/local/Cellar/gcc-arm-none-eabi/20180627/bin/../lib/gcc/arm-none-eabi/7.3.1/../../../../arm-none-eabi/lib/thumb/v7e-m/fpv4-sp/softfp/libc_nano.a(lib_a-mlock.o)
                0x0000000008005a00                __malloc_lock
 .text.__malloc_unlock
                0x0000000008005a02        0x2 /usr/local/Cellar/gcc-arm-none-eabi/20180627/bin/../lib/gcc/arm-none-eabi/7.3.1/../../../../arm-none-eabi/lib/thumb/v7e-m/fpv4-sp/softfp/libc_nano.a(lib_a-mlock.o)
                0x0000000008005a02                __malloc_unlock
 .text._malloc_usable_size_r
                0x0000000008005a04       0x10 /usr/local/Cellar/gcc-arm-none-eabi/20180627/bin/../lib/gcc/arm-none-eabi/7.3.1/../../../../arm-none-eabi/lib/thumb/v7e-m/fpv4-sp/softfp/libc_nano.a(lib_a-nano-msizer.o)
                0x0000000008005a04                _malloc_usable_size_r
 .text._read_r  0x0000000008005a14       0x24 /usr/local/Cellar/gcc-arm-none-eabi/20180627/bin/../lib/gcc/arm-none-eabi/7.3.1/../../../../arm-none-eabi/lib/thumb/v7e-m/fpv4-sp/softfp/libc_nano.a(lib_a-readr.o)
                0x0000000008005a14                _read_r
 .text._close   0x0000000008005a38       0x10 /usr/local/Cellar/gcc-arm-none-eabi/20180627/bin/../lib/gcc/arm-none-eabi/7.3.1/../../../../arm-none-eabi/lib/thumb/v7e-m/fpv4-sp/softfp/libnosys.a(close.o)
                0x0000000008005a38                _close
 .text._fstat   0x0000000008005a48       0x10 /usr/local/Cellar/gcc-arm-none-eabi/20180627/bin/../lib/gcc/arm-none-eabi/7.3.1/../../../../arm-none-eabi/lib/thumb/v7e-m/fpv4-sp/softfp/libnosys.a(fstat.o)
                0x0000000008005a48                _fstat
 .text._isatty  0x0000000008005a58       0x10 /usr/local/Cellar/gcc-arm-none-eabi/20180627/bin/../lib/gcc/arm-none-eabi/7.3.1/../../../../arm-none-eabi/lib/thumb/v7e-m/fpv4-sp/softfp/libnosys.a(isatty.o)
                0x0000000008005a58                _isatty
 .text._lseek   0x0000000008005a68       0x10 /usr/local/Cellar/gcc-arm-none-eabi/20180627/bin/../lib/gcc/arm-none-eabi/7.3.1/../../../../arm-none-eabi/lib/thumb/v7e-m/fpv4-sp/softfp/libnosys.a(lseek.o)
                0x0000000008005a68                _lseek
 .text._read    0x0000000008005a78       0x10 /usr/local/Cellar/gcc-arm-none-eabi/20180627/bin/../lib/gcc/arm-none-eabi/7.3.1/../../../../arm-none-eabi/lib/thumb/v7e-m/fpv4-sp/softfp/libnosys.a(read.o)
                0x0000000008005a78                _read
 .text._sbrk    0x0000000008005a88       0x1c /usr/local/Cellar/gcc-arm-none-eabi/20180627/bin/../lib/gcc/arm-none-eabi/7.3.1/../../../../arm-none-eabi/lib/thumb/v7e-m/fpv4-sp/softfp/libnosys.a(sbrk.o)
                0x0000000008005a88                _sbrk
 .text._exit    0x0000000008005aa4        0x4 /usr/local/Cellar/gcc-arm-none-eabi/20180627/bin/../lib/gcc/arm-none-eabi/7.3.1/../../../../arm-none-eabi/lib/thumb/v7e-m/fpv4-sp/softfp/libnosys.a(_exit.o)
                0x0000000008005aa4                _exit
 .text.abort    0x0000000008005aa8        0xe /usr/local/Cellar/gcc-arm-none-eabi/20180627/bin/../lib/gcc/arm-none-eabi/7.3.1/../../../../arm-none-eabi/lib/thumb/v7e-m/fpv4-sp/softfp/libc_nano.a(lib_a-abort.o)
                0x0000000008005aa8                abort
 .text._raise_r
                0x0000000008005ab6       0x50 /usr/local/Cellar/gcc-arm-none-eabi/20180627/bin/../lib/gcc/arm-none-eabi/7.3.1/../../../../arm-none-eabi/lib/thumb/v7e-m/fpv4-sp/softfp/libc_nano.a(lib_a-signal.o)
                0x0000000008005ab6                _raise_r
 *fill*         0x0000000008005b06        0x2 
 .text.raise    0x0000000008005b08       0x10 /usr/local/Cellar/gcc-arm-none-eabi/20180627/bin/../lib/gcc/arm-none-eabi/7.3.1/../../../../arm-none-eabi/lib/thumb/v7e-m/fpv4-sp/softfp/libc_nano.a(lib_a-signal.o)
                0x0000000008005b08                raise
 .text._kill_r  0x0000000008005b18       0x24 /usr/local/Cellar/gcc-arm-none-eabi/20180627/bin/../lib/gcc/arm-none-eabi/7.3.1/../../../../arm-none-eabi/lib/thumb/v7e-m/fpv4-sp/softfp/libc_nano.a(lib_a-signalr.o)
                0x0000000008005b18                _kill_r
 .text._getpid_r
                0x0000000008005b3c        0x4 /usr/local/Cellar/gcc-arm-none-eabi/20180627/bin/../lib/gcc/arm-none-eabi/7.3.1/../../../../arm-none-eabi/lib/thumb/v7e-m/fpv4-sp/softfp/libc_nano.a(lib_a-signalr.o)
                0x0000000008005b3c                _getpid_r
 .text._getpid  0x0000000008005b40       0x10 /usr/local/Cellar/gcc-arm-none-eabi/20180627/bin/../lib/gcc/arm-none-eabi/7.3.1/../../../../arm-none-eabi/lib/thumb/v7e-m/fpv4-sp/softfp/libnosys.a(getpid.o)
                0x0000000008005b40                _getpid
 .text._kill    0x0000000008005b50       0x10 /usr/local/Cellar/gcc-arm-none-eabi/20180627/bin/../lib/gcc/arm-none-eabi/7.3.1/../../../../arm-none-eabi/lib/thumb/v7e-m/fpv4-sp/softfp/libnosys.a(kill.o)
                0x0000000008005b50                _kill
 *(.rodata)
 .rodata        0x0000000008005b60       0x14 build/spin_task.o
 *(.rodata*)
 .rodata.prvCheckForValidListAndQueue.str1.4
                0x0000000008005b74        0x5 build/timers.o
 *fill*         0x0000000008005b79        0x3 
 .rodata.xTimerCreateTimerTask.str1.4
                0x0000000008005b7c        0x8 build/timers.o
 .rodata.vTaskStartScheduler.str1.4
                0x0000000008005b84        0x5 build/tasks.o
 *fill*         0x0000000008005b89        0x3 
 .rodata.HardFault_Handler.str1.4
                0x0000000008005b8c       0x2a build/at32f4xx_it.o
 *fill*         0x0000000008005bb6        0x2 
 .rodata._ZTVN8std_msgs4TimeE
                0x0000000008005bb8       0x18 build/main.o
                0x0000000008005bb8                vtable for std_msgs::Time
 .rodata._ZTVN14rosserial_msgs9TopicInfoE
                0x0000000008005bd0       0x18 build/main.o
                0x0000000008005bd0                vtable for rosserial_msgs::TopicInfo
 .rodata._ZTVN14rosserial_msgs3LogE
                0x0000000008005be8       0x18 build/main.o
                0x0000000008005be8                vtable for rosserial_msgs::Log
 .rodata._ZTVN14rosserial_msgs20RequestParamResponseE
                0x0000000008005c00       0x18 build/main.o
                0x0000000008005c00                vtable for rosserial_msgs::RequestParamResponse
 .rodata._ZTVN3ros11NodeHandle_I13STM32HardwareLi5ELi5ELi512ELi512EEE
                0x0000000008005c18       0x14 build/main.o
                0x0000000008005c18                vtable for ros::NodeHandle_<STM32Hardware, 5, 5, 512, 512>
 .rodata._ZL12AppObjCreatev.str1.4
                0x0000000008005c2c       0x23 build/main.o
 *fill*         0x0000000008005c4f        0x1 
 .rodata._ZN14rosserial_msgs20RequestParamResponse6getMD5Ev.str1.4
                0x0000000008005c50       0x21 build/main.o
 *fill*         0x0000000008005c71        0x3 
 .rodata._ZN14rosserial_msgs3Log6getMD5Ev.str1.4
                0x0000000008005c74       0x21 build/main.o
 *fill*         0x0000000008005c95        0x3 
 .rodata._ZN14rosserial_msgs3Log7getTypeEv.str1.4
                0x0000000008005c98       0x13 build/main.o
 *fill*         0x0000000008005cab        0x1 
 .rodata._ZN14rosserial_msgs9TopicInfo6getMD5Ev.str1.4
                0x0000000008005cac       0x21 build/main.o
 *fill*         0x0000000008005ccd        0x3 
 .rodata._ZN14rosserial_msgs9TopicInfo7getTypeEv.str1.4
                0x0000000008005cd0       0x19 build/main.o
 *fill*         0x0000000008005ce9        0x3 
 .rodata._ZN14rosserial_msgsL12REQUESTPARAME
                0x0000000008005cec       0x1c build/main.o
 .rodata._ZN3ros11NodeHandle_I13STM32HardwareLi5ELi5ELi512ELi512EE7publishEiPKNS_3MsgE.str1.4
                0x0000000008005d08       0x39 build/main.o
 *fill*         0x0000000008005d41        0x3 
 .rodata._ZN3ros11NodeHandle_I13STM32HardwareLi5ELi5ELi512ELi512EE8spinOnceEv.str1.4
                0x0000000008005d44       0x24 build/main.o
 .rodata._ZN8std_msgs4Time6getMD5Ev.str1.4
                0x0000000008005d68       0x21 build/main.o
 *fill*         0x0000000008005d89        0x3 
 .rodata._ZN8std_msgs4Time7getTypeEv.str1.4
                0x0000000008005d8c        0xe build/main.o
 *fill*         0x0000000008005d9a        0x2 
 .rodata.main.str1.4
                0x0000000008005d9c        0xa build/main.o
 *fill*         0x0000000008005da6        0x2 
 .rodata.vApplicationStackOverflowHook.str1.4
                0x0000000008005da8       0x1d build/main.o
 *fill*         0x0000000008005dc5        0x3 
 .rodata._Z19ROS_SpinTaskHandlerPKv.str1.4
                0x0000000008005dc8       0x13 build/spin_task.o
                                         0x38 (size before relaxing)
 *fill*         0x0000000008005ddb        0x1 
 .rodata.str1.4
                0x0000000008005ddc        0xd build/spin_task.o
 *fill*         0x0000000008005de9        0x3 
 .rodata._ZTVN8std_msgs6UInt16E
                0x0000000008005dec       0x18 build/subscribe_task.o
                0x0000000008005dec                vtable for std_msgs::UInt16
 .rodata._ZTVN3ros10SubscriberIN8std_msgs6UInt16EvEE
                0x0000000008005e04       0x18 build/subscribe_task.o
                0x0000000008005e04                vtable for ros::Subscriber<std_msgs::UInt16, void>
 .rodata._Z41__static_initialization_and_destruction_0ii.str1.4
                0x0000000008005e1c        0x4 build/subscribe_task.o
 .rodata._ZN8std_msgs6UInt166getMD5Ev.str1.4
                0x0000000008005e20       0x21 build/subscribe_task.o
 *fill*         0x0000000008005e41        0x3 
 .rodata._ZN8std_msgs6UInt167getTypeEv.str1.4
                0x0000000008005e44       0x10 build/subscribe_task.o
 .rodata._global_impure_ptr
                0x0000000008005e54        0x4 /usr/local/Cellar/gcc-arm-none-eabi/20180627/bin/../lib/gcc/arm-none-eabi/7.3.1/../../../../arm-none-eabi/lib/thumb/v7e-m/fpv4-sp/softfp/libc_nano.a(lib_a-impure.o)
                0x0000000008005e54                _global_impure_ptr
 .rodata.__sf_fake_stderr
                0x0000000008005e58       0x20 /usr/local/Cellar/gcc-arm-none-eabi/20180627/bin/../lib/gcc/arm-none-eabi/7.3.1/../../../../arm-none-eabi/lib/thumb/v7e-m/fpv4-sp/softfp/libc_nano.a(lib_a-findfp.o)
                0x0000000008005e58                __sf_fake_stderr
 .rodata.__sf_fake_stdin
                0x0000000008005e78       0x20 /usr/local/Cellar/gcc-arm-none-eabi/20180627/bin/../lib/gcc/arm-none-eabi/7.3.1/../../../../arm-none-eabi/lib/thumb/v7e-m/fpv4-sp/softfp/libc_nano.a(lib_a-findfp.o)
                0x0000000008005e78                __sf_fake_stdin
 .rodata.__sf_fake_stdout
                0x0000000008005e98       0x20 /usr/local/Cellar/gcc-arm-none-eabi/20180627/bin/../lib/gcc/arm-none-eabi/7.3.1/../../../../arm-none-eabi/lib/thumb/v7e-m/fpv4-sp/softfp/libc_nano.a(lib_a-findfp.o)
                0x0000000008005e98                __sf_fake_stdout
 .rodata._vfprintf_r.str1.1
                0x0000000008005eb8       0x11 /usr/local/Cellar/gcc-arm-none-eabi/20180627/bin/../lib/gcc/arm-none-eabi/7.3.1/../../../../arm-none-eabi/lib/thumb/v7e-m/fpv4-sp/softfp/libc_nano.a(lib_a-nano-vfprintf.o)
 .rodata._printf_i.str1.1
                0x0000000008005ec9       0x22 /usr/local/Cellar/gcc-arm-none-eabi/20180627/bin/../lib/gcc/arm-none-eabi/7.3.1/../../../../arm-none-eabi/lib/thumb/v7e-m/fpv4-sp/softfp/libc_nano.a(lib_a-nano-vfprintf_i.o)
 *(.glue_7)
 .glue_7        0x0000000008005eeb        0x0 linker stubs
 *(.glue_7t)
 .glue_7t       0x0000000008005eeb        0x0 linker stubs
 *(.eh_frame)
 *fill*         0x0000000008005eeb        0x1 
 .eh_frame      0x0000000008005eec        0x0 /usr/local/Cellar/gcc-arm-none-eabi/20180627/bin/../lib/gcc/arm-none-eabi/7.3.1/thumb/v7e-m/fpv4-sp/softfp/crtbegin.o
 *(.init)
 .init          0x0000000008005eec        0x4 /usr/local/Cellar/gcc-arm-none-eabi/20180627/bin/../lib/gcc/arm-none-eabi/7.3.1/thumb/v7e-m/fpv4-sp/softfp/crti.o
                0x0000000008005eec                _init
 .init          0x0000000008005ef0        0x8 /usr/local/Cellar/gcc-arm-none-eabi/20180627/bin/../lib/gcc/arm-none-eabi/7.3.1/thumb/v7e-m/fpv4-sp/softfp/crtn.o
 *(.fini)
 .fini          0x0000000008005ef8        0x4 /usr/local/Cellar/gcc-arm-none-eabi/20180627/bin/../lib/gcc/arm-none-eabi/7.3.1/thumb/v7e-m/fpv4-sp/softfp/crti.o
                0x0000000008005ef8                _fini
 .fini          0x0000000008005efc        0x8 /usr/local/Cellar/gcc-arm-none-eabi/20180627/bin/../lib/gcc/arm-none-eabi/7.3.1/thumb/v7e-m/fpv4-sp/softfp/crtn.o
                0x0000000008005f04                . = ALIGN (0x4)
                0x0000000008005f04                _etext = .

.vfp11_veneer   0x0000000008005f04        0x0
 .vfp11_veneer  0x0000000008005f04        0x0 linker stubs

.v4_bx          0x0000000008005f04        0x0
 .v4_bx         0x0000000008005f04        0x0 linker stubs

.iplt           0x0000000008005f04        0x0
 .iplt          0x0000000008005f04        0x0 /usr/local/Cellar/gcc-arm-none-eabi/20180627/bin/../lib/gcc/arm-none-eabi/7.3.1/thumb/v7e-m/fpv4-sp/softfp/crtbegin.o

.ARM.extab      0x0000000008005f04       0x48
 *(.ARM.extab* .gnu.linkonce.armextab.*)
 .ARM.extab.text._ZNK8std_msgs4Time9serializeEPh
                0x0000000008005f04        0x0 build/main.o
 .ARM.extab.text._ZN8std_msgs4Time11deserializeEPh
                0x0000000008005f04        0x0 build/main.o
 .ARM.extab.text._ZN8std_msgs4Time7getTypeEv
                0x0000000008005f04        0x0 build/main.o
 .ARM.extab.text._ZN8std_msgs4Time6getMD5Ev
                0x0000000008005f04        0x0 build/main.o
 .ARM.extab.text._ZN14rosserial_msgs9TopicInfo11deserializeEPh
                0x0000000008005f04        0x0 build/main.o
 .ARM.extab.text._ZN14rosserial_msgs9TopicInfo7getTypeEv
                0x0000000008005f04        0x0 build/main.o
 .ARM.extab.text._ZN14rosserial_msgs9TopicInfo6getMD5Ev
                0x0000000008005f04        0x0 build/main.o
 .ARM.extab.text._ZN14rosserial_msgs3Log11deserializeEPh
                0x0000000008005f04        0x0 build/main.o
 .ARM.extab.text._ZN14rosserial_msgs3Log7getTypeEv
                0x0000000008005f04        0x0 build/main.o
 .ARM.extab.text._ZN14rosserial_msgs3Log6getMD5Ev
                0x0000000008005f04        0x0 build/main.o
 .ARM.extab.text._ZN14rosserial_msgs20RequestParamResponse7getTypeEv
                0x0000000008005f04        0x0 build/main.o
 .ARM.extab.text._ZN14rosserial_msgs20RequestParamResponse6getMD5Ev
                0x0000000008005f04        0x0 build/main.o
 .ARM.extab.text._ZN3ros11NodeHandle_I13STM32HardwareLi5ELi5ELi512ELi512EE9connectedEv
                0x0000000008005f04        0x0 build/main.o
 .ARM.extab.text._ZL12AppObjCreatev
                0x0000000008005f04        0xc build/main.o
 .ARM.extab.text._ZNK14rosserial_msgs9TopicInfo9serializeEPh
                0x0000000008005f10        0x0 build/main.o
 .ARM.extab.text._ZNK14rosserial_msgs3Log9serializeEPh
                0x0000000008005f10        0x0 build/main.o
 .ARM.extab.text._ZNK14rosserial_msgs20RequestParamResponse9serializeEPh
                0x0000000008005f10        0x0 build/main.o
 .ARM.extab.text._ZN14rosserial_msgs20RequestParamResponse11deserializeEPh
                0x0000000008005f10        0x0 build/main.o
 .ARM.extab.text._ZN3ros11NodeHandle_I13STM32HardwareLi5ELi5ELi512ELi512EE7publishEiPKNS_3MsgE
                0x0000000008005f10        0x0 build/main.o
 .ARM.extab.text.vApplicationStackOverflowHook
                0x0000000008005f10        0xc build/main.o
 .ARM.extab.text._ZN3ros11NodeHandle_I13STM32HardwareLi5ELi5ELi512ELi512EE15negotiateTopicsEv
                0x0000000008005f1c        0x0 build/main.o
 .ARM.extab.text._ZN3ros11NodeHandle_I13STM32HardwareLi5ELi5ELi512ELi512EE8spinOnceEv
                0x0000000008005f1c        0x0 build/main.o
 .ARM.extab.text._ZNK8std_msgs6UInt169serializeEPh
                0x0000000008005f1c        0x0 build/subscribe_task.o
 .ARM.extab.text._ZN8std_msgs6UInt1611deserializeEPh
                0x0000000008005f1c        0x0 build/subscribe_task.o
 .ARM.extab.text._ZN8std_msgs6UInt167getTypeEv
                0x0000000008005f1c        0x0 build/subscribe_task.o
 .ARM.extab.text._ZN8std_msgs6UInt166getMD5Ev
                0x0000000008005f1c        0x0 build/subscribe_task.o
 .ARM.extab.text._ZN3ros10SubscriberIN8std_msgs6UInt16EvE8callbackEPh
                0x0000000008005f1c        0xc build/subscribe_task.o
 .ARM.extab.text._ZN3ros10SubscriberIN8std_msgs6UInt16EvE15getEndpointTypeEv
                0x0000000008005f28        0x0 build/subscribe_task.o
 .ARM.extab.text._ZN3ros10SubscriberIN8std_msgs6UInt16EvE10getMsgTypeEv
                0x0000000008005f28        0x0 build/subscribe_task.o
 .ARM.extab.text._ZN3ros10SubscriberIN8std_msgs6UInt16EvE9getMsgMD5Ev
                0x0000000008005f28        0x0 build/subscribe_task.o
 .ARM.extab.text._Z6led_cbRKN8std_msgs6UInt16E
                0x0000000008005f28        0xc build/subscribe_task.o
 .ARM.extab     0x0000000008005f34       0x18 /usr/local/Cellar/gcc-arm-none-eabi/20180627/bin/../lib/gcc/arm-none-eabi/7.3.1/thumb/v7e-m/fpv4-sp/softfp/libgcc.a(pr-support.o)

.ARM            0x0000000008005f4c      0x138
                0x0000000008005f4c                __exidx_start = .
 *(.ARM.exidx*)
 .ARM.exidx.text._ZNK8std_msgs4Time9serializeEPh
                0x0000000008006004        0x0 build/main.o
                                          0x8 (size before relaxing)
 .ARM.exidx.text._ZN8std_msgs4Time11deserializeEPh
                0x0000000008006004        0x0 build/main.o
                                          0x8 (size before relaxing)
 .ARM.exidx.text._ZN8std_msgs4Time7getTypeEv
                0x0000000008006004        0x0 build/main.o
                                          0x8 (size before relaxing)
 .ARM.exidx.text._ZN8std_msgs4Time6getMD5Ev
                0x0000000008006004        0x0 build/main.o
                                          0x8 (size before relaxing)
 .ARM.exidx.text._ZN14rosserial_msgs9TopicInfo11deserializeEPh
                0x0000000008006004        0x0 build/main.o
                                          0x8 (size before relaxing)
 .ARM.exidx.text._ZN14rosserial_msgs9TopicInfo7getTypeEv
                0x0000000008006004        0x0 build/main.o
                                          0x8 (size before relaxing)
 .ARM.exidx.text._ZN14rosserial_msgs9TopicInfo6getMD5Ev
                0x0000000008006004        0x0 build/main.o
                                          0x8 (size before relaxing)
 .ARM.exidx.text._ZN14rosserial_msgs3Log11deserializeEPh
                0x0000000008006004        0x0 build/main.o
                                          0x8 (size before relaxing)
 .ARM.exidx.text._ZN14rosserial_msgs3Log7getTypeEv
                0x0000000008006004        0x0 build/main.o
                                          0x8 (size before relaxing)
 .ARM.exidx.text._ZN14rosserial_msgs3Log6getMD5Ev
                0x0000000008006004        0x0 build/main.o
                                          0x8 (size before relaxing)
 .ARM.exidx.text._ZN14rosserial_msgs20RequestParamResponse7getTypeEv
                0x0000000008006004        0x0 build/main.o
                                          0x8 (size before relaxing)
 .ARM.exidx.text._ZN14rosserial_msgs20RequestParamResponse6getMD5Ev
                0x0000000008006004        0x0 build/main.o
                                          0x8 (size before relaxing)
 .ARM.exidx.text._Z41__static_initialization_and_destruction_0ii
                0x0000000008006004        0x0 build/main.o
                                          0x8 (size before relaxing)
 .ARM.exidx.text._ZN3ros11NodeHandle_I13STM32HardwareLi5ELi5ELi512ELi512EE9connectedEv
                0x0000000008006004        0x0 build/main.o
                                          0x8 (size before relaxing)
 .ARM.exidx.text._ZL12AppObjCreatev
                0x0000000008006004        0x8 build/main.o
 .ARM.exidx.text._ZNK14rosserial_msgs9TopicInfo9serializeEPh
                0x000000000800600c        0x8 build/main.o
 .ARM.exidx.text._ZNK14rosserial_msgs3Log9serializeEPh
                0x0000000008006014        0x0 build/main.o
                                          0x8 (size before relaxing)
 .ARM.exidx.text._ZNK14rosserial_msgs20RequestParamResponse9serializeEPh
                0x0000000008006014        0x0 build/main.o
                                          0x8 (size before relaxing)
 .ARM.exidx.text._ZN14rosserial_msgs20RequestParamResponse11deserializeEPh
                0x0000000008006014        0x0 build/main.o
                                          0x8 (size before relaxing)
 .ARM.exidx.text._ZN3ros11NodeHandle_I13STM32HardwareLi5ELi5ELi512ELi512EE7publishEiPKNS_3MsgE
                0x0000000008006014        0x8 build/main.o
 .ARM.exidx.text.main
                0x000000000800601c        0x8 build/main.o
 .ARM.exidx.text.vApplicationMallocFailedHook
                0x0000000008006024        0x8 build/main.o
 .ARM.exidx.text.vApplicationStackOverflowHook
                0x000000000800602c        0x8 build/main.o
 .ARM.exidx.text._ZN3ros11NodeHandle_I13STM32HardwareLi5ELi5ELi512ELi512EE15negotiateTopicsEv
                0x0000000008006034        0x8 build/main.o
 .ARM.exidx.text._ZN3ros11NodeHandle_I13STM32HardwareLi5ELi5ELi512ELi512EE8spinOnceEv
                0x000000000800603c        0x8 build/main.o
 .ARM.exidx.text._GLOBAL__sub_I_nh
                0x0000000008006044        0x8 build/main.o
 .ARM.exidx.text._Z19ROS_SpinTaskHandlerPKv
                0x000000000800604c        0x8 build/spin_task.o
 .ARM.exidx.text._Z15rosSpinTaskInitPN3ros11NodeHandle_I13STM32HardwareLi5ELi5ELi512ELi512EEE
                0x0000000008006054        0x8 build/spin_task.o
 .ARM.exidx.text._ZNK8std_msgs6UInt169serializeEPh
                0x000000000800605c        0x8 build/subscribe_task.o
 .ARM.exidx.text._ZN8std_msgs6UInt1611deserializeEPh
                0x0000000008006064        0x0 build/subscribe_task.o
                                          0x8 (size before relaxing)
 .ARM.exidx.text._ZN8std_msgs6UInt167getTypeEv
                0x0000000008006064        0x0 build/subscribe_task.o
                                          0x8 (size before relaxing)
 .ARM.exidx.text._ZN8std_msgs6UInt166getMD5Ev
                0x0000000008006064        0x0 build/subscribe_task.o
                                          0x8 (size before relaxing)
 .ARM.exidx.text._Z41__static_initialization_and_destruction_0ii
                0x0000000008006064        0x0 build/subscribe_task.o
                                          0x8 (size before relaxing)
 .ARM.exidx.text._ZN3ros10SubscriberIN8std_msgs6UInt16EvE8callbackEPh
                0x0000000008006064        0x8 build/subscribe_task.o
 .ARM.exidx.text._ZN3ros10SubscriberIN8std_msgs6UInt16EvE15getEndpointTypeEv
                0x000000000800606c        0x8 build/subscribe_task.o
 .ARM.exidx.text._ZN3ros10SubscriberIN8std_msgs6UInt16EvE10getMsgTypeEv
                0x0000000008006074        0x0 build/subscribe_task.o
                                          0x8 (size before relaxing)
 .ARM.exidx.text._ZN3ros10SubscriberIN8std_msgs6UInt16EvE9getMsgMD5Ev
                0x0000000008006074        0x0 build/subscribe_task.o
                                          0x8 (size before relaxing)
 .ARM.exidx.text._Z6led_cbRKN8std_msgs6UInt16E
                0x0000000008006074        0x8 build/subscribe_task.o
 .ARM.exidx.text._GLOBAL__sub_I_sub_led
                0x000000000800607c        0x8 build/subscribe_task.o
 .ARM.exidx.text._ZN3ros16normalizeSecNSecERmS0_
                0x0000000008006084        0x0 build/time.o
                                          0x8 (size before relaxing)
 .ARM.exidx     0x0000000008005f4c       0x80 /usr/local/Cellar/gcc-arm-none-eabi/20180627/bin/../lib/gcc/arm-none-eabi/7.3.1/thumb/v7e-m/fpv4-sp/softfp/libgcc.a(unwind-arm.o)
                                         0xd8 (size before relaxing)
 .ARM.exidx     0x0000000008005fcc       0x38 /usr/local/Cellar/gcc-arm-none-eabi/20180627/bin/../lib/gcc/arm-none-eabi/7.3.1/thumb/v7e-m/fpv4-sp/softfp/libgcc.a(pr-support.o)
                                         0x48 (size before relaxing)
                0x0000000008006084                __exidx_end = .

.rel.dyn        0x0000000008006084        0x0
 .rel.iplt      0x0000000008006084        0x0 /usr/local/Cellar/gcc-arm-none-eabi/20180627/bin/../lib/gcc/arm-none-eabi/7.3.1/thumb/v7e-m/fpv4-sp/softfp/crtbegin.o

.preinit_array  0x0000000008006084        0x0
                0x0000000008006084                PROVIDE (__preinit_array_start = .)
 *(.preinit_array*)
                0x0000000008006084                PROVIDE (__preinit_array_end = .)

.init_array     0x0000000008006084        0xc
                0x0000000008006084                PROVIDE (__init_array_start = .)
 *(SORT_BY_NAME(.init_array.*))
 *(.init_array*)
 .init_array    0x0000000008006084        0x4 /usr/local/Cellar/gcc-arm-none-eabi/20180627/bin/../lib/gcc/arm-none-eabi/7.3.1/thumb/v7e-m/fpv4-sp/softfp/crtbegin.o
 .init_array    0x0000000008006088        0x4 build/main.o
 .init_array    0x000000000800608c        0x4 build/subscribe_task.o
                0x0000000008006090                PROVIDE (__init_array_end = .)

.fini_array     0x0000000008006090        0x4
                [!provide]                        PROVIDE (__fini_array_start = .)
 *(.fini_array*)
 .fini_array    0x0000000008006090        0x4 /usr/local/Cellar/gcc-arm-none-eabi/20180627/bin/../lib/gcc/arm-none-eabi/7.3.1/thumb/v7e-m/fpv4-sp/softfp/crtbegin.o
 *(SORT_BY_NAME(.fini_array.*))
                [!provide]                        PROVIDE (__fini_array_end = .)
                0x0000000008006094                _sidata = .

.data           0x0000000020000000       0x7c load address 0x0000000008006094
                0x0000000020000000                . = ALIGN (0x4)
                0x0000000020000000                _sdata = .
 *(.data)
 *(.data*)
 .data.SystemCoreClock
                0x0000000020000000        0x4 build/system_at32f4xx.o
                0x0000000020000000                SystemCoreClock
 .data.ADCPscTable
                0x0000000020000004        0x8 build/at32f4xx_rcc.o
 .data.APBAHBPscTable
                0x000000002000000c        0x8 build/at32f4xx_rcc.o
 .data.uxCriticalNesting
                0x0000000020000014        0x4 build/port.o
 .data._impure_ptr
                0x0000000020000018        0x4 /usr/local/Cellar/gcc-arm-none-eabi/20180627/bin/../lib/gcc/arm-none-eabi/7.3.1/../../../../arm-none-eabi/lib/thumb/v7e-m/fpv4-sp/softfp/libc_nano.a(lib_a-impure.o)
                0x0000000020000018                _impure_ptr
 .data.impure_data
                0x000000002000001c       0x60 /usr/local/Cellar/gcc-arm-none-eabi/20180627/bin/../lib/gcc/arm-none-eabi/7.3.1/../../../../arm-none-eabi/lib/thumb/v7e-m/fpv4-sp/softfp/libc_nano.a(lib_a-impure.o)
                0x000000002000007c                . = ALIGN (0x4)
                0x000000002000007c                _edata = .

.igot.plt       0x000000002000007c        0x0 load address 0x0000000008006110
 .igot.plt      0x000000002000007c        0x0 /usr/local/Cellar/gcc-arm-none-eabi/20180627/bin/../lib/gcc/arm-none-eabi/7.3.1/thumb/v7e-m/fpv4-sp/softfp/crtbegin.o
                0x000000002000007c                . = ALIGN (0x4)

.bss            0x000000002000007c     0x6748 load address 0x0000000008006110
                0x000000002000007c                _sbss = .
                0x000000002000007c                __bss_start__ = _sbss
 *(.bss)
 .bss           0x000000002000007c       0x1c /usr/local/Cellar/gcc-arm-none-eabi/20180627/bin/../lib/gcc/arm-none-eabi/7.3.1/thumb/v7e-m/fpv4-sp/softfp/crtbegin.o
 *(.bss*)
 .bss.ucMaxSysCallPriority
                0x0000000020000098        0x1 build/port.o
 *fill*         0x0000000020000099        0x3 
 .bss.ulMaxPRIGROUPValue
                0x000000002000009c        0x4 build/port.o
 .bss.pxEnd     0x00000000200000a0        0x4 build/heap_4.o
 .bss.ucHeap    0x00000000200000a4     0x5000 build/heap_4.o
 .bss.xBlockAllocatedBit
                0x00000000200050a4        0x4 build/heap_4.o
 .bss.xFreeBytesRemaining
                0x00000000200050a8        0x4 build/heap_4.o
 .bss.xMinimumEverFreeBytesRemaining
                0x00000000200050ac        0x4 build/heap_4.o
 .bss.xStart    0x00000000200050b0        0x8 build/heap_4.o
 .bss.pxCurrentTimerList
                0x00000000200050b8        0x4 build/timers.o
 .bss.pxOverflowTimerList
                0x00000000200050bc        0x4 build/timers.o
 .bss.xActiveTimerList1
                0x00000000200050c0       0x14 build/timers.o
 .bss.xActiveTimerList2
                0x00000000200050d4       0x14 build/timers.o
 .bss.xLastTime.9537
                0x00000000200050e8        0x4 build/timers.o
 .bss.xTimerQueue
                0x00000000200050ec        0x4 build/timers.o
 .bss.xTimerTaskHandle
                0x00000000200050f0        0x4 build/timers.o
 .bss.pxCurrentTCB
                0x00000000200050f4        0x4 build/tasks.o
                0x00000000200050f4                pxCurrentTCB
 .bss.pxDelayedTaskList
                0x00000000200050f8        0x4 build/tasks.o
 .bss.pxOverflowDelayedTaskList
                0x00000000200050fc        0x4 build/tasks.o
 .bss.pxReadyTasksLists
                0x0000000020005100       0xc8 build/tasks.o
 .bss.ulTaskSwitchedInTime
                0x00000000200051c8        0x4 build/tasks.o
 .bss.uxCurrentNumberOfTasks
                0x00000000200051cc        0x4 build/tasks.o
 .bss.uxDeletedTasksWaitingCleanUp
                0x00000000200051d0        0x4 build/tasks.o
 .bss.uxPendedTicks
                0x00000000200051d4        0x4 build/tasks.o
 .bss.uxSchedulerSuspended
                0x00000000200051d8        0x4 build/tasks.o
 .bss.uxTaskNumber
                0x00000000200051dc        0x4 build/tasks.o
 .bss.uxTopReadyPriority
                0x00000000200051e0        0x4 build/tasks.o
 .bss.xDelayedTaskList1
                0x00000000200051e4       0x14 build/tasks.o
 .bss.xDelayedTaskList2
                0x00000000200051f8       0x14 build/tasks.o
 .bss.xIdleTaskHandle
                0x000000002000520c        0x4 build/tasks.o
 .bss.xNextTaskUnblockTime
                0x0000000020005210        0x4 build/tasks.o
 .bss.xNumOfOverflows
                0x0000000020005214        0x4 build/tasks.o
 .bss.xPendingReadyList
                0x0000000020005218       0x14 build/tasks.o
 .bss.xSchedulerRunning
                0x000000002000522c        0x4 build/tasks.o
 .bss.xSuspendedTaskList
                0x0000000020005230       0x14 build/tasks.o
 .bss.xTasksWaitingTermination
                0x0000000020005244       0x14 build/tasks.o
 .bss.xTickCount
                0x0000000020005258        0x4 build/tasks.o
 .bss.xYieldPending
                0x000000002000525c        0x4 build/tasks.o
 .bss.s_tBtn    0x0000000020005260       0x10 build/bsp_key.o
 .bss.s_tKey    0x0000000020005270        0xd build/bsp_key.o
 *fill*         0x000000002000527d        0x3 
 .bss.s_TMR_CallBack1
                0x0000000020005280        0x4 build/bsp_timer.o
 .bss.s_TMR_CallBack2
                0x0000000020005284        0x4 build/bsp_timer.o
 .bss.s_TMR_CallBack3
                0x0000000020005288        0x4 build/bsp_timer.o
 .bss.s_TMR_CallBack4
                0x000000002000528c        0x4 build/bsp_timer.o
 .bss.g_RxBuf1  0x0000000020005290      0x800 build/bsp_uart_fifo.o
 .bss.g_TxBuf1  0x0000000020005a90      0x800 build/bsp_uart_fifo.o
 .bss.g_tUart1  0x0000000020006290       0x28 build/bsp_uart_fifo.o
 .bss.ulHighFrequencyTimerTicks
                0x00000000200062b8        0x4 build/TimerForRunTimeState.o
                0x00000000200062b8                ulHighFrequencyTimerTicks
 .bss._ZL17xHandleMutexPrint
                0x00000000200062bc        0x4 build/main.o
 .bss.nh        0x00000000200062c0      0x490 build/main.o
                0x00000000200062c0                nh
 .bss._ZL3nh_   0x0000000020006750        0x4 build/spin_task.o
 .bss.sub_led   0x0000000020006754       0x1c build/subscribe_task.o
                0x0000000020006754                sub_led
 .bss.subscribeQueueHandle
                0x0000000020006770        0x4 build/subscribe_task.o
                0x0000000020006770                subscribeQueueHandle
 .bss.__malloc_free_list
                0x0000000020006774        0x4 /usr/local/Cellar/gcc-arm-none-eabi/20180627/bin/../lib/gcc/arm-none-eabi/7.3.1/../../../../arm-none-eabi/lib/thumb/v7e-m/fpv4-sp/softfp/libc_nano.a(lib_a-nano-mallocr.o)
                0x0000000020006774                __malloc_free_list
 .bss.__malloc_sbrk_start
                0x0000000020006778        0x4 /usr/local/Cellar/gcc-arm-none-eabi/20180627/bin/../lib/gcc/arm-none-eabi/7.3.1/../../../../arm-none-eabi/lib/thumb/v7e-m/fpv4-sp/softfp/libc_nano.a(lib_a-nano-mallocr.o)
                0x0000000020006778                __malloc_sbrk_start
 .bss.heap_end.5377
                0x000000002000677c        0x4 /usr/local/Cellar/gcc-arm-none-eabi/20180627/bin/../lib/gcc/arm-none-eabi/7.3.1/../../../../arm-none-eabi/lib/thumb/v7e-m/fpv4-sp/softfp/libnosys.a(sbrk.o)
 *(COMMON)
 COMMON         0x0000000020006780       0x40 build/queue.o
                0x0000000020006780                xQueueRegistry
 COMMON         0x00000000200067c0        0x4 /usr/local/Cellar/gcc-arm-none-eabi/20180627/bin/../lib/gcc/arm-none-eabi/7.3.1/../../../../arm-none-eabi/lib/thumb/v7e-m/fpv4-sp/softfp/libc_nano.a(lib_a-reent.o)
                0x00000000200067c0                errno
                0x00000000200067c4                . = ALIGN (0x4)
                0x00000000200067c4                _ebss = .
                0x00000000200067c4                __bss_end__ = _ebss

._user_heap_stack
                0x00000000200067c4      0x400 load address 0x000000000800c858
                0x00000000200067c4                . = ALIGN (0x4)
                0x00000000200067c4                PROVIDE (end = .)
                [!provide]                        PROVIDE (_end = .)
                0x00000000200067c4                . = (. + _Min_Heap_Size)
                0x0000000020006bc4                . = (. + _Min_Stack_Size)
 *fill*         0x00000000200067c4      0x400 
                0x0000000020006bc4                . = ALIGN (0x4)

/DISCARD/
 libc.a(*)
 libm.a(*)
 libgcc.a(*)

.ARM.attributes
                0x0000000000000000       0x2e
 *(.ARM.attributes)
 .ARM.attributes
                0x0000000000000000       0x22 /usr/local/Cellar/gcc-arm-none-eabi/20180627/bin/../lib/gcc/arm-none-eabi/7.3.1/thumb/v7e-m/fpv4-sp/softfp/crti.o
 .ARM.attributes
                0x0000000000000022       0x32 /usr/local/Cellar/gcc-arm-none-eabi/20180627/bin/../lib/gcc/arm-none-eabi/7.3.1/thumb/v7e-m/fpv4-sp/softfp/crtbegin.o
 .ARM.attributes
                0x0000000000000054       0x37 build/at32_hoverboard.o
 .ARM.attributes
                0x000000000000008b       0x37 build/system_at32f4xx.o
 .ARM.attributes
                0x00000000000000c2       0x37 build/at32f4xx_gpio.o
 .ARM.attributes
                0x00000000000000f9       0x37 build/at32f4xx_rcc.o
 .ARM.attributes
                0x0000000000000130       0x37 build/at32f4xx_tim.o
 .ARM.attributes
                0x0000000000000167       0x37 build/at32f4xx_usart.o
 .ARM.attributes
                0x000000000000019e       0x37 build/misc.o
 .ARM.attributes
                0x00000000000001d5       0x37 build/list.o
 .ARM.attributes
                0x000000000000020c       0x37 build/port.o
 .ARM.attributes
                0x0000000000000243       0x37 build/heap_4.o
 .ARM.attributes
                0x000000000000027a       0x37 build/queue.o
 .ARM.attributes
                0x00000000000002b1       0x37 build/cmsis_os.o
 .ARM.attributes
                0x00000000000002e8       0x37 build/timers.o
 .ARM.attributes
                0x000000000000031f       0x37 build/tasks.o
 .ARM.attributes
                0x0000000000000356       0x37 build/bsp_key.o
 .ARM.attributes
                0x000000000000038d       0x37 build/bsp_led.o
 .ARM.attributes
                0x00000000000003c4       0x37 build/bsp_timer.o
 .ARM.attributes
                0x00000000000003fb       0x37 build/bsp_uart_fifo.o
 .ARM.attributes
                0x0000000000000432       0x37 build/bsp.o
 .ARM.attributes
                0x0000000000000469       0x37 build/at32f4xx_it.o
 .ARM.attributes
                0x00000000000004a0       0x37 build/TimerForRunTimeState.o
 .ARM.attributes
                0x00000000000004d7       0x37 build/main.o
 .ARM.attributes
                0x000000000000050e       0x37 build/spin_task.o
 .ARM.attributes
                0x0000000000000545       0x37 build/subscribe_task.o
 .ARM.attributes
                0x000000000000057c       0x37 build/time.o
 .ARM.attributes
                0x00000000000005b3       0x25 build/startup_at32f403xe.o
 .ARM.attributes
                0x00000000000005d8       0x32 /usr/local/Cellar/gcc-arm-none-eabi/20180627/bin/../lib/gcc/arm-none-eabi/7.3.1/../../../../arm-none-eabi/lib/thumb/v7e-m/fpv4-sp/softfp/libc_nano.a(lib_a-impure.o)
 .ARM.attributes
                0x000000000000060a       0x32 /usr/local/Cellar/gcc-arm-none-eabi/20180627/bin/../lib/gcc/arm-none-eabi/7.3.1/../../../../arm-none-eabi/lib/thumb/v7e-m/fpv4-sp/softfp/libc_nano.a(lib_a-memcpy-stub.o)
 .ARM.attributes
                0x000000000000063c       0x32 /usr/local/Cellar/gcc-arm-none-eabi/20180627/bin/../lib/gcc/arm-none-eabi/7.3.1/../../../../arm-none-eabi/lib/thumb/v7e-m/fpv4-sp/softfp/libc_nano.a(lib_a-memset.o)
 .ARM.attributes
                0x000000000000066e       0x32 /usr/local/Cellar/gcc-arm-none-eabi/20180627/bin/../lib/gcc/arm-none-eabi/7.3.1/../../../../arm-none-eabi/lib/thumb/v7e-m/fpv4-sp/softfp/libc_nano.a(lib_a-printf.o)
 .ARM.attributes
                0x00000000000006a0       0x32 /usr/local/Cellar/gcc-arm-none-eabi/20180627/bin/../lib/gcc/arm-none-eabi/7.3.1/../../../../arm-none-eabi/lib/thumb/v7e-m/fpv4-sp/softfp/libc_nano.a(lib_a-puts.o)
 .ARM.attributes
                0x00000000000006d2       0x32 /usr/local/Cellar/gcc-arm-none-eabi/20180627/bin/../lib/gcc/arm-none-eabi/7.3.1/../../../../arm-none-eabi/lib/thumb/v7e-m/fpv4-sp/softfp/libc_nano.a(lib_a-realloc.o)
 .ARM.attributes
                0x0000000000000704       0x1b /usr/local/Cellar/gcc-arm-none-eabi/20180627/bin/../lib/gcc/arm-none-eabi/7.3.1/../../../../arm-none-eabi/lib/thumb/v7e-m/fpv4-sp/softfp/libc_nano.a(lib_a-strlen.o)
 .ARM.attributes
                0x000000000000071f       0x32 /usr/local/Cellar/gcc-arm-none-eabi/20180627/bin/../lib/gcc/arm-none-eabi/7.3.1/../../../../arm-none-eabi/lib/thumb/v7e-m/fpv4-sp/softfp/libc_nano.a(lib_a-wbuf.o)
 .ARM.attributes
                0x0000000000000751       0x32 /usr/local/Cellar/gcc-arm-none-eabi/20180627/bin/../lib/gcc/arm-none-eabi/7.3.1/../../../../arm-none-eabi/lib/thumb/v7e-m/fpv4-sp/softfp/libc_nano.a(lib_a-wsetup.o)
 .ARM.attributes
                0x0000000000000783       0x32 /usr/local/Cellar/gcc-arm-none-eabi/20180627/bin/../lib/gcc/arm-none-eabi/7.3.1/../../../../arm-none-eabi/lib/thumb/v7e-m/fpv4-sp/softfp/libc_nano.a(lib_a-fflush.o)
 .ARM.attributes
                0x00000000000007b5       0x32 /usr/local/Cellar/gcc-arm-none-eabi/20180627/bin/../lib/gcc/arm-none-eabi/7.3.1/../../../../arm-none-eabi/lib/thumb/v7e-m/fpv4-sp/softfp/libc_nano.a(lib_a-findfp.o)
 .ARM.attributes
                0x00000000000007e7       0x32 /usr/local/Cellar/gcc-arm-none-eabi/20180627/bin/../lib/gcc/arm-none-eabi/7.3.1/../../../../arm-none-eabi/lib/thumb/v7e-m/fpv4-sp/softfp/libc_nano.a(lib_a-fwalk.o)
 .ARM.attributes
                0x0000000000000819       0x32 /usr/local/Cellar/gcc-arm-none-eabi/20180627/bin/../lib/gcc/arm-none-eabi/7.3.1/../../../../arm-none-eabi/lib/thumb/v7e-m/fpv4-sp/softfp/libc_nano.a(lib_a-makebuf.o)
 .ARM.attributes
                0x000000000000084b       0x32 /usr/local/Cellar/gcc-arm-none-eabi/20180627/bin/../lib/gcc/arm-none-eabi/7.3.1/../../../../arm-none-eabi/lib/thumb/v7e-m/fpv4-sp/softfp/libc_nano.a(lib_a-nano-freer.o)
 .ARM.attributes
                0x000000000000087d       0x32 /usr/local/Cellar/gcc-arm-none-eabi/20180627/bin/../lib/gcc/arm-none-eabi/7.3.1/../../../../arm-none-eabi/lib/thumb/v7e-m/fpv4-sp/softfp/libc_nano.a(lib_a-nano-mallocr.o)
 .ARM.attributes
                0x00000000000008af       0x32 /usr/local/Cellar/gcc-arm-none-eabi/20180627/bin/../lib/gcc/arm-none-eabi/7.3.1/../../../../arm-none-eabi/lib/thumb/v7e-m/fpv4-sp/softfp/libc_nano.a(lib_a-nano-reallocr.o)
 .ARM.attributes
                0x00000000000008e1       0x32 /usr/local/Cellar/gcc-arm-none-eabi/20180627/bin/../lib/gcc/arm-none-eabi/7.3.1/../../../../arm-none-eabi/lib/thumb/v7e-m/fpv4-sp/softfp/libc_nano.a(lib_a-nano-vfprintf.o)
 .ARM.attributes
                0x0000000000000913       0x32 /usr/local/Cellar/gcc-arm-none-eabi/20180627/bin/../lib/gcc/arm-none-eabi/7.3.1/../../../../arm-none-eabi/lib/thumb/v7e-m/fpv4-sp/softfp/libc_nano.a(lib_a-nano-vfprintf_i.o)
 .ARM.attributes
                0x0000000000000945       0x32 /usr/local/Cellar/gcc-arm-none-eabi/20180627/bin/../lib/gcc/arm-none-eabi/7.3.1/../../../../arm-none-eabi/lib/thumb/v7e-m/fpv4-sp/softfp/libc_nano.a(lib_a-sbrkr.o)
 .ARM.attributes
                0x0000000000000977       0x32 /usr/local/Cellar/gcc-arm-none-eabi/20180627/bin/../lib/gcc/arm-none-eabi/7.3.1/../../../../arm-none-eabi/lib/thumb/v7e-m/fpv4-sp/softfp/libc_nano.a(lib_a-stdio.o)
 .ARM.attributes
                0x00000000000009a9       0x32 /usr/local/Cellar/gcc-arm-none-eabi/20180627/bin/../lib/gcc/arm-none-eabi/7.3.1/../../../../arm-none-eabi/lib/thumb/v7e-m/fpv4-sp/softfp/libc_nano.a(lib_a-writer.o)
 .ARM.attributes
                0x00000000000009db       0x32 /usr/local/Cellar/gcc-arm-none-eabi/20180627/bin/../lib/gcc/arm-none-eabi/7.3.1/../../../../arm-none-eabi/lib/thumb/v7e-m/fpv4-sp/softfp/libc_nano.a(lib_a-closer.o)
 .ARM.attributes
                0x0000000000000a0d       0x32 /usr/local/Cellar/gcc-arm-none-eabi/20180627/bin/../lib/gcc/arm-none-eabi/7.3.1/../../../../arm-none-eabi/lib/thumb/v7e-m/fpv4-sp/softfp/libc_nano.a(lib_a-fstatr.o)
 .ARM.attributes
                0x0000000000000a3f       0x32 /usr/local/Cellar/gcc-arm-none-eabi/20180627/bin/../lib/gcc/arm-none-eabi/7.3.1/../../../../arm-none-eabi/lib/thumb/v7e-m/fpv4-sp/softfp/libc_nano.a(lib_a-isattyr.o)
 .ARM.attributes
                0x0000000000000a71       0x32 /usr/local/Cellar/gcc-arm-none-eabi/20180627/bin/../lib/gcc/arm-none-eabi/7.3.1/../../../../arm-none-eabi/lib/thumb/v7e-m/fpv4-sp/softfp/libc_nano.a(lib_a-lseekr.o)
 .ARM.attributes
                0x0000000000000aa3       0x20 /usr/local/Cellar/gcc-arm-none-eabi/20180627/bin/../lib/gcc/arm-none-eabi/7.3.1/../../../../arm-none-eabi/lib/thumb/v7e-m/fpv4-sp/softfp/libc_nano.a(lib_a-memchr.o)
 .ARM.attributes
                0x0000000000000ac3       0x32 /usr/local/Cellar/gcc-arm-none-eabi/20180627/bin/../lib/gcc/arm-none-eabi/7.3.1/../../../../arm-none-eabi/lib/thumb/v7e-m/fpv4-sp/softfp/libc_nano.a(lib_a-mlock.o)
 .ARM.attributes
                0x0000000000000af5       0x32 /usr/local/Cellar/gcc-arm-none-eabi/20180627/bin/../lib/gcc/arm-none-eabi/7.3.1/../../../../arm-none-eabi/lib/thumb/v7e-m/fpv4-sp/softfp/libc_nano.a(lib_a-nano-msizer.o)
 .ARM.attributes
                0x0000000000000b27       0x32 /usr/local/Cellar/gcc-arm-none-eabi/20180627/bin/../lib/gcc/arm-none-eabi/7.3.1/../../../../arm-none-eabi/lib/thumb/v7e-m/fpv4-sp/softfp/libc_nano.a(lib_a-readr.o)
 .ARM.attributes
                0x0000000000000b59       0x32 /usr/local/Cellar/gcc-arm-none-eabi/20180627/bin/../lib/gcc/arm-none-eabi/7.3.1/../../../../arm-none-eabi/lib/thumb/v7e-m/fpv4-sp/softfp/libc_nano.a(lib_a-reent.o)
 .ARM.attributes
                0x0000000000000b8b       0x32 /usr/local/Cellar/gcc-arm-none-eabi/20180627/bin/../lib/gcc/arm-none-eabi/7.3.1/../../../../arm-none-eabi/lib/thumb/v7e-m/fpv4-sp/softfp/libnosys.a(close.o)
 .ARM.attributes
                0x0000000000000bbd       0x32 /usr/local/Cellar/gcc-arm-none-eabi/20180627/bin/../lib/gcc/arm-none-eabi/7.3.1/../../../../arm-none-eabi/lib/thumb/v7e-m/fpv4-sp/softfp/libnosys.a(fstat.o)
 .ARM.attributes
                0x0000000000000bef       0x32 /usr/local/Cellar/gcc-arm-none-eabi/20180627/bin/../lib/gcc/arm-none-eabi/7.3.1/../../../../arm-none-eabi/lib/thumb/v7e-m/fpv4-sp/softfp/libnosys.a(isatty.o)
 .ARM.attributes
                0x0000000000000c21       0x32 /usr/local/Cellar/gcc-arm-none-eabi/20180627/bin/../lib/gcc/arm-none-eabi/7.3.1/../../../../arm-none-eabi/lib/thumb/v7e-m/fpv4-sp/softfp/libnosys.a(lseek.o)
 .ARM.attributes
                0x0000000000000c53       0x32 /usr/local/Cellar/gcc-arm-none-eabi/20180627/bin/../lib/gcc/arm-none-eabi/7.3.1/../../../../arm-none-eabi/lib/thumb/v7e-m/fpv4-sp/softfp/libnosys.a(read.o)