Archive member included to satisfy reference by file (symbol)

/usr/local/Cellar/gcc-arm-none-eabi/20180627/bin/../lib/gcc/arm-none-eabi/7.3.1/../../../../arm-none-eabi/lib/thumb/v7-m/libc_nano.a(lib_a-exit.o)
                              /usr/local/Cellar/gcc-arm-none-eabi/20180627/bin/../lib/gcc/arm-none-eabi/7.3.1/../../../../arm-none-eabi/lib/thumb/v7-m/crt0.o (exit)
/usr/local/Cellar/gcc-arm-none-eabi/20180627/bin/../lib/gcc/arm-none-eabi/7.3.1/../../../../arm-none-eabi/lib/thumb/v7-m/libc_nano.a(lib_a-impure.o)
                              /usr/local/Cellar/gcc-arm-none-eabi/20180627/bin/../lib/gcc/arm-none-eabi/7.3.1/../../../../arm-none-eabi/lib/thumb/v7-m/libc_nano.a(lib_a-exit.o) (_global_impure_ptr)
/usr/local/Cellar/gcc-arm-none-eabi/20180627/bin/../lib/gcc/arm-none-eabi/7.3.1/../../../../arm-none-eabi/lib/thumb/v7-m/libc_nano.a(lib_a-init.o)
                              /usr/local/Cellar/gcc-arm-none-eabi/20180627/bin/../lib/gcc/arm-none-eabi/7.3.1/../../../../arm-none-eabi/lib/thumb/v7-m/crt0.o (__libc_init_array)
/usr/local/Cellar/gcc-arm-none-eabi/20180627/bin/../lib/gcc/arm-none-eabi/7.3.1/../../../../arm-none-eabi/lib/thumb/v7-m/libc_nano.a(lib_a-memset.o)
                              /usr/local/Cellar/gcc-arm-none-eabi/20180627/bin/../lib/gcc/arm-none-eabi/7.3.1/../../../../arm-none-eabi/lib/thumb/v7-m/crt0.o (memset)
/usr/local/Cellar/gcc-arm-none-eabi/20180627/bin/../lib/gcc/arm-none-eabi/7.3.1/../../../../arm-none-eabi/lib/thumb/v7-m/libnosys.a(_exit.o)
                              /usr/local/Cellar/gcc-arm-none-eabi/20180627/bin/../lib/gcc/arm-none-eabi/7.3.1/../../../../arm-none-eabi/lib/thumb/v7-m/libc_nano.a(lib_a-exit.o) (_exit)

Allocating common symbols
Common symbol       size              file

uwTick              0x4               build/stm32f1xx_hal.o
pFlash              0x20              build/stm32f1xx_hal_flash.o

Discarded input sections

 .text          0x0000000000000000        0x0 /usr/local/Cellar/gcc-arm-none-eabi/20180627/bin/../lib/gcc/arm-none-eabi/7.3.1/thumb/v7-m/crti.o
 .data          0x0000000000000000        0x0 /usr/local/Cellar/gcc-arm-none-eabi/20180627/bin/../lib/gcc/arm-none-eabi/7.3.1/thumb/v7-m/crti.o
 .bss           0x0000000000000000        0x0 /usr/local/Cellar/gcc-arm-none-eabi/20180627/bin/../lib/gcc/arm-none-eabi/7.3.1/thumb/v7-m/crti.o
 .data          0x0000000000000000        0x4 /usr/local/Cellar/gcc-arm-none-eabi/20180627/bin/../lib/gcc/arm-none-eabi/7.3.1/thumb/v7-m/crtbegin.o
 .text          0x0000000000000000       0x74 /usr/local/Cellar/gcc-arm-none-eabi/20180627/bin/../lib/gcc/arm-none-eabi/7.3.1/../../../../arm-none-eabi/lib/thumb/v7-m/crt0.o
 .data          0x0000000000000000        0x0 /usr/local/Cellar/gcc-arm-none-eabi/20180627/bin/../lib/gcc/arm-none-eabi/7.3.1/../../../../arm-none-eabi/lib/thumb/v7-m/crt0.o
 .bss           0x0000000000000000        0x0 /usr/local/Cellar/gcc-arm-none-eabi/20180627/bin/../lib/gcc/arm-none-eabi/7.3.1/../../../../arm-none-eabi/lib/thumb/v7-m/crt0.o
 .ARM.extab     0x0000000000000000        0x0 /usr/local/Cellar/gcc-arm-none-eabi/20180627/bin/../lib/gcc/arm-none-eabi/7.3.1/../../../../arm-none-eabi/lib/thumb/v7-m/crt0.o
 .ARM.exidx     0x0000000000000000        0x8 /usr/local/Cellar/gcc-arm-none-eabi/20180627/bin/../lib/gcc/arm-none-eabi/7.3.1/../../../../arm-none-eabi/lib/thumb/v7-m/crt0.o
 .ARM.attributes
                0x0000000000000000       0x1b /usr/local/Cellar/gcc-arm-none-eabi/20180627/bin/../lib/gcc/arm-none-eabi/7.3.1/../../../../arm-none-eabi/lib/thumb/v7-m/crt0.o
 .text          0x0000000000000000        0x0 build/main.o
 .data          0x0000000000000000        0x0 build/main.o
 .bss           0x0000000000000000        0x0 build/main.o
 .text.Error_Handler
                0x0000000000000000        0x2 build/main.o
 .text          0x0000000000000000        0x0 build/stm32f1xx_it.o
 .data          0x0000000000000000        0x0 build/stm32f1xx_it.o
 .bss           0x0000000000000000        0x0 build/stm32f1xx_it.o
 .text          0x0000000000000000        0x0 build/stm32f1xx_hal_msp.o
 .data          0x0000000000000000        0x0 build/stm32f1xx_hal_msp.o
 .bss           0x0000000000000000        0x0 build/stm32f1xx_hal_msp.o
 .text          0x0000000000000000        0x0 build/stm32f1xx_hal_gpio_ex.o
 .data          0x0000000000000000        0x0 build/stm32f1xx_hal_gpio_ex.o
 .bss           0x0000000000000000        0x0 build/stm32f1xx_hal_gpio_ex.o
 .text.HAL_GPIOEx_ConfigEventout
                0x0000000000000000       0x14 build/stm32f1xx_hal_gpio_ex.o
 .text.HAL_GPIOEx_EnableEventout
                0x0000000000000000       0x10 build/stm32f1xx_hal_gpio_ex.o
 .text.HAL_GPIOEx_DisableEventout
                0x0000000000000000       0x10 build/stm32f1xx_hal_gpio_ex.o
 .debug_info    0x0000000000000000      0xb46 build/stm32f1xx_hal_gpio_ex.o
 .debug_abbrev  0x0000000000000000      0x1e2 build/stm32f1xx_hal_gpio_ex.o
 .debug_loc     0x0000000000000000       0x21 build/stm32f1xx_hal_gpio_ex.o
 .debug_aranges
                0x0000000000000000       0x30 build/stm32f1xx_hal_gpio_ex.o
 .debug_ranges  0x0000000000000000       0x20 build/stm32f1xx_hal_gpio_ex.o
 .debug_line    0x0000000000000000      0x269 build/stm32f1xx_hal_gpio_ex.o
 .debug_str     0x0000000000000000      0x6f8 build/stm32f1xx_hal_gpio_ex.o
 .comment       0x0000000000000000       0x80 build/stm32f1xx_hal_gpio_ex.o
 .debug_frame   0x0000000000000000       0x40 build/stm32f1xx_hal_gpio_ex.o
 .ARM.attributes
                0x0000000000000000       0x33 build/stm32f1xx_hal_gpio_ex.o
 .text          0x0000000000000000        0x0 build/stm32f1xx_hal_tim.o
 .data          0x0000000000000000        0x0 build/stm32f1xx_hal_tim.o
 .bss           0x0000000000000000        0x0 build/stm32f1xx_hal_tim.o
 .debug_info    0x0000000000000000      0xa63 build/stm32f1xx_hal_tim.o
 .debug_abbrev  0x0000000000000000      0x18e build/stm32f1xx_hal_tim.o
 .debug_aranges
                0x0000000000000000       0x18 build/stm32f1xx_hal_tim.o
 .debug_line    0x0000000000000000      0x1e6 build/stm32f1xx_hal_tim.o
 .debug_str     0x0000000000000000      0x658 build/stm32f1xx_hal_tim.o
 .comment       0x0000000000000000       0x80 build/stm32f1xx_hal_tim.o
 .ARM.attributes
                0x0000000000000000       0x33 build/stm32f1xx_hal_tim.o
 .text          0x0000000000000000        0x0 build/stm32f1xx_hal_tim_ex.o
 .data          0x0000000000000000        0x0 build/stm32f1xx_hal_tim_ex.o
 .bss           0x0000000000000000        0x0 build/stm32f1xx_hal_tim_ex.o
 .debug_info    0x0000000000000000      0xa63 build/stm32f1xx_hal_tim_ex.o
 .debug_abbrev  0x0000000000000000      0x18e build/stm32f1xx_hal_tim_ex.o
 .debug_aranges
                0x0000000000000000       0x18 build/stm32f1xx_hal_tim_ex.o
 .debug_line    0x0000000000000000      0x1e6 build/stm32f1xx_hal_tim_ex.o
 .debug_str     0x0000000000000000      0x65b build/stm32f1xx_hal_tim_ex.o
 .comment       0x0000000000000000       0x80 build/stm32f1xx_hal_tim_ex.o
 .ARM.attributes
                0x0000000000000000       0x33 build/stm32f1xx_hal_tim_ex.o
 .text          0x0000000000000000        0x0 build/stm32f1xx_hal.o
 .data          0x0000000000000000        0x0 build/stm32f1xx_hal.o
 .bss           0x0000000000000000        0x0 build/stm32f1xx_hal.o
 .text.HAL_MspInit
                0x0000000000000000        0x2 build/stm32f1xx_hal.o
 .text.HAL_MspDeInit
                0x0000000000000000        0x2 build/stm32f1xx_hal.o
 .text.HAL_DeInit
                0x0000000000000000       0x20 build/stm32f1xx_hal.o
 .text.HAL_GetTickPrio
                0x0000000000000000        0xc build/stm32f1xx_hal.o
 .text.HAL_SetTickFreq
                0x0000000000000000       0x24 build/stm32f1xx_hal.o
 .text.HAL_GetTickFreq
                0x0000000000000000        0xc build/stm32f1xx_hal.o
 .text.HAL_SuspendTick
                0x0000000000000000       0x10 build/stm32f1xx_hal.o
 .text.HAL_ResumeTick
                0x0000000000000000       0x10 build/stm32f1xx_hal.o
 .text.HAL_GetHalVersion
                0x0000000000000000        0x8 build/stm32f1xx_hal.o
 .text.HAL_GetREVID
                0x0000000000000000        0xc build/stm32f1xx_hal.o
 .text.HAL_GetDEVID
                0x0000000000000000       0x10 build/stm32f1xx_hal.o
 .text.HAL_DBGMCU_EnableDBGSleepMode
                0x0000000000000000       0x10 build/stm32f1xx_hal.o
 .text.HAL_DBGMCU_DisableDBGSleepMode
                0x0000000000000000       0x10 build/stm32f1xx_hal.o
 .text.HAL_DBGMCU_EnableDBGStopMode
                0x0000000000000000       0x10 build/stm32f1xx_hal.o
 .text.HAL_DBGMCU_DisableDBGStopMode
                0x0000000000000000       0x10 build/stm32f1xx_hal.o
 .text.HAL_DBGMCU_EnableDBGStandbyMode
                0x0000000000000000       0x10 build/stm32f1xx_hal.o
 .text.HAL_DBGMCU_DisableDBGStandbyMode
                0x0000000000000000       0x10 build/stm32f1xx_hal.o
 .text.HAL_GetUID
                0x0000000000000000       0x20 build/stm32f1xx_hal.o
 .text          0x0000000000000000        0x0 build/stm32f1xx_hal_rcc.o
 .data          0x0000000000000000        0x0 build/stm32f1xx_hal_rcc.o
 .bss           0x0000000000000000        0x0 build/stm32f1xx_hal_rcc.o
 .text.HAL_RCC_DeInit
                0x0000000000000000       0xec build/stm32f1xx_hal_rcc.o
 .text.HAL_RCC_MCOConfig
                0x0000000000000000       0x4c build/stm32f1xx_hal_rcc.o
 .text.HAL_RCC_EnableCSS
                0x0000000000000000        0xc build/stm32f1xx_hal_rcc.o
 .text.HAL_RCC_DisableCSS
                0x0000000000000000        0xc build/stm32f1xx_hal_rcc.o
 .text.HAL_RCC_GetHCLKFreq
                0x0000000000000000        0xc build/stm32f1xx_hal_rcc.o
 .text.HAL_RCC_GetPCLK1Freq
                0x0000000000000000       0x20 build/stm32f1xx_hal_rcc.o
 .text.HAL_RCC_GetPCLK2Freq
                0x0000000000000000       0x20 build/stm32f1xx_hal_rcc.o
 .text.HAL_RCC_GetOscConfig
                0x0000000000000000       0xb4 build/stm32f1xx_hal_rcc.o
 .text.HAL_RCC_GetClockConfig
                0x0000000000000000       0x3c build/stm32f1xx_hal_rcc.o
 .text.HAL_RCC_CSSCallback
                0x0000000000000000        0x2 build/stm32f1xx_hal_rcc.o
 .text.HAL_RCC_NMI_IRQHandler
                0x0000000000000000       0x24 build/stm32f1xx_hal_rcc.o
 .text          0x0000000000000000        0x0 build/stm32f1xx_hal_rcc_ex.o
 .data          0x0000000000000000        0x0 build/stm32f1xx_hal_rcc_ex.o
 .bss           0x0000000000000000        0x0 build/stm32f1xx_hal_rcc_ex.o
 .text.HAL_RCCEx_PeriphCLKConfig
                0x0000000000000000      0x114 build/stm32f1xx_hal_rcc_ex.o
 .text.HAL_RCCEx_GetPeriphCLKConfig
                0x0000000000000000       0x2c build/stm32f1xx_hal_rcc_ex.o
 .text.HAL_RCCEx_GetPeriphCLKFreq
                0x0000000000000000       0xfc build/stm32f1xx_hal_rcc_ex.o
 .rodata        0x0000000000000000       0x12 build/stm32f1xx_hal_rcc_ex.o
 .debug_info    0x0000000000000000      0xdcc build/stm32f1xx_hal_rcc_ex.o
 .debug_abbrev  0x0000000000000000      0x296 build/stm32f1xx_hal_rcc_ex.o
 .debug_loc     0x0000000000000000      0x358 build/stm32f1xx_hal_rcc_ex.o
 .debug_aranges
                0x0000000000000000       0x30 build/stm32f1xx_hal_rcc_ex.o
 .debug_ranges  0x0000000000000000       0x38 build/stm32f1xx_hal_rcc_ex.o
 .debug_line    0x0000000000000000      0x342 build/stm32f1xx_hal_rcc_ex.o
 .debug_str     0x0000000000000000      0x862 build/stm32f1xx_hal_rcc_ex.o
 .comment       0x0000000000000000       0x80 build/stm32f1xx_hal_rcc_ex.o
 .debug_frame   0x0000000000000000       0x74 build/stm32f1xx_hal_rcc_ex.o
 .ARM.attributes
                0x0000000000000000       0x33 build/stm32f1xx_hal_rcc_ex.o
 .text          0x0000000000000000        0x0 build/stm32f1xx_hal_gpio.o
 .data          0x0000000000000000        0x0 build/stm32f1xx_hal_gpio.o
 .bss           0x0000000000000000        0x0 build/stm32f1xx_hal_gpio.o
 .text.HAL_GPIO_DeInit
                0x0000000000000000       0xe0 build/stm32f1xx_hal_gpio.o
 .text.HAL_GPIO_ReadPin
                0x0000000000000000        0xe build/stm32f1xx_hal_gpio.o
 .text.HAL_GPIO_LockPin
                0x0000000000000000       0x2e build/stm32f1xx_hal_gpio.o
 .text.HAL_GPIO_EXTI_Callback
                0x0000000000000000        0x2 build/stm32f1xx_hal_gpio.o
 .text.HAL_GPIO_EXTI_IRQHandler
                0x0000000000000000       0x1c build/stm32f1xx_hal_gpio.o
 .text          0x0000000000000000        0x0 build/stm32f1xx_hal_dma.o
 .data          0x0000000000000000        0x0 build/stm32f1xx_hal_dma.o
 .bss           0x0000000000000000        0x0 build/stm32f1xx_hal_dma.o
 .text.DMA_SetConfig
                0x0000000000000000       0x2c build/stm32f1xx_hal_dma.o
 .text.HAL_DMA_Init
                0x0000000000000000       0x6c build/stm32f1xx_hal_dma.o
 .text.HAL_DMA_DeInit
                0x0000000000000000       0x68 build/stm32f1xx_hal_dma.o
 .text.HAL_DMA_Start
                0x0000000000000000       0x50 build/stm32f1xx_hal_dma.o
 .text.HAL_DMA_Start_IT
                0x0000000000000000       0x74 build/stm32f1xx_hal_dma.o
 .text.HAL_DMA_Abort
                0x0000000000000000       0x2e build/stm32f1xx_hal_dma.o
 .text.HAL_DMA_Abort_IT
                0x0000000000000000       0x98 build/stm32f1xx_hal_dma.o
 .text.HAL_DMA_PollForTransfer
                0x0000000000000000      0x22c build/stm32f1xx_hal_dma.o
 .text.HAL_DMA_IRQHandler
                0x0000000000000000      0x144 build/stm32f1xx_hal_dma.o
 .text.HAL_DMA_RegisterCallback
                0x0000000000000000       0x4e build/stm32f1xx_hal_dma.o
 .text.HAL_DMA_UnRegisterCallback
                0x0000000000000000       0x5c build/stm32f1xx_hal_dma.o
 .text.HAL_DMA_GetState
                0x0000000000000000        0x6 build/stm32f1xx_hal_dma.o
 .text.HAL_DMA_GetError
                0x0000000000000000        0x4 build/stm32f1xx_hal_dma.o
 .debug_info    0x0000000000000000     0x11b8 build/stm32f1xx_hal_dma.o
 .debug_abbrev  0x0000000000000000      0x2e3 build/stm32f1xx_hal_dma.o
 .debug_loc     0x0000000000000000      0x8da build/stm32f1xx_hal_dma.o
 .debug_aranges
                0x0000000000000000       0x80 build/stm32f1xx_hal_dma.o
 .debug_ranges  0x0000000000000000       0x70 build/stm32f1xx_hal_dma.o
 .debug_line    0x0000000000000000      0x5eb build/stm32f1xx_hal_dma.o
 .debug_str     0x0000000000000000      0xa9e build/stm32f1xx_hal_dma.o
 .comment       0x0000000000000000       0x80 build/stm32f1xx_hal_dma.o
 .debug_frame   0x0000000000000000      0x168 build/stm32f1xx_hal_dma.o
 .ARM.attributes
                0x0000000000000000       0x33 build/stm32f1xx_hal_dma.o
 .text          0x0000000000000000        0x0 build/stm32f1xx_hal_cortex.o
 .data          0x0000000000000000        0x0 build/stm32f1xx_hal_cortex.o
 .bss           0x0000000000000000        0x0 build/stm32f1xx_hal_cortex.o
 .text.HAL_NVIC_EnableIRQ
                0x0000000000000000       0x18 build/stm32f1xx_hal_cortex.o
 .text.HAL_NVIC_DisableIRQ
                0x0000000000000000       0x18 build/stm32f1xx_hal_cortex.o
 .text.HAL_NVIC_SystemReset
                0x0000000000000000       0x24 build/stm32f1xx_hal_cortex.o
 .text.HAL_NVIC_GetPriorityGrouping
                0x0000000000000000       0x10 build/stm32f1xx_hal_cortex.o
 .text.HAL_NVIC_GetPriority
                0x0000000000000000       0x60 build/stm32f1xx_hal_cortex.o
 .text.HAL_NVIC_SetPendingIRQ
                0x0000000000000000       0x18 build/stm32f1xx_hal_cortex.o
 .text.HAL_NVIC_GetPendingIRQ
                0x0000000000000000       0x1c build/stm32f1xx_hal_cortex.o
 .text.HAL_NVIC_ClearPendingIRQ
                0x0000000000000000       0x18 build/stm32f1xx_hal_cortex.o
 .text.HAL_NVIC_GetActive
                0x0000000000000000       0x1c build/stm32f1xx_hal_cortex.o
 .text.HAL_SYSTICK_CLKSourceConfig
                0x0000000000000000       0x20 build/stm32f1xx_hal_cortex.o
 .text.HAL_SYSTICK_Callback
                0x0000000000000000        0x2 build/stm32f1xx_hal_cortex.o
 .text.HAL_SYSTICK_IRQHandler
                0x0000000000000000        0x8 build/stm32f1xx_hal_cortex.o
 .text          0x0000000000000000        0x0 build/stm32f1xx_hal_pwr.o
 .data          0x0000000000000000        0x0 build/stm32f1xx_hal_pwr.o
 .bss           0x0000000000000000        0x0 build/stm32f1xx_hal_pwr.o
 .text.PWR_OverloadWfe
                0x0000000000000000        0x6 build/stm32f1xx_hal_pwr.o
 .text.HAL_PWR_DeInit
                0x0000000000000000       0x18 build/stm32f1xx_hal_pwr.o
 .text.HAL_PWR_EnableBkUpAccess
                0x0000000000000000        0xc build/stm32f1xx_hal_pwr.o
 .text.HAL_PWR_DisableBkUpAccess
                0x0000000000000000        0xc build/stm32f1xx_hal_pwr.o
 .text.HAL_PWR_ConfigPVD
                0x0000000000000000       0x84 build/stm32f1xx_hal_pwr.o
 .text.HAL_PWR_EnablePVD
                0x0000000000000000        0xc build/stm32f1xx_hal_pwr.o
 .text.HAL_PWR_DisablePVD
                0x0000000000000000        0xc build/stm32f1xx_hal_pwr.o
 .text.HAL_PWR_EnableWakeUpPin
                0x0000000000000000       0x18 build/stm32f1xx_hal_pwr.o
 .text.HAL_PWR_DisableWakeUpPin
                0x0000000000000000       0x18 build/stm32f1xx_hal_pwr.o
 .text.HAL_PWR_EnterSLEEPMode
                0x0000000000000000       0x20 build/stm32f1xx_hal_pwr.o
 .text.HAL_PWR_EnterSTOPMode
                0x0000000000000000       0x48 build/stm32f1xx_hal_pwr.o
 .text.HAL_PWR_EnterSTANDBYMode
                0x0000000000000000       0x20 build/stm32f1xx_hal_pwr.o
 .text.HAL_PWR_EnableSleepOnExit
                0x0000000000000000       0x10 build/stm32f1xx_hal_pwr.o
 .text.HAL_PWR_DisableSleepOnExit
                0x0000000000000000       0x10 build/stm32f1xx_hal_pwr.o
 .text.HAL_PWR_EnableSEVOnPend
                0x0000000000000000       0x10 build/stm32f1xx_hal_pwr.o
 .text.HAL_PWR_DisableSEVOnPend
                0x0000000000000000       0x10 build/stm32f1xx_hal_pwr.o
 .text.HAL_PWR_PVDCallback
                0x0000000000000000        0x2 build/stm32f1xx_hal_pwr.o
 .text.HAL_PWR_PVD_IRQHandler
                0x0000000000000000       0x20 build/stm32f1xx_hal_pwr.o
 .debug_info    0x0000000000000000     0x1136 build/stm32f1xx_hal_pwr.o
 .debug_abbrev  0x0000000000000000      0x2c2 build/stm32f1xx_hal_pwr.o
 .debug_loc     0x0000000000000000       0xf5 build/stm32f1xx_hal_pwr.o
 .debug_aranges
                0x0000000000000000       0xa8 build/stm32f1xx_hal_pwr.o
 .debug_ranges  0x0000000000000000       0x98 build/stm32f1xx_hal_pwr.o
 .debug_line    0x0000000000000000      0x406 build/stm32f1xx_hal_pwr.o
 .debug_str     0x0000000000000000      0x93c build/stm32f1xx_hal_pwr.o
 .comment       0x0000000000000000       0x80 build/stm32f1xx_hal_pwr.o
 .debug_frame   0x0000000000000000      0x148 build/stm32f1xx_hal_pwr.o
 .ARM.attributes
                0x0000000000000000       0x33 build/stm32f1xx_hal_pwr.o
 .text          0x0000000000000000        0x0 build/stm32f1xx_hal_flash.o
 .data          0x0000000000000000        0x0 build/stm32f1xx_hal_flash.o
 .bss           0x0000000000000000        0x0 build/stm32f1xx_hal_flash.o
 .text.FLASH_Program_HalfWord
                0x0000000000000000       0x1c build/stm32f1xx_hal_flash.o
 .text.FLASH_SetErrorCode
                0x0000000000000000       0x74 build/stm32f1xx_hal_flash.o
 .text.HAL_FLASH_Program_IT
                0x0000000000000000       0x64 build/stm32f1xx_hal_flash.o
 .text.HAL_FLASH_EndOfOperationCallback
                0x0000000000000000        0x2 build/stm32f1xx_hal_flash.o
 .text.HAL_FLASH_OperationErrorCallback
                0x0000000000000000        0x2 build/stm32f1xx_hal_flash.o
 .text.HAL_FLASH_IRQHandler
                0x0000000000000000      0x154 build/stm32f1xx_hal_flash.o
 .text.HAL_FLASH_Unlock
                0x0000000000000000       0x34 build/stm32f1xx_hal_flash.o
 .text.HAL_FLASH_Lock
                0x0000000000000000       0x14 build/stm32f1xx_hal_flash.o
 .text.HAL_FLASH_OB_Unlock
                0x0000000000000000       0x28 build/stm32f1xx_hal_flash.o
 .text.HAL_FLASH_OB_Lock
                0x0000000000000000       0x14 build/stm32f1xx_hal_flash.o
 .text.HAL_FLASH_OB_Launch
                0x0000000000000000        0x8 build/stm32f1xx_hal_flash.o
 .text.HAL_FLASH_GetError
                0x0000000000000000        0xc build/stm32f1xx_hal_flash.o
 .text.FLASH_WaitForLastOperation
                0x0000000000000000       0x6c build/stm32f1xx_hal_flash.o
 .text.HAL_FLASH_Program
                0x0000000000000000       0x9c build/stm32f1xx_hal_flash.o
 .debug_info    0x0000000000000000     0x1048 build/stm32f1xx_hal_flash.o
 .debug_abbrev  0x0000000000000000      0x333 build/stm32f1xx_hal_flash.o
 .debug_loc     0x0000000000000000      0x3d7 build/stm32f1xx_hal_flash.o
 .debug_aranges
                0x0000000000000000       0x88 build/stm32f1xx_hal_flash.o
 .debug_ranges  0x0000000000000000       0x78 build/stm32f1xx_hal_flash.o
 .debug_line    0x0000000000000000      0x48a build/stm32f1xx_hal_flash.o
 .debug_str     0x0000000000000000      0x9be build/stm32f1xx_hal_flash.o
 .comment       0x0000000000000000       0x80 build/stm32f1xx_hal_flash.o
 .debug_frame   0x0000000000000000      0x150 build/stm32f1xx_hal_flash.o
 .ARM.attributes
                0x0000000000000000       0x33 build/stm32f1xx_hal_flash.o
 COMMON         0x0000000000000000       0x20 build/stm32f1xx_hal_flash.o
 .text          0x0000000000000000        0x0 build/stm32f1xx_hal_flash_ex.o
 .data          0x0000000000000000        0x0 build/stm32f1xx_hal_flash_ex.o
 .bss           0x0000000000000000        0x0 build/stm32f1xx_hal_flash_ex.o
 .text.FLASH_MassErase
                0x0000000000000000       0x24 build/stm32f1xx_hal_flash_ex.o
 .text.FLASH_OB_GetWRP
                0x0000000000000000        0xc build/stm32f1xx_hal_flash_ex.o
 .text.FLASH_OB_GetRDP
                0x0000000000000000       0x18 build/stm32f1xx_hal_flash_ex.o
 .text.FLASH_OB_GetUser
                0x0000000000000000       0x10 build/stm32f1xx_hal_flash_ex.o
 .text.FLASH_OB_RDP_LevelConfig
                0x0000000000000000       0x70 build/stm32f1xx_hal_flash_ex.o
 .text.FLASH_OB_UserConfig
                0x0000000000000000       0x4c build/stm32f1xx_hal_flash_ex.o
 .text.FLASH_OB_ProgramData
                0x0000000000000000       0x48 build/stm32f1xx_hal_flash_ex.o
 .text.HAL_FLASHEx_OBErase
                0x0000000000000000       0x58 build/stm32f1xx_hal_flash_ex.o
 .text.FLASH_OB_EnableWRP
                0x0000000000000000       0xc0 build/stm32f1xx_hal_flash_ex.o
 .text.FLASH_OB_DisableWRP
                0x0000000000000000       0xc0 build/stm32f1xx_hal_flash_ex.o
 .text.HAL_FLASHEx_OBProgram
                0x0000000000000000       0xa8 build/stm32f1xx_hal_flash_ex.o
 .text.HAL_FLASHEx_OBGetConfig
                0x0000000000000000       0x1c build/stm32f1xx_hal_flash_ex.o
 .text.HAL_FLASHEx_OBGetUserData
                0x0000000000000000       0x24 build/stm32f1xx_hal_flash_ex.o
 .text.FLASH_PageErase
                0x0000000000000000       0x24 build/stm32f1xx_hal_flash_ex.o
 .text.HAL_FLASHEx_Erase
                0x0000000000000000       0xa4 build/stm32f1xx_hal_flash_ex.o
 .text.HAL_FLASHEx_Erase_IT
                0x0000000000000000       0x5c build/stm32f1xx_hal_flash_ex.o
 .debug_info    0x0000000000000000     0x1464 build/stm32f1xx_hal_flash_ex.o
 .debug_abbrev  0x0000000000000000      0x32a build/stm32f1xx_hal_flash_ex.o
 .debug_loc     0x0000000000000000      0x9b1 build/stm32f1xx_hal_flash_ex.o
 .debug_aranges
                0x0000000000000000       0x98 build/stm32f1xx_hal_flash_ex.o
 .debug_ranges  0x0000000000000000       0x88 build/stm32f1xx_hal_flash_ex.o
 .debug_line    0x0000000000000000      0x50e build/stm32f1xx_hal_flash_ex.o
 .debug_str     0x0000000000000000      0xad4 build/stm32f1xx_hal_flash_ex.o
 .comment       0x0000000000000000       0x80 build/stm32f1xx_hal_flash_ex.o
 .debug_frame   0x0000000000000000      0x1c8 build/stm32f1xx_hal_flash_ex.o
 .ARM.attributes
                0x0000000000000000       0x33 build/stm32f1xx_hal_flash_ex.o
 .text          0x0000000000000000        0x0 build/system_stm32f1xx.o
 .data          0x0000000000000000        0x0 build/system_stm32f1xx.o
 .bss           0x0000000000000000        0x0 build/system_stm32f1xx.o
 .text.SystemCoreClockUpdate
                0x0000000000000000       0x94 build/system_stm32f1xx.o
 .rodata.APBPrescTable
                0x0000000000000000        0x8 build/system_stm32f1xx.o
 .text          0x0000000000000000       0x14 build/startup_stm32f103xb.o
 .data          0x0000000000000000        0x0 build/startup_stm32f103xb.o
 .bss           0x0000000000000000        0x0 build/startup_stm32f103xb.o
 .text          0x0000000000000000        0x0 /usr/local/Cellar/gcc-arm-none-eabi/20180627/bin/../lib/gcc/arm-none-eabi/7.3.1/../../../../arm-none-eabi/lib/thumb/v7-m/libc_nano.a(lib_a-exit.o)
 .data          0x0000000000000000        0x0 /usr/local/Cellar/gcc-arm-none-eabi/20180627/bin/../lib/gcc/arm-none-eabi/7.3.1/../../../../arm-none-eabi/lib/thumb/v7-m/libc_nano.a(lib_a-exit.o)
 .bss           0x0000000000000000        0x0 /usr/local/Cellar/gcc-arm-none-eabi/20180627/bin/../lib/gcc/arm-none-eabi/7.3.1/../../../../arm-none-eabi/lib/thumb/v7-m/libc_nano.a(lib_a-exit.o)
 .text.exit     0x0000000000000000       0x28 /usr/local/Cellar/gcc-arm-none-eabi/20180627/bin/../lib/gcc/arm-none-eabi/7.3.1/../../../../arm-none-eabi/lib/thumb/v7-m/libc_nano.a(lib_a-exit.o)
 .debug_frame   0x0000000000000000       0x28 /usr/local/Cellar/gcc-arm-none-eabi/20180627/bin/../lib/gcc/arm-none-eabi/7.3.1/../../../../arm-none-eabi/lib/thumb/v7-m/libc_nano.a(lib_a-exit.o)
 .ARM.attributes
                0x0000000000000000       0x2d /usr/local/Cellar/gcc-arm-none-eabi/20180627/bin/../lib/gcc/arm-none-eabi/7.3.1/../../../../arm-none-eabi/lib/thumb/v7-m/libc_nano.a(lib_a-exit.o)
 .text          0x0000000000000000        0x0 /usr/local/Cellar/gcc-arm-none-eabi/20180627/bin/../lib/gcc/arm-none-eabi/7.3.1/../../../../arm-none-eabi/lib/thumb/v7-m/libc_nano.a(lib_a-impure.o)
 .data          0x0000000000000000        0x0 /usr/local/Cellar/gcc-arm-none-eabi/20180627/bin/../lib/gcc/arm-none-eabi/7.3.1/../../../../arm-none-eabi/lib/thumb/v7-m/libc_nano.a(lib_a-impure.o)
 .bss           0x0000000000000000        0x0 /usr/local/Cellar/gcc-arm-none-eabi/20180627/bin/../lib/gcc/arm-none-eabi/7.3.1/../../../../arm-none-eabi/lib/thumb/v7-m/libc_nano.a(lib_a-impure.o)
 .data._impure_ptr
                0x0000000000000000        0x4 /usr/local/Cellar/gcc-arm-none-eabi/20180627/bin/../lib/gcc/arm-none-eabi/7.3.1/../../../../arm-none-eabi/lib/thumb/v7-m/libc_nano.a(lib_a-impure.o)
 .data.impure_data
                0x0000000000000000       0x60 /usr/local/Cellar/gcc-arm-none-eabi/20180627/bin/../lib/gcc/arm-none-eabi/7.3.1/../../../../arm-none-eabi/lib/thumb/v7-m/libc_nano.a(lib_a-impure.o)
 .rodata._global_impure_ptr
                0x0000000000000000        0x4 /usr/local/Cellar/gcc-arm-none-eabi/20180627/bin/../lib/gcc/arm-none-eabi/7.3.1/../../../../arm-none-eabi/lib/thumb/v7-m/libc_nano.a(lib_a-impure.o)
 .ARM.attributes
                0x0000000000000000       0x2d /usr/local/Cellar/gcc-arm-none-eabi/20180627/bin/../lib/gcc/arm-none-eabi/7.3.1/../../../../arm-none-eabi/lib/thumb/v7-m/libc_nano.a(lib_a-impure.o)
 .text          0x0000000000000000        0x0 /usr/local/Cellar/gcc-arm-none-eabi/20180627/bin/../lib/gcc/arm-none-eabi/7.3.1/../../../../arm-none-eabi/lib/thumb/v7-m/libc_nano.a(lib_a-init.o)
 .data          0x0000000000000000        0x0 /usr/local/Cellar/gcc-arm-none-eabi/20180627/bin/../lib/gcc/arm-none-eabi/7.3.1/../../../../arm-none-eabi/lib/thumb/v7-m/libc_nano.a(lib_a-init.o)
 .bss           0x0000000000000000        0x0 /usr/local/Cellar/gcc-arm-none-eabi/20180627/bin/../lib/gcc/arm-none-eabi/7.3.1/../../../../arm-none-eabi/lib/thumb/v7-m/libc_nano.a(lib_a-init.o)
 .text          0x0000000000000000        0x0 /usr/local/Cellar/gcc-arm-none-eabi/20180627/bin/../lib/gcc/arm-none-eabi/7.3.1/../../../../arm-none-eabi/lib/thumb/v7-m/libc_nano.a(lib_a-memset.o)
 .data          0x0000000000000000        0x0 /usr/local/Cellar/gcc-arm-none-eabi/20180627/bin/../lib/gcc/arm-none-eabi/7.3.1/../../../../arm-none-eabi/lib/thumb/v7-m/libc_nano.a(lib_a-memset.o)
 .bss           0x0000000000000000        0x0 /usr/local/Cellar/gcc-arm-none-eabi/20180627/bin/../lib/gcc/arm-none-eabi/7.3.1/../../../../arm-none-eabi/lib/thumb/v7-m/libc_nano.a(lib_a-memset.o)
 .text          0x0000000000000000        0x0 /usr/local/Cellar/gcc-arm-none-eabi/20180627/bin/../lib/gcc/arm-none-eabi/7.3.1/../../../../arm-none-eabi/lib/thumb/v7-m/libnosys.a(_exit.o)
 .data          0x0000000000000000        0x0 /usr/local/Cellar/gcc-arm-none-eabi/20180627/bin/../lib/gcc/arm-none-eabi/7.3.1/../../../../arm-none-eabi/lib/thumb/v7-m/libnosys.a(_exit.o)
 .bss           0x0000000000000000        0x0 /usr/local/Cellar/gcc-arm-none-eabi/20180627/bin/../lib/gcc/arm-none-eabi/7.3.1/../../../../arm-none-eabi/lib/thumb/v7-m/libnosys.a(_exit.o)
 .text._exit    0x0000000000000000        0x4 /usr/local/Cellar/gcc-arm-none-eabi/20180627/bin/../lib/gcc/arm-none-eabi/7.3.1/../../../../arm-none-eabi/lib/thumb/v7-m/libnosys.a(_exit.o)
 .debug_frame   0x0000000000000000       0x20 /usr/local/Cellar/gcc-arm-none-eabi/20180627/bin/../lib/gcc/arm-none-eabi/7.3.1/../../../../arm-none-eabi/lib/thumb/v7-m/libnosys.a(_exit.o)
 .ARM.attributes
                0x0000000000000000       0x2d /usr/local/Cellar/gcc-arm-none-eabi/20180627/bin/../lib/gcc/arm-none-eabi/7.3.1/../../../../arm-none-eabi/lib/thumb/v7-m/libnosys.a(_exit.o)
 .text          0x0000000000000000        0x0 /usr/local/Cellar/gcc-arm-none-eabi/20180627/bin/../lib/gcc/arm-none-eabi/7.3.1/thumb/v7-m/crtend.o
 .data          0x0000000000000000        0x0 /usr/local/Cellar/gcc-arm-none-eabi/20180627/bin/../lib/gcc/arm-none-eabi/7.3.1/thumb/v7-m/crtend.o
 .bss           0x0000000000000000        0x0 /usr/local/Cellar/gcc-arm-none-eabi/20180627/bin/../lib/gcc/arm-none-eabi/7.3.1/thumb/v7-m/crtend.o
 .eh_frame      0x0000000000000000        0x4 /usr/local/Cellar/gcc-arm-none-eabi/20180627/bin/../lib/gcc/arm-none-eabi/7.3.1/thumb/v7-m/crtend.o
 .ARM.attributes
                0x0000000000000000       0x2d /usr/local/Cellar/gcc-arm-none-eabi/20180627/bin/../lib/gcc/arm-none-eabi/7.3.1/thumb/v7-m/crtend.o
 .text          0x0000000000000000        0x0 /usr/local/Cellar/gcc-arm-none-eabi/20180627/bin/../lib/gcc/arm-none-eabi/7.3.1/thumb/v7-m/crtn.o
 .data          0x0000000000000000        0x0 /usr/local/Cellar/gcc-arm-none-eabi/20180627/bin/../lib/gcc/arm-none-eabi/7.3.1/thumb/v7-m/crtn.o
 .bss           0x0000000000000000        0x0 /usr/local/Cellar/gcc-arm-none-eabi/20180627/bin/../lib/gcc/arm-none-eabi/7.3.1/thumb/v7-m/crtn.o

Memory Configuration

Name             Origin             Length             Attributes
RAM              0x0000000020000000 0x0000000000005000 xrw
FLASH            0x0000000008000000 0x0000000000010000 xr
*default*        0x0000000000000000 0xffffffffffffffff

Linker script and memory map

LOAD /usr/local/Cellar/gcc-arm-none-eabi/20180627/bin/../lib/gcc/arm-none-eabi/7.3.1/thumb/v7-m/crti.o
LOAD /usr/local/Cellar/gcc-arm-none-eabi/20180627/bin/../lib/gcc/arm-none-eabi/7.3.1/thumb/v7-m/crtbegin.o
LOAD /usr/local/Cellar/gcc-arm-none-eabi/20180627/bin/../lib/gcc/arm-none-eabi/7.3.1/../../../../arm-none-eabi/lib/thumb/v7-m/crt0.o
LOAD build/main.o
LOAD build/stm32f1xx_it.o
LOAD build/stm32f1xx_hal_msp.o
LOAD build/stm32f1xx_hal_gpio_ex.o
LOAD build/stm32f1xx_hal_tim.o
LOAD build/stm32f1xx_hal_tim_ex.o
LOAD build/stm32f1xx_hal.o
LOAD build/stm32f1xx_hal_rcc.o
LOAD build/stm32f1xx_hal_rcc_ex.o
LOAD build/stm32f1xx_hal_gpio.o
LOAD build/stm32f1xx_hal_dma.o
LOAD build/stm32f1xx_hal_cortex.o
LOAD build/stm32f1xx_hal_pwr.o
LOAD build/stm32f1xx_hal_flash.o
LOAD build/stm32f1xx_hal_flash_ex.o
LOAD build/system_stm32f1xx.o
LOAD build/startup_stm32f103xb.o
LOAD /usr/local/Cellar/gcc-arm-none-eabi/20180627/bin/../lib/gcc/arm-none-eabi/7.3.1/../../../../arm-none-eabi/lib/thumb/v7-m/libc_nano.a
LOAD /usr/local/Cellar/gcc-arm-none-eabi/20180627/bin/../lib/gcc/arm-none-eabi/7.3.1/../../../../arm-none-eabi/lib/thumb/v7-m/libm.a
LOAD /usr/local/Cellar/gcc-arm-none-eabi/20180627/bin/../lib/gcc/arm-none-eabi/7.3.1/../../../../arm-none-eabi/lib/thumb/v7-m/libnosys.a
START GROUP
LOAD /usr/local/Cellar/gcc-arm-none-eabi/20180627/bin/../lib/gcc/arm-none-eabi/7.3.1/thumb/v7-m/libgcc.a
LOAD /usr/local/Cellar/gcc-arm-none-eabi/20180627/bin/../lib/gcc/arm-none-eabi/7.3.1/../../../../arm-none-eabi/lib/thumb/v7-m/libc_nano.a
END GROUP
START GROUP
LOAD /usr/local/Cellar/gcc-arm-none-eabi/20180627/bin/../lib/gcc/arm-none-eabi/7.3.1/thumb/v7-m/libgcc.a
LOAD /usr/local/Cellar/gcc-arm-none-eabi/20180627/bin/../lib/gcc/arm-none-eabi/7.3.1/../../../../arm-none-eabi/lib/thumb/v7-m/libc_nano.a
END GROUP
LOAD /usr/local/Cellar/gcc-arm-none-eabi/20180627/bin/../lib/gcc/arm-none-eabi/7.3.1/thumb/v7-m/crtend.o
LOAD /usr/local/Cellar/gcc-arm-none-eabi/20180627/bin/../lib/gcc/arm-none-eabi/7.3.1/thumb/v7-m/crtn.o
                0x0000000020005000                _estack = 0x20005000
                0x0000000000000200                _Min_Heap_Size = 0x200
                0x0000000000000400                _Min_Stack_Size = 0x400

.isr_vector     0x0000000008000000      0x10c
                0x0000000008000000                . = ALIGN (0x4)
 *(.isr_vector)
 .isr_vector    0x0000000008000000      0x10c build/startup_stm32f103xb.o
                0x0000000008000000                g_pfnVectors
                0x000000000800010c                . = ALIGN (0x4)

.text           0x000000000800010c      0xbd4
                0x000000000800010c                . = ALIGN (0x4)
 *(.text)
 .text          0x000000000800010c       0x40 /usr/local/Cellar/gcc-arm-none-eabi/20180627/bin/../lib/gcc/arm-none-eabi/7.3.1/thumb/v7-m/crtbegin.o
 *(.text*)
 .text.MX_GPIO_Init
                0x000000000800014c       0x54 build/main.o
 .text.SystemClock_Config
                0x00000000080001a0       0x44 build/main.o
                0x00000000080001a0                SystemClock_Config
 .text.main     0x00000000080001e4       0x28 build/main.o
                0x00000000080001e4                main
 .text.NMI_Handler
                0x000000000800020c        0x2 build/stm32f1xx_it.o
                0x000000000800020c                NMI_Handler
 .text.HardFault_Handler
                0x000000000800020e        0x2 build/stm32f1xx_it.o
                0x000000000800020e                HardFault_Handler
 .text.MemManage_Handler
                0x0000000008000210        0x2 build/stm32f1xx_it.o
                0x0000000008000210                MemManage_Handler
 .text.BusFault_Handler
                0x0000000008000212        0x2 build/stm32f1xx_it.o
                0x0000000008000212                BusFault_Handler
 .text.UsageFault_Handler
                0x0000000008000214        0x2 build/stm32f1xx_it.o
                0x0000000008000214                UsageFault_Handler
 .text.SVC_Handler
                0x0000000008000216        0x2 build/stm32f1xx_it.o
                0x0000000008000216                SVC_Handler
 .text.DebugMon_Handler
                0x0000000008000218        0x2 build/stm32f1xx_it.o
                0x0000000008000218                DebugMon_Handler
 .text.PendSV_Handler
                0x000000000800021a        0x2 build/stm32f1xx_it.o
                0x000000000800021a                PendSV_Handler
 .text.SysTick_Handler
                0x000000000800021c        0x8 build/stm32f1xx_it.o
                0x000000000800021c                SysTick_Handler
 .text.HAL_MspInit
                0x0000000008000224       0x44 build/stm32f1xx_hal_msp.o
                0x0000000008000224                HAL_MspInit
 .text.HAL_InitTick
                0x0000000008000268       0x4c build/stm32f1xx_hal.o
                0x0000000008000268                HAL_InitTick
 .text.HAL_Init
                0x00000000080002b4       0x24 build/stm32f1xx_hal.o
                0x00000000080002b4                HAL_Init
 .text.HAL_IncTick
                0x00000000080002d8       0x18 build/stm32f1xx_hal.o
                0x00000000080002d8                HAL_IncTick
 .text.HAL_GetTick
                0x00000000080002f0        0xc build/stm32f1xx_hal.o
                0x00000000080002f0                HAL_GetTick
 .text.HAL_Delay
                0x00000000080002fc       0x28 build/stm32f1xx_hal.o
                0x00000000080002fc                HAL_Delay
 .text.RCC_Delay
                0x0000000008000324       0x2c build/stm32f1xx_hal_rcc.o
 .text.HAL_RCC_OscConfig
                0x0000000008000350      0x3dc build/stm32f1xx_hal_rcc.o
                0x0000000008000350                HAL_RCC_OscConfig
 .text.HAL_RCC_GetSysClockFreq
                0x000000000800072c       0x70 build/stm32f1xx_hal_rcc.o
                0x000000000800072c                HAL_RCC_GetSysClockFreq
 .text.HAL_RCC_ClockConfig
                0x000000000800079c      0x19c build/stm32f1xx_hal_rcc.o
                0x000000000800079c                HAL_RCC_ClockConfig
 .text.HAL_GPIO_Init
                0x0000000008000938      0x1d4 build/stm32f1xx_hal_gpio.o
                0x0000000008000938                HAL_GPIO_Init
 .text.HAL_GPIO_WritePin
                0x0000000008000b0c        0xc build/stm32f1xx_hal_gpio.o
                0x0000000008000b0c                HAL_GPIO_WritePin
 .text.HAL_GPIO_TogglePin
                0x0000000008000b18        0x8 build/stm32f1xx_hal_gpio.o
                0x0000000008000b18                HAL_GPIO_TogglePin
 .text.HAL_NVIC_SetPriorityGrouping
                0x0000000008000b20       0x24 build/stm32f1xx_hal_cortex.o
                0x0000000008000b20                HAL_NVIC_SetPriorityGrouping
 .text.HAL_NVIC_SetPriority
                0x0000000008000b44       0x68 build/stm32f1xx_hal_cortex.o
                0x0000000008000b44                HAL_NVIC_SetPriority
 .text.HAL_SYSTICK_Config
                0x0000000008000bac       0x2c build/stm32f1xx_hal_cortex.o
                0x0000000008000bac                HAL_SYSTICK_Config
 .text.SystemInit
                0x0000000008000bd8       0x4c build/system_stm32f1xx.o
                0x0000000008000bd8                SystemInit
 .text.Reset_Handler
                0x0000000008000c24       0x48 build/startup_stm32f103xb.o
                0x0000000008000c24                Reset_Handler
 .text.Default_Handler
                0x0000000008000c6c        0x2 build/startup_stm32f103xb.o
                0x0000000008000c6c                USBWakeUp_IRQHandler
                0x0000000008000c6c                EXTI2_IRQHandler
                0x0000000008000c6c                TIM1_CC_IRQHandler
                0x0000000008000c6c                PVD_IRQHandler
                0x0000000008000c6c                EXTI3_IRQHandler
                0x0000000008000c6c                EXTI0_IRQHandler
                0x0000000008000c6c                I2C2_EV_IRQHandler
                0x0000000008000c6c                ADC1_2_IRQHandler
                0x0000000008000c6c                SPI1_IRQHandler
                0x0000000008000c6c                TAMPER_IRQHandler
                0x0000000008000c6c                DMA1_Channel4_IRQHandler
                0x0000000008000c6c                USART3_IRQHandler
                0x0000000008000c6c                RTC_IRQHandler
                0x0000000008000c6c                DMA1_Channel7_IRQHandler
                0x0000000008000c6c                CAN1_RX1_IRQHandler
                0x0000000008000c6c                TIM4_IRQHandler
                0x0000000008000c6c                I2C1_EV_IRQHandler
                0x0000000008000c6c                DMA1_Channel6_IRQHandler
                0x0000000008000c6c                TIM3_IRQHandler
                0x0000000008000c6c                RCC_IRQHandler
                0x0000000008000c6c                TIM1_TRG_COM_IRQHandler
                0x0000000008000c6c                DMA1_Channel1_IRQHandler
                0x0000000008000c6c                Default_Handler
                0x0000000008000c6c                EXTI15_10_IRQHandler
                0x0000000008000c6c                EXTI9_5_IRQHandler
                0x0000000008000c6c                SPI2_IRQHandler
                0x0000000008000c6c                DMA1_Channel5_IRQHandler
                0x0000000008000c6c                EXTI4_IRQHandler
                0x0000000008000c6c                USB_LP_CAN1_RX0_IRQHandler
                0x0000000008000c6c                USB_HP_CAN1_TX_IRQHandler
                0x0000000008000c6c                DMA1_Channel3_IRQHandler
                0x0000000008000c6c                TIM1_UP_IRQHandler
                0x0000000008000c6c                WWDG_IRQHandler
                0x0000000008000c6c                TIM2_IRQHandler
                0x0000000008000c6c                TIM1_BRK_IRQHandler
                0x0000000008000c6c                EXTI1_IRQHandler
                0x0000000008000c6c                USART2_IRQHandler
                0x0000000008000c6c                I2C2_ER_IRQHandler
                0x0000000008000c6c                DMA1_Channel2_IRQHandler
                0x0000000008000c6c                CAN1_SCE_IRQHandler
                0x0000000008000c6c                FLASH_IRQHandler
                0x0000000008000c6c                USART1_IRQHandler
                0x0000000008000c6c                I2C1_ER_IRQHandler
                0x0000000008000c6c                RTC_Alarm_IRQHandler
 *fill*         0x0000000008000c6e        0x2 
 .text.__libc_init_array
                0x0000000008000c70       0x48 /usr/local/Cellar/gcc-arm-none-eabi/20180627/bin/../lib/gcc/arm-none-eabi/7.3.1/../../../../arm-none-eabi/lib/thumb/v7-m/libc_nano.a(lib_a-init.o)
                0x0000000008000c70                __libc_init_array
 .text.memset   0x0000000008000cb8       0x10 /usr/local/Cellar/gcc-arm-none-eabi/20180627/bin/../lib/gcc/arm-none-eabi/7.3.1/../../../../arm-none-eabi/lib/thumb/v7-m/libc_nano.a(lib_a-memset.o)
                0x0000000008000cb8                memset
 *(.glue_7)
 .glue_7        0x0000000008000cc8        0x0 linker stubs
 *(.glue_7t)
 .glue_7t       0x0000000008000cc8        0x0 linker stubs
 *(.eh_frame)
 .eh_frame      0x0000000008000cc8        0x0 /usr/local/Cellar/gcc-arm-none-eabi/20180627/bin/../lib/gcc/arm-none-eabi/7.3.1/thumb/v7-m/crtbegin.o
 *(.init)
 .init          0x0000000008000cc8        0x4 /usr/local/Cellar/gcc-arm-none-eabi/20180627/bin/../lib/gcc/arm-none-eabi/7.3.1/thumb/v7-m/crti.o
                0x0000000008000cc8                _init
 .init          0x0000000008000ccc        0x8 /usr/local/Cellar/gcc-arm-none-eabi/20180627/bin/../lib/gcc/arm-none-eabi/7.3.1/thumb/v7-m/crtn.o
 *(.fini)
 .fini          0x0000000008000cd4        0x4 /usr/local/Cellar/gcc-arm-none-eabi/20180627/bin/../lib/gcc/arm-none-eabi/7.3.1/thumb/v7-m/crti.o
                0x0000000008000cd4                _fini
 .fini          0x0000000008000cd8        0x8 /usr/local/Cellar/gcc-arm-none-eabi/20180627/bin/../lib/gcc/arm-none-eabi/7.3.1/thumb/v7-m/crtn.o
                0x0000000008000ce0                . = ALIGN (0x4)
                0x0000000008000ce0                _etext = .

.vfp11_veneer   0x0000000008000ce0        0x0
 .vfp11_veneer  0x0000000008000ce0        0x0 linker stubs

.v4_bx          0x0000000008000ce0        0x0
 .v4_bx         0x0000000008000ce0        0x0 linker stubs

.iplt           0x0000000008000ce0        0x0
 .iplt          0x0000000008000ce0        0x0 /usr/local/Cellar/gcc-arm-none-eabi/20180627/bin/../lib/gcc/arm-none-eabi/7.3.1/thumb/v7-m/crtbegin.o

.rodata         0x0000000008000ce0       0x24
                0x0000000008000ce0                . = ALIGN (0x4)
 *(.rodata)
 .rodata        0x0000000008000ce0       0x12 build/stm32f1xx_hal_rcc.o
 *(.rodata*)
 *fill*         0x0000000008000cf2        0x2 
 .rodata.AHBPrescTable
                0x0000000008000cf4       0x10 build/system_stm32f1xx.o
                0x0000000008000cf4                AHBPrescTable
                0x0000000008000d04                . = ALIGN (0x4)

.rel.dyn        0x0000000008000d04        0x0
 .rel.iplt      0x0000000008000d04        0x0 /usr/local/Cellar/gcc-arm-none-eabi/20180627/bin/../lib/gcc/arm-none-eabi/7.3.1/thumb/v7-m/crtbegin.o

.ARM.extab
 *(.ARM.extab* .gnu.linkonce.armextab.*)

.ARM            0x0000000008000d04        0x0
                0x0000000008000d04                __exidx_start = .
 *(.ARM.exidx*)
                0x0000000008000d04                __exidx_end = .

.preinit_array  0x0000000008000d04        0x0
                0x0000000008000d04                PROVIDE (__preinit_array_start = .)
 *(.preinit_array*)
                0x0000000008000d04                PROVIDE (__preinit_array_end = .)

.init_array     0x0000000008000d04        0x4
                0x0000000008000d04                PROVIDE (__init_array_start = .)
 *(SORT_BY_NAME(.init_array.*))
 *(.init_array*)
 .init_array    0x0000000008000d04        0x4 /usr/local/Cellar/gcc-arm-none-eabi/20180627/bin/../lib/gcc/arm-none-eabi/7.3.1/thumb/v7-m/crtbegin.o
                0x0000000008000d08                PROVIDE (__init_array_end = .)

.fini_array     0x0000000008000d08        0x4
                [!provide]                        PROVIDE (__fini_array_start = .)
 *(SORT_BY_NAME(.fini_array.*))
 *(.fini_array*)
 .fini_array    0x0000000008000d08        0x4 /usr/local/Cellar/gcc-arm-none-eabi/20180627/bin/../lib/gcc/arm-none-eabi/7.3.1/thumb/v7-m/crtbegin.o
                [!provide]                        PROVIDE (__fini_array_end = .)
                0x0000000008000d0c                _sidata = LOADADDR (.data)

.data           0x0000000020000000        0xc load address 0x0000000008000d0c
                0x0000000020000000                . = ALIGN (0x4)
                0x0000000020000000                _sdata = .
 *(.data)
 *(.data*)
 .data.uwTickFreq
                0x0000000020000000        0x1 build/stm32f1xx_hal.o
                0x0000000020000000                uwTickFreq
 *fill*         0x0000000020000001        0x3 
 .data.uwTickPrio
                0x0000000020000004        0x4 build/stm32f1xx_hal.o
                0x0000000020000004                uwTickPrio
 .data.SystemCoreClock
                0x0000000020000008        0x4 build/system_stm32f1xx.o
                0x0000000020000008                SystemCoreClock
                0x000000002000000c                . = ALIGN (0x4)
                0x000000002000000c                _edata = .

.igot.plt       0x000000002000000c        0x0 load address 0x0000000008000d18
 .igot.plt      0x000000002000000c        0x0 /usr/local/Cellar/gcc-arm-none-eabi/20180627/bin/../lib/gcc/arm-none-eabi/7.3.1/thumb/v7-m/crtbegin.o
                0x000000002000000c                . = ALIGN (0x4)

.bss            0x000000002000000c       0x20 load address 0x0000000008000d18
                0x000000002000000c                _sbss = .
                0x000000002000000c                __bss_start__ = _sbss
 *(.bss)
 .bss           0x000000002000000c       0x1c /usr/local/Cellar/gcc-arm-none-eabi/20180627/bin/../lib/gcc/arm-none-eabi/7.3.1/thumb/v7-m/crtbegin.o
 *(.bss*)
 *(COMMON)
 COMMON         0x0000000020000028        0x4 build/stm32f1xx_hal.o
                0x0000000020000028                uwTick
                0x000000002000002c                . = ALIGN (0x4)
                0x000000002000002c                _ebss = .
                0x000000002000002c                __bss_end__ = _ebss

._user_heap_stack
                0x000000002000002c      0x604 load address 0x0000000008000d18
                0x0000000020000030                . = ALIGN (0x8)
 *fill*         0x000000002000002c        0x4 
                [!provide]                        PROVIDE (end = .)
                [!provide]                        PROVIDE (_end = .)
                0x0000000020000230                . = (. + _Min_Heap_Size)
 *fill*         0x0000000020000030      0x200 
                0x0000000020000630                . = (. + _Min_Stack_Size)
 *fill*         0x0000000020000230      0x400 
                0x0000000020000630                . = ALIGN (0x8)

/DISCARD/
 libc.a(*)
 libm.a(*)
 libgcc.a(*)

.ARM.attributes
                0x0000000000000000       0x29
 *(.ARM.attributes)
 .ARM.attributes
                0x0000000000000000       0x1d /usr/local/Cellar/gcc-arm-none-eabi/20180627/bin/../lib/gcc/arm-none-eabi/7.3.1/thumb/v7-m/crti.o
 .ARM.attributes
                0x000000000000001d       0x2d /usr/local/Cellar/gcc-arm-none-eabi/20180627/bin/../lib/gcc/arm-none-eabi/7.3.1/thumb/v7-m/crtbegin.o
 .ARM.attributes
                0x000000000000004a       0x33 build/main.o
 .ARM.attributes
                0x000000000000007d       0x33 build/stm32f1xx_it.o
 .ARM.attributes
                0x00000000000000b0       0x33 build/stm32f1xx_hal_msp.o
 .ARM.attributes
                0x00000000000000e3       0x33 build/stm32f1xx_hal.o
 .ARM.attributes
                0x0000000000000116       0x33 build/stm32f1xx_hal_rcc.o
 .ARM.attributes
                0x0000000000000149       0x33 build/stm32f1xx_hal_gpio.o
 .ARM.attributes
                0x000000000000017c       0x33 build/stm32f1xx_hal_cortex.o
 .ARM.attributes
                0x00000000000001af       0x33 build/system_stm32f1xx.o
 .ARM.attributes
                0x00000000000001e2       0x21 build/startup_stm32f103xb.o
 .ARM.attributes
                0x0000000000000203       0x2d /usr/local/Cellar/gcc-arm-none-eabi/20180627/bin/../lib/gcc/arm-none-eabi/7.3.1/../../../../arm-none-eabi/lib/thumb/v7-m/libc_nano.a(lib_a-init.o)
 .ARM.attributes
                0x0000000000000230       0x2d /usr/local/Cellar/gcc-arm-none-eabi/20180627/bin/../lib/gcc/arm-none-eabi/7.3.1/../../../../arm-none-eabi/lib/thumb/v7-m/libc_nano.a(lib_a-memset.o)
 .ARM.attributes
                0x000000000000025d       0x1d /usr/local/Cellar/gcc-arm-none-eabi/20180627/bin/../lib/gcc/arm-none-eabi/7.3.1/thumb/v7-m/crtn.o
OUTPUT(build/bluepill-blink.elf elf32-littlearm)

.debug_info     0x0000000000000000     0x7fae
 .debug_info    0x0000000000000000      0xf4e build/main.o
 .debug_info    0x0000000000000f4e      0xb49 build/stm32f1xx_it.o
 .debug_info    0x0000000000001a97      0xbfb build/stm32f1xx_hal_msp.o
 .debug_info    0x0000000000002692     0x113a build/stm32f1xx_hal.o
 .debug_info    0x00000000000037cc     0x13cd build/stm32f1xx_hal_rcc.o
 .debug_info    0x0000000000004b99     0x101e build/stm32f1xx_hal_gpio.o
 .debug_info    0x0000000000005bb7     0x1646 build/stm32f1xx_hal_cortex.o
 .debug_info    0x00000000000071fd      0xd8f build/system_stm32f1xx.o
 .debug_info    0x0000000000007f8c       0x22 build/startup_stm32f103xb.o

.debug_abbrev   0x0000000000000000     0x1527
 .debug_abbrev  0x0000000000000000      0x28b build/main.o
 .debug_abbrev  0x000000000000028b      0x1e3 build/stm32f1xx_it.o
 .debug_abbrev  0x000000000000046e      0x1de build/stm32f1xx_hal_msp.o
 .debug_abbrev  0x000000000000064c      0x2fd build/stm32f1xx_hal.o
 .debug_abbrev  0x0000000000000949      0x332 build/stm32f1xx_hal_rcc.o
 .debug_abbrev  0x0000000000000c7b      0x2be build/stm32f1xx_hal_gpio.o
 .debug_abbrev  0x0000000000000f39      0x3d3 build/stm32f1xx_hal_cortex.o
 .debug_abbrev  0x000000000000130c      0x209 build/system_stm32f1xx.o
 .debug_abbrev  0x0000000000001515       0x12 build/startup_stm32f103xb.o

.debug_loc      0x0000000000000000     0x153a
 .debug_loc     0x0000000000000000       0x91 build/main.o
 .debug_loc     0x0000000000000091       0x20 build/stm32f1xx_it.o
 .debug_loc     0x00000000000000b1       0x2c build/stm32f1xx_hal_msp.o
 .debug_loc     0x00000000000000dd      0x19d build/stm32f1xx_hal.o
 .debug_loc     0x000000000000027a      0x68e build/stm32f1xx_hal_rcc.o
 .debug_loc     0x0000000000000908      0x516 build/stm32f1xx_hal_gpio.o
 .debug_loc     0x0000000000000e1e      0x63d build/stm32f1xx_hal_cortex.o
 .debug_loc     0x000000000000145b       0xdf build/system_stm32f1xx.o

.debug_aranges  0x0000000000000000      0x350
 .debug_aranges
                0x0000000000000000       0x38 build/main.o
 .debug_aranges
                0x0000000000000038       0x60 build/stm32f1xx_it.o
 .debug_aranges
                0x0000000000000098       0x20 build/stm32f1xx_hal_msp.o
 .debug_aranges
                0x00000000000000b8       0xd0 build/stm32f1xx_hal.o
 .debug_aranges
                0x0000000000000188       0x90 build/stm32f1xx_hal_rcc.o
 .debug_aranges
                0x0000000000000218       0x58 build/stm32f1xx_hal_gpio.o
 .debug_aranges
                0x0000000000000270       0x90 build/stm32f1xx_hal_cortex.o
 .debug_aranges
                0x0000000000000300       0x28 build/system_stm32f1xx.o
 .debug_aranges
                0x0000000000000328       0x28 build/startup_stm32f103xb.o

.debug_ranges   0x0000000000000000      0x348
 .debug_ranges  0x0000000000000000       0x28 build/main.o
 .debug_ranges  0x0000000000000028       0x50 build/stm32f1xx_it.o
 .debug_ranges  0x0000000000000078       0x10 build/stm32f1xx_hal_msp.o
 .debug_ranges  0x0000000000000088       0xc0 build/stm32f1xx_hal.o
 .debug_ranges  0x0000000000000148       0xa0 build/stm32f1xx_hal_rcc.o
 .debug_ranges  0x00000000000001e8       0x48 build/stm32f1xx_hal_gpio.o
 .debug_ranges  0x0000000000000230       0xe0 build/stm32f1xx_hal_cortex.o
 .debug_ranges  0x0000000000000310       0x18 build/system_stm32f1xx.o
 .debug_ranges  0x0000000000000328       0x20 build/startup_stm32f103xb.o

.debug_line     0x0000000000000000     0x1c39
 .debug_line    0x0000000000000000      0x2db build/main.o
 .debug_line    0x00000000000002db      0x292 build/stm32f1xx_it.o
 .debug_line    0x000000000000056d      0x226 build/stm32f1xx_hal_msp.o
 .debug_line    0x0000000000000793      0x416 build/stm32f1xx_hal.o
 .debug_line    0x0000000000000ba9      0x581 build/stm32f1xx_hal_rcc.o
 .debug_line    0x000000000000112a      0x420 build/stm32f1xx_hal_gpio.o
 .debug_line    0x000000000000154a      0x40c build/stm32f1xx_hal_cortex.o
 .debug_line    0x0000000000001956      0x271 build/system_stm32f1xx.o
 .debug_line    0x0000000000001bc7       0x72 build/startup_stm32f103xb.o

.debug_str      0x0000000000000000     0x14df
 .debug_str     0x0000000000000000      0x853 build/main.o
                                        0x8d9 (size before relaxing)
 .debug_str     0x0000000000000853       0xaf build/stm32f1xx_it.o
                                        0x6d2 (size before relaxing)
 .debug_str     0x0000000000000902       0x52 build/stm32f1xx_hal_msp.o
                                        0x6bb (size before relaxing)
 .debug_str     0x0000000000000954      0x548 build/stm32f1xx_hal.o
                                        0xc12 (size before relaxing)
 .debug_str     0x0000000000000e9c      0x1ec build/stm32f1xx_hal_rcc.o
                                        0xa7e (size before relaxing)
 .debug_str     0x0000000000001088      0x11b build/stm32f1xx_hal_gpio.o
                                        0x8a7 (size before relaxing)
 .debug_str     0x00000000000011a3      0x2ce build/stm32f1xx_hal_cortex.o
                                        0xd3a (size before relaxing)
 .debug_str     0x0000000000001471       0x4a build/system_stm32f1xx.o
                                        0x710 (size before relaxing)
 .debug_str     0x00000000000014bb       0x24 build/startup_stm32f103xb.o
                                         0x55 (size before relaxing)

.comment        0x0000000000000000       0x7f
 .comment       0x0000000000000000       0x7f build/main.o
                                         0x80 (size before relaxing)
 .comment       0x000000000000007f       0x80 build/stm32f1xx_it.o
 .comment       0x000000000000007f       0x80 build/stm32f1xx_hal_msp.o
 .comment       0x000000000000007f       0x80 build/stm32f1xx_hal.o
 .comment       0x000000000000007f       0x80 build/stm32f1xx_hal_rcc.o
 .comment       0x000000000000007f       0x80 build/stm32f1xx_hal_gpio.o
 .comment       0x000000000000007f       0x80 build/stm32f1xx_hal_cortex.o
 .comment       0x000000000000007f       0x80 build/system_stm32f1xx.o

.debug_frame    0x0000000000000000      0x748
 .debug_frame   0x0000000000000000       0x80 build/main.o
 .debug_frame   0x0000000000000080       0xac build/stm32f1xx_it.o
 .debug_frame   0x000000000000012c       0x28 build/stm32f1xx_hal_msp.o
 .debug_frame   0x0000000000000154      0x1c0 build/stm32f1xx_hal.o
 .debug_frame   0x0000000000000314      0x194 build/stm32f1xx_hal_rcc.o
 .debug_frame   0x00000000000004a8       0xe8 build/stm32f1xx_hal_gpio.o
 .debug_frame   0x0000000000000590      0x13c build/stm32f1xx_hal_cortex.o
 .debug_frame   0x00000000000006cc       0x30 build/system_stm32f1xx.o
 .debug_frame   0x00000000000006fc       0x2c /usr/local/Cellar/gcc-arm-none-eabi/20180627/bin/../lib/gcc/arm-none-eabi/7.3.1/../../../../arm-none-eabi/lib/thumb/v7-m/libc_nano.a(lib_a-init.o)
 .debug_frame   0x0000000000000728       0x20 /usr/local/Cellar/gcc-arm-none-eabi/20180627/bin/../lib/gcc/arm-none-eabi/7.3.1/../../../../arm-none-eabi/lib/thumb/v7-m/libc_nano.a(lib_a-memset.o)

Cross Reference Table

Symbol                                            File
ADC1_2_IRQHandler                                 build/startup_stm32f103xb.o
AHBPrescTable                                     build/system_stm32f1xx.o
                                                  build/stm32f1xx_hal_rcc.o
APBPrescTable                                     build/system_stm32f1xx.o
                                                  build/stm32f1xx_hal_rcc.o
BusFault_Handler                                  build/stm32f1xx_it.o
CAN1_RX1_IRQHandler                               build/startup_stm32f103xb.o
CAN1_SCE_IRQHandler                               build/startup_stm32f103xb.o
DMA1_Channel1_IRQHandler                          build/startup_stm32f103xb.o
DMA1_Channel2_IRQHandler                          build/startup_stm32f103xb.o
DMA1_Channel3_IRQHandler                          build/startup_stm32f103xb.o
DMA1_Channel4_IRQHandler                          build/startup_stm32f103xb.o
DMA1_Channel5_IRQHandler                          build/startup_stm32f103xb.o
DMA1_Channel6_IRQHandler                          build/startup_stm32f103xb.o
DMA1_Channel7_IRQHandler                          build/startup_stm32f103xb.o
DebugMon_Handler                                  build/stm32f1xx_it.o
Default_Handler                                   build/startup_stm32f103xb.o
EXTI0_IRQHandler                                  build/startup_stm32f103xb.o
EXTI15_10_IRQHandler                              build/startup_stm32f103xb.o
EXTI1_IRQHandler                                  build/startup_stm32f103xb.o
EXTI2_IRQHandler                                  build/startup_stm32f103xb.o
EXTI3_IRQHandler                                  build/startup_stm32f103xb.o
EXTI4_IRQHandler                                  build/startup_stm32f103xb.o
EXTI9_5_IRQHandler                                build/startup_stm32f103xb.o
Error_Handler                                     build/main.o
FLASH_IRQHandler                                  build/startup_stm32f103xb.o
FLASH_PageErase                                   build/stm32f1xx_hal_flash_ex.o
                                                  build/stm32f1xx_hal_flash.o
FLASH_WaitForLastOperation                        build/stm32f1xx_hal_flash.o
                                                  build/stm32f1xx_hal_flash_ex.o
HAL_DBGMCU_DisableDBGSleepMode                    build/stm32f1xx_hal.o
HAL_DBGMCU_DisableDBGStandbyMode                  build/stm32f1xx_hal.o
HAL_DBGMCU_DisableDBGStopMode                     build/stm32f1xx_hal.o
HAL_DBGMCU_EnableDBGSleepMode                     build/stm32f1xx_hal.o
HAL_DBGMCU_EnableDBGStandbyMode                   build/stm32f1xx_hal.o
HAL_DBGMCU_EnableDBGStopMode                      build/stm32f1xx_hal.o
HAL_DMA_Abort                                     build/stm32f1xx_hal_dma.o
HAL_DMA_Abort_IT                                  build/stm32f1xx_hal_dma.o
HAL_DMA_DeInit                                    build/stm32f1xx_hal_dma.o
HAL_DMA_GetError                                  build/stm32f1xx_hal_dma.o
HAL_DMA_GetState                                  build/stm32f1xx_hal_dma.o
HAL_DMA_IRQHandler                                build/stm32f1xx_hal_dma.o
HAL_DMA_Init                                      build/stm32f1xx_hal_dma.o
HAL_DMA_PollForTransfer                           build/stm32f1xx_hal_dma.o
HAL_DMA_RegisterCallback                          build/stm32f1xx_hal_dma.o
HAL_DMA_Start                                     build/stm32f1xx_hal_dma.o
HAL_DMA_Start_IT                                  build/stm32f1xx_hal_dma.o
HAL_DMA_UnRegisterCallback                        build/stm32f1xx_hal_dma.o
HAL_DeInit                                        build/stm32f1xx_hal.o
HAL_Delay                                         build/stm32f1xx_hal.o
                                                  build/main.o
HAL_FLASHEx_Erase                                 build/stm32f1xx_hal_flash_ex.o
HAL_FLASHEx_Erase_IT                              build/stm32f1xx_hal_flash_ex.o
HAL_FLASHEx_OBErase                               build/stm32f1xx_hal_flash_ex.o
HAL_FLASHEx_OBGetConfig                           build/stm32f1xx_hal_flash_ex.o
HAL_FLASHEx_OBGetUserData                         build/stm32f1xx_hal_flash_ex.o
HAL_FLASHEx_OBProgram                             build/stm32f1xx_hal_flash_ex.o
HAL_FLASH_EndOfOperationCallback                  build/stm32f1xx_hal_flash.o
HAL_FLASH_GetError                                build/stm32f1xx_hal_flash.o
HAL_FLASH_IRQHandler                              build/stm32f1xx_hal_flash.o
HAL_FLASH_Lock                                    build/stm32f1xx_hal_flash.o
HAL_FLASH_OB_Launch                               build/stm32f1xx_hal_flash.o
HAL_FLASH_OB_Lock                                 build/stm32f1xx_hal_flash.o
HAL_FLASH_OB_Unlock                               build/stm32f1xx_hal_flash.o
HAL_FLASH_OperationErrorCallback                  build/stm32f1xx_hal_flash.o
HAL_FLASH_Program                                 build/stm32f1xx_hal_flash.o
HAL_FLASH_Program_IT                              build/stm32f1xx_hal_flash.o
HAL_FLASH_Unlock                                  build/stm32f1xx_hal_flash.o
HAL_GPIOEx_ConfigEventout                         build/stm32f1xx_hal_gpio_ex.o
HAL_GPIOEx_DisableEventout                        build/stm32f1xx_hal_gpio_ex.o
HAL_GPIOEx_EnableEventout                         build/stm32f1xx_hal_gpio_ex.o
HAL_GPIO_DeInit                                   build/stm32f1xx_hal_gpio.o
HAL_GPIO_EXTI_Callback                            build/stm32f1xx_hal_gpio.o
HAL_GPIO_EXTI_IRQHandler                          build/stm32f1xx_hal_gpio.o
HAL_GPIO_Init                                     build/stm32f1xx_hal_gpio.o
                                                  build/stm32f1xx_hal_rcc.o
                                                  build/main.o
HAL_GPIO_LockPin                                  build/stm32f1xx_hal_gpio.o
HAL_GPIO_ReadPin                                  build/stm32f1xx_hal_gpio.o
HAL_GPIO_TogglePin                                build/stm32f1xx_hal_gpio.o
                                                  build/main.o
HAL_GPIO_WritePin                                 build/stm32f1xx_hal_gpio.o
                                                  build/main.o
HAL_GetDEVID                                      build/stm32f1xx_hal.o
HAL_GetHalVersion                                 build/stm32f1xx_hal.o
HAL_GetREVID                                      build/stm32f1xx_hal.o
HAL_GetTick                                       build/stm32f1xx_hal.o
                                                  build/stm32f1xx_hal_flash.o
                                                  build/stm32f1xx_hal_dma.o
                                                  build/stm32f1xx_hal_rcc_ex.o
                                                  build/stm32f1xx_hal_rcc.o
HAL_GetTickFreq                                   build/stm32f1xx_hal.o
HAL_GetTickPrio                                   build/stm32f1xx_hal.o
HAL_GetUID                                        build/stm32f1xx_hal.o
HAL_IncTick                                       build/stm32f1xx_hal.o
                                                  build/stm32f1xx_it.o
HAL_Init                                          build/stm32f1xx_hal.o
                                                  build/main.o
HAL_InitTick                                      build/stm32f1xx_hal.o
                                                  build/stm32f1xx_hal_rcc.o
HAL_MspDeInit                                     build/stm32f1xx_hal.o
HAL_MspInit                                       build/stm32f1xx_hal_msp.o
HAL_NVIC_ClearPendingIRQ                          build/stm32f1xx_hal_cortex.o
HAL_NVIC_DisableIRQ                               build/stm32f1xx_hal_cortex.o
HAL_NVIC_EnableIRQ                                build/stm32f1xx_hal_cortex.o
HAL_NVIC_GetActive                                build/stm32f1xx_hal_cortex.o
HAL_NVIC_GetPendingIRQ                            build/stm32f1xx_hal_cortex.o
HAL_NVIC_GetPriority                              build/stm32f1xx_hal_cortex.o
HAL_NVIC_GetPriorityGrouping                      build/stm32f1xx_hal_cortex.o
HAL_NVIC_SetPendingIRQ                            build/stm32f1xx_hal_cortex.o
HAL_NVIC_SetPriority                              build/stm32f1xx_hal_cortex.o
                                                  build/stm32f1xx_hal.o
HAL_NVIC_SetPriorityGrouping                      build/stm32f1xx_hal_cortex.o
                                                  build/stm32f1xx_hal.o
HAL_NVIC_SystemReset                              build/stm32f1xx_hal_cortex.o
                                                  build/stm32f1xx_hal_flash.o
HAL_PWR_ConfigPVD                                 build/stm32f1xx_hal_pwr.o
HAL_PWR_DeInit                                    build/stm32f1xx_hal_pwr.o
HAL_PWR_DisableBkUpAccess                         build/stm32f1xx_hal_pwr.o
HAL_PWR_DisablePVD                                build/stm32f1xx_hal_pwr.o
HAL_PWR_DisableSEVOnPend                          build/stm32f1xx_hal_pwr.o
HAL_PWR_DisableSleepOnExit                        build/stm32f1xx_hal_pwr.o
HAL_PWR_DisableWakeUpPin                          build/stm32f1xx_hal_pwr.o
HAL_PWR_EnableBkUpAccess                          build/stm32f1xx_hal_pwr.o
HAL_PWR_EnablePVD                                 build/stm32f1xx_hal_pwr.o
HAL_PWR_EnableSEVOnPend                           build/stm32f1xx_hal_pwr.o
HAL_PWR_EnableSleepOnExit                         build/stm32f1xx_hal_pwr.o
HAL_PWR_EnableWakeUpPin                           build/stm32f1xx_hal_pwr.o
HAL_PWR_EnterSLEEPMode                            build/stm32f1xx_hal_pwr.o
HAL_PWR_EnterSTANDBYMode                          build/stm32f1xx_hal_pwr.o
HAL_PWR_EnterSTOPMode                             build/stm32f1xx_hal_pwr.o
HAL_PWR_PVDCallback                               build/stm32f1xx_hal_pwr.o
HAL_PWR_PVD_IRQHandler                            build/stm32f1xx_hal_pwr.o
HAL_RCCEx_GetPeriphCLKConfig                      build/stm32f1xx_hal_rcc_ex.o
HAL_RCCEx_GetPeriphCLKFreq                        build/stm32f1xx_hal_rcc_ex.o
HAL_RCCEx_PeriphCLKConfig                         build/stm32f1xx_hal_rcc_ex.o
HAL_RCC_CSSCallback                               build/stm32f1xx_hal_rcc.o
HAL_RCC_ClockConfig                               build/stm32f1xx_hal_rcc.o
                                                  build/main.o
HAL_RCC_DeInit                                    build/stm32f1xx_hal_rcc.o
HAL_RCC_DisableCSS                                build/stm32f1xx_hal_rcc.o
HAL_RCC_EnableCSS                                 build/stm32f1xx_hal_rcc.o
HAL_RCC_GetClockConfig                            build/stm32f1xx_hal_rcc.o
HAL_RCC_GetHCLKFreq                               build/stm32f1xx_hal_rcc.o
HAL_RCC_GetOscConfig                              build/stm32f1xx_hal_rcc.o
HAL_RCC_GetPCLK1Freq                              build/stm32f1xx_hal_rcc.o
HAL_RCC_GetPCLK2Freq                              build/stm32f1xx_hal_rcc.o
                                                  build/stm32f1xx_hal_rcc_ex.o
HAL_RCC_GetSysClockFreq                           build/stm32f1xx_hal_rcc.o
HAL_RCC_MCOConfig                                 build/stm32f1xx_hal_rcc.o
HAL_RCC_NMI_IRQHandler                            build/stm32f1xx_hal_rcc.o
HAL_RCC_OscConfig                                 build/stm32f1xx_hal_rcc.o
                                                  build/main.o
HAL_ResumeTick                                    build/stm32f1xx_hal.o
HAL_SYSTICK_CLKSourceConfig                       build/stm32f1xx_hal_cortex.o
HAL_SYSTICK_Callback                              build/stm32f1xx_hal_cortex.o
HAL_SYSTICK_Config                                build/stm32f1xx_hal_cortex.o
                                                  build/stm32f1xx_hal.o
HAL_SYSTICK_IRQHandler                            build/stm32f1xx_hal_cortex.o
HAL_SetTickFreq                                   build/stm32f1xx_hal.o
HAL_SuspendTick                                   build/stm32f1xx_hal.o
HardFault_Handler                                 build/stm32f1xx_it.o
I2C1_ER_IRQHandler                                build/startup_stm32f103xb.o
I2C1_EV_IRQHandler                                build/startup_stm32f103xb.o
I2C2_ER_IRQHandler                                build/startup_stm32f103xb.o
I2C2_EV_IRQHandler                                build/startup_stm32f103xb.o
MemManage_Handler                                 build/stm32f1xx_it.o
NMI_Handler                                       build/stm32f1xx_it.o
PVD_IRQHandler                                    build/startup_stm32f103xb.o
PendSV_Handler                                    build/stm32f1xx_it.o
RCC_IRQHandler                                    build/startup_stm32f103xb.o
RTC_Alarm_IRQHandler                              build/startup_stm32f103xb.o
RTC_IRQHandler                                    build/startup_stm32f103xb.o
Reset_Handler                                     build/startup_stm32f103xb.o
SPI1_IRQHandler                                   build/startup_stm32f103xb.o
SPI2_IRQHandler                                   build/startup_stm32f103xb.o
SVC_Handler                                       build/stm32f1xx_it.o
SysTick_Handler                                   build/stm32f1xx_it.o
SystemClock_Config                                build/main.o
SystemCoreClock                                   build/system_stm32f1xx.o
                                                  build/stm32f1xx_hal_rcc.o
                                                  build/stm32f1xx_hal.o
SystemCoreClockUpdate                             build/system_stm32f1xx.o
SystemInit                                        build/system_stm32f1xx.o
                                                  build/startup_stm32f103xb.o
TAMPER_IRQHandler                                 build/startup_stm32f103xb.o
TIM1_BRK_IRQHandler                               build/startup_stm32f103xb.o
TIM1_CC_IRQHandler                                build/startup_stm32f103xb.o
TIM1_TRG_COM_IRQHandler                           build/startup_stm32f103xb.o
TIM1_UP_IRQHandler                                build/startup_stm32f103xb.o
TIM2_IRQHandler                                   build/startup_stm32f103xb.o
TIM3_IRQHandler                                   build/startup_stm32f103xb.o
TIM4_IRQHandler                                   build/startup_stm32f103xb.o
USART1_IRQHandler                                 build/startup_stm32f103xb.o
USART2_IRQHandler                                 build/startup_stm32f103xb.o
USART3_IRQHandler                                 build/startup_stm32f103xb.o
USBWakeUp_IRQHandler                              build/startup_stm32f103xb.o
USB_HP_CAN1_TX_IRQHandler                         build/startup_stm32f103xb.o
USB_LP_CAN1_RX0_IRQHandler                        build/startup_stm32f103xb.o
UsageFault_Handler                                build/stm32f1xx_it.o
WWDG_IRQHandler                                   build/startup_stm32f103xb.o
__bss_end__                                       /usr/local/Cellar/gcc-arm-none-eabi/20180627/bin/../lib/gcc/arm-none-eabi/7.3.1/../../../../arm-none-eabi/lib/thumb/v7-m/crt0.o
__bss_start__                                     /usr/local/Cellar/gcc-arm-none-eabi/20180627/bin/../lib/gcc/arm-none-eabi/7.3.1/../../../../arm-none-eabi/lib/thumb/v7-m/crt0.o
__call_exitprocs                                  /usr/local/Cellar/gcc-arm-none-eabi/20180627/bin/../lib/gcc/arm-none-eabi/7.3.1/../../../../arm-none-eabi/lib/thumb/v7-m/libc_nano.a(lib_a-exit.o)
__deregister_frame_info                           /usr/local/Cellar/gcc-arm-none-eabi/20180627/bin/../lib/gcc/arm-none-eabi/7.3.1/thumb/v7-m/crtbegin.o
__dso_handle                                      /usr/local/Cellar/gcc-arm-none-eabi/20180627/bin/../lib/gcc/arm-none-eabi/7.3.1/thumb/v7-m/crtbegin.o
__init_array_end                                  /usr/local/Cellar/gcc-arm-none-eabi/20180627/bin/../lib/gcc/arm-none-eabi/7.3.1/../../../../arm-none-eabi/lib/thumb/v7-m/libc_nano.a(lib_a-init.o)
__init_array_start                                /usr/local/Cellar/gcc-arm-none-eabi/20180627/bin/../lib/gcc/arm-none-eabi/7.3.1/../../../../arm-none-eabi/lib/thumb/v7-m/libc_nano.a(lib_a-init.o)
__libc_fini_array                                 /usr/local/Cellar/gcc-arm-none-eabi/20180627/bin/../lib/gcc/arm-none-eabi/7.3.1/../../../../arm-none-eabi/lib/thumb/v7-m/crt0.o
__libc_init_array                                 /usr/local/Cellar/gcc-arm-none-eabi/20180627/bin/../lib/gcc/arm-none-eabi/7.3.1/../../../../arm-none-eabi/lib/thumb/v7-m/libc_nano.a(lib_a-init.o)
                                                  build/startup_stm32f103xb.o
                                                  /usr/local/Cellar/gcc-arm-none-eabi/20180627/bin/../lib/gcc/arm-none-eabi/7.3.1/../../../../arm-none-eabi/lib/thumb/v7-m/crt0.o
__preinit_array_end                               /usr/local/Cellar/gcc-arm-none-eabi/20180627/bin/../lib/gcc/arm-none-eabi/7.3.1/../../../../arm-none-eabi/lib/thumb/v7-m/libc_nano.a(lib_a-init.o)
__preinit_array_start                             /usr/local/Cellar/gcc-arm-none-eabi/20180627/bin/../lib/gcc/arm-none-eabi/7.3.1/../../../../arm-none-eabi/lib/thumb/v7-m/libc_nano.a(lib_a-init.o)
__register_frame_info                             /usr/local/Cellar/gcc-arm-none-eabi/20180627/bin/../lib/gcc/arm-none-eabi/7.3.1/thumb/v7-m/crtbegin.o
__sf_fake_stderr                                  /usr/local/Cellar/gcc-arm-none-eabi/20180627/bin/../lib/gcc/arm-none-eabi/7.3.1/../../../../arm-none-eabi/lib/thumb/v7-m/libc_nano.a(lib_a-impure.o)
__sf_fake_stdin                                   /usr/local/Cellar/gcc-arm-none-eabi/20180627/bin/../lib/gcc/arm-none-eabi/7.3.1/../../../../arm-none-eabi/lib/thumb/v7-m/libc_nano.a(lib_a-impure.o)
__sf_fake_stdout                                  /usr/local/Cellar/gcc-arm-none-eabi/20180627/bin/../lib/gcc/arm-none-eabi/7.3.1/../../../../arm-none-eabi/lib/thumb/v7-m/libc_nano.a(lib_a-impure.o)
__stack                                           /usr/local/Cellar/gcc-arm-none-eabi/20180627/bin/../lib/gcc/arm-none-eabi/7.3.1/../../../../arm-none-eabi/lib/thumb/v7-m/crt0.o
_ebss                                             build/startup_stm32f103xb.o
_edata                                            build/startup_stm32f103xb.o
_estack                                           build/startup_stm32f103xb.o
_exit                                             /usr/local/Cellar/gcc-arm-none-eabi/20180627/bin/../lib/gcc/arm-none-eabi/7.3.1/../../../../arm-none-eabi/lib/thumb/v7-m/libnosys.a(_exit.o)
                                                  /usr/local/Cellar/gcc-arm-none-eabi/20180627/bin/../lib/gcc/arm-none-eabi/7.3.1/../../../../arm-none-eabi/lib/thumb/v7-m/libc_nano.a(lib_a-exit.o)
_fini                                             /usr/local/Cellar/gcc-arm-none-eabi/20180627/bin/../lib/gcc/arm-none-eabi/7.3.1/thumb/v7-m/crti.o
_global_impure_ptr                                /usr/local/Cellar/gcc-arm-none-eabi/20180627/bin/../lib/gcc/arm-none-eabi/7.3.1/../../../../arm-none-eabi/lib/thumb/v7-m/libc_nano.a(lib_a-impure.o)
                                                  /usr/local/Cellar/gcc-arm-none-eabi/20180627/bin/../lib/gcc/arm-none-eabi/7.3.1/../../../../arm-none-eabi/lib/thumb/v7-m/libc_nano.a(lib_a-exit.o)
_impure_ptr                                       /usr/local/Cellar/gcc-arm-none-eabi/20180627/bin/../lib/gcc/arm-none-eabi/7.3.1/../../../../arm-none-eabi/lib/thumb/v7-m/libc_nano.a(lib_a-impure.o)
_init                                             /usr/local/Cellar/gcc-arm-none-eabi/20180627/bin/../lib/gcc/arm-none-eabi/7.3.1/thumb/v7-m/crti.o
                                                  /usr/local/Cellar/gcc-arm-none-eabi/20180627/bin/../lib/gcc/arm-none-eabi/7.3.1/../../../../arm-none-eabi/lib/thumb/v7-m/libc_nano.a(lib_a-init.o)
_mainCRTStartup                                   /usr/local/Cellar/gcc-arm-none-eabi/20180627/bin/../lib/gcc/arm-none-eabi/7.3.1/../../../../arm-none-eabi/lib/thumb/v7-m/crt0.o
_sbss                                             build/startup_stm32f103xb.o
_sdata                                            build/startup_stm32f103xb.o
_sidata                                           build/startup_stm32f103xb.o
_start                                            /usr/local/Cellar/gcc-arm-none-eabi/20180627/bin/../lib/gcc/arm-none-eabi/7.3.1/../../../../arm-none-eabi/lib/thumb/v7-m/crt0.o
atexit                                            /usr/local/Cellar/gcc-arm-none-eabi/20180627/bin/../lib/gcc/arm-none-eabi/7.3.1/../../../../arm-none-eabi/lib/thumb/v7-m/crt0.o
exit                                              /usr/local/Cellar/gcc-arm-none-eabi/20180627/bin/../lib/gcc/arm-none-eabi/7.3.1/../../../../arm-none-eabi/lib/thumb/v7-m/libc_nano.a(lib_a-exit.o)
                                                  /usr/local/Cellar/gcc-arm-none-eabi/20180627/bin/../lib/gcc/arm-none-eabi/7.3.1/../../../../arm-none-eabi/lib/thumb/v7-m/crt0.o
g_pfnVectors                                      build/startup_stm32f103xb.o
hardware_init_hook                                /usr/local/Cellar/gcc-arm-none-eabi/20180627/bin/../lib/gcc/arm-none-eabi/7.3.1/../../../../arm-none-eabi/lib/thumb/v7-m/crt0.o
main                                              build/main.o
                                                  build/startup_stm32f103xb.o
                                                  /usr/local/Cellar/gcc-arm-none-eabi/20180627/bin/../lib/gcc/arm-none-eabi/7.3.1/../../../../arm-none-eabi/lib/thumb/v7-m/crt0.o
memset                                            /usr/local/Cellar/gcc-arm-none-eabi/20180627/bin/../lib/gcc/arm-none-eabi/7.3.1/../../../../arm-none-eabi/lib/thumb/v7-m/libc_nano.a(lib_a-memset.o)
                                                  build/main.o
                                                  /usr/local/Cellar/gcc-arm-none-eabi/20180627/bin/../lib/gcc/arm-none-eabi/7.3.1/../../../../arm-none-eabi/lib/thumb/v7-m/crt0.o
pFlash                                            build/stm32f1xx_hal_flash.o
                                                  build/stm32f1xx_hal_flash_ex.o
software_init_hook                                /usr/local/Cellar/gcc-arm-none-eabi/20180627/bin/../lib/gcc/arm-none-eabi/7.3.1/../../../../arm-none-eabi/lib/thumb/v7-m/crt0.o
uwTick                                            build/stm32f1xx_hal.o
uwTickFreq                                        build/stm32f1xx_hal.o
uwTickPrio                                        build/stm32f1xx_hal.o
