Archive member included to satisfy reference by file (symbol)

/usr/local/Cellar/gcc-arm-none-eabi/20180627/bin/../lib/gcc/arm-none-eabi/7.3.1/../../../../arm-none-eabi/lib/thumb/v7e-m/fpv4-sp/softfp/libc_nano.a(lib_a-exit.o)
                              /usr/local/Cellar/gcc-arm-none-eabi/20180627/bin/../lib/gcc/arm-none-eabi/7.3.1/../../../../arm-none-eabi/lib/thumb/v7e-m/fpv4-sp/softfp/crt0.o (exit)
/usr/local/Cellar/gcc-arm-none-eabi/20180627/bin/../lib/gcc/arm-none-eabi/7.3.1/../../../../arm-none-eabi/lib/thumb/v7e-m/fpv4-sp/softfp/libc_nano.a(lib_a-impure.o)
                              /usr/local/Cellar/gcc-arm-none-eabi/20180627/bin/../lib/gcc/arm-none-eabi/7.3.1/../../../../arm-none-eabi/lib/thumb/v7e-m/fpv4-sp/softfp/libc_nano.a(lib_a-exit.o) (_global_impure_ptr)
/usr/local/Cellar/gcc-arm-none-eabi/20180627/bin/../lib/gcc/arm-none-eabi/7.3.1/../../../../arm-none-eabi/lib/thumb/v7e-m/fpv4-sp/softfp/libc_nano.a(lib_a-init.o)
                              /usr/local/Cellar/gcc-arm-none-eabi/20180627/bin/../lib/gcc/arm-none-eabi/7.3.1/../../../../arm-none-eabi/lib/thumb/v7e-m/fpv4-sp/softfp/crt0.o (__libc_init_array)
/usr/local/Cellar/gcc-arm-none-eabi/20180627/bin/../lib/gcc/arm-none-eabi/7.3.1/../../../../arm-none-eabi/lib/thumb/v7e-m/fpv4-sp/softfp/libc_nano.a(lib_a-memcpy-stub.o)
                              build/main.o (memcpy)
/usr/local/Cellar/gcc-arm-none-eabi/20180627/bin/../lib/gcc/arm-none-eabi/7.3.1/../../../../arm-none-eabi/lib/thumb/v7e-m/fpv4-sp/softfp/libc_nano.a(lib_a-memset.o)
                              /usr/local/Cellar/gcc-arm-none-eabi/20180627/bin/../lib/gcc/arm-none-eabi/7.3.1/../../../../arm-none-eabi/lib/thumb/v7e-m/fpv4-sp/softfp/crt0.o (memset)
/usr/local/Cellar/gcc-arm-none-eabi/20180627/bin/../lib/gcc/arm-none-eabi/7.3.1/../../../../arm-none-eabi/lib/thumb/v7e-m/fpv4-sp/softfp/libc_nano.a(lib_a-printf.o)
                              build/main.o (printf)
/usr/local/Cellar/gcc-arm-none-eabi/20180627/bin/../lib/gcc/arm-none-eabi/7.3.1/../../../../arm-none-eabi/lib/thumb/v7e-m/fpv4-sp/softfp/libc_nano.a(lib_a-puts.o)
                              build/main.o (puts)
/usr/local/Cellar/gcc-arm-none-eabi/20180627/bin/../lib/gcc/arm-none-eabi/7.3.1/../../../../arm-none-eabi/lib/thumb/v7e-m/fpv4-sp/softfp/libc_nano.a(lib_a-realloc.o)
                              build/main.o (realloc)
/usr/local/Cellar/gcc-arm-none-eabi/20180627/bin/../lib/gcc/arm-none-eabi/7.3.1/../../../../arm-none-eabi/lib/thumb/v7e-m/fpv4-sp/softfp/libc_nano.a(lib_a-strlen.o)
                              build/main.o (strlen)
/usr/local/Cellar/gcc-arm-none-eabi/20180627/bin/../lib/gcc/arm-none-eabi/7.3.1/../../../../arm-none-eabi/lib/thumb/v7e-m/fpv4-sp/softfp/libc_nano.a(lib_a-wbuf.o)
                              /usr/local/Cellar/gcc-arm-none-eabi/20180627/bin/../lib/gcc/arm-none-eabi/7.3.1/../../../../arm-none-eabi/lib/thumb/v7e-m/fpv4-sp/softfp/libc_nano.a(lib_a-puts.o) (__swbuf_r)
/usr/local/Cellar/gcc-arm-none-eabi/20180627/bin/../lib/gcc/arm-none-eabi/7.3.1/../../../../arm-none-eabi/lib/thumb/v7e-m/fpv4-sp/softfp/libc_nano.a(lib_a-wsetup.o)
                              /usr/local/Cellar/gcc-arm-none-eabi/20180627/bin/../lib/gcc/arm-none-eabi/7.3.1/../../../../arm-none-eabi/lib/thumb/v7e-m/fpv4-sp/softfp/libc_nano.a(lib_a-puts.o) (__swsetup_r)
/usr/local/Cellar/gcc-arm-none-eabi/20180627/bin/../lib/gcc/arm-none-eabi/7.3.1/../../../../arm-none-eabi/lib/thumb/v7e-m/fpv4-sp/softfp/libc_nano.a(lib_a-fflush.o)
                              /usr/local/Cellar/gcc-arm-none-eabi/20180627/bin/../lib/gcc/arm-none-eabi/7.3.1/../../../../arm-none-eabi/lib/thumb/v7e-m/fpv4-sp/softfp/libc_nano.a(lib_a-wbuf.o) (_fflush_r)
/usr/local/Cellar/gcc-arm-none-eabi/20180627/bin/../lib/gcc/arm-none-eabi/7.3.1/../../../../arm-none-eabi/lib/thumb/v7e-m/fpv4-sp/softfp/libc_nano.a(lib_a-findfp.o)
                              /usr/local/Cellar/gcc-arm-none-eabi/20180627/bin/../lib/gcc/arm-none-eabi/7.3.1/../../../../arm-none-eabi/lib/thumb/v7e-m/fpv4-sp/softfp/libc_nano.a(lib_a-printf.o) (__sinit)
/usr/local/Cellar/gcc-arm-none-eabi/20180627/bin/../lib/gcc/arm-none-eabi/7.3.1/../../../../arm-none-eabi/lib/thumb/v7e-m/fpv4-sp/softfp/libc_nano.a(lib_a-fwalk.o)
                              /usr/local/Cellar/gcc-arm-none-eabi/20180627/bin/../lib/gcc/arm-none-eabi/7.3.1/../../../../arm-none-eabi/lib/thumb/v7e-m/fpv4-sp/softfp/libc_nano.a(lib_a-findfp.o) (_fwalk)
/usr/local/Cellar/gcc-arm-none-eabi/20180627/bin/../lib/gcc/arm-none-eabi/7.3.1/../../../../arm-none-eabi/lib/thumb/v7e-m/fpv4-sp/softfp/libc_nano.a(lib_a-makebuf.o)
                              /usr/local/Cellar/gcc-arm-none-eabi/20180627/bin/../lib/gcc/arm-none-eabi/7.3.1/../../../../arm-none-eabi/lib/thumb/v7e-m/fpv4-sp/softfp/libc_nano.a(lib_a-wsetup.o) (__smakebuf_r)
/usr/local/Cellar/gcc-arm-none-eabi/20180627/bin/../lib/gcc/arm-none-eabi/7.3.1/../../../../arm-none-eabi/lib/thumb/v7e-m/fpv4-sp/softfp/libc_nano.a(lib_a-nano-freer.o)
[...]
Memory Configuration

Name             Origin             Length             Attributes
FLASH            0x0000000008000000 0x0000000000040000 xr
RAM              0x0000000020000000 0x0000000000010000 xrw
*default*        0x0000000000000000 0xffffffffffffffff

Linker script and memory map

LOAD /usr/local/Cellar/gcc-arm-none-eabi/20180627/bin/../lib/gcc/arm-none-eabi/7.3.1/thumb/v7e-m/fpv4-sp/softfp/crti.o
LOAD /usr/local/Cellar/gcc-arm-none-eabi/20180627/bin/../lib/gcc/arm-none-eabi/7.3.1/thumb/v7e-m/fpv4-sp/softfp/crtbegin.o
LOAD /usr/local/Cellar/gcc-arm-none-eabi/20180627/bin/../lib/gcc/arm-none-eabi/7.3.1/../../../../arm-none-eabi/lib/thumb/v7e-m/fpv4-sp/softfp/crt0.o
LOAD build/system_at32f4xx.o
LOAD build/at32f4xx_gpio.o
LOAD build/at32f4xx_rcc.o
LOAD build/at32f4xx_usart.o
LOAD build/at32f4xx_tim.o
LOAD build/misc.o
LOAD build/bsp_uart_fifo.o
LOAD build/bsp_timer.o
LOAD build/at32f4xx_it.o
LOAD build/duration.o
LOAD build/time.o
LOAD build/main.o
LOAD build/startup_at32f403xe.o
LOAD /usr/local/Cellar/gcc-arm-none-eabi/20180627/bin/../lib/gcc/arm-none-eabi/7.3.1/../../../../arm-none-eabi/lib/thumb/v7e-m/fpv4-sp/softfp/libc_nano.a
LOAD /usr/local/Cellar/gcc-arm-none-eabi/20180627/bin/../lib/gcc/arm-none-eabi/7.3.1/../../../../arm-none-eabi/lib/thumb/v7e-m/fpv4-sp/softfp/libm.a
LOAD /usr/local/Cellar/gcc-arm-none-eabi/20180627/bin/../lib/gcc/arm-none-eabi/7.3.1/../../../../arm-none-eabi/lib/thumb/v7e-m/fpv4-sp/softfp/libnosys.a
START GROUP
LOAD /usr/local/Cellar/gcc-arm-none-eabi/20180627/bin/../lib/gcc/arm-none-eabi/7.3.1/thumb/v7e-m/fpv4-sp/softfp/libgcc.a
LOAD /usr/local/Cellar/gcc-arm-none-eabi/20180627/bin/../lib/gcc/arm-none-eabi/7.3.1/../../../../arm-none-eabi/lib/thumb/v7e-m/fpv4-sp/softfp/libc_nano.a
END GROUP
START GROUP
LOAD /usr/local/Cellar/gcc-arm-none-eabi/20180627/bin/../lib/gcc/arm-none-eabi/7.3.1/thumb/v7e-m/fpv4-sp/softfp/libgcc.a
LOAD /usr/local/Cellar/gcc-arm-none-eabi/20180627/bin/../lib/gcc/arm-none-eabi/7.3.1/../../../../arm-none-eabi/lib/thumb/v7e-m/fpv4-sp/softfp/libc_nano.a
LOAD /usr/local/Cellar/gcc-arm-none-eabi/20180627/bin/../lib/gcc/arm-none-eabi/7.3.1/../../../../arm-none-eabi/lib/thumb/v7e-m/fpv4-sp/softfp/libnosys.a
END GROUP
START GROUP
LOAD /usr/local/Cellar/gcc-arm-none-eabi/20180627/bin/../lib/gcc/arm-none-eabi/7.3.1/thumb/v7e-m/fpv4-sp/softfp/libgcc.a
LOAD /usr/local/Cellar/gcc-arm-none-eabi/20180627/bin/../lib/gcc/arm-none-eabi/7.3.1/../../../../arm-none-eabi/lib/thumb/v7e-m/fpv4-sp/softfp/libc_nano.a
LOAD /usr/local/Cellar/gcc-arm-none-eabi/20180627/bin/../lib/gcc/arm-none-eabi/7.3.1/../../../../arm-none-eabi/lib/thumb/v7e-m/fpv4-sp/softfp/libnosys.a
END GROUP
LOAD /usr/local/Cellar/gcc-arm-none-eabi/20180627/bin/../lib/gcc/arm-none-eabi/7.3.1/thumb/v7e-m/fpv4-sp/softfp/crtend.o
LOAD /usr/local/Cellar/gcc-arm-none-eabi/20180627/bin/../lib/gcc/arm-none-eabi/7.3.1/thumb/v7e-m/fpv4-sp/softfp/crtn.o
                0x000000002000c000                _estack = 0x2000c000
                0x0000000000000000                _Min_Heap_Size = 0x0
                0x0000000000000400                _Min_Stack_Size = 0x400

.isr_vector     0x0000000008000000      0x150
                0x0000000008000000                . = ALIGN (0x4)
 *(.isr_vector)
 .isr_vector    0x0000000008000000      0x150 build/startup_at32f403xe.o
                0x0000000008000000                g_pfnVectors
                0x0000000008000150                . = ALIGN (0x4)

.text           0x0000000008000150     0x4838
                0x0000000008000150                . = ALIGN (0x4)
 *(.text)
 .text          0x0000000008000150       0x40 /usr/local/Cellar/gcc-arm-none-eabi/20180627/bin/../lib/gcc/arm-none-eabi/7.3.1/thumb/v7e-m/fpv4-sp/softfp/crtbegin.o
 .text          0x0000000008000190       0x10 /usr/local/Cellar/gcc-arm-none-eabi/20180627/bin/../lib/gcc/arm-none-eabi/7.3.1/../../../../arm-none-eabi/lib/thumb/v7e-m/fpv4-sp/softfp/libc_nano.a(lib_a-strlen.o)
                0x0000000008000190                strlen
 .text          0x00000000080001a0       0xa0 /usr/local/Cellar/gcc-arm-none-eabi/20180627/bin/../lib/gcc/arm-none-eabi/7.3.1/../../../../arm-none-eabi/lib/thumb/v7e-m/fpv4-sp/softfp/libc_nano.a(lib_a-memchr.o)
                0x00000000080001a0                memchr
 .text          0x0000000008000240      0x9ec /usr/local/Cellar/gcc-arm-none-eabi/20180627/bin/../lib/gcc/arm-none-eabi/7.3.1/thumb/v7e-m/fpv4-sp/softfp/libgcc.a(unwind-arm.o)
                0x00000000080004f4                _Unwind_GetCFA
                0x00000000080004f8                __gnu_Unwind_RaiseException
                0x0000000008000558                __gnu_Unwind_ForcedUnwind
                0x000000000800056c                __gnu_Unwind_Resume
                0x00000000080005b0                __gnu_Unwind_Resume_or_Rethrow
                0x00000000080005c0                _Unwind_Complete
                0x00000000080005c4                _Unwind_DeleteException
                0x00000000080005d0                _Unwind_VRS_Get
                0x0000000008000614                _Unwind_VRS_Set
                0x000000000800065c                __gnu_Unwind_Backtrace
                0x00000000080009a0                __aeabi_unwind_cpp_pr0
                0x00000000080009a4                __aeabi_unwind_cpp_pr1
                0x00000000080009a8                __aeabi_unwind_cpp_pr2
                0x00000000080009ac                _Unwind_VRS_Pop
 .text          0x0000000008000c2c      0x1ac /usr/local/Cellar/gcc-arm-none-eabi/20180627/bin/../lib/gcc/arm-none-eabi/7.3.1/thumb/v7e-m/fpv4-sp/softfp/libgcc.a(libunwind.o)
                0x0000000008000c2c                __restore_core_regs
                0x0000000008000c2c                restore_core_regs
                0x0000000008000c44                __gnu_Unwind_Restore_VFP
                0x0000000008000c4c                __gnu_Unwind_Save_VFP
                0x0000000008000c54                __gnu_Unwind_Restore_VFP_D
                0x0000000008000c5c                __gnu_Unwind_Save_VFP_D
                0x0000000008000c64                __gnu_Unwind_Restore_VFP_D_16_to_31
                0x0000000008000c6c                __gnu_Unwind_Save_VFP_D_16_to_31
                0x0000000008000c74                __gnu_Unwind_Restore_WMMXD
                0x0000000008000cb8                __gnu_Unwind_Save_WMMXD
                0x0000000008000cfc                __gnu_Unwind_Restore_WMMXC
                0x0000000008000d10                __gnu_Unwind_Save_WMMXC
                0x0000000008000d24                _Unwind_RaiseException
                0x0000000008000d24                ___Unwind_RaiseException
                0x0000000008000d48                ___Unwind_Resume
                0x0000000008000d48                _Unwind_Resume
                0x0000000008000d6c                ___Unwind_Resume_or_Rethrow
                0x0000000008000d6c                _Unwind_Resume_or_Rethrow
                0x0000000008000d90                _Unwind_ForcedUnwind
                0x0000000008000d90                ___Unwind_ForcedUnwind
                0x0000000008000db4                _Unwind_Backtrace
                0x0000000008000db4                ___Unwind_Backtrace
 .text          0x0000000008000dd8      0x374 /usr/local/Cellar/gcc-arm-none-eabi/20180627/bin/../lib/gcc/arm-none-eabi/7.3.1/thumb/v7e-m/fpv4-sp/softfp/libgcc.a(pr-support.o)
                0x0000000008000e30                __gnu_unwind_execute
                0x00000000080010f4                __gnu_unwind_frame
                0x000000000800111c                _Unwind_GetRegionStart
                0x0000000008001128                _Unwind_GetLanguageSpecificData
                0x000000000800113c                _Unwind_GetDataRelBase
                0x0000000008001144                _Unwind_GetTextRelBase
 *(.text*)
 .text.SetSysClockTo192M
                0x000000000800114c       0xc0 build/system_at32f4xx.o
 .text.SetSysClock
                0x000000000800120c        0x8 build/system_at32f4xx.o
 .text.SystemInit
                0x0000000008001214       0x6c build/system_at32f4xx.o
                0x0000000008001214                SystemInit
 .text.GPIO_Init
                0x0000000008001280       0x9e build/at32f4xx_gpio.o
                0x0000000008001280                GPIO_Init
 *fill*         0x000000000800131e        0x2 
 .text.RCC_GetClocksFreq
                0x0000000008001320      0x134 build/at32f4xx_rcc.o
                0x0000000008001320                RCC_GetClocksFreq
 .text.RCC_APB2PeriphClockCmd
                0x0000000008001454       0x1c build/at32f4xx_rcc.o
                0x0000000008001454                RCC_APB2PeriphClockCmd
 .text.RCC_APB1PeriphClockCmd
                0x0000000008001470       0x1c build/at32f4xx_rcc.o
                0x0000000008001470                RCC_APB1PeriphClockCmd
 .text.USART_Init
                0x000000000800148c       0xc8 build/at32f4xx_usart.o
                0x000000000800148c                USART_Init
 .text.USART_Cmd
                0x0000000008001554       0x1a build/at32f4xx_usart.o
                0x0000000008001554                USART_Cmd
 .text.USART_INTConfig
                0x000000000800156e       0x3a build/at32f4xx_usart.o
                0x000000000800156e                USART_INTConfig
 .text.USART_SendData
                0x00000000080015a8        0x8 build/at32f4xx_usart.o
                0x00000000080015a8                USART_SendData
 .text.USART_ReceiveData
                0x00000000080015b0        0x8 build/at32f4xx_usart.o
                0x00000000080015b0                USART_ReceiveData
 .text.USART_GetITStatus
                0x00000000080015b8       0x46 build/at32f4xx_usart.o
                0x00000000080015b8                USART_GetITStatus
 *fill*         0x00000000080015fe        0x2 
 .text.TMR_TimeBaseInit
                0x0000000008001600       0x8c build/at32f4xx_tim.o
                0x0000000008001600                TMR_TimeBaseInit
 .text.TMR_Cmd  0x000000000800168c       0x1a build/at32f4xx_tim.o
                0x000000000800168c                TMR_Cmd
 .text.TMR_INTConfig
                0x00000000080016a6       0x14 build/at32f4xx_tim.o
                0x00000000080016a6                TMR_INTConfig
 .text.TMR_ARPreloadConfig
                0x00000000080016ba       0x1a build/at32f4xx_tim.o
                0x00000000080016ba                TMR_ARPreloadConfig
 .text.TMR_SetCompare1
                0x00000000080016d4        0x4 build/at32f4xx_tim.o
                0x00000000080016d4                TMR_SetCompare1
 .text.TMR_SetCompare2
                0x00000000080016d8        0x4 build/at32f4xx_tim.o
                0x00000000080016d8                TMR_SetCompare2
 .text.TMR_SetCompare3
                0x00000000080016dc        0x4 build/at32f4xx_tim.o
                0x00000000080016dc                TMR_SetCompare3
 .text.TMR_SetCompare4
                0x00000000080016e0        0x4 build/at32f4xx_tim.o
                0x00000000080016e0                TMR_SetCompare4
 .text.TMR_GetCounter
                0x00000000080016e4        0x4 build/at32f4xx_tim.o
                0x00000000080016e4                TMR_GetCounter
 .text.TMR_GetINTStatus
                0x00000000080016e8       0x18 build/at32f4xx_tim.o
                0x00000000080016e8                TMR_GetINTStatus
 .text.TMR_ClearITPendingBit
                0x0000000008001700        0x8 build/at32f4xx_tim.o
                0x0000000008001700                TMR_ClearITPendingBit
 .text.NVIC_PriorityGroupConfig
                0x0000000008001708       0x14 build/misc.o
                0x0000000008001708                NVIC_PriorityGroupConfig
 .text.NVIC_Init
                0x000000000800171c       0x68 build/misc.o
                0x000000000800171c                NVIC_Init
 .text.UartVarInit
                0x0000000008001784       0x70 build/bsp_uart_fifo.o
 .text.UartGetChar
                0x00000000080017f4       0x4a build/bsp_uart_fifo.o
 .text.ConfigUartNVIC
                0x000000000800183e       0x3c build/bsp_uart_fifo.o
 .text.UartSend
                0x000000000800187a       0x72 build/bsp_uart_fifo.o
 .text.UartIRQ  0x00000000080018ec       0xfa build/bsp_uart_fifo.o
 *fill*         0x00000000080019e6        0x2 
 .text.ComToUart
                0x00000000080019e8       0x1c build/bsp_uart_fifo.o
                0x00000000080019e8                ComToUart
 .text.EnableUart
                0x0000000008001a04       0x2c build/bsp_uart_fifo.o
 .text.comSendBuf
                0x0000000008001a30       0x20 build/bsp_uart_fifo.o
                0x0000000008001a30                comSendBuf
 .text.comSendChar
                0x0000000008001a50       0x18 build/bsp_uart_fifo.o
                0x0000000008001a50                comSendChar
 .text.comGetChar
                0x0000000008001a68       0x16 build/bsp_uart_fifo.o
                0x0000000008001a68                comGetChar
 .text.bsp_SetUartBaud
                0x0000000008001a7e       0x34 build/bsp_uart_fifo.o
                0x0000000008001a7e                bsp_SetUartBaud
 *fill*         0x0000000008001ab2        0x2 
 .text.InitHardUart2
                0x0000000008001ab4       0x5c build/bsp_uart_fifo.o
 .text.InitHardUart3
                0x0000000008001b10       0x60 build/bsp_uart_fifo.o
 .text.bsp_InitUart
                0x0000000008001b70       0x20 build/bsp_uart_fifo.o
                0x0000000008001b70                bsp_InitUart
 .text.USART2_IRQHandler
                0x0000000008001b90       0x10 build/bsp_uart_fifo.o
                0x0000000008001b90                USART2_IRQHandler
 .text.USART3_IRQHandler
                0x0000000008001ba0       0x10 build/bsp_uart_fifo.o
                0x0000000008001ba0                USART3_IRQHandler
 .text.__io_putchar
                0x0000000008001bb0       0x10 build/bsp_uart_fifo.o
                0x0000000008001bb0                __io_putchar
 .text._write   0x0000000008001bc0       0x28 build/bsp_uart_fifo.o
                0x0000000008001bc0                _write
 .text.bsp_InitHardTimer
                0x0000000008001be8       0x60 build/bsp_timer.o
                0x0000000008001be8                bsp_InitHardTimer
 .text.bsp_StartHardTimer
                0x0000000008001c48       0xbc build/bsp_timer.o
                0x0000000008001c48                bsp_StartHardTimer
 .text.TMR3_GLOBAL_IRQHandler
                0x0000000008001d04       0xa4 build/bsp_timer.o
                0x0000000008001d04                TMR3_GLOBAL_IRQHandler
 .text.NMI_Handler
                0x0000000008001da8        0x2 build/at32f4xx_it.o
                0x0000000008001da8                NMI_Handler
 .text.HardFault_Handler
                0x0000000008001daa        0x2 build/at32f4xx_it.o
                0x0000000008001daa                HardFault_Handler
 .text.MemManage_Handler
                0x0000000008001dac        0x2 build/at32f4xx_it.o
                0x0000000008001dac                MemManage_Handler
 .text.BusFault_Handler
                0x0000000008001dae        0x2 build/at32f4xx_it.o
                0x0000000008001dae                BusFault_Handler
 .text.UsageFault_Handler
                0x0000000008001db0        0x2 build/at32f4xx_it.o
                0x0000000008001db0                UsageFault_Handler
 .text.SVC_Handler
                0x0000000008001db2        0x2 build/at32f4xx_it.o
                0x0000000008001db2                SVC_Handler
 .text.DebugMon_Handler
                0x0000000008001db4        0x2 build/at32f4xx_it.o
                0x0000000008001db4                DebugMon_Handler
 .text.PendSV_Handler
                0x0000000008001db6        0x2 build/at32f4xx_it.o
                0x0000000008001db6                PendSV_Handler
 .text.SysTick_Handler
                0x0000000008001db8        0x2 build/at32f4xx_it.o
                0x0000000008001db8                SysTick_Handler
 *fill*         0x0000000008001dba        0x2 
 .text._ZN3ros16normalizeSecNSecERmS0_
                0x0000000008001dbc       0x2c build/time.o
                0x0000000008001dbc                ros::normalizeSecNSec(unsigned long&, unsigned long&)
 .text._ZNK8std_msgs4Time9serializeEPh
                0x0000000008001de8       0x28 build/main.o
                0x0000000008001de8                std_msgs::Time::serialize(unsigned char*) const
 .text._ZN8std_msgs4Time11deserializeEPh
                0x0000000008001e10       0x3c build/main.o
                0x0000000008001e10                std_msgs::Time::deserialize(unsigned char*)
 .text._ZN8std_msgs4Time7getTypeEv
                0x0000000008001e4c        0x8 build/main.o
                0x0000000008001e4c                std_msgs::Time::getType()
 .text._ZN8std_msgs4Time6getMD5Ev
                0x0000000008001e54        0x8 build/main.o
                0x0000000008001e54                std_msgs::Time::getMD5()
 .text._ZN14rosserial_msgs9TopicInfo11deserializeEPh
                0x0000000008001e5c       0x94 build/main.o
                0x0000000008001e5c                rosserial_msgs::TopicInfo::deserialize(unsigned char*)
 .text._ZN14rosserial_msgs9TopicInfo7getTypeEv
                0x0000000008001ef0        0x8 build/main.o
                0x0000000008001ef0                rosserial_msgs::TopicInfo::getType()
 .text._ZN14rosserial_msgs9TopicInfo6getMD5Ev
                0x0000000008001ef8        0x8 build/main.o
                0x0000000008001ef8                rosserial_msgs::TopicInfo::getMD5()
 .text._ZN14rosserial_msgs3Log11deserializeEPh
                0x0000000008001f00       0x2c build/main.o
                0x0000000008001f00                rosserial_msgs::Log::deserialize(unsigned char*)
 .text._ZN14rosserial_msgs3Log7getTypeEv
                0x0000000008001f2c        0x8 build/main.o
                0x0000000008001f2c                rosserial_msgs::Log::getType()
 .text._ZN14rosserial_msgs3Log6getMD5Ev
                0x0000000008001f34        0x8 build/main.o
                0x0000000008001f34                rosserial_msgs::Log::getMD5()
 .text._ZN14rosserial_msgs20RequestParamResponse7getTypeEv
                0x0000000008001f3c        0x8 build/main.o
                0x0000000008001f3c                rosserial_msgs::RequestParamResponse::getType()
 .text._ZN14rosserial_msgs20RequestParamResponse6getMD5Ev
                0x0000000008001f44        0x8 build/main.o
                0x0000000008001f44                rosserial_msgs::RequestParamResponse::getMD5()
 .text._ZL13TMR_CallBack1v
                0x0000000008001f4c       0x10 build/main.o
 .text._Z41__static_initialization_and_destruction_0ii
                0x0000000008001f5c       0xac build/main.o
 .text._ZN3ros11NodeHandle_I13STM32HardwareLi5ELi5ELi512ELi512EE9connectedEv
                0x0000000008002008        0x6 build/main.o
                0x0000000008002008                ros::NodeHandle_<STM32Hardware, 5, 5, 512, 512>::connected()
 .text._ZNK14rosserial_msgs9TopicInfo9serializeEPh
                0x000000000800200e       0x7a build/main.o
                0x000000000800200e                rosserial_msgs::TopicInfo::serialize(unsigned char*) const
 .text._ZNK14rosserial_msgs3Log9serializeEPh
                0x0000000008002088       0x24 build/main.o
                0x0000000008002088                rosserial_msgs::Log::serialize(unsigned char*) const
 .text._ZNK14rosserial_msgs20RequestParamResponse9serializeEPh
                0x00000000080020ac       0xcc build/main.o
                0x00000000080020ac                rosserial_msgs::RequestParamResponse::serialize(unsigned char*) const
 .text._ZN14rosserial_msgs20RequestParamResponse11deserializeEPh
                0x0000000008002178       0xf0 build/main.o
                0x0000000008002178                rosserial_msgs::RequestParamResponse::deserialize(unsigned char*)
 .text._Z11my_delay_msm
                0x0000000008002268       0x14 build/main.o
                0x0000000008002268                my_delay_ms(unsigned long)
 .text._Z4initv
                0x000000000800227c       0x48 build/main.o
                0x000000000800227c                init()
 .text._ZN3ros11NodeHandle_I13STM32HardwareLi5ELi5ELi512ELi512EE8publish1EiPKNS_3MsgE
                0x00000000080022c4       0xc0 build/main.o
                0x00000000080022c4                ros::NodeHandle_<STM32Hardware, 5, 5, 512, 512>::publish1(int, ros::Msg const*)
 .text.main     0x0000000008002384      0x96c build/main.o
                0x0000000008002384                main
 .text._ZN3ros11NodeHandle_I13STM32HardwareLi5ELi5ELi512ELi512EE7publishEiPKNS_3MsgE
                0x0000000008002cf0      0x148 build/main.o
                0x0000000008002cf0                ros::NodeHandle_<STM32Hardware, 5, 5, 512, 512>::publish(int, ros::Msg const*)
 .text._ZN3ros11NodeHandle_I13STM32HardwareLi5ELi5ELi512ELi512EE15negotiateTopicsEv
                0x0000000008002e38      0x2e8 build/main.o
                0x0000000008002e38                ros::NodeHandle_<STM32Hardware, 5, 5, 512, 512>::negotiateTopics()
 .text._ZN3ros11NodeHandle_I13STM32HardwareLi5ELi5ELi512ELi512EE8spinOnceEv
                0x0000000008003120      0x560 build/main.o
                0x0000000008003120                ros::NodeHandle_<STM32Hardware, 5, 5, 512, 512>::spinOnce()
 .text._GLOBAL__sub_I_ticks
                0x0000000008003680        0xe build/main.o
 *fill*         0x000000000800368e        0x2 
 .text.Reset_Handler
                0x0000000008003690       0x44 build/startup_at32f403xe.o
                0x0000000008003690                Reset_Handler
 .text.Default_Handler
                0x00000000080036d4        0x2 build/startup_at32f403xe.o
                0x00000000080036d4                DMA2_Channel3_IRQHandler
                0x00000000080036d4                SDIO1_IRQHandler
                0x00000000080036d4                EXTI2_IRQHandler
                0x00000000080036d4                XMC_IRQHandler
                0x00000000080036d4                SPI4_IRQHandler
                0x00000000080036d4                TMR8_TRG_HALL_TMR14_IRQHandler
                0x00000000080036d4                TMR15_CC_IRQHandler
                0x00000000080036d4                PVD_IRQHandler
                0x00000000080036d4                EXTI3_IRQHandler
                0x00000000080036d4                TMR5_GLOBAL_IRQHandler
                0x00000000080036d4                I2C3_ER_IRQHandler
                0x00000000080036d4                TMR8_OV_TMR13_IRQHandler
                0x00000000080036d4                EXTI0_IRQHandler
                0x00000000080036d4                I2C2_EV_IRQHandler
                0x00000000080036d4                TMR15_TRG_HALL_IRQHandler
                0x00000000080036d4                SDIO2_IRQHandler
                0x00000000080036d4                ADC1_2_IRQHandler
                0x00000000080036d4                SPI1_IRQHandler
                0x00000000080036d4                TAMPER_IRQHandler
                0x00000000080036d4                DMA2_Channel2_IRQHandler
                0x00000000080036d4                DMA1_Channel4_IRQHandler
                0x00000000080036d4                TMR1_OV_TMR10_IRQHandler
                0x00000000080036d4                RTC_IRQHandler
                0x00000000080036d4                DMA1_Channel7_IRQHandler
                0x00000000080036d4                CAN1_RX1_IRQHandler
                0x00000000080036d4                UART5_IRQHandler
                0x00000000080036d4                ADC3_IRQHandler
                0x00000000080036d4                DMA2_Channel1_IRQHandler
                0x00000000080036d4                I2C1_EV_IRQHandler
                0x00000000080036d4                DMA1_Channel6_IRQHandler
                0x00000000080036d4                UART4_IRQHandler
                0x00000000080036d4                RCC_IRQHandler
                0x00000000080036d4                DMA1_Channel1_IRQHandler
                0x00000000080036d4                Default_Handler
                0x00000000080036d4                EXTI15_10_IRQHandler
                0x00000000080036d4                TMR7_GLOBAL_IRQHandler
                0x00000000080036d4                TMR1_CC_IRQHandler
                0x00000000080036d4                TMR15_BRK_IRQHandler
                0x00000000080036d4                I2C3_EV_IRQHandler
                0x00000000080036d4                EXTI9_5_IRQHandler
                0x00000000080036d4                TMR1_BRK_TMR9_IRQHandler
                0x00000000080036d4                SPI2_IRQHandler
                0x00000000080036d4                TMR8_BRK_TMR12_IRQHandler
                0x00000000080036d4                TMR1_TRG_HALL_TMR11_IRQHandler
                0x00000000080036d4                TMR15_OV_IRQHandler
                0x00000000080036d4                DMA1_Channel5_IRQHandler
                0x00000000080036d4                EXTI4_IRQHandler
                0x00000000080036d4                USB_LP_CAN1_RX0_IRQHandler
                0x00000000080036d4                TMR4_GLOBAL_IRQHandler
                0x00000000080036d4                USB_HP_CAN1_TX_IRQHandler
                0x00000000080036d4                DMA1_Channel3_IRQHandler
                0x00000000080036d4                WWDG_IRQHandler
                0x00000000080036d4                TMR8_CC_IRQHandler
                0x00000000080036d4                TMR6_GLOBAL_IRQHandler
                0x00000000080036d4                EXTI1_IRQHandler
                0x00000000080036d4                RTCAlarm_IRQHandler
                0x00000000080036d4                DMA2_Channel4_5_IRQHandler
                0x00000000080036d4                I2C2_ER_IRQHandler
                0x00000000080036d4                DMA1_Channel2_IRQHandler
                0x00000000080036d4                TMR2_GLOBAL_IRQHandler
                0x00000000080036d4                CAN1_SCE_IRQHandler
                0x00000000080036d4                FLASH_IRQHandler
                0x00000000080036d4                USART1_IRQHandler
                0x00000000080036d4                SPI3_IRQHandler
                0x00000000080036d4                I2C1_ER_IRQHandler
                0x00000000080036d4                USBWakeUp_IRQHandler
                0x00000000080036d4                RTC_Alarm_IRQHandler
 .text.memcpy   0x00000000080036d6       0x16 /usr/local/Cellar/gcc-arm-none-eabi/20180627/bin/../lib/gcc/arm-none-eabi/7.3.1/../../../../arm-none-eabi/lib/thumb/v7e-m/fpv4-sp/softfp/libc_nano.a(lib_a-memcpy-stub.o)
                0x00000000080036d6                memcpy
 .text.memset   0x00000000080036ec       0x10 /usr/local/Cellar/gcc-arm-none-eabi/20180627/bin/../lib/gcc/arm-none-eabi/7.3.1/../../../../arm-none-eabi/lib/thumb/v7e-m/fpv4-sp/softfp/libc_nano.a(lib_a-memset.o)
                0x00000000080036ec                memset
 .text.printf   0x00000000080036fc       0x30 /usr/local/Cellar/gcc-arm-none-eabi/20180627/bin/../lib/gcc/arm-none-eabi/7.3.1/../../../../arm-none-eabi/lib/thumb/v7e-m/fpv4-sp/softfp/libc_nano.a(lib_a-printf.o)
                0x00000000080036fc                printf
                0x00000000080036fc                iprintf
 .text._puts_r  0x000000000800372c       0xb8 /usr/local/Cellar/gcc-arm-none-eabi/20180627/bin/../lib/gcc/arm-none-eabi/7.3.1/../../../../arm-none-eabi/lib/thumb/v7e-m/fpv4-sp/softfp/libc_nano.a(lib_a-puts.o)
                0x000000000800372c                _puts_r
 .text.puts     0x00000000080037e4       0x10 /usr/local/Cellar/gcc-arm-none-eabi/20180627/bin/../lib/gcc/arm-none-eabi/7.3.1/../../../../arm-none-eabi/lib/thumb/v7e-m/fpv4-sp/softfp/libc_nano.a(lib_a-puts.o)
                0x00000000080037e4                puts
 .text.realloc  0x00000000080037f4       0x10 /usr/local/Cellar/gcc-arm-none-eabi/20180627/bin/../lib/gcc/arm-none-eabi/7.3.1/../../../../arm-none-eabi/lib/thumb/v7e-m/fpv4-sp/softfp/libc_nano.a(lib_a-realloc.o)
                0x00000000080037f4                realloc
 .text.__swbuf_r
                0x0000000008003804       0xa4 /usr/local/Cellar/gcc-arm-none-eabi/20180627/bin/../lib/gcc/arm-none-eabi/7.3.1/../../../../arm-none-eabi/lib/thumb/v7e-m/fpv4-sp/softfp/libc_nano.a(lib_a-wbuf.o)
                0x0000000008003804                __swbuf_r
 .text.__swsetup_r
                0x00000000080038a8       0xdc /usr/local/Cellar/gcc-arm-none-eabi/20180627/bin/../lib/gcc/arm-none-eabi/7.3.1/../../../../arm-none-eabi/lib/thumb/v7e-m/fpv4-sp/softfp/libc_nano.a(lib_a-wsetup.o)
                0x00000000080038a8                __swsetup_r
 .text.__sflush_r
                0x0000000008003984      0x10c /usr/local/Cellar/gcc-arm-none-eabi/20180627/bin/../lib/gcc/arm-none-eabi/7.3.1/../../../../arm-none-eabi/lib/thumb/v7e-m/fpv4-sp/softfp/libc_nano.a(lib_a-fflush.o)
                0x0000000008003984                __sflush_r
 .text._fflush_r
                0x0000000008003a90       0x54 /usr/local/Cellar/gcc-arm-none-eabi/20180627/bin/../lib/gcc/arm-none-eabi/7.3.1/../../../../arm-none-eabi/lib/thumb/v7e-m/fpv4-sp/softfp/libc_nano.a(lib_a-fflush.o)
                0x0000000008003a90                _fflush_r
 .text.std      0x0000000008003ae4       0x48 /usr/local/Cellar/gcc-arm-none-eabi/20180627/bin/../lib/gcc/arm-none-eabi/7.3.1/../../../../arm-none-eabi/lib/thumb/v7e-m/fpv4-sp/softfp/libc_nano.a(lib_a-findfp.o)
 .text._cleanup_r
                0x0000000008003b2c        0xc /usr/local/Cellar/gcc-arm-none-eabi/20180627/bin/../lib/gcc/arm-none-eabi/7.3.1/../../../../arm-none-eabi/lib/thumb/v7e-m/fpv4-sp/softfp/libc_nano.a(lib_a-findfp.o)
                0x0000000008003b2c                _cleanup_r
 .text.__sfmoreglue
                0x0000000008003b38       0x2c /usr/local/Cellar/gcc-arm-none-eabi/20180627/bin/../lib/gcc/arm-none-eabi/7.3.1/../../../../arm-none-eabi/lib/thumb/v7e-m/fpv4-sp/softfp/libc_nano.a(lib_a-findfp.o)
                0x0000000008003b38                __sfmoreglue
 .text.__sinit  0x0000000008003b64       0x60 /usr/local/Cellar/gcc-arm-none-eabi/20180627/bin/../lib/gcc/arm-none-eabi/7.3.1/../../../../arm-none-eabi/lib/thumb/v7e-m/fpv4-sp/softfp/libc_nano.a(lib_a-findfp.o)
                0x0000000008003b64                __sinit
 .text.__sfp    0x0000000008003bc4       0x78 /usr/local/Cellar/gcc-arm-none-eabi/20180627/bin/../lib/gcc/arm-none-eabi/7.3.1/../../../../arm-none-eabi/lib/thumb/v7e-m/fpv4-sp/softfp/libc_nano.a(lib_a-findfp.o)
                0x0000000008003bc4                __sfp
 .text._fwalk_reent
                0x0000000008003c3c       0x3c /usr/local/Cellar/gcc-arm-none-eabi/20180627/bin/../lib/gcc/arm-none-eabi/7.3.1/../../../../arm-none-eabi/lib/thumb/v7e-m/fpv4-sp/softfp/libc_nano.a(lib_a-fwalk.o)
                0x0000000008003c3c                _fwalk_reent
 .text.__swhatbuf_r
                0x0000000008003c78       0x48 /usr/local/Cellar/gcc-arm-none-eabi/20180627/bin/../lib/gcc/arm-none-eabi/7.3.1/../../../../arm-none-eabi/lib/thumb/v7e-m/fpv4-sp/softfp/libc_nano.a(lib_a-makebuf.o)
                0x0000000008003c78                __swhatbuf_r
 .text.__smakebuf_r
                0x0000000008003cc0       0x80 /usr/local/Cellar/gcc-arm-none-eabi/20180627/bin/../lib/gcc/arm-none-eabi/7.3.1/../../../../arm-none-eabi/lib/thumb/v7e-m/fpv4-sp/softfp/libc_nano.a(lib_a-makebuf.o)
                0x0000000008003cc0                __smakebuf_r
 .text._free_r  0x0000000008003d40       0x9c /usr/local/Cellar/gcc-arm-none-eabi/20180627/bin/../lib/gcc/arm-none-eabi/7.3.1/../../../../arm-none-eabi/lib/thumb/v7e-m/fpv4-sp/softfp/libc_nano.a(lib_a-nano-freer.o)
                0x0000000008003d40                _free_r
 .text._malloc_r
                0x0000000008003ddc       0xb4 /usr/local/Cellar/gcc-arm-none-eabi/20180627/bin/../lib/gcc/arm-none-eabi/7.3.1/../../../../arm-none-eabi/lib/thumb/v7e-m/fpv4-sp/softfp/libc_nano.a(lib_a-nano-mallocr.o)
                0x0000000008003ddc                _malloc_r
 .text._realloc_r
                0x0000000008003e90       0x4c /usr/local/Cellar/gcc-arm-none-eabi/20180627/bin/../lib/gcc/arm-none-eabi/7.3.1/../../../../arm-none-eabi/lib/thumb/v7e-m/fpv4-sp/softfp/libc_nano.a(lib_a-nano-reallocr.o)
                0x0000000008003e90                _realloc_r
 .text.__sfputc_r
                0x0000000008003edc       0x2e /usr/local/Cellar/gcc-arm-none-eabi/20180627/bin/../lib/gcc/arm-none-eabi/7.3.1/../../../../arm-none-eabi/lib/thumb/v7e-m/fpv4-sp/softfp/libc_nano.a(lib_a-nano-vfprintf.o)
 .text.__sfputs_r
                0x0000000008003f0a       0x24 /usr/local/Cellar/gcc-arm-none-eabi/20180627/bin/../lib/gcc/arm-none-eabi/7.3.1/../../../../arm-none-eabi/lib/thumb/v7e-m/fpv4-sp/softfp/libc_nano.a(lib_a-nano-vfprintf.o)
                0x0000000008003f0a                __sfputs_r
 *fill*         0x0000000008003f2e        0x2 
 .text._vfprintf_r
                0x0000000008003f30      0x22c /usr/local/Cellar/gcc-arm-none-eabi/20180627/bin/../lib/gcc/arm-none-eabi/7.3.1/../../../../arm-none-eabi/lib/thumb/v7e-m/fpv4-sp/softfp/libc_nano.a(lib_a-nano-vfprintf.o)
                0x0000000008003f30                _vfiprintf_r
                0x0000000008003f30                _vfprintf_r
 .text._printf_common
                0x000000000800415c       0xea /usr/local/Cellar/gcc-arm-none-eabi/20180627/bin/../lib/gcc/arm-none-eabi/7.3.1/../../../../arm-none-eabi/lib/thumb/v7e-m/fpv4-sp/softfp/libc_nano.a(lib_a-nano-vfprintf_i.o)
                0x000000000800415c                _printf_common
 *fill*         0x0000000008004246        0x2 
 .text._printf_i
                0x0000000008004248      0x224 /usr/local/Cellar/gcc-arm-none-eabi/20180627/bin/../lib/gcc/arm-none-eabi/7.3.1/../../../../arm-none-eabi/lib/thumb/v7e-m/fpv4-sp/softfp/libc_nano.a(lib_a-nano-vfprintf_i.o)
                0x0000000008004248                _printf_i
 .text._sbrk_r  0x000000000800446c       0x20 /usr/local/Cellar/gcc-arm-none-eabi/20180627/bin/../lib/gcc/arm-none-eabi/7.3.1/../../../../arm-none-eabi/lib/thumb/v7e-m/fpv4-sp/softfp/libc_nano.a(lib_a-sbrkr.o)
                0x000000000800446c                _sbrk_r
 .text.__sread  0x000000000800448c       0x22 /usr/local/Cellar/gcc-arm-none-eabi/20180627/bin/../lib/gcc/arm-none-eabi/7.3.1/../../../../arm-none-eabi/lib/thumb/v7e-m/fpv4-sp/softfp/libc_nano.a(lib_a-stdio.o)
                0x000000000800448c                __sread
 .text.__swrite
                0x00000000080044ae       0x38 /usr/local/Cellar/gcc-arm-none-eabi/20180627/bin/../lib/gcc/arm-none-eabi/7.3.1/../../../../arm-none-eabi/lib/thumb/v7e-m/fpv4-sp/softfp/libc_nano.a(lib_a-stdio.o)
                0x00000000080044ae                __swrite
 .text.__sseek  0x00000000080044e6       0x24 /usr/local/Cellar/gcc-arm-none-eabi/20180627/bin/../lib/gcc/arm-none-eabi/7.3.1/../../../../arm-none-eabi/lib/thumb/v7e-m/fpv4-sp/softfp/libc_nano.a(lib_a-stdio.o)
                0x00000000080044e6                __sseek
 .text.__sclose
                0x000000000800450a        0x8 /usr/local/Cellar/gcc-arm-none-eabi/20180627/bin/../lib/gcc/arm-none-eabi/7.3.1/../../../../arm-none-eabi/lib/thumb/v7e-m/fpv4-sp/softfp/libc_nano.a(lib_a-stdio.o)
                0x000000000800450a                __sclose
 *fill*         0x0000000008004512        0x2 
 .text._write_r
                0x0000000008004514       0x24 /usr/local/Cellar/gcc-arm-none-eabi/20180627/bin/../lib/gcc/arm-none-eabi/7.3.1/../../../../arm-none-eabi/lib/thumb/v7e-m/fpv4-sp/softfp/libc_nano.a(lib_a-writer.o)
                0x0000000008004514                _write_r
 .text._close_r
                0x0000000008004538       0x20 /usr/local/Cellar/gcc-arm-none-eabi/20180627/bin/../lib/gcc/arm-none-eabi/7.3.1/../../../../arm-none-eabi/lib/thumb/v7e-m/fpv4-sp/softfp/libc_nano.a(lib_a-closer.o)
                0x0000000008004538                _close_r
 .text._fstat_r
                0x0000000008004558       0x24 /usr/local/Cellar/gcc-arm-none-eabi/20180627/bin/../lib/gcc/arm-none-eabi/7.3.1/../../../../arm-none-eabi/lib/thumb/v7e-m/fpv4-sp/softfp/libc_nano.a(lib_a-fstatr.o)
                0x0000000008004558                _fstat_r
 .text._isatty_r
                0x000000000800457c       0x20 /usr/local/Cellar/gcc-arm-none-eabi/20180627/bin/../lib/gcc/arm-none-eabi/7.3.1/../../../../arm-none-eabi/lib/thumb/v7e-m/fpv4-sp/softfp/libc_nano.a(lib_a-isattyr.o)
                0x000000000800457c                _isatty_r
 .text._lseek_r
                0x000000000800459c       0x24 /usr/local/Cellar/gcc-arm-none-eabi/20180627/bin/../lib/gcc/arm-none-eabi/7.3.1/../../../../arm-none-eabi/lib/thumb/v7e-m/fpv4-sp/softfp/libc_nano.a(lib_a-lseekr.o)
                0x000000000800459c                _lseek_r
 .text.__malloc_lock
                0x00000000080045c0        0x2 /usr/local/Cellar/gcc-arm-none-eabi/20180627/bin/../lib/gcc/arm-none-eabi/7.3.1/../../../../arm-none-eabi/lib/thumb/v7e-m/fpv4-sp/softfp/libc_nano.a(lib_a-mlock.o)
                0x00000000080045c0                __malloc_lock
 .text.__malloc_unlock
                0x00000000080045c2        0x2 /usr/local/Cellar/gcc-arm-none-eabi/20180627/bin/../lib/gcc/arm-none-eabi/7.3.1/../../../../arm-none-eabi/lib/thumb/v7e-m/fpv4-sp/softfp/libc_nano.a(lib_a-mlock.o)
                0x00000000080045c2                __malloc_unlock
 .text._malloc_usable_size_r
                0x00000000080045c4       0x10 /usr/local/Cellar/gcc-arm-none-eabi/20180627/bin/../lib/gcc/arm-none-eabi/7.3.1/../../../../arm-none-eabi/lib/thumb/v7e-m/fpv4-sp/softfp/libc_nano.a(lib_a-nano-msizer.o)
                0x00000000080045c4                _malloc_usable_size_r
 .text._read_r  0x00000000080045d4       0x24 /usr/local/Cellar/gcc-arm-none-eabi/20180627/bin/../lib/gcc/arm-none-eabi/7.3.1/../../../../arm-none-eabi/lib/thumb/v7e-m/fpv4-sp/softfp/libc_nano.a(lib_a-readr.o)
                0x00000000080045d4                _read_r
 .text._close   0x00000000080045f8       0x10 /usr/local/Cellar/gcc-arm-none-eabi/20180627/bin/../lib/gcc/arm-none-eabi/7.3.1/../../../../arm-none-eabi/lib/thumb/v7e-m/fpv4-sp/softfp/libnosys.a(close.o)
                0x00000000080045f8                _close
 .text._fstat   0x0000000008004608       0x10 /usr/local/Cellar/gcc-arm-none-eabi/20180627/bin/../lib/gcc/arm-none-eabi/7.3.1/../../../../arm-none-eabi/lib/thumb/v7e-m/fpv4-sp/softfp/libnosys.a(fstat.o)
                0x0000000008004608                _fstat
 .text._isatty  0x0000000008004618       0x10 /usr/local/Cellar/gcc-arm-none-eabi/20180627/bin/../lib/gcc/arm-none-eabi/7.3.1/../../../../arm-none-eabi/lib/thumb/v7e-m/fpv4-sp/softfp/libnosys.a(isatty.o)
                0x0000000008004618                _isatty
 .text._lseek   0x0000000008004628       0x10 /usr/local/Cellar/gcc-arm-none-eabi/20180627/bin/../lib/gcc/arm-none-eabi/7.3.1/../../../../arm-none-eabi/lib/thumb/v7e-m/fpv4-sp/softfp/libnosys.a(lseek.o)
                0x0000000008004628                _lseek
 .text._read    0x0000000008004638       0x10 /usr/local/Cellar/gcc-arm-none-eabi/20180627/bin/../lib/gcc/arm-none-eabi/7.3.1/../../../../arm-none-eabi/lib/thumb/v7e-m/fpv4-sp/softfp/libnosys.a(read.o)
                0x0000000008004638                _read
 .text._sbrk    0x0000000008004648       0x1c /usr/local/Cellar/gcc-arm-none-eabi/20180627/bin/../lib/gcc/arm-none-eabi/7.3.1/../../../../arm-none-eabi/lib/thumb/v7e-m/fpv4-sp/softfp/libnosys.a(sbrk.o)
                0x0000000008004648                _sbrk
 .text._exit    0x0000000008004664        0x4 /usr/local/Cellar/gcc-arm-none-eabi/20180627/bin/../lib/gcc/arm-none-eabi/7.3.1/../../../../arm-none-eabi/lib/thumb/v7e-m/fpv4-sp/softfp/libnosys.a(_exit.o)
                0x0000000008004664                _exit
 .text.abort    0x0000000008004668        0xe /usr/local/Cellar/gcc-arm-none-eabi/20180627/bin/../lib/gcc/arm-none-eabi/7.3.1/../../../../arm-none-eabi/lib/thumb/v7e-m/fpv4-sp/softfp/libc_nano.a(lib_a-abort.o)
                0x0000000008004668                abort
 .text._raise_r
                0x0000000008004676       0x50 /usr/local/Cellar/gcc-arm-none-eabi/20180627/bin/../lib/gcc/arm-none-eabi/7.3.1/../../../../arm-none-eabi/lib/thumb/v7e-m/fpv4-sp/softfp/libc_nano.a(lib_a-signal.o)
                0x0000000008004676                _raise_r
 *fill*         0x00000000080046c6        0x2 
 .text.raise    0x00000000080046c8       0x10 /usr/local/Cellar/gcc-arm-none-eabi/20180627/bin/../lib/gcc/arm-none-eabi/7.3.1/../../../../arm-none-eabi/lib/thumb/v7e-m/fpv4-sp/softfp/libc_nano.a(lib_a-signal.o)
                0x00000000080046c8                raise
 .text._kill_r  0x00000000080046d8       0x24 /usr/local/Cellar/gcc-arm-none-eabi/20180627/bin/../lib/gcc/arm-none-eabi/7.3.1/../../../../arm-none-eabi/lib/thumb/v7e-m/fpv4-sp/softfp/libc_nano.a(lib_a-signalr.o)
                0x00000000080046d8                _kill_r
 .text._getpid_r
                0x00000000080046fc        0x4 /usr/local/Cellar/gcc-arm-none-eabi/20180627/bin/../lib/gcc/arm-none-eabi/7.3.1/../../../../arm-none-eabi/lib/thumb/v7e-m/fpv4-sp/softfp/libc_nano.a(lib_a-signalr.o)
                0x00000000080046fc                _getpid_r
 .text._getpid  0x0000000008004700       0x10 /usr/local/Cellar/gcc-arm-none-eabi/20180627/bin/../lib/gcc/arm-none-eabi/7.3.1/../../../../arm-none-eabi/lib/thumb/v7e-m/fpv4-sp/softfp/libnosys.a(getpid.o)
                0x0000000008004700                _getpid
 .text._kill    0x0000000008004710       0x10 /usr/local/Cellar/gcc-arm-none-eabi/20180627/bin/../lib/gcc/arm-none-eabi/7.3.1/../../../../arm-none-eabi/lib/thumb/v7e-m/fpv4-sp/softfp/libnosys.a(kill.o)
                0x0000000008004710                _kill
 *(.rodata)
 *(.rodata*)
 .rodata._ZTVN8std_msgs4TimeE
                0x0000000008004720       0x18 build/main.o
                0x0000000008004720                vtable for std_msgs::Time
 .rodata._ZTVN14rosserial_msgs9TopicInfoE
                0x0000000008004738       0x18 build/main.o
                0x0000000008004738                vtable for rosserial_msgs::TopicInfo
 .rodata._ZTVN14rosserial_msgs3LogE
                0x0000000008004750       0x18 build/main.o
                0x0000000008004750                vtable for rosserial_msgs::Log
 .rodata._ZTVN14rosserial_msgs20RequestParamResponseE
                0x0000000008004768       0x18 build/main.o
                0x0000000008004768                vtable for rosserial_msgs::RequestParamResponse
 .rodata._ZTVN3ros11NodeHandle_I13STM32HardwareLi5ELi5ELi512ELi512EEE
                0x0000000008004780       0x14 build/main.o
                0x0000000008004780                vtable for ros::NodeHandle_<STM32Hardware, 5, 5, 512, 512>
 .rodata._Z4initv.str1.4
                0x0000000008004794        0xa build/main.o
 *fill*         0x000000000800479e        0x2 
 .rodata._ZN14rosserial_msgs20RequestParamResponse6getMD5Ev.str1.4
                0x00000000080047a0       0x21 build/main.o
 *fill*         0x00000000080047c1        0x3 
 .rodata._ZN14rosserial_msgs3Log6getMD5Ev.str1.4
                0x00000000080047c4       0x21 build/main.o
 *fill*         0x00000000080047e5        0x3 
 .rodata._ZN14rosserial_msgs3Log7getTypeEv.str1.4
                0x00000000080047e8       0x13 build/main.o
 *fill*         0x00000000080047fb        0x1 
 .rodata._ZN14rosserial_msgs9TopicInfo6getMD5Ev.str1.4
                0x00000000080047fc       0x21 build/main.o
 *fill*         0x000000000800481d        0x3 
 .rodata._ZN14rosserial_msgs9TopicInfo7getTypeEv.str1.4
                0x0000000008004820       0x19 build/main.o
 *fill*         0x0000000008004839        0x3 
 .rodata._ZN14rosserial_msgsL12REQUESTPARAME
                0x000000000800483c       0x1c build/main.o
 .rodata._ZN3ros11NodeHandle_I13STM32HardwareLi5ELi5ELi512ELi512EE8publish1EiPKNS_3MsgE.str1.4
                0x0000000008004858       0x39 build/main.o
 *fill*         0x0000000008004891        0x3 
 .rodata._ZN8std_msgs4Time6getMD5Ev.str1.4
                0x0000000008004894       0x21 build/main.o
 *fill*         0x00000000080048b5        0x3 
 .rodata._ZN8std_msgs4Time7getTypeEv.str1.4
                0x00000000080048b8        0xe build/main.o
 *fill*         0x00000000080048c6        0x2 
 .rodata.main.str1.4
                0x00000000080048c8       0x10 build/main.o
                                          0xe (size before relaxing)
 .rodata._global_impure_ptr
                0x00000000080048d8        0x4 /usr/local/Cellar/gcc-arm-none-eabi/20180627/bin/../lib/gcc/arm-none-eabi/7.3.1/../../../../arm-none-eabi/lib/thumb/v7e-m/fpv4-sp/softfp/libc_nano.a(lib_a-impure.o)
                0x00000000080048d8                _global_impure_ptr
 .rodata.__sf_fake_stderr
                0x00000000080048dc       0x20 /usr/local/Cellar/gcc-arm-none-eabi/20180627/bin/../lib/gcc/arm-none-eabi/7.3.1/../../../../arm-none-eabi/lib/thumb/v7e-m/fpv4-sp/softfp/libc_nano.a(lib_a-findfp.o)
                0x00000000080048dc                __sf_fake_stderr
 .rodata.__sf_fake_stdin
                0x00000000080048fc       0x20 /usr/local/Cellar/gcc-arm-none-eabi/20180627/bin/../lib/gcc/arm-none-eabi/7.3.1/../../../../arm-none-eabi/lib/thumb/v7e-m/fpv4-sp/softfp/libc_nano.a(lib_a-findfp.o)
                0x00000000080048fc                __sf_fake_stdin
 .rodata.__sf_fake_stdout
                0x000000000800491c       0x20 /usr/local/Cellar/gcc-arm-none-eabi/20180627/bin/../lib/gcc/arm-none-eabi/7.3.1/../../../../arm-none-eabi/lib/thumb/v7e-m/fpv4-sp/softfp/libc_nano.a(lib_a-findfp.o)
                0x000000000800491c                __sf_fake_stdout
 .rodata._vfprintf_r.str1.1
                0x000000000800493c       0x11 /usr/local/Cellar/gcc-arm-none-eabi/20180627/bin/../lib/gcc/arm-none-eabi/7.3.1/../../../../arm-none-eabi/lib/thumb/v7e-m/fpv4-sp/softfp/libc_nano.a(lib_a-nano-vfprintf.o)
 .rodata._printf_i.str1.1
                0x000000000800494d       0x22 /usr/local/Cellar/gcc-arm-none-eabi/20180627/bin/../lib/gcc/arm-none-eabi/7.3.1/../../../../arm-none-eabi/lib/thumb/v7e-m/fpv4-sp/softfp/libc_nano.a(lib_a-nano-vfprintf_i.o)
 *(.glue_7)
 .glue_7        0x000000000800496f        0x0 linker stubs
 *(.glue_7t)
 .glue_7t       0x000000000800496f        0x0 linker stubs
 *(.eh_frame)
 *fill*         0x000000000800496f        0x1 
 .eh_frame      0x0000000008004970        0x0 /usr/local/Cellar/gcc-arm-none-eabi/20180627/bin/../lib/gcc/arm-none-eabi/7.3.1/thumb/v7e-m/fpv4-sp/softfp/crtbegin.o
 *(.init)
 .init          0x0000000008004970        0x4 /usr/local/Cellar/gcc-arm-none-eabi/20180627/bin/../lib/gcc/arm-none-eabi/7.3.1/thumb/v7e-m/fpv4-sp/softfp/crti.o
                0x0000000008004970                _init
 .init          0x0000000008004974        0x8 /usr/local/Cellar/gcc-arm-none-eabi/20180627/bin/../lib/gcc/arm-none-eabi/7.3.1/thumb/v7e-m/fpv4-sp/softfp/crtn.o
 *(.fini)
 .fini          0x000000000800497c        0x4 /usr/local/Cellar/gcc-arm-none-eabi/20180627/bin/../lib/gcc/arm-none-eabi/7.3.1/thumb/v7e-m/fpv4-sp/softfp/crti.o
                0x000000000800497c                _fini
 .fini          0x0000000008004980        0x8 /usr/local/Cellar/gcc-arm-none-eabi/20180627/bin/../lib/gcc/arm-none-eabi/7.3.1/thumb/v7e-m/fpv4-sp/softfp/crtn.o
                0x0000000008004988                . = ALIGN (0x4)
                0x0000000008004988                _etext = .

.vfp11_veneer   0x0000000008004988        0x0
 .vfp11_veneer  0x0000000008004988        0x0 linker stubs

.v4_bx          0x0000000008004988        0x0
 .v4_bx         0x0000000008004988        0x0 linker stubs

.iplt           0x0000000008004988        0x0
 .iplt          0x0000000008004988        0x0 /usr/local/Cellar/gcc-arm-none-eabi/20180627/bin/../lib/gcc/arm-none-eabi/7.3.1/thumb/v7e-m/fpv4-sp/softfp/crtbegin.o

.ARM.extab      0x0000000008004988       0x24
 *(.ARM.extab* .gnu.linkonce.armextab.*)
 .ARM.extab.text._ZNK8std_msgs4Time9serializeEPh
                0x0000000008004988        0x0 build/main.o
 .ARM.extab.text._ZN8std_msgs4Time11deserializeEPh
                0x0000000008004988        0x0 build/main.o
 .ARM.extab.text._ZN8std_msgs4Time7getTypeEv
                0x0000000008004988        0x0 build/main.o
 .ARM.extab.text._ZN8std_msgs4Time6getMD5Ev
                0x0000000008004988        0x0 build/main.o
 .ARM.extab.text._ZN14rosserial_msgs9TopicInfo11deserializeEPh
                0x0000000008004988        0x0 build/main.o
 .ARM.extab.text._ZN14rosserial_msgs9TopicInfo7getTypeEv
                0x0000000008004988        0x0 build/main.o
 .ARM.extab.text._ZN14rosserial_msgs9TopicInfo6getMD5Ev
                0x0000000008004988        0x0 build/main.o
 .ARM.extab.text._ZN14rosserial_msgs3Log11deserializeEPh
                0x0000000008004988        0x0 build/main.o
 .ARM.extab.text._ZN14rosserial_msgs3Log7getTypeEv
                0x0000000008004988        0x0 build/main.o
 .ARM.extab.text._ZN14rosserial_msgs3Log6getMD5Ev
                0x0000000008004988        0x0 build/main.o
 .ARM.extab.text._ZN14rosserial_msgs20RequestParamResponse7getTypeEv
                0x0000000008004988        0x0 build/main.o
 .ARM.extab.text._ZN14rosserial_msgs20RequestParamResponse6getMD5Ev
                0x0000000008004988        0x0 build/main.o
 .ARM.extab.text._ZN3ros11NodeHandle_I13STM32HardwareLi5ELi5ELi512ELi512EE9connectedEv
                0x0000000008004988        0x0 build/main.o
 .ARM.extab.text._ZNK14rosserial_msgs9TopicInfo9serializeEPh
                0x0000000008004988        0x0 build/main.o
 .ARM.extab.text._ZNK14rosserial_msgs3Log9serializeEPh
                0x0000000008004988        0x0 build/main.o
 .ARM.extab.text._ZNK14rosserial_msgs20RequestParamResponse9serializeEPh
                0x0000000008004988        0x0 build/main.o
 .ARM.extab.text._ZN14rosserial_msgs20RequestParamResponse11deserializeEPh
                0x0000000008004988        0x0 build/main.o
 .ARM.extab.text._Z4initv
                0x0000000008004988        0xc build/main.o
 .ARM.extab.text._ZN3ros11NodeHandle_I13STM32HardwareLi5ELi5ELi512ELi512EE8publish1EiPKNS_3MsgE
                0x0000000008004994        0x0 build/main.o
 .ARM.extab.text._ZN3ros11NodeHandle_I13STM32HardwareLi5ELi5ELi512ELi512EE7publishEiPKNS_3MsgE
                0x0000000008004994        0x0 build/main.o
 .ARM.extab.text._ZN3ros11NodeHandle_I13STM32HardwareLi5ELi5ELi512ELi512EE15negotiateTopicsEv
                0x0000000008004994        0x0 build/main.o
 .ARM.extab.text._ZN3ros11NodeHandle_I13STM32HardwareLi5ELi5ELi512ELi512EE8spinOnceEv
                0x0000000008004994        0x0 build/main.o
 .ARM.extab     0x0000000008004994       0x18 /usr/local/Cellar/gcc-arm-none-eabi/20180627/bin/../lib/gcc/arm-none-eabi/7.3.1/thumb/v7e-m/fpv4-sp/softfp/libgcc.a(pr-support.o)

.ARM            0x00000000080049ac       0xf0
                0x00000000080049ac                __exidx_start = .
 *(.ARM.exidx*)
 .ARM.exidx.text._ZN3ros16normalizeSecNSecERmS0_
                0x0000000008004a64        0x0 build/time.o
                                          0x8 (size before relaxing)
 .ARM.exidx.text._ZNK8std_msgs4Time9serializeEPh
                0x0000000008004a64        0x0 build/main.o
                                          0x8 (size before relaxing)
 .ARM.exidx.text._ZN8std_msgs4Time11deserializeEPh
                0x0000000008004a64        0x0 build/main.o
                                          0x8 (size before relaxing)
 .ARM.exidx.text._ZN8std_msgs4Time7getTypeEv
                0x0000000008004a64        0x0 build/main.o
                                          0x8 (size before relaxing)
 .ARM.exidx.text._ZN8std_msgs4Time6getMD5Ev
                0x0000000008004a64        0x0 build/main.o
                                          0x8 (size before relaxing)
 .ARM.exidx.text._ZN14rosserial_msgs9TopicInfo11deserializeEPh
                0x0000000008004a64        0x0 build/main.o
                                          0x8 (size before relaxing)
 .ARM.exidx.text._ZN14rosserial_msgs9TopicInfo7getTypeEv
                0x0000000008004a64        0x0 build/main.o
                                          0x8 (size before relaxing)
 .ARM.exidx.text._ZN14rosserial_msgs9TopicInfo6getMD5Ev
                0x0000000008004a64        0x0 build/main.o
                                          0x8 (size before relaxing)
 .ARM.exidx.text._ZN14rosserial_msgs3Log11deserializeEPh
                0x0000000008004a64        0x0 build/main.o
                                          0x8 (size before relaxing)
 .ARM.exidx.text._ZN14rosserial_msgs3Log7getTypeEv
                0x0000000008004a64        0x0 build/main.o
                                          0x8 (size before relaxing)
 .ARM.exidx.text._ZN14rosserial_msgs3Log6getMD5Ev
                0x0000000008004a64        0x0 build/main.o
                                          0x8 (size before relaxing)
 .ARM.exidx.text._ZN14rosserial_msgs20RequestParamResponse7getTypeEv
                0x0000000008004a64        0x0 build/main.o
                                          0x8 (size before relaxing)
 .ARM.exidx.text._ZN14rosserial_msgs20RequestParamResponse6getMD5Ev
                0x0000000008004a64        0x0 build/main.o
                                          0x8 (size before relaxing)
 .ARM.exidx.text._ZL13TMR_CallBack1v
                0x0000000008004a64        0x0 build/main.o
                                          0x8 (size before relaxing)
 .ARM.exidx.text._Z41__static_initialization_and_destruction_0ii
                0x0000000008004a64        0x0 build/main.o
                                          0x8 (size before relaxing)
 .ARM.exidx.text._ZN3ros11NodeHandle_I13STM32HardwareLi5ELi5ELi512ELi512EE9connectedEv
                0x0000000008004a64        0x0 build/main.o
                                          0x8 (size before relaxing)
 .ARM.exidx.text._ZNK14rosserial_msgs9TopicInfo9serializeEPh
                0x0000000008004a64        0x0 build/main.o
                                          0x8 (size before relaxing)
 .ARM.exidx.text._ZNK14rosserial_msgs3Log9serializeEPh
                0x0000000008004a64        0x0 build/main.o
                                          0x8 (size before relaxing)
 .ARM.exidx.text._ZNK14rosserial_msgs20RequestParamResponse9serializeEPh
                0x0000000008004a64        0x0 build/main.o
                                          0x8 (size before relaxing)
 .ARM.exidx.text._ZN14rosserial_msgs20RequestParamResponse11deserializeEPh
                0x0000000008004a64        0x0 build/main.o
                                          0x8 (size before relaxing)
 .ARM.exidx.text._Z11my_delay_msm
                0x0000000008004a64        0x0 build/main.o
                                          0x8 (size before relaxing)
 .ARM.exidx.text._Z4initv
                0x0000000008004a64        0x8 build/main.o
 .ARM.exidx.text._ZN3ros11NodeHandle_I13STM32HardwareLi5ELi5ELi512ELi512EE8publish1EiPKNS_3MsgE
                0x0000000008004a6c        0x8 build/main.o
 .ARM.exidx.text.main
                0x0000000008004a74        0x8 build/main.o
 .ARM.exidx.text._ZN3ros11NodeHandle_I13STM32HardwareLi5ELi5ELi512ELi512EE7publishEiPKNS_3MsgE
                0x0000000008004a7c        0x8 build/main.o
 .ARM.exidx.text._ZN3ros11NodeHandle_I13STM32HardwareLi5ELi5ELi512ELi512EE15negotiateTopicsEv
                0x0000000008004a84        0x8 build/main.o
 .ARM.exidx.text._ZN3ros11NodeHandle_I13STM32HardwareLi5ELi5ELi512ELi512EE8spinOnceEv
                0x0000000008004a8c        0x8 build/main.o
 .ARM.exidx.text._GLOBAL__sub_I_ticks
                0x0000000008004a94        0x8 build/main.o
 .ARM.exidx     0x00000000080049ac       0x80 /usr/local/Cellar/gcc-arm-none-eabi/20180627/bin/../lib/gcc/arm-none-eabi/7.3.1/thumb/v7e-m/fpv4-sp/softfp/libgcc.a(unwind-arm.o)
                                         0xd8 (size before relaxing)
 .ARM.exidx     0x0000000008004a2c       0x38 /usr/local/Cellar/gcc-arm-none-eabi/20180627/bin/../lib/gcc/arm-none-eabi/7.3.1/thumb/v7e-m/fpv4-sp/softfp/libgcc.a(pr-support.o)
                                         0x48 (size before relaxing)
                0x0000000008004a9c                __exidx_end = .

.rel.dyn        0x0000000008004a9c        0x0
 .rel.iplt      0x0000000008004a9c        0x0 /usr/local/Cellar/gcc-arm-none-eabi/20180627/bin/../lib/gcc/arm-none-eabi/7.3.1/thumb/v7e-m/fpv4-sp/softfp/crtbegin.o

.preinit_array  0x0000000008004a9c        0x0
                0x0000000008004a9c                PROVIDE (__preinit_array_start = .)
 *(.preinit_array*)
                0x0000000008004a9c                PROVIDE (__preinit_array_end = .)

.init_array     0x0000000008004a9c        0x8
                0x0000000008004a9c                PROVIDE (__init_array_start = .)
 *(SORT_BY_NAME(.init_array.*))
 *(.init_array*)
 .init_array    0x0000000008004a9c        0x4 /usr/local/Cellar/gcc-arm-none-eabi/20180627/bin/../lib/gcc/arm-none-eabi/7.3.1/thumb/v7e-m/fpv4-sp/softfp/crtbegin.o
 .init_array    0x0000000008004aa0        0x4 build/main.o
                0x0000000008004aa4                PROVIDE (__init_array_end = .)

.fini_array     0x0000000008004aa4        0x4
                [!provide]                        PROVIDE (__fini_array_start = .)
 *(.fini_array*)
 .fini_array    0x0000000008004aa4        0x4 /usr/local/Cellar/gcc-arm-none-eabi/20180627/bin/../lib/gcc/arm-none-eabi/7.3.1/thumb/v7e-m/fpv4-sp/softfp/crtbegin.o
 *(SORT_BY_NAME(.fini_array.*))
                [!provide]                        PROVIDE (__fini_array_end = .)
                0x0000000008004aa8                _sidata = .

.data           0x0000000020000000       0x74 load address 0x0000000008004aa8
                0x0000000020000000                . = ALIGN (0x4)
                0x0000000020000000                _sdata = .
 *(.data)
 *(.data*)
 .data.ADCPscTable
                0x0000000020000000        0x8 build/at32f4xx_rcc.o
 .data.APBAHBPscTable
                0x0000000020000008        0x8 build/at32f4xx_rcc.o
 .data._impure_ptr
                0x0000000020000010        0x4 /usr/local/Cellar/gcc-arm-none-eabi/20180627/bin/../lib/gcc/arm-none-eabi/7.3.1/../../../../arm-none-eabi/lib/thumb/v7e-m/fpv4-sp/softfp/libc_nano.a(lib_a-impure.o)
                0x0000000020000010                _impure_ptr
 .data.impure_data
                0x0000000020000014       0x60 /usr/local/Cellar/gcc-arm-none-eabi/20180627/bin/../lib/gcc/arm-none-eabi/7.3.1/../../../../arm-none-eabi/lib/thumb/v7e-m/fpv4-sp/softfp/libc_nano.a(lib_a-impure.o)
                0x0000000020000074                . = ALIGN (0x4)
                0x0000000020000074                _edata = .

.igot.plt       0x0000000020000074        0x0 load address 0x0000000008004b1c
 .igot.plt      0x0000000020000074        0x0 /usr/local/Cellar/gcc-arm-none-eabi/20180627/bin/../lib/gcc/arm-none-eabi/7.3.1/thumb/v7e-m/fpv4-sp/softfp/crtbegin.o
                0x0000000020000074                . = ALIGN (0x4)

.bss            0x0000000020000074      0xd88 load address 0x0000000008004b1c
                0x0000000020000074                _sbss = .
                0x0000000020000074                __bss_start__ = _sbss
 *(.bss)
 .bss           0x0000000020000074       0x1c /usr/local/Cellar/gcc-arm-none-eabi/20180627/bin/../lib/gcc/arm-none-eabi/7.3.1/thumb/v7e-m/fpv4-sp/softfp/crtbegin.o
 *(.bss*)
 .bss.g_RxBuf1  0x0000000020000090      0x200 build/bsp_uart_fifo.o
 .bss.g_RxBuf2  0x0000000020000290      0x200 build/bsp_uart_fifo.o
 .bss.g_TxBuf1  0x0000000020000490      0x200 build/bsp_uart_fifo.o
 .bss.g_TxBuf2  0x0000000020000690      0x200 build/bsp_uart_fifo.o
 .bss.g_tUart1  0x0000000020000890       0x28 build/bsp_uart_fifo.o
 .bss.g_tUart2  0x00000000200008b8       0x28 build/bsp_uart_fifo.o
 .bss.s_TMR_CallBack1
                0x00000000200008e0        0x4 build/bsp_timer.o
 .bss.s_TMR_CallBack2
                0x00000000200008e4        0x4 build/bsp_timer.o
 .bss.s_TMR_CallBack3
                0x00000000200008e8        0x4 build/bsp_timer.o
 .bss.s_TMR_CallBack4
                0x00000000200008ec        0x4 build/bsp_timer.o
 .bss._ZZN3ros11NodeHandle_I13STM32HardwareLi5ELi5ELi512ELi512EE9spinOnce1EvE10s_CallBack
                0x00000000200008f0        0x4 build/main.o
                0x00000000200008f0                ros::NodeHandle_<STM32Hardware, 5, 5, 512, 512>::spinOnce1()::s_CallBack
 .bss.nh        0x00000000200008f4      0x4f4 build/main.o
                0x00000000200008f4                nh
 .bss.ticks     0x0000000020000de8        0x4 build/main.o
                0x0000000020000de8                ticks
 .bss.__malloc_free_list
                0x0000000020000dec        0x4 /usr/local/Cellar/gcc-arm-none-eabi/20180627/bin/../lib/gcc/arm-none-eabi/7.3.1/../../../../arm-none-eabi/lib/thumb/v7e-m/fpv4-sp/softfp/libc_nano.a(lib_a-nano-mallocr.o)
                0x0000000020000dec                __malloc_free_list
 .bss.__malloc_sbrk_start
                0x0000000020000df0        0x4 /usr/local/Cellar/gcc-arm-none-eabi/20180627/bin/../lib/gcc/arm-none-eabi/7.3.1/../../../../arm-none-eabi/lib/thumb/v7e-m/fpv4-sp/softfp/libc_nano.a(lib_a-nano-mallocr.o)
                0x0000000020000df0                __malloc_sbrk_start
 .bss.heap_end.5377
                0x0000000020000df4        0x4 /usr/local/Cellar/gcc-arm-none-eabi/20180627/bin/../lib/gcc/arm-none-eabi/7.3.1/../../../../arm-none-eabi/lib/thumb/v7e-m/fpv4-sp/softfp/libnosys.a(sbrk.o)
 *(COMMON)
 COMMON         0x0000000020000df8        0x4 /usr/local/Cellar/gcc-arm-none-eabi/20180627/bin/../lib/gcc/arm-none-eabi/7.3.1/../../../../arm-none-eabi/lib/thumb/v7e-m/fpv4-sp/softfp/libc_nano.a(lib_a-reent.o)
                0x0000000020000df8                errno
                0x0000000020000dfc                . = ALIGN (0x4)
                0x0000000020000dfc                _ebss = .
                0x0000000020000dfc                __bss_end__ = _ebss

._user_heap_stack
                0x0000000020000dfc      0x400 load address 0x00000000080058a4
                0x0000000020000dfc                . = ALIGN (0x4)
                0x0000000020000dfc                PROVIDE (end = .)
                [!provide]                        PROVIDE (_end = .)
                0x0000000020000dfc                . = (. + _Min_Heap_Size)
                0x00000000200011fc                . = (. + _Min_Stack_Size)
 *fill*         0x0000000020000dfc      0x400 
                0x00000000200011fc                . = ALIGN (0x4)

/DISCARD/
 libc.a(*)
 libm.a(*)
 libgcc.a(*)

.ARM.attributes
                0x0000000000000000       0x2e
 *(.ARM.attributes)
 .ARM.attributes
                0x0000000000000000       0x22 /usr/local/Cellar/gcc-arm-none-eabi/20180627/bin/../lib/gcc/arm-none-eabi/7.3.1/thumb/v7e-m/fpv4-sp/softfp/crti.o
 .ARM.attributes
                0x0000000000000022       0x32 /usr/local/Cellar/gcc-arm-none-eabi/20180627/bin/../lib/gcc/arm-none-eabi/7.3.1/thumb/v7e-m/fpv4-sp/softfp/crtbegin.o
 .ARM.attributes
                0x0000000000000054       0x37 build/system_at32f4xx.o
 .ARM.attributes
                0x000000000000008b       0x37 build/at32f4xx_gpio.o
 .ARM.attributes
                0x00000000000000c2       0x37 build/at32f4xx_rcc.o
 .ARM.attributes
                0x00000000000000f9       0x37 build/at32f4xx_usart.o
 .ARM.attributes
                0x0000000000000130       0x37 build/at32f4xx_tim.o
 .ARM.attributes
                0x0000000000000167       0x37 build/misc.o
 .ARM.attributes
                0x000000000000019e       0x37 build/bsp_uart_fifo.o
 .ARM.attributes
                0x00000000000001d5       0x37 build/bsp_timer.o
 .ARM.attributes
                0x000000000000020c       0x37 build/at32f4xx_it.o
 .ARM.attributes
                0x0000000000000243       0x37 build/time.o
 .ARM.attributes
                0x000000000000027a       0x37 build/main.o
 .ARM.attributes
                0x00000000000002b1       0x25 build/startup_at32f403xe.o
 .ARM.attributes
                0x00000000000002d6       0x32 /usr/local/Cellar/gcc-arm-none-eabi/20180627/bin/../lib/gcc/arm-none-eabi/7.3.1/../../../../arm-none-eabi/lib/thumb/v7e-m/fpv4-sp/softfp/libc_nano.a(lib_a-impure.o)
 .ARM.attributes
                0x0000000000000308       0x32 /usr/local/Cellar/gcc-arm-none-eabi/20180627/bin/../lib/gcc/arm-none-eabi/7.3.1/../../../../arm-none-eabi/lib/thumb/v7e-m/fpv4-sp/softfp/libc_nano.a(lib_a-memcpy-stub.o)
 .ARM.attributes
                0x000000000000033a       0x32 /usr/local/Cellar/gcc-arm-none-eabi/20180627/bin/../lib/gcc/arm-none-eabi/7.3.1/../../../../arm-none-eabi/lib/thumb/v7e-m/fpv4-sp/softfp/libc_nano.a(lib_a-memset.o)
 .ARM.attributes
                0x000000000000036c       0x32 /usr/local/Cellar/gcc-arm-none-eabi/20180627/bin/../lib/gcc/arm-none-eabi/7.3.1/../../../../arm-none-eabi/lib/thumb/v7e-m/fpv4-sp/softfp/libc_nano.a(lib_a-printf.o)
 .ARM.attributes
                0x000000000000039e       0x32 /usr/local/Cellar/gcc-arm-none-eabi/20180627/bin/../lib/gcc/arm-none-eabi/7.3.1/../../../../arm-none-eabi/lib/thumb/v7e-m/fpv4-sp/softfp/libc_nano.a(lib_a-puts.o)
 .ARM.attributes
                0x00000000000003d0       0x32 /usr/local/Cellar/gcc-arm-none-eabi/20180627/bin/../lib/gcc/arm-none-eabi/7.3.1/../../../../arm-none-eabi/lib/thumb/v7e-m/fpv4-sp/softfp/libc_nano.a(lib_a-realloc.o)
 .ARM.attributes
                0x0000000000000402       0x1b /usr/local/Cellar/gcc-arm-none-eabi/20180627/bin/../lib/gcc/arm-none-eabi/7.3.1/../../../../arm-none-eabi/lib/thumb/v7e-m/fpv4-sp/softfp/libc_nano.a(lib_a-strlen.o)
 .ARM.attributes
                0x000000000000041d       0x32 /usr/local/Cellar/gcc-arm-none-eabi/20180627/bin/../lib/gcc/arm-none-eabi/7.3.1/../../../../arm-none-eabi/lib/thumb/v7e-m/fpv4-sp/softfp/libc_nano.a(lib_a-wbuf.o)
 .ARM.attributes
                0x000000000000044f       0x32 /usr/local/Cellar/gcc-arm-none-eabi/20180627/bin/../lib/gcc/arm-none-eabi/7.3.1/../../../../arm-none-eabi/lib/thumb/v7e-m/fpv4-sp/softfp/libc_nano.a(lib_a-wsetup.o)
 .ARM.attributes
                0x0000000000000481       0x32 /usr/local/Cellar/gcc-arm-none-eabi/20180627/bin/../lib/gcc/arm-none-eabi/7.3.1/../../../../arm-none-eabi/lib/thumb/v7e-m/fpv4-sp/softfp/libc_nano.a(lib_a-fflush.o)
 .ARM.attributes
                0x00000000000004b3       0x32 /usr/local/Cellar/gcc-arm-none-eabi/20180627/bin/../lib/gcc/arm-none-eabi/7.3.1/../../../../arm-none-eabi/lib/thumb/v7e-m/fpv4-sp/softfp/libc_nano.a(lib_a-findfp.o)
 .ARM.attributes
                0x00000000000004e5       0x32 /usr/local/Cellar/gcc-arm-none-eabi/20180627/bin/../lib/gcc/arm-none-eabi/7.3.1/../../../../arm-none-eabi/lib/thumb/v7e-m/fpv4-sp/softfp/libc_nano.a(lib_a-fwalk.o)
 .ARM.attributes
                0x0000000000000517       0x32 /usr/local/Cellar/gcc-arm-none-eabi/20180627/bin/../lib/gcc/arm-none-eabi/7.3.1/../../../../arm-none-eabi/lib/thumb/v7e-m/fpv4-sp/softfp/libc_nano.a(lib_a-makebuf.o)
 .ARM.attributes
                0x0000000000000549       0x32 /usr/local/Cellar/gcc-arm-none-eabi/20180627/bin/../lib/gcc/arm-none-eabi/7.3.1/../../../../arm-none-eabi/lib/thumb/v7e-m/fpv4-sp/softfp/libc_nano.a(lib_a-nano-freer.o)
 .ARM.attributes
                0x000000000000057b       0x32 /usr/local/Cellar/gcc-arm-none-eabi/20180627/bin/../lib/gcc/arm-none-eabi/7.3.1/../../../../arm-none-eabi/lib/thumb/v7e-m/fpv4-sp/softfp/libc_nano.a(lib_a-nano-mallocr.o)
 .ARM.attributes
                0x00000000000005ad       0x32 /usr/local/Cellar/gcc-arm-none-eabi/20180627/bin/../lib/gcc/arm-none-eabi/7.3.1/../../../../arm-none-eabi/lib/thumb/v7e-m/fpv4-sp/softfp/libc_nano.a(lib_a-nano-reallocr.o)
 .ARM.attributes
                0x00000000000005df       0x32 /usr/local/Cellar/gcc-arm-none-eabi/20180627/bin/../lib/gcc/arm-none-eabi/7.3.1/../../../../arm-none-eabi/lib/thumb/v7e-m/fpv4-sp/softfp/libc_nano.a(lib_a-nano-vfprintf.o)
 .ARM.attributes
                0x0000000000000611       0x32 /usr/local/Cellar/gcc-arm-none-eabi/20180627/bin/../lib/gcc/arm-none-eabi/7.3.1/../../../../arm-none-eabi/lib/thumb/v7e-m/fpv4-sp/softfp/libc_nano.a(lib_a-nano-vfprintf_i.o)
 .ARM.attributes
                0x0000000000000643       0x32 /usr/local/Cellar/gcc-arm-none-eabi/20180627/bin/../lib/gcc/arm-none-eabi/7.3.1/../../../../arm-none-eabi/lib/thumb/v7e-m/fpv4-sp/softfp/libc_nano.a(lib_a-sbrkr.o)
 .ARM.attributes
                0x0000000000000675       0x32 /usr/local/Cellar/gcc-arm-none-eabi/20180627/bin/../lib/gcc/arm-none-eabi/7.3.1/../../../../arm-none-eabi/lib/thumb/v7e-m/fpv4-sp/softfp/libc_nano.a(lib_a-stdio.o)
 .ARM.attributes
                0x00000000000006a7       0x32 /usr/local/Cellar/gcc-arm-none-eabi/20180627/bin/../lib/gcc/arm-none-eabi/7.3.1/../../../../arm-none-eabi/lib/thumb/v7e-m/fpv4-sp/softfp/libc_nano.a(lib_a-writer.o)
 .ARM.attributes
                0x00000000000006d9       0x32 /usr/local/Cellar/gcc-arm-none-eabi/20180627/bin/../lib/gcc/arm-none-eabi/7.3.1/../../../../arm-none-eabi/lib/thumb/v7e-m/fpv4-sp/softfp/libc_nano.a(lib_a-closer.o)
 .ARM.attributes
                0x000000000000070b       0x32 /usr/local/Cellar/gcc-arm-none-eabi/20180627/bin/../lib/gcc/arm-none-eabi/7.3.1/../../../../arm-none-eabi/lib/thumb/v7e-m/fpv4-sp/softfp/libc_nano.a(lib_a-fstatr.o)
 .ARM.attributes
                0x000000000000073d       0x32 /usr/local/Cellar/gcc-arm-none-eabi/20180627/bin/../lib/gcc/arm-none-eabi/7.3.1/../../../../arm-none-eabi/lib/thumb/v7e-m/fpv4-sp/softfp/libc_nano.a(lib_a-isattyr.o)
 .ARM.attributes
                0x000000000000076f       0x32 /usr/local/Cellar/gcc-arm-none-eabi/20180627/bin/../lib/gcc/arm-none-eabi/7.3.1/../../../../arm-none-eabi/lib/thumb/v7e-m/fpv4-sp/softfp/libc_nano.a(lib_a-lseekr.o)
 .ARM.attributes
                0x00000000000007a1       0x20 /usr/local/Cellar/gcc-arm-none-eabi/20180627/bin/../lib/gcc/arm-none-eabi/7.3.1/../../../../arm-none-eabi/lib/thumb/v7e-m/fpv4-sp/softfp/libc_nano.a(lib_a-memchr.o)
 .ARM.attributes
                0x00000000000007c1       0x32 /usr/local/Cellar/gcc-arm-none-eabi/20180627/bin/../lib/gcc/arm-none-eabi/7.3.1/../../../../arm-none-eabi/lib/thumb/v7e-m/fpv4-sp/softfp/libc_nano.a(lib_a-mlock.o)
 .ARM.attributes
                0x00000000000007f3       0x32 /usr/local/Cellar/gcc-arm-none-eabi/20180627/bin/../lib/gcc/arm-none-eabi/7.3.1/../../../../arm-none-eabi/lib/thumb/v7e-m/fpv4-sp/softfp/libc_nano.a(lib_a-nano-msizer.o)
 .ARM.attributes
                0x0000000000000825       0x32 /usr/local/Cellar/gcc-arm-none-eabi/20180627/bin/../lib/gcc/arm-none-eabi/7.3.1/../../../../arm-none-eabi/lib/thumb/v7e-m/fpv4-sp/softfp/libc_nano.a(lib_a-readr.o)
 .ARM.attributes
                0x0000000000000857       0x32 /usr/local/Cellar/gcc-arm-none-eabi/20180627/bin/../lib/gcc/arm-none-eabi/7.3.1/../../../../arm-none-eabi/lib/thumb/v7e-m/fpv4-sp/softfp/libc_nano.a(lib_a-reent.o)
 .ARM.attributes
                0x0000000000000889       0x32 /usr/local/Cellar/gcc-arm-none-eabi/20180627/bin/../lib/gcc/arm-none-eabi/7.3.1/../../../../arm-none-eabi/lib/thumb/v7e-m/fpv4-sp/softfp/libnosys.a(close.o)
 .ARM.attributes
                0x00000000000008bb       0x32 /usr/local/Cellar/gcc-arm-none-eabi/20180627/bin/../lib/gcc/arm-none-eabi/7.3.1/../../../../arm-none-eabi/lib/thumb/v7e-m/fpv4-sp/softfp/libnosys.a(fstat.o)
 .ARM.attributes
                0x00000000000008ed       0x32 /usr/local/Cellar/gcc-arm-none-eabi/20180627/bin/../lib/gcc/arm-none-eabi/7.3.1/../../../../arm-none-eabi/lib/thumb/v7e-m/fpv4-sp/softfp/libnosys.a(isatty.o)
 .ARM.attributes
                0x000000000000091f       0x32 /usr/local/Cellar/gcc-arm-none-eabi/20180627/bin/../lib/gcc/arm-none-eabi/7.3.1/../../../../arm-none-eabi/lib/thumb/v7e-m/fpv4-sp/softfp/libnosys.a(lseek.o)
 .ARM.attributes
                0x0000000000000951       0x32 /usr/local/Cellar/gcc-arm-none-eabi/20180627/bin/../lib/gcc/arm-none-eabi/7.3.1/../../../../arm-none-eabi/lib/thumb/v7e-m/fpv4-sp/softfp/libnosys.a(read.o)
 .ARM.attributes
                0x0000000000000983       0x32 /usr/local/Cellar/gcc-arm-none-eabi/20180627/bin/../lib/gcc/arm-none-eabi/7.3.1/../../../../arm-none-eabi/lib/thumb/v7e-m/fpv4-sp/softfp/libnosys.a(sbrk.o)
 .ARM.attributes
                0x00000000000009b5       0x32 /usr/local/Cellar/gcc-arm-none-eabi/20180627/bin/../lib/gcc/arm-none-eabi/7.3.1/../../../../arm-none-eabi/lib/thumb/v7e-m/fpv4-sp/softfp/libnosys.a(_exit.o)
 .ARM.attributes
                0x00000000000009e7       0x32 /usr/local/Cellar/gcc-arm-none-eabi/20180627/bin/../lib/gcc/arm-none-eabi/7.3.1/thumb/v7e-m/fpv4-sp/softfp/libgcc.a(unwind-arm.o)
 .ARM.attributes
                0x0000000000000a19       0x22 /usr/local/Cellar/gcc-arm-none-eabi/20180627/bin/../lib/gcc/arm-none-eabi/7.3.1/thumb/v7e-m/fpv4-sp/softfp/libgcc.a(libunwind.o)
 .ARM.attributes
                0x0000000000000a3b       0x32 /usr/local/Cellar/gcc-arm-none-eabi/20180627/bin/../lib/gcc/arm-none-eabi/7.3.1/thumb/v7e-m/fpv4-sp/softfp/libgcc.a(pr-support.o)
 .ARM.attributes
                0x0000000000000a6d       0x32 /usr/local/Cellar/gcc-arm-none-eabi/20180627/bin/../lib/gcc/arm-none-eabi/7.3.1/../../../../arm-none-eabi/lib/thumb/v7e-m/fpv4-sp/softfp/libc_nano.a(lib_a-abort.o)
 .ARM.attributes
                0x0000000000000a9f       0x32 /usr/local/Cellar/gcc-arm-none-eabi/20180627/bin/../lib/gcc/arm-none-eabi/7.3.1/../../../../arm-none-eabi/lib/thumb/v7e-m/fpv4-sp/softfp/libc_nano.a(lib_a-signal.o)
 .ARM.attributes
                0x0000000000000ad1       0x32 /usr/local/Cellar/gcc-arm-none-eabi/20180627/bin/../lib/gcc/arm-none-eabi/7.3.1/../../../../arm-none-eabi/lib/thumb/v7e-m/fpv4-sp/softfp/libc_nano.a(lib_a-signalr.o)
 .ARM.attributes
                0x0000000000000b03       0x32 /usr/local/Cellar/gcc-arm-none-eabi/20180627/bin/../lib/gcc/arm-none-eabi/7.3.1/../../../../arm-none-eabi/lib/thumb/v7e-m/fpv4-sp/softfp/libnosys.a(getpid.o)
 .ARM.attributes
                0x0000000000000b35       0x32 /usr/local/Cellar/gcc-arm-none-eabi/20180627/bin/../lib/gcc/arm-none-eabi/7.3.1/../../../../arm-none-eabi/lib/thumb/v7e-m/fpv4-sp/softfp/libnosys.a(kill.o)
 .ARM.attributes
                0x0000000000000b67       0x22 /usr/local/Cellar/gcc-arm-none-eabi/20180627/bin/../lib/gcc/arm-none-eabi/7.3.1/thumb/v7e-m/fpv4-sp/softfp/crtn.o
OUTPUT(build/ROS_USART_Interrupt.elf elf32-littlearm)

.debug_info     0x0000000000000000     0xe048
 .debug_info    0x0000000000000000      0x4e6 build/system_at32f4xx.o
 .debug_info    0x00000000000004e6      0x899 build/at32f4xx_gpio.o
 .debug_info    0x0000000000000d7f      0xa35 build/at32f4xx_rcc.o
 .debug_info    0x00000000000017b4      0xbf0 build/at32f4xx_usart.o
 .debug_info    0x00000000000023a4     0x2328 build/at32f4xx_tim.o
 .debug_info    0x00000000000046cc      0x5bf build/misc.o
 .debug_info    0x0000000000004c8b     0x10e9 build/bsp_uart_fifo.o
 .debug_info    0x0000000000005d74      0xa52 build/bsp_timer.o
 .debug_info    0x00000000000067c6      0x23b build/at32f4xx_it.o
 .debug_info    0x0000000000006a01     0x15ee build/time.o
 .debug_info    0x0000000000007fef     0x6037 build/main.o
 .debug_info    0x000000000000e026       0x22 build/startup_at32f403xe.o

.debug_abbrev   0x0000000000000000     0x1eb9
 .debug_abbrev  0x0000000000000000      0x19f build/system_at32f4xx.o
 .debug_abbrev  0x000000000000019f      0x214 build/at32f4xx_gpio.o
 .debug_abbrev  0x00000000000003b3      0x281 build/at32f4xx_rcc.o
 .debug_abbrev  0x0000000000000634      0x214 build/at32f4xx_usart.o
 .debug_abbrev  0x0000000000000848      0x228 build/at32f4xx_tim.o
 .debug_abbrev  0x0000000000000a70      0x181 build/misc.o
 .debug_abbrev  0x0000000000000bf1      0x387 build/bsp_uart_fifo.o
 .debug_abbrev  0x0000000000000f78      0x1e6 build/bsp_timer.o
 .debug_abbrev  0x000000000000115e       0x88 build/at32f4xx_it.o
 .debug_abbrev  0x00000000000011e6      0x377 build/time.o
 .debug_abbrev  0x000000000000155d      0x94a build/main.o
 .debug_abbrev  0x0000000000001ea7       0x12 build/startup_at32f403xe.o

.debug_loc      0x0000000000000000     0x6955
 .debug_loc     0x0000000000000000      0x12f build/system_at32f4xx.o
 .debug_loc     0x000000000000012f      0x58b build/at32f4xx_gpio.o
 .debug_loc     0x00000000000006ba      0x8bc build/at32f4xx_rcc.o
 .debug_loc     0x0000000000000f76      0x8d4 build/at32f4xx_usart.o
 .debug_loc     0x000000000000184a     0x1d3f build/at32f4xx_tim.o
 .debug_loc     0x0000000000003589      0x13c build/misc.o
 .debug_loc     0x00000000000036c5      0x7b5 build/bsp_uart_fifo.o
 .debug_loc     0x0000000000003e7a      0x17f build/bsp_timer.o
 .debug_loc     0x0000000000003ff9      0x192 build/time.o
 .debug_loc     0x000000000000418b     0x27ca build/main.o

.debug_aranges  0x0000000000000000      0x8c8
 .debug_aranges
                0x0000000000000000       0x38 build/system_at32f4xx.o
 .debug_aranges
                0x0000000000000038       0xa0 build/at32f4xx_gpio.o
 .debug_aranges
                0x00000000000000d8      0x120 build/at32f4xx_rcc.o
 .debug_aranges
                0x00000000000001f8      0x100 build/at32f4xx_usart.o
 .debug_aranges
                0x00000000000002f8      0x2f8 build/at32f4xx_tim.o
 .debug_aranges
                0x00000000000005f0       0x40 build/misc.o
 .debug_aranges
                0x0000000000000630       0xb8 build/bsp_uart_fifo.o
 .debug_aranges
                0x00000000000006e8       0x30 build/bsp_timer.o
 .debug_aranges
                0x0000000000000718       0x60 build/at32f4xx_it.o
 .debug_aranges
                0x0000000000000778       0x38 build/time.o
 .debug_aranges
                0x00000000000007b0       0xf0 build/main.o
 .debug_aranges
                0x00000000000008a0       0x28 build/startup_at32f403xe.o

.debug_ranges   0x0000000000000000      0xb98
 .debug_ranges  0x0000000000000000       0x28 build/system_at32f4xx.o
 .debug_ranges  0x0000000000000028       0x90 build/at32f4xx_gpio.o
 .debug_ranges  0x00000000000000b8      0x110 build/at32f4xx_rcc.o
 .debug_ranges  0x00000000000001c8       0xf0 build/at32f4xx_usart.o
 .debug_ranges  0x00000000000002b8      0x2e8 build/at32f4xx_tim.o
 .debug_ranges  0x00000000000005a0       0x30 build/misc.o
 .debug_ranges  0x00000000000005d0       0xa8 build/bsp_uart_fifo.o
 .debug_ranges  0x0000000000000678       0x20 build/bsp_timer.o
 .debug_ranges  0x0000000000000698       0x50 build/at32f4xx_it.o
 .debug_ranges  0x00000000000006e8       0x28 build/time.o
 .debug_ranges  0x0000000000000710      0x468 build/main.o
 .debug_ranges  0x0000000000000b78       0x20 build/startup_at32f403xe.o

.debug_line     0x0000000000000000     0x37d6
 .debug_line    0x0000000000000000      0x214 build/system_at32f4xx.o
 .debug_line    0x0000000000000214      0x420 build/at32f4xx_gpio.o
 .debug_line    0x0000000000000634      0x51b build/at32f4xx_rcc.o
 .debug_line    0x0000000000000b4f      0x489 build/at32f4xx_usart.o
 .debug_line    0x0000000000000fd8      0xb14 build/at32f4xx_tim.o
 .debug_line    0x0000000000001aec      0x22d build/misc.o
 .debug_line    0x0000000000001d19      0x479 build/bsp_uart_fifo.o
 .debug_line    0x0000000000002192      0x22b build/bsp_timer.o
 .debug_line    0x00000000000023bd      0x1e4 build/at32f4xx_it.o
 .debug_line    0x00000000000025a1      0x339 build/time.o
 .debug_line    0x00000000000028da      0xe89 build/main.o
 .debug_line    0x0000000000003763       0x73 build/startup_at32f403xe.o

.debug_str      0x0000000000000000     0x46ee
 .debug_str     0x0000000000000000      0x2f9 build/system_at32f4xx.o
                                        0x366 (size before relaxing)
 .debug_str     0x00000000000002f9      0x398 build/at32f4xx_gpio.o
                                        0x5a6 (size before relaxing)
 .debug_str     0x0000000000000691      0x3e6 build/at32f4xx_rcc.o
                                        0x6f3 (size before relaxing)
 .debug_str     0x0000000000000a77      0x46f build/at32f4xx_usart.o
                                        0x757 (size before relaxing)
 .debug_str     0x0000000000000ee6      0xb2e build/at32f4xx_tim.o
                                        0xe41 (size before relaxing)
 .debug_str     0x0000000000001a14      0x1bc build/misc.o
                                        0x44f (size before relaxing)
 .debug_str     0x0000000000001bd0      0x6a6 build/bsp_uart_fifo.o
                                        0xc08 (size before relaxing)
 .debug_str     0x0000000000002276       0xeb build/bsp_timer.o
                                        0x9ab (size before relaxing)
 .debug_str     0x0000000000002361      0x142 build/at32f4xx_it.o
                                        0x322 (size before relaxing)
 .debug_str     0x00000000000024a3      0x861 build/time.o
                                        0x9dc (size before relaxing)
 .debug_str     0x0000000000002d04     0x19c4 build/main.o
                                       0x25de (size before relaxing)
 .debug_str     0x00000000000046c8       0x26 build/startup_at32f403xe.o
                                         0x72 (size before relaxing)

.comment        0x0000000000000000       0x7f
 .comment       0x0000000000000000       0x7f build/system_at32f4xx.o
                                         0x80 (size before relaxing)
 .comment       0x000000000000007f       0x80 build/at32f4xx_gpio.o
 .comment       0x000000000000007f       0x80 build/at32f4xx_rcc.o
 .comment       0x000000000000007f       0x80 build/at32f4xx_usart.o
 .comment       0x000000000000007f       0x80 build/at32f4xx_tim.o
 .comment       0x000000000000007f       0x80 build/misc.o
 .comment       0x000000000000007f       0x80 build/bsp_uart_fifo.o
 .comment       0x000000000000007f       0x80 build/bsp_timer.o
 .comment       0x000000000000007f       0x80 build/at32f4xx_it.o
 .comment       0x000000000000007f       0x80 build/time.o
 .comment       0x000000000000007f       0x80 build/main.o

.debug_frame    0x0000000000000000     0x22d0
 .debug_frame   0x0000000000000000       0x74 build/system_at32f4xx.o
 .debug_frame   0x0000000000000074      0x164 build/at32f4xx_gpio.o
 .debug_frame   0x00000000000001d8      0x24c build/at32f4xx_rcc.o
 .debug_frame   0x0000000000000424      0x23c build/at32f4xx_usart.o
 .debug_frame   0x0000000000000660      0x730 build/at32f4xx_tim.o
 .debug_frame   0x0000000000000d90       0x6c build/misc.o
 .debug_frame   0x0000000000000dfc      0x250 build/bsp_uart_fifo.o
 .debug_frame   0x000000000000104c       0x70 build/bsp_timer.o
 .debug_frame   0x00000000000010bc       0xa0 build/at32f4xx_it.o
 .debug_frame   0x000000000000115c       0x84 build/time.o
 .debug_frame   0x00000000000011e0      0x2e4 build/main.o
 .debug_frame   0x00000000000014c4       0x28 /usr/local/Cellar/gcc-arm-none-eabi/20180627/bin/../lib/gcc/arm-none-eabi/7.3.1/../../../../arm-none-eabi/lib/thumb/v7e-m/fpv4-sp/softfp/libc_nano.a(lib_a-memcpy-stub.o)
 .debug_frame   0x00000000000014ec       0x20 /usr/local/Cellar/gcc-arm-none-eabi/20180627/bin/../lib/gcc/arm-none-eabi/7.3.1/../../../../arm-none-eabi/lib/thumb/v7e-m/fpv4-sp/softfp/libc_nano.a(lib_a-memset.o)
 .debug_frame   0x000000000000150c       0x74 /usr/local/Cellar/gcc-arm-none-eabi/20180627/bin/../lib/gcc/arm-none-eabi/7.3.1/../../../../arm-none-eabi/lib/thumb/v7e-m/fpv4-sp/softfp/libc_nano.a(lib_a-printf.o)
 .debug_frame   0x0000000000001580       0x3c /usr/local/Cellar/gcc-arm-none-eabi/20180627/bin/../lib/gcc/arm-none-eabi/7.3.1/../../../../arm-none-eabi/lib/thumb/v7e-m/fpv4-sp/softfp/libc_nano.a(lib_a-puts.o)
 .debug_frame   0x00000000000015bc       0x20 /usr/local/Cellar/gcc-arm-none-eabi/20180627/bin/../lib/gcc/arm-none-eabi/7.3.1/../../../../arm-none-eabi/lib/thumb/v7e-m/fpv4-sp/softfp/libc_nano.a(lib_a-realloc.o)
 .debug_frame   0x00000000000015dc       0x40 /usr/local/Cellar/gcc-arm-none-eabi/20180627/bin/../lib/gcc/arm-none-eabi/7.3.1/../../../../arm-none-eabi/lib/thumb/v7e-m/fpv4-sp/softfp/libc_nano.a(lib_a-wbuf.o)
 .debug_frame   0x000000000000161c       0x2c /usr/local/Cellar/gcc-arm-none-eabi/20180627/bin/../lib/gcc/arm-none-eabi/7.3.1/../../../../arm-none-eabi/lib/thumb/v7e-m/fpv4-sp/softfp/libc_nano.a(lib_a-wsetup.o)
 .debug_frame   0x0000000000001648       0x68 /usr/local/Cellar/gcc-arm-none-eabi/20180627/bin/../lib/gcc/arm-none-eabi/7.3.1/../../../../arm-none-eabi/lib/thumb/v7e-m/fpv4-sp/softfp/libc_nano.a(lib_a-fflush.o)
 .debug_frame   0x00000000000016b0      0x11c /usr/local/Cellar/gcc-arm-none-eabi/20180627/bin/../lib/gcc/arm-none-eabi/7.3.1/../../../../arm-none-eabi/lib/thumb/v7e-m/fpv4-sp/softfp/libc_nano.a(lib_a-findfp.o)
 .debug_frame   0x00000000000017cc       0x54 /usr/local/Cellar/gcc-arm-none-eabi/20180627/bin/../lib/gcc/arm-none-eabi/7.3.1/../../../../arm-none-eabi/lib/thumb/v7e-m/fpv4-sp/softfp/libc_nano.a(lib_a-fwalk.o)
 .debug_frame   0x0000000000001820       0x58 /usr/local/Cellar/gcc-arm-none-eabi/20180627/bin/../lib/gcc/arm-none-eabi/7.3.1/../../../../arm-none-eabi/lib/thumb/v7e-m/fpv4-sp/softfp/libc_nano.a(lib_a-makebuf.o)
 .debug_frame   0x0000000000001878       0x38 /usr/local/Cellar/gcc-arm-none-eabi/20180627/bin/../lib/gcc/arm-none-eabi/7.3.1/../../../../arm-none-eabi/lib/thumb/v7e-m/fpv4-sp/softfp/libc_nano.a(lib_a-nano-freer.o)
 .debug_frame   0x00000000000018b0       0x2c /usr/local/Cellar/gcc-arm-none-eabi/20180627/bin/../lib/gcc/arm-none-eabi/7.3.1/../../../../arm-none-eabi/lib/thumb/v7e-m/fpv4-sp/softfp/libc_nano.a(lib_a-nano-mallocr.o)
 .debug_frame   0x00000000000018dc       0x3c /usr/local/Cellar/gcc-arm-none-eabi/20180627/bin/../lib/gcc/arm-none-eabi/7.3.1/../../../../arm-none-eabi/lib/thumb/v7e-m/fpv4-sp/softfp/libc_nano.a(lib_a-nano-reallocr.o)
 .debug_frame   0x0000000000001918       0xac /usr/local/Cellar/gcc-arm-none-eabi/20180627/bin/../lib/gcc/arm-none-eabi/7.3.1/../../../../arm-none-eabi/lib/thumb/v7e-m/fpv4-sp/softfp/libc_nano.a(lib_a-nano-vfprintf.o)
 .debug_frame   0x00000000000019c4       0x60 /usr/local/Cellar/gcc-arm-none-eabi/20180627/bin/../lib/gcc/arm-none-eabi/7.3.1/../../../../arm-none-eabi/lib/thumb/v7e-m/fpv4-sp/softfp/libc_nano.a(lib_a-nano-vfprintf_i.o)
 .debug_frame   0x0000000000001a24       0x2c /usr/local/Cellar/gcc-arm-none-eabi/20180627/bin/../lib/gcc/arm-none-eabi/7.3.1/../../../../arm-none-eabi/lib/thumb/v7e-m/fpv4-sp/softfp/libc_nano.a(lib_a-sbrkr.o)
 .debug_frame   0x0000000000001a50       0x88 /usr/local/Cellar/gcc-arm-none-eabi/20180627/bin/../lib/gcc/arm-none-eabi/7.3.1/../../../../arm-none-eabi/lib/thumb/v7e-m/fpv4-sp/softfp/libc_nano.a(lib_a-stdio.o)
 .debug_frame   0x0000000000001ad8       0x2c /usr/local/Cellar/gcc-arm-none-eabi/20180627/bin/../lib/gcc/arm-none-eabi/7.3.1/../../../../arm-none-eabi/lib/thumb/v7e-m/fpv4-sp/softfp/libc_nano.a(lib_a-writer.o)
 .debug_frame   0x0000000000001b04       0x2c /usr/local/Cellar/gcc-arm-none-eabi/20180627/bin/../lib/gcc/arm-none-eabi/7.3.1/../../../../arm-none-eabi/lib/thumb/v7e-m/fpv4-sp/softfp/libc_nano.a(lib_a-closer.o)
 .debug_frame   0x0000000000001b30       0x2c /usr/local/Cellar/gcc-arm-none-eabi/20180627/bin/../lib/gcc/arm-none-eabi/7.3.1/../../../../arm-none-eabi/lib/thumb/v7e-m/fpv4-sp/softfp/libc_nano.a(lib_a-fstatr.o)
 .debug_frame   0x0000000000001b5c       0x2c /usr/local/Cellar/gcc-arm-none-eabi/20180627/bin/../lib/gcc/arm-none-eabi/7.3.1/../../../../arm-none-eabi/lib/thumb/v7e-m/fpv4-sp/softfp/libc_nano.a(lib_a-isattyr.o)
 .debug_frame   0x0000000000001b88       0x2c /usr/local/Cellar/gcc-arm-none-eabi/20180627/bin/../lib/gcc/arm-none-eabi/7.3.1/../../../../arm-none-eabi/lib/thumb/v7e-m/fpv4-sp/softfp/libc_nano.a(lib_a-lseekr.o)
 .debug_frame   0x0000000000001bb4       0x30 /usr/local/Cellar/gcc-arm-none-eabi/20180627/bin/../lib/gcc/arm-none-eabi/7.3.1/../../../../arm-none-eabi/lib/thumb/v7e-m/fpv4-sp/softfp/libc_nano.a(lib_a-mlock.o)
 .debug_frame   0x0000000000001be4       0x20 /usr/local/Cellar/gcc-arm-none-eabi/20180627/bin/../lib/gcc/arm-none-eabi/7.3.1/../../../../arm-none-eabi/lib/thumb/v7e-m/fpv4-sp/softfp/libc_nano.a(lib_a-nano-msizer.o)
 .debug_frame   0x0000000000001c04       0x2c /usr/local/Cellar/gcc-arm-none-eabi/20180627/bin/../lib/gcc/arm-none-eabi/7.3.1/../../../../arm-none-eabi/lib/thumb/v7e-m/fpv4-sp/softfp/libc_nano.a(lib_a-readr.o)
 .debug_frame   0x0000000000001c30       0x5c /usr/local/Cellar/gcc-arm-none-eabi/20180627/bin/../lib/gcc/arm-none-eabi/7.3.1/../../../../arm-none-eabi/lib/thumb/v7e-m/fpv4-sp/softfp/libc_nano.a(lib_a-reent.o)
 .debug_frame   0x0000000000001c8c       0x20 /usr/local/Cellar/gcc-arm-none-eabi/20180627/bin/../lib/gcc/arm-none-eabi/7.3.1/../../../../arm-none-eabi/lib/thumb/v7e-m/fpv4-sp/softfp/libnosys.a(close.o)
 .debug_frame   0x0000000000001cac       0x20 /usr/local/Cellar/gcc-arm-none-eabi/20180627/bin/../lib/gcc/arm-none-eabi/7.3.1/../../../../arm-none-eabi/lib/thumb/v7e-m/fpv4-sp/softfp/libnosys.a(fstat.o)
 .debug_frame   0x0000000000001ccc       0x20 /usr/local/Cellar/gcc-arm-none-eabi/20180627/bin/../lib/gcc/arm-none-eabi/7.3.1/../../../../arm-none-eabi/lib/thumb/v7e-m/fpv4-sp/softfp/libnosys.a(isatty.o)
 .debug_frame   0x0000000000001cec       0x20 /usr/local/Cellar/gcc-arm-none-eabi/20180627/bin/../lib/gcc/arm-none-eabi/7.3.1/../../../../arm-none-eabi/lib/thumb/v7e-m/fpv4-sp/softfp/libnosys.a(lseek.o)
 .debug_frame   0x0000000000001d0c       0x20 /usr/local/Cellar/gcc-arm-none-eabi/20180627/bin/../lib/gcc/arm-none-eabi/7.3.1/../../../../arm-none-eabi/lib/thumb/v7e-m/fpv4-sp/softfp/libnosys.a(read.o)
 .debug_frame   0x0000000000001d2c       0x20 /usr/local/Cellar/gcc-arm-none-eabi/20180627/bin/../lib/gcc/arm-none-eabi/7.3.1/../../../../arm-none-eabi/lib/thumb/v7e-m/fpv4-sp/softfp/libnosys.a(sbrk.o)
 .debug_frame   0x0000000000001d4c       0x20 /usr/local/Cellar/gcc-arm-none-eabi/20180627/bin/../lib/gcc/arm-none-eabi/7.3.1/../../../../arm-none-eabi/lib/thumb/v7e-m/fpv4-sp/softfp/libnosys.a(_exit.o)
 .debug_frame   0x0000000000001d6c      0x2f0 /usr/local/Cellar/gcc-arm-none-eabi/20180627/bin/../lib/gcc/arm-none-eabi/7.3.1/thumb/v7e-m/fpv4-sp/softfp/libgcc.a(unwind-arm.o)
 .debug_frame   0x000000000000205c      0x104 /usr/local/Cellar/gcc-arm-none-eabi/20180627/bin/../lib/gcc/arm-none-eabi/7.3.1/thumb/v7e-m/fpv4-sp/softfp/libgcc.a(pr-support.o)
 .debug_frame   0x0000000000002160       0x28 /usr/local/Cellar/gcc-arm-none-eabi/20180627/bin/../lib/gcc/arm-none-eabi/7.3.1/../../../../arm-none-eabi/lib/thumb/v7e-m/fpv4-sp/softfp/libc_nano.a(lib_a-abort.o)
 .debug_frame   0x0000000000002188       0xcc /usr/local/Cellar/gcc-arm-none-eabi/20180627/bin/../lib/gcc/arm-none-eabi/7.3.1/../../../../arm-none-eabi/lib/thumb/v7e-m/fpv4-sp/softfp/libc_nano.a(lib_a-signal.o)
 .debug_frame   0x0000000000002254       0x3c /usr/local/Cellar/gcc-arm-none-eabi/20180627/bin/../lib/gcc/arm-none-eabi/7.3.1/../../../../arm-none-eabi/lib/thumb/v7e-m/fpv4-sp/softfp/libc_nano.a(lib_a-signalr.o)
 .debug_frame   0x0000000000002290       0x20 /usr/local/Cellar/gcc-arm-none-eabi/20180627/bin/../lib/gcc/arm-none-eabi/7.3.1/../../../../arm-none-eabi/lib/thumb/v7e-m/fpv4-sp/softfp/libnosys.a(getpid.o)
 .debug_frame   0x00000000000022b0       0x20 /usr/local/Cellar/gcc-arm-none-eabi/20180627/bin/../lib/gcc/arm-none-eabi/7.3.1/../../../../arm-none-eabi/lib/thumb/v7e-m/fpv4-sp/softfp/libnosys.a(kill.o)

.stab           0x0000000000000000       0xb4
 .stab          0x0000000000000000       0x24 /usr/local/Cellar/gcc-arm-none-eabi/20180627/bin/../lib/gcc/arm-none-eabi/7.3.1/../../../../arm-none-eabi/lib/thumb/v7e-m/fpv4-sp/softfp/libnosys.a(close.o)
 .stab          0x0000000000000024       0x18 /usr/local/Cellar/gcc-arm-none-eabi/20180627/bin/../lib/gcc/arm-none-eabi/7.3.1/../../../../arm-none-eabi/lib/thumb/v7e-m/fpv4-sp/softfp/libnosys.a(fstat.o)
                                         0x24 (size before relaxing)
 .stab          0x000000000000003c       0x18 /usr/local/Cellar/gcc-arm-none-eabi/20180627/bin/../lib/gcc/arm-none-eabi/7.3.1/../../../../arm-none-eabi/lib/thumb/v7e-m/fpv4-sp/softfp/libnosys.a(isatty.o)
                                         0x24 (size before relaxing)
 .stab          0x0000000000000054       0x18 /usr/local/Cellar/gcc-arm-none-eabi/20180627/bin/../lib/gcc/arm-none-eabi/7.3.1/../../../../arm-none-eabi/lib/thumb/v7e-m/fpv4-sp/softfp/libnosys.a(lseek.o)
                                         0x24 (size before relaxing)
 .stab          0x000000000000006c       0x18 /usr/local/Cellar/gcc-arm-none-eabi/20180627/bin/../lib/gcc/arm-none-eabi/7.3.1/../../../../arm-none-eabi/lib/thumb/v7e-m/fpv4-sp/softfp/libnosys.a(read.o)
                                         0x24 (size before relaxing)
 .stab          0x0000000000000084       0x18 /usr/local/Cellar/gcc-arm-none-eabi/20180627/bin/../lib/gcc/arm-none-eabi/7.3.1/../../../../arm-none-eabi/lib/thumb/v7e-m/fpv4-sp/softfp/libnosys.a(getpid.o)
                                         0x24 (size before relaxing)
 .stab          0x000000000000009c       0x18 /usr/local/Cellar/gcc-arm-none-eabi/20180627/bin/../lib/gcc/arm-none-eabi/7.3.1/../../../../arm-none-eabi/lib/thumb/v7e-m/fpv4-sp/softfp/libnosys.a(kill.o)
                                         0x24 (size before relaxing)

.stabstr        0x0000000000000000      0x183
 .stabstr       0x0000000000000000      0x183 /usr/local/Cellar/gcc-arm-none-eabi/20180627/bin/../lib/gcc/arm-none-eabi/7.3.1/../../../../arm-none-eabi/lib/thumb/v7e-m/fpv4-sp/softfp/libnosys.a(close.o)

Cross Reference Table

Symbol                                            File
ADC1_2_IRQHandler                                 build/startup_at32f403xe.o
ADC3_IRQHandler                                   build/startup_at32f403xe.o
AHBPscTable                                       build/system_at32f4xx.o
BusFault_Handler                                  build/at32f4xx_it.o
CAN1_RX1_IRQHandler                               build/startup_at32f403xe.o
CAN1_SCE_IRQHandler                               build/startup_at32f403xe.o
ComToUart                                         build/bsp_uart_fifo.o
DMA1_Channel1_IRQHandler                          build/startup_at32f403xe.o
DMA1_Channel2_IRQHandler                          build/startup_at32f403xe.o
DMA1_Channel3_IRQHandler                          build/startup_at32f403xe.o
DMA1_Channel4_IRQHandler                          build/startup_at32f403xe.o
DMA1_Channel5_IRQHandler                          build/startup_at32f403xe.o
DMA1_Channel6_IRQHandler                          build/startup_at32f403xe.o
DMA1_Channel7_IRQHandler                          build/startup_at32f403xe.o
DMA2_Channel1_IRQHandler                          build/startup_at32f403xe.o
DMA2_Channel2_IRQHandler                          build/startup_at32f403xe.o
DMA2_Channel3_IRQHandler                          build/startup_at32f403xe.o
DMA2_Channel4_5_IRQHandler                        build/startup_at32f403xe.o
DebugMon_Handler                                  build/at32f4xx_it.o